******************************************************************************
               TMS320C6x Linker PC v7.4.2                      
******************************************************************************
>> Linked Tue May 17 03:10:34 2016

OUTPUT FILE NAME:   <log2sp_66_BE_COFF.out>
ENTRY POINT SYMBOL: "_c_int00"  address: 008268c0


MEMORY CONFIGURATION

         name            origin    length      used     unused   attr    fill
----------------------  --------  ---------  --------  --------  ----  --------
  L2SRAM                00800000   00080000  00030452  0004fbae  RW X
  MSMCSRAM              0c000000   00200000  00000000  00200000  RW X


SECTION ALLOCATION MAP

 output                                  attributes/
section   page    origin      length       input sections
--------  ----  ----------  ----------   ----------------
.pinit     0    00800000    00000000     UNINITIALIZED

.kernel_asm 
*          0    00800000    00000000     UNINITIALIZED

.neardata 
*          0    00800000    00000000     UNINITIALIZED

.rodata    0    00800000    00000000     UNINITIALIZED

.bss       0    00800000    00000000     UNINITIALIZED

.data      0    00800000    00000000     UNINITIALIZED

xdc.meta   0    00800000    00000000     COPY SECTION

.far       0    00800000    00012570     UNINITIALIZED
                  00800000    00011c80     drvsp.obj (.far)
                  00811c80    00000324     log2sp_d.obj (.far)
                  00811fa4    00000004     rts6600e_coff.lib : errno.obj (.far)
                  00811fa8    00000324                       : defs.obj (.far)
                  008122cc    00000004                       : fopen.obj (.far)
                  008122d0    0000011c                       : lowlev.obj (.far)
                  008123ec    00000004     --HOLE--
                  008123f0    000000a0     mathlib.a66e : tables.o66e (.far)
                  00812490    00000060     driver.obj (.far)
                  008124f0    00000030     rts6600e_coff.lib : log.obj (.far)
                  00812520    00000020                       : logf.obj (.far)
                  00812540    0000000c                       : exit.obj (.far)
                  0081254c    00000008                       : _lock.obj (.far)
                  00812554    00000008                       : memory.obj (.far)
                  0081255c    00000004     --HOLE--
                  00812560    00000008                       : rand.obj (.far)
                  00812568    00000008                       : trgdrv.obj (.far)

.stack     0    00812570    0000c000     UNINITIALIZED
                  00812570    00000008     rts6600e_coff.lib : boot.obj (.stack)
                  00812578    0000bff8     --HOLE--

.text      0    0081e580    00008c00     
                  0081e580    000013e0     log2sp_d.obj (.text)
                  0081f960    00000660     driver.obj (.text)
                  0081ffc0    000005c0     rts6600e_coff.lib : divd.obj (.text:__divd)
                  00820580    00000560                       : _printfi.obj (.text:__getarg_diouxp)
                  00820ae0    00000440                       : _printfi.obj (.text:__printfi)
                  00820f20    00000440                       : _printfi.obj (.text:__setfield)
                  00821360    000003a0                       : fputs.obj (.text:_fputs)
                  00821700    00000340     drvsp.obj (.text)
                  00821a40    00000320     rts6600e_coff.lib : _printfi.obj (.text:__pproc_fge)
                  00821d60    000002c0                       : _printfi.obj (.text:__pproc_fwp)
                  00822020    00000280                       : divf.obj (.text:__divf)
                  008222a0    00000280                       : _printfi.obj (.text:_ecvt)
                  00822520    00000280                       : _printfi.obj (.text:_fcvt)
                  008227a0    00000280                       : memory.obj (.text:_free)
                  00822a20    00000240                       : imath64.obj (.text:__divull)
                  00822c60    00000240                       : _printfi.obj (.text:__pconv_e)
                  00822ea0    00000240                       : _printfi.obj (.text:__pproc_diouxp)
                  008230e0    00000220                       : _printfi.obj (.text:__pproc_str)
                  00823300    00000220                       : fputc.obj (.text:_fputc)
                  00823520    00000200                       : _printfi.obj (.text:__pconv_g)
                  00823720    00000200                       : setvbuf.obj (.text:_setvbuf)
                  00823920    000001c0                       : _printfi.obj (.text:__mcpy)
                  00823ae0    000001c0                       : fopen.obj (.text:__openfile)
                  00823ca0    000001c0                       : log.obj (.text:_log)
                  00823e60    000001a0                       : trgdrv.obj (.text:_HOSTrename)
                  00824000    000001a0                       : imath40.obj (.text:__divul)
                  008241a0    00000180                       : memory.obj (.text:_malloc)
                  00824320    00000180                       : lowlev.obj (.text:_open)
                  008244a0    00000140                       : _printfi.obj (.text:__pproc_fflags)
                  008245e0    00000140                       : lowlev.obj (.text:_getdevice)
                  00824720    00000140                       : logf.obj (.text:_logf)
                  00824860    00000120                       : fclose.obj (.text:__closefile)
                  00824980    00000120                       : _printfi.obj (.text:__ltostr)
                  00824aa0    00000120                       : fopen.obj (.text:__search_fp)
                  00824bc0    00000120                       : fseek.obj (.text:_fseek)
                  00824ce0    00000100                       : trgdrv.obj (.text:_HOSTlseek)
                  00824de0    00000100                       : fixdlli.obj (.text:__fixdlli)
                  00824ee0    00000100                       : _io_perm.obj (.text:__wrt_ok)
                  00824fe0    00000100                       : fprintf.obj (.text:_fprintf)
                  008250e0    00000100                       : frexp.obj (.text:_frexp)
                  008251e0    000000e0                       : trgdrv.obj (.text:_HOSTopen)
                  008252c0    000000e0                       : _printfi.obj (.text:__div)
                  008253a0    000000e0                       : fltllif.obj (.text:__fltllif)
                  00825480    000000e0                       : atoi.obj (.text:_atoi)
                  00825560    000000e0                       : lowlev.obj (.text:_close)
                  00825640    000000e0                       : frexpf.obj (.text:_frexpf)
                  00825720    000000e0                       : ltoa.obj (.text:_ltoa)
                  00825800    000000e0                       : memset.obj (.text:_memset)
                  008258e0    000000e0                       : printf.obj (.text:_printf)
                  008259c0    000000c0                       : trgdrv.obj (.text:_HOSTread)
                  00825a80    000000c0                       : trgdrv.obj (.text:_HOSTunlink)
                  00825b40    000000c0                       : trgdrv.obj (.text:_HOSTwrite)
                  00825c00    000000c0                       : autoinit.obj (.text:__auto_init)
                  00825cc0    000000c0                       : divu.obj (.text:__divu)
                  00825d80    000000c0                       : fflush.obj (.text:__doflush)
                  00825e40    000000c0                       : exit.obj (.text:_exit)
                  00825f00    000000a0                       : trgdrv.obj (.text:_HOSTclose)
                  00825fa0    000000a0                       : fopen.obj (.text:__cleanup)
                  00826040    000000a0                       : imath40.obj (.text:__divli)
                  008260e0    000000a0                       : _printfi.obj (.text:__ecpy)
                  00826180    000000a0                       : _printfi.obj (.text:__fcpy)
                  00826220    000000a0                       : fixdli.obj (.text:__fixdli)
                  008262c0    000000a0                       : _printfi.obj (.text:__pconv_f)
                  00826360    000000a0                       : cpy_tbl.obj (.text:_copy_in)
                  00826400    000000a0                       : lowlev.obj (.text:_finddevice)
                  008264a0    000000a0                       : lowlev.obj (.text:_lseek)
                  00826540    000000a0                       : memcpy64.obj (.text:_memcpy)
                  008265e0    000000a0                       : memory.obj (.text:_minsert)
                  00826680    000000a0                       : memory.obj (.text:_mremove)
                  00826720    000000a0                       : lowlev.obj (.text:_write)
                  008267c0    00000080                       : fltlid.obj (.text:__fltlid)
                  00826840    00000080                       : llshift.obj (.text:__llshl)
                  008268c0    00000080                       : boot.obj (.text:_c_int00)
                  00826940    00000080                       : rand.obj (.text:_rand)
                  008269c0    00000080                       : trgmsg.obj (.text:_readmsg)
                  00826a40    00000080                       : lowlev.obj (.text:_unlink)
                  00826ac0    00000060                       : cpp_init.obj (.text:___TI_cpp_init)
                  00826b20    00000060                       : frcmpyd_div.obj (.text:__frcmpyd_div)
                  00826b80    00000060                       : llshift.obj (.text:__llshru)
                  00826be0    00000060                       : imath64.obj (.text:__subcull)
                  00826c40    00000060                       : fclose.obj (.text:_fclose)
                  00826ca0    00000060                       : fopen.obj (.text:_fopen)
                  00826d00    00000060                       : log2f.obj (.text:_log2f)
                  00826d60    00000060                       : memccpy.obj (.text:_memccpy)
                  00826dc0    00000060                       : rand.obj (.text:_srand)
                  00826e20    00000060                       : lowlev.obj (.text:_tabinit)
                  00826e80    00000060                       : trgmsg.obj (.text:_writemsg)
                  00826ee0    00000040                       : isinf.obj (.text:___isinf)
                  00826f20    00000040                       : _printfi.obj (.text:___isnan)
                  00826f60    00000040                       : args_main.obj (.text:__args_main)
                  00826fa0    00000040                       : imath40.obj (.text:__remli)
                  00826fe0    00000040                       : log2.obj (.text:_log2)
                  00827020    00000020                       : isinff.obj (.text:___isinff)
                  00827040    00000020                       : negll.obj (.text:__negll)
                  00827060    00000020                       : _lock.obj (.text:__nop)
                  00827080    00000020                       : fprintf.obj (.text:__outc)
                  008270a0    00000020                       : printf.obj (.text:__outc)
                  008270c0    00000020                       : fprintf.obj (.text:__outs)
                  008270e0    00000020                       : printf.obj (.text:__outs)
                  00827100    00000020                       : exit.obj (.text:_abort)
                  00827120    00000020                       : remove.obj (.text:_remove)
                  00827140    00000010     mathlib.a66e : log2sp_v.o66e ($Tramp$S$$_log2sp_v)
                  00827150    00000010                  : log2sp_c.o66e ($Tramp$S$$_log2sp_c)
                  00827160    00000010                  : log2sp.o66e ($Tramp$S$$_log2sp)
                  00827170    00000010     --HOLE-- [fill = 0]

.sysmem    0    00827180    00008000     UNINITIALIZED
                  00827180    00000008     rts6600e_coff.lib : memory.obj (.sysmem)
                  00827188    00007ff8     --HOLE--

.cinit     0    0082f180    000005fc     
                  0082f180    0000032c     log2sp_d.obj (.cinit)
                  0082f4ac    00000004     --HOLE-- [fill = 0]
                  0082f4b0    000000c0     mathlib.a66e : tables.o66e (.cinit)
                  0082f570    0000005c     rts6600e_coff.lib : defs.obj (.cinit)
                  0082f5cc    00000004     --HOLE-- [fill = 0]
                  0082f5d0    0000005c                       : lowlev.obj (.cinit)
                  0082f62c    00000004     --HOLE-- [fill = 0]
                  0082f630    00000040                       : log.obj (.cinit)
                  0082f670    00000030     drvsp.obj (.cinit)
                  0082f6a0    0000002c     rts6600e_coff.lib : exit.obj (.cinit)
                  0082f6cc    00000004     --HOLE-- [fill = 0]
                  0082f6d0    0000002c                       : memory.obj (.cinit)
                  0082f6fc    00000004     --HOLE-- [fill = 0]
                  0082f700    00000028                       : logf.obj (.cinit)
                  0082f728    0000001c                       : _lock.obj (.cinit)
                  0082f744    00000004     --HOLE-- [fill = 0]
                  0082f748    00000010                       : rand.obj (.cinit)
                  0082f758    0000000c                       : errno.obj (.cinit)
                  0082f764    00000004     --HOLE-- [fill = 0]
                  0082f768    0000000c                       : fopen.obj (.cinit)
                  0082f774    00000004     --HOLE-- [fill = 0]
                  0082f778    00000004     (.pad.cinit) [fill = 0]

.const     0    0082f780    00000386     
                  0082f780    00000203     driver.obj (.const:.string)
                  0082f983    00000002     rts6600e_coff.lib : fputs.obj (.const:.string)
                  0082f985    00000003     --HOLE-- [fill = 0]
                  0082f988    00000101                       : ctype.obj (.const:.string:__ctypes_)
                  0082fa89    0000005a     log2sp_d.obj (.const:.string)
                  0082fae3    00000023     rts6600e_coff.lib : _printfi.obj (.const:.string)

.cio       0    0082fb08    00000120     UNINITIALIZED
                  0082fb08    00000120     rts6600e_coff.lib : trgmsg.obj (.cio)

.kernel_vec 
*          0    0082fc40    00000600     
                  0082fc40    00000600     mathlib.a66e : log2sp_v.o66e (.text:optvec)

.kernel_ci 
*          0    00830240    00000240     
                  00830240    00000120     mathlib.a66e : log2sp.o66e (.text:optci)
                  00830360    00000120                  : log2sp_c.o66e (.text:optci)


FAR CALL TRAMPOLINES

callee name               trampoline name
   callee addr  tramp addr   call addr  call info
--------------  -----------  ---------  ----------------
$.text:optvec:mathlib.a66e<log2sp_v.o66e>$0x0  $Tramp$S$$_log2sp_v
   0082fc40     00827140     0081e8a0   log2sp_d.obj (.text)
                             0081ec6c   log2sp_d.obj (.text)
                             0081f014   log2sp_d.obj (.text)
                             0081f74c   log2sp_d.obj (.text)
$.text:optci:mathlib.a66e<log2sp_c.o66e>$0x0  $Tramp$S$$_log2sp_c
   00830360     00827150     0081e64c   log2sp_d.obj (.text)
                             0081e684   log2sp_d.obj (.text)
                             0081eb2c   log2sp_d.obj (.text)
                             0081eec0   log2sp_d.obj (.text)
                             0081f65c   log2sp_d.obj (.text)
$.text:optci:mathlib.a66e<log2sp.o66e>$0x0  $Tramp$S$$_log2sp
   00830240     00827160     0081e608   log2sp_d.obj (.text)
                             0081e630   log2sp_d.obj (.text)
                             0081eab4   log2sp_d.obj (.text)
                             0081eaf8   log2sp_d.obj (.text)
                             0081eea0   log2sp_d.obj (.text)
                             0081f55c   log2sp_d.obj (.text)

[3 trampolines]
[15 trampoline calls]


GLOBAL SYMBOLS: SORTED ALPHABETICALLY BY Name 

address    name
--------   ----
00800000   $bss
00800000   .bss
ffffffff   .data
ffffffff   .text
00827100   C$$EXIT
00826ed8   C$$IO$$
00825f00   _HOSTclose
00824ce0   _HOSTlseek
008251e0   _HOSTopen
008259c0   _HOSTread
00823e60   _HOSTrename
00825a80   _HOSTunlink
00825b40   _HOSTwrite
0082fb08   __CIOBUF_
0081e570   __STACK_END
0000c000   __STACK_SIZE
00008000   __SYSMEM_SIZE
00000001   __TI_args_main
00826ac0   ___TI_cpp_init
00812548   ___TI_enable_exit_profile_output
ffffffff   ___TI_pprof_out_hndl
ffffffff   ___TI_prof_data_size
ffffffff   ___TI_prof_data_start
ffffffff   ___binit__
00800000   ___bss__
ffffffff   ___c_args__
0082f180   ___cinit__
ffffffff   ___data__
ffffffff   ___edata__
00800000   ___end__
ffffffff   ___etext__
00826ee0   ___isinf
00827020   ___isinff
ffffffff   ___pinit__
ffffffff   ___text__
00826f60   __args_main
00825c00   __auto_init
00825cc0   __c6xabi_divu
00825fa0   __cleanup
00812540   __cleanup_ptr
00824860   __closefile
0082f988   __ctypes_
0081ffc0   __divd
00822020   __divf
00826040   __divli
00825cc0   __divu
00824000   __divul
00822a20   __divull
00825d80   __doflush
00812544   __dtors_ptr
00826220   __fixdli
00824de0   __fixdlli
008267c0   __fltlid
008253a0   __fltllif
00826b20   __frcmpyd_div
008122c8   __ft_end
00811fa8   __ftable
00826840   __llshl
00826b80   __llshru
0081254c   __lock
00827040   __negll
00827060   __nop
00820ae0   __printfi
00826fa0   __remli
00812570   __stack
00826be0   __subcull
00827180   __sys_memory
00812188   __tmpnams
00812550   __unlock
00824ee0   __wrt_ok
00811c80   _a
00800000   _a_ext
00803e80   _a_sc
00827100   _abort
008124ec   _all_pass
00000200   _argsize
00825480   _atoi
00801f40   _b_ext
00804010   _b_sc
008268c0   _c_int00
00825560   _close
00826360   _copy_in
008124b0   _cycle_counts
0081ff0c   _driver_init
00811fa4   _errno
00825e40   _exit
00826c40   _fclose
008124d8   _fcn_pass
00826ca0   _fopen
00812494   _fp
00824fe0   _fprintf
00823300   _fputc
00821360   _fputs
008227a0   _free
008250e0   _frexp
00825640   _frexpf
00824bc0   _fseek
00821a04   _gimme_random
00811c78   _input
0080ddf8   _input_data
00821724   _isequal
00000000   _kernel_asm_size
00000240   _kernel_ci_size
00000600   _kernel_vec_size
00823ca0   _log
00826fe0   _log2
00826d00   _log2f
00830240   _log2sp
00830360   _log2sp_c
0082fc40   _log2sp_v
00824720   _logf
008264a0   _lseek
00825720   _ltoa
0081e580   _main
008241a0   _malloc
00826d60   _memccpy
00826540   _memcpy
00825800   _memset
00824320   _open
0080dde0   _output
008041a0   _output_data
0081fe2c   _print_memory_results
0081fd0c   _print_profile_results
0081f960   _print_test_results
008258e0   _printf
00823300   _putc
00826940   _rand
008269c0   _readmsg
00827120   _remove
00812490   _seed
00823720   _setvbuf
00826dc0   _srand
008124a8   _t_offset
00812498   _t_start
008124a0   _t_stop
00812450   _ti_math_jTable
00812430   _ti_math_kTable
008123f0   _ti_math_logtable
00812470   _ti_math_vTable
00826a40   _unlink
00826720   _write
00826e80   _writemsg
ffffffff   binit
0082f180   cinit
00000386   const_size
0082f780   const_start
ffffffff   edata
00800000   end
ffffffff   etext
ffffffff   pinit


GLOBAL SYMBOLS: SORTED BY Symbol Address 

address    name
--------   ----
00000000   _kernel_asm_size
00000001   __TI_args_main
00000200   _argsize
00000240   _kernel_ci_size
00000386   const_size
00000600   _kernel_vec_size
00008000   __SYSMEM_SIZE
0000c000   __STACK_SIZE
00800000   $bss
00800000   .bss
00800000   ___bss__
00800000   ___end__
00800000   _a_ext
00800000   end
00801f40   _b_ext
00803e80   _a_sc
00804010   _b_sc
008041a0   _output_data
0080dde0   _output
0080ddf8   _input_data
00811c78   _input
00811c80   _a
00811fa4   _errno
00811fa8   __ftable
00812188   __tmpnams
008122c8   __ft_end
008123f0   _ti_math_logtable
00812430   _ti_math_kTable
00812450   _ti_math_jTable
00812470   _ti_math_vTable
00812490   _seed
00812494   _fp
00812498   _t_start
008124a0   _t_stop
008124a8   _t_offset
008124b0   _cycle_counts
008124d8   _fcn_pass
008124ec   _all_pass
00812540   __cleanup_ptr
00812544   __dtors_ptr
00812548   ___TI_enable_exit_profile_output
0081254c   __lock
00812550   __unlock
00812570   __stack
0081e570   __STACK_END
0081e580   _main
0081f960   _print_test_results
0081fd0c   _print_profile_results
0081fe2c   _print_memory_results
0081ff0c   _driver_init
0081ffc0   __divd
00820ae0   __printfi
00821360   _fputs
00821724   _isequal
00821a04   _gimme_random
00822020   __divf
008227a0   _free
00822a20   __divull
00823300   _fputc
00823300   _putc
00823720   _setvbuf
00823ca0   _log
00823e60   _HOSTrename
00824000   __divul
008241a0   _malloc
00824320   _open
00824720   _logf
00824860   __closefile
00824bc0   _fseek
00824ce0   _HOSTlseek
00824de0   __fixdlli
00824ee0   __wrt_ok
00824fe0   _fprintf
008250e0   _frexp
008251e0   _HOSTopen
008253a0   __fltllif
00825480   _atoi
00825560   _close
00825640   _frexpf
00825720   _ltoa
00825800   _memset
008258e0   _printf
008259c0   _HOSTread
00825a80   _HOSTunlink
00825b40   _HOSTwrite
00825c00   __auto_init
00825cc0   __c6xabi_divu
00825cc0   __divu
00825d80   __doflush
00825e40   _exit
00825f00   _HOSTclose
00825fa0   __cleanup
00826040   __divli
00826220   __fixdli
00826360   _copy_in
008264a0   _lseek
00826540   _memcpy
00826720   _write
008267c0   __fltlid
00826840   __llshl
008268c0   _c_int00
00826940   _rand
008269c0   _readmsg
00826a40   _unlink
00826ac0   ___TI_cpp_init
00826b20   __frcmpyd_div
00826b80   __llshru
00826be0   __subcull
00826c40   _fclose
00826ca0   _fopen
00826d00   _log2f
00826d60   _memccpy
00826dc0   _srand
00826e80   _writemsg
00826ed8   C$$IO$$
00826ee0   ___isinf
00826f60   __args_main
00826fa0   __remli
00826fe0   _log2
00827020   ___isinff
00827040   __negll
00827060   __nop
00827100   C$$EXIT
00827100   _abort
00827120   _remove
00827180   __sys_memory
0082f180   ___cinit__
0082f180   cinit
0082f780   const_start
0082f988   __ctypes_
0082fb08   __CIOBUF_
0082fc40   _log2sp_v
00830240   _log2sp
00830360   _log2sp_c
ffffffff   .data
ffffffff   .text
ffffffff   ___TI_pprof_out_hndl
ffffffff   ___TI_prof_data_size
ffffffff   ___TI_prof_data_start
ffffffff   ___binit__
ffffffff   ___c_args__
ffffffff   ___data__
ffffffff   ___edata__
ffffffff   ___etext__
ffffffff   ___pinit__
ffffffff   ___text__
ffffffff   binit
ffffffff   edata
ffffffff   etext
ffffffff   pinit

[150 symbols]
