******************************************************************************
               TMS320C6x Linker PC v7.4.2                      
******************************************************************************
>> Linked Tue May 17 03:05:37 2016

OUTPUT FILE NAME:   <expsp_66_LE_ELF.out>
ENTRY POINT SYMBOL: "_c_int00"  address: 008261e0


MEMORY CONFIGURATION

         name            origin    length      used     unused   attr    fill
----------------------  --------  ---------  --------  --------  ----  --------
  L2SRAM                00800000   00080000  00030239  0004fdc7  RW X
  MSMCSRAM              0c000000   00200000  00000000  00200000  RW X


SEGMENT ALLOCATION MAP

run origin  load origin   length   init length attrs members
----------  ----------- ---------- ----------- ----- -------
00800000    00800000    0001de08   00000000    rw-
  00800000    00800000    00011e08   00000000    rw- .far
  00811e08    00811e08    0000c000   00000000    rw- .stack
0081de08    0081de08    00000018   00000018    rw-
  0081de08    0081de08    00000018   00000018    rw- .fardata.1
0081de20    0081de20    00008c40   00008c40    r-x
  0081de20    0081de20    00008c40   00008c40    r-x .text
00826a60    00826a60    00008000   00000000    rw-
  00826a60    00826a60    00008000   00000000    rw- .sysmem
0082ea60    0082ea60    000006b0   000006b0    rw-
  0082ea60    0082ea60    000006b0   000006b0    rw- .fardata.2
0082f110    0082f110    00000385   00000385    r--
  0082f110    0082f110    00000385   00000385    r-- .const
0082f498    0082f498    00000120   00000000    rw-
  0082f498    0082f498    00000120   00000000    rw- .cio
0082f5c0    0082f5c0    00000c84   00000c84    r-x
  0082f5c0    0082f5c0    00000620   00000620    r-x .kernel_vec
  0082fbe0    0082fbe0    00000200   00000200    r-x .kernel_ci
  0082fde0    0082fde0    00000020   00000020    r-x .kernel_asm
  0082fe00    0082fe00    00000444   00000444    r-- .cinit


SECTION ALLOCATION MAP

 output                                  attributes/
section   page    origin      length       input sections
--------  ----  ----------  ----------   ----------------
.init_array 
*          0    00800000    00000000     UNINITIALIZED

xdc.meta   0    00800000    00000000     COPY SECTION

.far       0    00800000    00011e08     UNINITIALIZED
                  00800000    00011c60     drvsp.obj (.far)
                  00811c60    00000140     rts6600_elf.lib : defs.obj (.far)
                  00811da0    00000060     driver.obj (.far)
                  00811e00    00000008     rts6600_elf.lib : trgdrv.obj (.far)

.stack     0    00811e08    0000c000     UNINITIALIZED
                  00811e08    00000008     rts6600_elf.lib : boot.obj (.stack)
                  00811e10    0000bff8     --HOLE--

.fardata.1 
*          0    0081de08    00000018     
                  0081de08    00000014     drvsp.obj (.fardata:output)
                  0081de1c    00000004     rts6600_elf.lib : defs.obj (.fardata)

.text      0    0081de20    00008c40     
                  0081de20    000012a0     expsp_d.obj (.text)
                  0081f0c0    00000660     driver.obj (.text)
                  0081f720    000005c0     rts6600_elf.lib : divd.obj (.text:__c6xabi_divd)
                  0081fce0    000005c0                     : _printfi.obj (.text:_getarg_diouxp)
                  008202a0    00000460                     : _printfi.obj (.text:_printfi)
                  00820700    00000460                     : _printfi.obj (.text:_setfield)
                  00820b60    000003a0                     : fputs.obj (.text:fputs)
                  00820f00    00000340     drvsp.obj (.text)
                  00821240    00000320     rts6600_elf.lib : _printfi.obj (.text:_pproc_fge)
                  00821560    000002e0                     : _printfi.obj (.text:_pproc_fwp)
                  00821840    000002a0                     : _printfi.obj (.text:fcvt)
                  00821ae0    00000280                     : divf.obj (.text:__c6xabi_divf)
                  00821d60    00000280                     : _printfi.obj (.text:ecvt)
                  00821fe0    00000280                     : memory.obj (.text:free)
                  00822260    00000240                     : imath64.obj (.text:__c6xabi_divull)
                  008224a0    00000240                     : _printfi.obj (.text:_pconv_e)
                  008226e0    00000240                     : _printfi.obj (.text:_pproc_diouxp)
                  00822920    00000220                     : _printfi.obj (.text:_pproc_str)
                  00822b40    00000220                     : fputc.obj (.text:fputc)
                  00822d60    00000200                     : _printfi.obj (.text:_pconv_g)
                  00822f60    00000200                     : setvbuf.obj (.text:setvbuf)
                  00823160    000001c0                     : _printfi.obj (.text:_mcpy)
                  00823320    000001c0                     : fopen.obj (.text:_openfile)
                  008234e0    000001c0                     : expf.obj (.text:expf)
                  008236a0    000001a0                     : trgdrv.obj (.text:HOSTrename)
                  00823840    000001a0                     : imath40.obj (.text:__c6xabi_divul)
                  008239e0    00000180                     : copy_decompress_rle.obj (.text:__TI_decompress_rle_core)
                  00823b60    00000180                     : memory.obj (.text:malloc)
                  00823ce0    00000180                     : lowlev.obj (.text:open)
                  00823e60    00000160                     : ldexpf.obj (.text:ldexpf)
                  00823fc0    00000140                     : _printfi.obj (.text:_pproc_fflags)
                  00824100    00000140                     : lowlev.obj (.text:getdevice)
                  00824240    00000120                     : fclose.obj (.text:_closefile)
                  00824360    00000120                     : _printfi.obj (.text:_ltostr)
                  00824480    00000120                     : fopen.obj (.text:_search_fp)
                  008245a0    00000120                     : fseek.obj (.text:fseek)
                  008246c0    00000100                     : trgdrv.obj (.text:HOSTlseek)
                  008247c0    00000100                     : fixdlli.obj (.text:__c6xabi_fixdlli)
                  008248c0    00000100                     : autoinit.obj (.text:_auto_init_elf)
                  008249c0    00000100                     : _io_perm.obj (.text:_wrt_ok)
                  00824ac0    00000100                     : cpy_tbl.obj (.text:copy_in)
                  00824bc0    00000100                     : fprintf.obj (.text:fprintf)
                  00824cc0    000000e0                     : trgdrv.obj (.text:HOSTopen)
                  00824da0    000000e0                     : fltllif.obj (.text:__c6xabi_fltllif)
                  00824e80    000000e0                     : _printfi.obj (.text:_div)
                  00824f60    000000e0                     : atoi.obj (.text:atoi)
                  00825040    000000e0                     : lowlev.obj (.text:close)
                  00825120    000000e0                     : copy_zero_init.obj (.text:decompress:ZI:__TI_zero_init)
                  00825200    000000e0                     : ltoa.obj (.text:ltoa)
                  008252e0    000000e0                     : memset.obj (.text:memset)
                  008253c0    000000e0                     : printf.obj (.text:printf)
                  008254a0    000000c0                     : trgdrv.obj (.text:HOSTread)
                  00825560    000000c0                     : trgdrv.obj (.text:HOSTunlink)
                  00825620    000000c0                     : trgdrv.obj (.text:HOSTwrite)
                  008256e0    000000c0                     : divu.obj (.text:__divu)
                  008257a0    000000c0                     : fflush.obj (.text:_doflush)
                  00825860    000000c0                     : exit.obj (.text:exit)
                  00825920    000000c0                     : tls.obj (.text:tls:init:__TI_tls_init)
                  008259e0    000000a0                     : trgdrv.obj (.text:HOSTclose)
                  00825a80    000000a0                     : fopen.obj (.text:_cleanup)
                  00825b20    000000a0                     : _printfi.obj (.text:_ecpy)
                  00825bc0    000000a0                     : _printfi.obj (.text:_fcpy)
                  00825c60    000000a0                     : memory.obj (.text:_minit)
                  00825d00    000000a0                     : _printfi.obj (.text:_pconv_f)
                  00825da0    000000a0                     : lowlev.obj (.text:finddevice)
                  00825e40    000000a0                     : lowlev.obj (.text:lseek)
                  00825ee0    000000a0                     : memcpy64.obj (.text:memcpy)
                  00825f80    000000a0                     : memory.obj (.text:minsert)
                  00826020    000000a0                     : memory.obj (.text:mremove)
                  008260c0    000000a0                     : lowlev.obj (.text:write)
                  00826160    00000080                     : llshift.obj (.text:__c6xabi_llshl)
                  008261e0    00000080                     : boot.obj (.text:_c_int00)
                  00826260    00000080                     : rand.obj (.text:rand)
                  008262e0    00000080                     : trgmsg.obj (.text:readmsg)
                  00826360    00000080                     : lowlev.obj (.text:unlink)
                  008263e0    00000060                     : cpp_init.obj (.text:__TI_cpp_init)
                  00826440    00000060                     : frcmpyd_div.obj (.text:__c6xabi_frcmpyd_div)
                  008264a0    00000060                     : llshift.obj (.text:__c6xabi_llshru)
                  00826500    00000060                     : imath64.obj (.text:_subcull)
                  00826560    00000060                     : fclose.obj (.text:fclose)
                  008265c0    00000060                     : fopen.obj (.text:fopen)
                  00826620    00000060                     : memccpy.obj (.text:memccpy)
                  00826680    00000060                     : modff.obj (.text:modff)
                  008266e0    00000060                     : rand.obj (.text:srand)
                  00826740    00000060                     : lowlev.obj (.text:tabinit)
                  008267a0    00000060                     : trgmsg.obj (.text:writemsg)
                  00826800    00000040                     : isinf.obj (.text:__c6xabi_isinf)
                  00826840    00000040                     : _printfi.obj (.text:__c6xabi_isnan)
                  00826880    00000040                     : args_main.obj (.text:_args_main)
                  008268c0    00000020                     : errno.obj (.text:__c6xabi_errno_addr)
                  008268e0    00000020                     : isinff.obj (.text:__c6xabi_isinff)
                  00826900    00000020                     : negll.obj (.text:__c6xabi_negll)
                  00826920    00000020                     : _lock.obj (.text:_nop)
                  00826940    00000020                     : fprintf.obj (.text:_outc)
                  00826960    00000020                     : printf.obj (.text:_outc)
                  00826980    00000020                     : fprintf.obj (.text:_outs)
                  008269a0    00000020                     : printf.obj (.text:_outs)
                  008269c0    00000020                     : exit.obj (.text:abort)
                  008269e0    00000020                     : copy_decompress_none.obj (.text:decompress:none:__TI_decompress_none)
                  00826a00    00000020                     : copy_decompress_rle.obj (.text:decompress:rle24:__TI_decompress_rle24)
                  00826a20    00000010     mathlib.ae66 : expsp_v.oe66 ($Tramp$S$$expsp_v)
                  00826a30    00000010                  : expsp_c.oe66 ($Tramp$S$$expsp_c)
                  00826a40    00000010                  : expsp.oe66 ($Tramp$S$$expsp)
                  00826a50    00000010     --HOLE-- [fill = 0]

.sysmem    0    00826a60    00008000     UNINITIALIZED
                  00826a60    00000008     rts6600_elf.lib : memory.obj (.sysmem)
                  00826a68    00007ff8     --HOLE--

.fardata.2 
*          0    0082ea60    000006b0     
                  0082ea60    00000324     expsp_d.obj (.fardata:a)
                  0082ed84    00000004     rts6600_elf.lib : errno.obj (.fardata)
                  0082ed88    000001e0                     : defs.obj (.fardata:_ftable)
                  0082ef68    000000a0                     : lowlev.obj (.fardata:_stream)
                  0082f008    00000078                     : lowlev.obj (.fardata:_device)
                  0082f080    00000020     mathlib.ae66 : tables.oe66 (.fardata:ti_math_jTable)
                  0082f0a0    00000020                  : tables.oe66 (.fardata:ti_math_kTable)
                  0082f0c0    0000001c     rts6600_elf.lib : expf.obj (.fardata:exp_consts$1)
                  0082f0dc    0000000c                     : exit.obj (.fardata)
                  0082f0e8    0000000c                     : memory.obj (.fardata)
                  0082f0f4    00000004                     : fopen.obj (.fardata)
                  0082f0f8    00000008     drvsp.obj (.fardata:input)
                  0082f100    00000008     rts6600_elf.lib : _lock.obj (.fardata)
                  0082f108    00000004                     : lowlev.obj (.fardata)
                  0082f10c    00000004                     : rand.obj (.fardata)

.const     0    0082f110    00000385     
                  0082f110    00000203     driver.obj (.const:.string)
                  0082f313    00000005     --HOLE-- [fill = 0]
                  0082f318    00000101     rts6600_elf.lib : ctype.obj (.const:.string:_ctypes_)
                  0082f419    00000059     expsp_d.obj (.const:.string)
                  0082f472    00000023     rts6600_elf.lib : _printfi.obj (.const:.string)

.cio       0    0082f498    00000120     UNINITIALIZED
                  0082f498    00000120     rts6600_elf.lib : trgmsg.obj (.cio)

.kernel_vec 
*          0    0082f5c0    00000620     
                  0082f5c0    00000620     mathlib.ae66 : expsp_v.oe66 (.text:optvec)

.kernel_ci 
*          0    0082fbe0    00000200     
                  0082fbe0    00000100     mathlib.ae66 : expsp.oe66 (.text:optci)
                  0082fce0    00000100                  : expsp_c.oe66 (.text:optci)

.kernel_asm 
*          0    0082fde0    00000020     
                  0082fde0    00000020     mathlib.ae66 : expsp.oe66 (.text:optasm)

.cinit     0    0082fe00    00000444     
                  0082fe00    000003f6     (.cinit..fardata.2.load) [load image, compression = rle]
                  008301f6    00000002     --HOLE-- [fill = 0]
                  008301f8    0000001e     (.cinit..fardata.1.load) [load image, compression = rle]
                  00830216    00000002     --HOLE-- [fill = 0]
                  00830218    0000000c     (__TI_handler_table)
                  00830224    00000008     (.cinit..far.load) [load image, compression = zero_init]
                  0083022c    00000018     (__TI_cinit_table)


LINKER GENERATED COPY TABLES

__TI_cinit_table @ 0083022c records: 3, size/record: 8, table size: 24
	.fardata.2: load addr=0082fe00, load size=000003f6 bytes, run addr=0082ea60, run size=000006b0 bytes, compression=rle
	.fardata.1: load addr=008301f8, load size=0000001e bytes, run addr=0081de08, run size=00000018 bytes, compression=rle
	.far: load addr=00830224, load size=00000008 bytes, run addr=00800000, run size=00011e08 bytes, compression=zero_init


LINKER GENERATED HANDLER TABLE

__TI_handler_table @ 00830218 records: 3, size/record: 4, table size: 12
	index: 0, handler: __TI_zero_init
	index: 1, handler: __TI_decompress_rle24
	index: 2, handler: __TI_decompress_none


FAR CALL TRAMPOLINES

callee name               trampoline name
   callee addr  tramp addr   call addr  call info
--------------  -----------  ---------  ----------------
$.text:optvec:mathlib.ae66<expsp_v.oe66>$0x0  $Tramp$S$$expsp_v
   0082f5c0     00826a20     0081e0e8   expsp_d.obj (.text)
                             0081e40c   expsp_d.obj (.text)
                             0081e748   expsp_d.obj (.text)
                             0081eea0   expsp_d.obj (.text)
$.text:optci:mathlib.ae66<expsp_c.oe66>$0x0  $Tramp$S$$expsp_c
   0082fce0     00826a30     0081dee8   expsp_d.obj (.text)
                             0081df30   expsp_d.obj (.text)
                             0081e30c   expsp_d.obj (.text)
                             0081e610   expsp_d.obj (.text)
                             0081ed88   expsp_d.obj (.text)
$.text:optasm:mathlib.ae66<expsp.oe66>$0x0  $Tramp$S$$expsp
   0082fde0     00826a40     0081dea8   expsp_d.obj (.text)
                             0081decc   expsp_d.obj (.text)
                             0081e2f4   expsp_d.obj (.text)
                             0081e5cc   expsp_d.obj (.text)
                             0081ec60   expsp_d.obj (.text)

[3 trampolines]
[14 trampoline calls]


GLOBAL SYMBOLS: SORTED ALPHABETICALLY BY Name 

address    name
--------   ----
008269c0   C$$EXIT
008267f8   C$$IO$$
008259e0   HOSTclose
008246c0   HOSTlseek
00824cc0   HOSTopen
008254a0   HOSTread
008236a0   HOSTrename
00825560   HOSTunlink
00825620   HOSTwrite
0082f498   __CIOBUF_
0083022c   __TI_CINIT_Base
00830244   __TI_CINIT_Limit
00830218   __TI_Handler_Table_Base
00830224   __TI_Handler_Table_Limit
UNDEFED    __TI_INITARRAY_Base
UNDEFED    __TI_INITARRAY_Limit
0081de08   __TI_STACK_END
0000c000   __TI_STACK_SIZE
00000000   __TI_STATIC_BASE
00008000   __TI_SYSMEM_SIZE
UNDEFED    __TI_TLS_INIT_Base
UNDEFED    __TI_TLS_INIT_Limit
00000001   __TI_args_main
008263e0   __TI_cpp_init
008269e0   __TI_decompress_none
00826a00   __TI_decompress_rle24
0082f0e4   __TI_enable_exit_profile_output
ffffffff   __TI_pprof_out_hndl
ffffffff   __TI_prof_data_size
ffffffff   __TI_prof_data_start
00825920   __TI_tls_init
00825120   __TI_zero_init
ffffffff   __binit__
0081f720   __c6xabi_divd
00821ae0   __c6xabi_divf
008256e0   __c6xabi_divu
00823840   __c6xabi_divul
00822260   __c6xabi_divull
008268c0   __c6xabi_errno_addr
008247c0   __c6xabi_fixdlli
00824da0   __c6xabi_fltllif
00826440   __c6xabi_frcmpyd_div
00826800   __c6xabi_isinf
008268e0   __c6xabi_isinff
00826160   __c6xabi_llshl
008264a0   __c6xabi_llshru
00826900   __c6xabi_negll
ffffffff   __c_args__
008256e0   __divu
0082ed84   __errno
00826880   _args_main
00000200   _argsize
008248c0   _auto_init_elf
008261e0   _c_int00
00825a80   _cleanup
0082f0dc   _cleanup_ptr
00824240   _closefile
0082f318   _ctypes_
008257a0   _doflush
0082f0e0   _dtors_ptr
0081de1c   _ft_end
0082ed88   _ftable
00000020   _kernel_asm_size
00000200   _kernel_ci_size
00000620   _kernel_vec_size
0082f100   _lock
00825c60   _minit
00826920   _nop
008202a0   _printfi
00811e08   _stack
00826500   _subcull
00826a60   _sys_memory
00811c60   _tmpnams
0082f104   _unlock
008249c0   _wrt_ok
0082ea60   a
00800000   a_ext
00803e80   a_sc
008269c0   abort
00811dfc   all_pass
00824f60   atoi
00801f40   b_ext
00804010   b_sc
ffffffff   binit
00825040   close
00000385   const_size
0082f110   const_start
00824ac0   copy_in
00811dc0   cycle_counts
0081f66c   driver_init
0082ed84   errno
00825860   exit
008234e0   expf
0082fde0   expsp
0082fce0   expsp_c
0082f5c0   expsp_v
00826560   fclose
00811de8   fcn_pass
008265c0   fopen
00811da4   fp
00824bc0   fprintf
00822b40   fputc
00820b60   fputs
00821fe0   free
008245a0   fseek
00821204   gimme_random
0082f0f8   input
0080dde0   input_data
00820f24   isequal
00823e60   ldexpf
00825e40   lseek
00825200   ltoa
0081de20   main
00823b60   malloc
00826620   memccpy
00825ee0   memcpy
008252e0   memset
00826680   modff
00823ce0   open
0081de08   output
008041a0   output_data
0081f58c   print_memory_results
0081f46c   print_profile_results
0081f0c0   print_test_results
008253c0   printf
00826260   rand
008262e0   readmsg
00826360   remove
00811da0   seed
00822f60   setvbuf
008266e0   srand
00811db8   t_offset
00811da8   t_start
00811db0   t_stop
0082f080   ti_math_jTable
0082f0a0   ti_math_kTable
00826360   unlink
008260c0   write
008267a0   writemsg


GLOBAL SYMBOLS: SORTED BY Symbol Address 

address    name
--------   ----
00000000   __TI_STATIC_BASE
00000001   __TI_args_main
00000020   _kernel_asm_size
00000200   _argsize
00000200   _kernel_ci_size
00000385   const_size
00000620   _kernel_vec_size
00008000   __TI_SYSMEM_SIZE
0000c000   __TI_STACK_SIZE
00800000   a_ext
00801f40   b_ext
00803e80   a_sc
00804010   b_sc
008041a0   output_data
0080dde0   input_data
00811c60   _tmpnams
00811da0   seed
00811da4   fp
00811da8   t_start
00811db0   t_stop
00811db8   t_offset
00811dc0   cycle_counts
00811de8   fcn_pass
00811dfc   all_pass
00811e08   _stack
0081de08   __TI_STACK_END
0081de08   output
0081de1c   _ft_end
0081de20   main
0081f0c0   print_test_results
0081f46c   print_profile_results
0081f58c   print_memory_results
0081f66c   driver_init
0081f720   __c6xabi_divd
008202a0   _printfi
00820b60   fputs
00820f24   isequal
00821204   gimme_random
00821ae0   __c6xabi_divf
00821fe0   free
00822260   __c6xabi_divull
00822b40   fputc
00822f60   setvbuf
008234e0   expf
008236a0   HOSTrename
00823840   __c6xabi_divul
00823b60   malloc
00823ce0   open
00823e60   ldexpf
00824240   _closefile
008245a0   fseek
008246c0   HOSTlseek
008247c0   __c6xabi_fixdlli
008248c0   _auto_init_elf
008249c0   _wrt_ok
00824ac0   copy_in
00824bc0   fprintf
00824cc0   HOSTopen
00824da0   __c6xabi_fltllif
00824f60   atoi
00825040   close
00825120   __TI_zero_init
00825200   ltoa
008252e0   memset
008253c0   printf
008254a0   HOSTread
00825560   HOSTunlink
00825620   HOSTwrite
008256e0   __c6xabi_divu
008256e0   __divu
008257a0   _doflush
00825860   exit
00825920   __TI_tls_init
008259e0   HOSTclose
00825a80   _cleanup
00825c60   _minit
00825e40   lseek
00825ee0   memcpy
008260c0   write
00826160   __c6xabi_llshl
008261e0   _c_int00
00826260   rand
008262e0   readmsg
00826360   remove
00826360   unlink
008263e0   __TI_cpp_init
00826440   __c6xabi_frcmpyd_div
008264a0   __c6xabi_llshru
00826500   _subcull
00826560   fclose
008265c0   fopen
00826620   memccpy
00826680   modff
008266e0   srand
008267a0   writemsg
008267f8   C$$IO$$
00826800   __c6xabi_isinf
00826880   _args_main
008268c0   __c6xabi_errno_addr
008268e0   __c6xabi_isinff
00826900   __c6xabi_negll
00826920   _nop
008269c0   C$$EXIT
008269c0   abort
008269e0   __TI_decompress_none
00826a00   __TI_decompress_rle24
00826a60   _sys_memory
0082ea60   a
0082ed84   __errno
0082ed84   errno
0082ed88   _ftable
0082f080   ti_math_jTable
0082f0a0   ti_math_kTable
0082f0dc   _cleanup_ptr
0082f0e0   _dtors_ptr
0082f0e4   __TI_enable_exit_profile_output
0082f0f8   input
0082f100   _lock
0082f104   _unlock
0082f110   const_start
0082f318   _ctypes_
0082f498   __CIOBUF_
0082f5c0   expsp_v
0082fce0   expsp_c
0082fde0   expsp
00830218   __TI_Handler_Table_Base
00830224   __TI_Handler_Table_Limit
0083022c   __TI_CINIT_Base
00830244   __TI_CINIT_Limit
ffffffff   __TI_pprof_out_hndl
ffffffff   __TI_prof_data_size
ffffffff   __TI_prof_data_start
ffffffff   __binit__
ffffffff   __c_args__
ffffffff   binit
UNDEFED    __TI_INITARRAY_Base
UNDEFED    __TI_INITARRAY_Limit
UNDEFED    __TI_TLS_INIT_Base
UNDEFED    __TI_TLS_INIT_Limit

[139 symbols]
