******************************************************************************
               TMS320C6x Linker PC v7.4.2                      
******************************************************************************
>> Linked Tue May 17 02:56:01 2016

OUTPUT FILE NAME:   <exp10dp_66_BE_COFF.out>
ENTRY POINT SYMBOL: "_c_int00"  address: 00838700


MEMORY CONFIGURATION

         name            origin    length      used     unused   attr    fill
----------------------  --------  ---------  --------  --------  ----  --------
  L2SRAM                00800000   00080000  0004244b  0003dbb5  RW X
  MSMCSRAM              0c000000   00200000  00000000  00200000  RW X


SECTION ALLOCATION MAP

 output                                  attributes/
section   page    origin      length       input sections
--------  ----  ----------  ----------   ----------------
.pinit     0    00800000    00000000     UNINITIALIZED

.kernel_asm 
*          0    00800000    00000000     UNINITIALIZED

.neardata 
*          0    00800000    00000000     UNINITIALIZED

.rodata    0    00800000    00000000     UNINITIALIZED

.bss       0    00800000    00000000     UNINITIALIZED

.data      0    00800000    00000000     UNINITIALIZED

xdc.meta   0    00800000    00000000     COPY SECTION

.far       0    00800000    00024430     UNINITIALIZED
                  00800000    000238e0     drvdp.obj (.far)
                  008238e0    00000648     exp10dp_d.obj (.far)
                  00823f28    00000324     rts6600e_coff.lib : defs.obj (.far)
                  0082424c    00000004                       : errno.obj (.far)
                  00824250    0000011c                       : lowlev.obj (.far)
                  0082436c    00000004                       : fopen.obj (.far)
                  00824370    00000060     driver.obj (.far)
                  008243d0    00000030     rts6600e_coff.lib : exp.obj (.far)
                  00824400    0000000c                       : exit.obj (.far)
                  0082440c    00000008                       : _lock.obj (.far)
                  00824414    00000008                       : memory.obj (.far)
                  0082441c    00000004     --HOLE--
                  00824420    00000008                       : rand.obj (.far)
                  00824428    00000008                       : trgdrv.obj (.far)

.stack     0    00824430    0000c000     UNINITIALIZED
                  00824430    00000008     rts6600e_coff.lib : boot.obj (.stack)
                  00824438    0000bff8     --HOLE--

.text      0    00830440    00008b00     
                  00830440    000016c0     exp10dp_d.obj (.text)
                  00831b00    00000660     driver.obj (.text)
                  00832160    000005c0     rts6600e_coff.lib : divd.obj (.text:__divd)
                  00832720    00000560                       : _printfi.obj (.text:__getarg_diouxp)
                  00832c80    00000440                       : _printfi.obj (.text:__printfi)
                  008330c0    00000440                       : _printfi.obj (.text:__setfield)
                  00833500    000003a0                       : fputs.obj (.text:_fputs)
                  008338a0    00000360     drvdp.obj (.text)
                  00833c00    00000320     rts6600e_coff.lib : _printfi.obj (.text:__pproc_fge)
                  00833f20    000002c0                       : _printfi.obj (.text:__pproc_fwp)
                  008341e0    00000280                       : _printfi.obj (.text:_ecvt)
                  00834460    00000280                       : _printfi.obj (.text:_fcvt)
                  008346e0    00000280                       : memory.obj (.text:_free)
                  00834960    00000240                       : imath64.obj (.text:__divull)
                  00834ba0    00000240                       : _printfi.obj (.text:__pconv_e)
                  00834de0    00000240                       : _printfi.obj (.text:__pproc_diouxp)
                  00835020    00000220                       : _printfi.obj (.text:__pproc_str)
                  00835240    00000220                       : fputc.obj (.text:_fputc)
                  00835460    00000200                       : _printfi.obj (.text:__pconv_g)
                  00835660    00000200                       : setvbuf.obj (.text:_setvbuf)
                  00835860    000001e0                       : exp.obj (.text:_exp)
                  00835a40    000001c0                       : _printfi.obj (.text:__mcpy)
                  00835c00    000001c0                       : fopen.obj (.text:__openfile)
                  00835dc0    000001a0                       : trgdrv.obj (.text:_HOSTrename)
                  00835f60    000001a0                       : imath40.obj (.text:__divul)
                  00836100    00000180                       : memory.obj (.text:_malloc)
                  00836280    00000180                       : lowlev.obj (.text:_open)
                  00836400    00000160                       : ldexp.obj (.text:_ldexp)
                  00836560    00000140                       : _printfi.obj (.text:__pproc_fflags)
                  008366a0    00000140                       : lowlev.obj (.text:_getdevice)
                  008367e0    00000120                       : fclose.obj (.text:__closefile)
                  00836900    00000120                       : _printfi.obj (.text:__ltostr)
                  00836a20    00000120                       : fopen.obj (.text:__search_fp)
                  00836b40    00000120                       : fseek.obj (.text:_fseek)
                  00836c60    00000100                       : trgdrv.obj (.text:_HOSTlseek)
                  00836d60    00000100                       : fixdlli.obj (.text:__fixdlli)
                  00836e60    00000100                       : _io_perm.obj (.text:__wrt_ok)
                  00836f60    00000100                       : fprintf.obj (.text:_fprintf)
                  00837060    000000e0                       : trgdrv.obj (.text:_HOSTopen)
                  00837140    000000e0                       : _printfi.obj (.text:__div)
                  00837220    000000e0                       : fltllif.obj (.text:__fltllif)
                  00837300    000000e0                       : atoi.obj (.text:_atoi)
                  008373e0    000000e0                       : lowlev.obj (.text:_close)
                  008374c0    000000e0                       : ltoa.obj (.text:_ltoa)
                  008375a0    000000e0                       : memset.obj (.text:_memset)
                  00837680    000000e0                       : printf.obj (.text:_printf)
                  00837760    000000c0                       : trgdrv.obj (.text:_HOSTread)
                  00837820    000000c0                       : trgdrv.obj (.text:_HOSTunlink)
                  008378e0    000000c0                       : trgdrv.obj (.text:_HOSTwrite)
                  008379a0    000000c0                       : autoinit.obj (.text:__auto_init)
                  00837a60    000000c0                       : divu.obj (.text:__divu)
                  00837b20    000000c0                       : fflush.obj (.text:__doflush)
                  00837be0    000000c0                       : exit.obj (.text:_exit)
                  00837ca0    000000a0                       : trgdrv.obj (.text:_HOSTclose)
                  00837d40    000000a0                       : fopen.obj (.text:__cleanup)
                  00837de0    000000a0                       : imath40.obj (.text:__divli)
                  00837e80    000000a0                       : _printfi.obj (.text:__ecpy)
                  00837f20    000000a0                       : _printfi.obj (.text:__fcpy)
                  00837fc0    000000a0                       : fixdli.obj (.text:__fixdli)
                  00838060    000000a0                       : _printfi.obj (.text:__pconv_f)
                  00838100    000000a0                       : cpy_tbl.obj (.text:_copy_in)
                  008381a0    000000a0                       : lowlev.obj (.text:_finddevice)
                  00838240    000000a0                       : lowlev.obj (.text:_lseek)
                  008382e0    000000a0                       : memcpy64.obj (.text:_memcpy)
                  00838380    000000a0                       : memory.obj (.text:_minsert)
                  00838420    000000a0                       : modf.obj (.text:_modf)
                  008384c0    000000a0                       : memory.obj (.text:_mremove)
                  00838560    000000a0                       : lowlev.obj (.text:_write)
                  00838600    00000080                       : fltlid.obj (.text:__fltlid)
                  00838680    00000080                       : llshift.obj (.text:__llshl)
                  00838700    00000080                       : boot.obj (.text:_c_int00)
                  00838780    00000080                       : rand.obj (.text:_rand)
                  00838800    00000080                       : trgmsg.obj (.text:_readmsg)
                  00838880    00000080                       : lowlev.obj (.text:_unlink)
                  00838900    00000060                       : cpp_init.obj (.text:___TI_cpp_init)
                  00838960    00000060                       : frcmpyd_div.obj (.text:__frcmpyd_div)
                  008389c0    00000060                       : llshift.obj (.text:__llshru)
                  00838a20    00000060                       : imath64.obj (.text:__subcull)
                  00838a80    00000060                       : fclose.obj (.text:_fclose)
                  00838ae0    00000060                       : fopen.obj (.text:_fopen)
                  00838b40    00000060                       : memccpy.obj (.text:_memccpy)
                  00838ba0    00000060                       : rand.obj (.text:_srand)
                  00838c00    00000060                       : lowlev.obj (.text:_tabinit)
                  00838c60    00000060                       : trgmsg.obj (.text:_writemsg)
                  00838cc0    00000040                       : isinf.obj (.text:___isinf)
                  00838d00    00000040                       : _printfi.obj (.text:___isnan)
                  00838d40    00000040                       : args_main.obj (.text:__args_main)
                  00838d80    00000040                       : imath40.obj (.text:__remli)
                  00838dc0    00000020                       : negll.obj (.text:__negll)
                  00838de0    00000020                       : _lock.obj (.text:__nop)
                  00838e00    00000020                       : fprintf.obj (.text:__outc)
                  00838e20    00000020                       : printf.obj (.text:__outc)
                  00838e40    00000020                       : fprintf.obj (.text:__outs)
                  00838e60    00000020                       : printf.obj (.text:__outs)
                  00838e80    00000020                       : trunc.obj (.text:__trunc)
                  00838ea0    00000020                       : exit.obj (.text:_abort)
                  00838ec0    00000020                       : exp10.obj (.text:_exp10)
                  00838ee0    00000020                       : remove.obj (.text:_remove)
                  00838f00    00000010     mathlib.a66e : exp10dp_v.o66e ($Tramp$S$$_exp10dp_v)
                  00838f10    00000010                  : exp10dp_c.o66e ($Tramp$S$$_exp10dp_c)
                  00838f20    00000010                  : exp10dp.o66e ($Tramp$S$$_exp10dp)
                  00838f30    00000010     --HOLE-- [fill = 0]

.sysmem    0    00838f40    00008000     UNINITIALIZED
                  00838f40    00000008     rts6600e_coff.lib : memory.obj (.sysmem)
                  00838f48    00007ff8     --HOLE--

.cinit     0    00840f40    00000834     
                  00840f40    00000650     exp10dp_d.obj (.cinit)
                  00841590    0000005c     rts6600e_coff.lib : defs.obj (.cinit)
                  008415ec    00000004     --HOLE-- [fill = 0]
                  008415f0    0000005c                       : lowlev.obj (.cinit)
                  0084164c    00000004     --HOLE-- [fill = 0]
                  00841650    00000040                       : exp.obj (.cinit)
                  00841690    00000030     drvdp.obj (.cinit)
                  008416c0    0000002c     rts6600e_coff.lib : exit.obj (.cinit)
                  008416ec    00000004     --HOLE-- [fill = 0]
                  008416f0    0000002c                       : memory.obj (.cinit)
                  0084171c    00000004     --HOLE-- [fill = 0]
                  00841720    0000001c                       : _lock.obj (.cinit)
                  0084173c    00000004     --HOLE-- [fill = 0]
                  00841740    00000010                       : rand.obj (.cinit)
                  00841750    0000000c                       : errno.obj (.cinit)
                  0084175c    00000004     --HOLE-- [fill = 0]
                  00841760    0000000c                       : fopen.obj (.cinit)
                  0084176c    00000004     --HOLE-- [fill = 0]
                  00841770    00000004     (.pad.cinit) [fill = 0]

.const     0    00841778    00000387     
                  00841778    00000203     driver.obj (.const:.string)
                  0084197b    00000002     rts6600e_coff.lib : fputs.obj (.const:.string)
                  0084197d    00000003     --HOLE-- [fill = 0]
                  00841980    00000101                       : ctype.obj (.const:.string:__ctypes_)
                  00841a81    0000005b     exp10dp_d.obj (.const:.string)
                  00841adc    00000023     rts6600e_coff.lib : _printfi.obj (.const:.string)

.cio       0    00841b00    00000120     UNINITIALIZED
                  00841b00    00000120     rts6600e_coff.lib : trgmsg.obj (.cio)

.kernel_vec 
*          0    00841c20    00000500     
                  00841c20    00000500     mathlib.a66e : exp10dp_v.o66e (.text:optvec)

.kernel_ci 
*          0    00842120    00000340     
                  00842120    000001a0     mathlib.a66e : exp10dp.o66e (.text:optci)
                  008422c0    000001a0                  : exp10dp_c.o66e (.text:optci)


FAR CALL TRAMPOLINES

callee name               trampoline name
   callee addr  tramp addr   call addr  call info
--------------  -----------  ---------  ----------------
$.text:optvec:mathlib.a66e<exp10dp_v.o66e>$0x0  $Tramp$S$$_exp10dp_v
   00841c20     00838f00     00830860   exp10dp_d.obj (.text)
                             00830ce8   exp10dp_d.obj (.text)
                             00831140   exp10dp_d.obj (.text)
                             008318f0   exp10dp_d.obj (.text)
$.text:optci:mathlib.a66e<exp10dp_c.o66e>$0x0  $Tramp$S$$_exp10dp_c
   008422c0     00838f10     0083050c   exp10dp_d.obj (.text)
                             00830538   exp10dp_d.obj (.text)
                             00830b64   exp10dp_d.obj (.text)
                             00830fa0   exp10dp_d.obj (.text)
                             00831800   exp10dp_d.obj (.text)
$.text:optci:mathlib.a66e<exp10dp.o66e>$0x0  $Tramp$S$$_exp10dp
   00842120     00838f20     008304c4   exp10dp_d.obj (.text)
                             008304ec   exp10dp_d.obj (.text)
                             00830b4c   exp10dp_d.obj (.text)
                             00830f80   exp10dp_d.obj (.text)
                             00831700   exp10dp_d.obj (.text)

[3 trampolines]
[14 trampoline calls]


GLOBAL SYMBOLS: SORTED ALPHABETICALLY BY Name 

address    name
--------   ----
00800000   $bss
00800000   .bss
ffffffff   .data
ffffffff   .text
00838ea0   C$$EXIT
00838cb8   C$$IO$$
00837ca0   _HOSTclose
00836c60   _HOSTlseek
00837060   _HOSTopen
00837760   _HOSTread
00835dc0   _HOSTrename
00837820   _HOSTunlink
008378e0   _HOSTwrite
00841b00   __CIOBUF_
00830430   __STACK_END
0000c000   __STACK_SIZE
00008000   __SYSMEM_SIZE
00000001   __TI_args_main
00838900   ___TI_cpp_init
00824408   ___TI_enable_exit_profile_output
ffffffff   ___TI_pprof_out_hndl
ffffffff   ___TI_prof_data_size
ffffffff   ___TI_prof_data_start
ffffffff   ___binit__
00800000   ___bss__
ffffffff   ___c_args__
00840f40   ___cinit__
ffffffff   ___data__
ffffffff   ___edata__
00800000   ___end__
ffffffff   ___etext__
00838cc0   ___isinf
ffffffff   ___pinit__
ffffffff   ___text__
00838d40   __args_main
008379a0   __auto_init
00837a60   __c6xabi_divu
00837d40   __cleanup
00824400   __cleanup_ptr
008367e0   __closefile
00841980   __ctypes_
00832160   __divd
00837de0   __divli
00837a60   __divu
00835f60   __divul
00834960   __divull
00837b20   __doflush
00824404   __dtors_ptr
00837fc0   __fixdli
00836d60   __fixdlli
00838600   __fltlid
00837220   __fltllif
00838960   __frcmpyd_div
00824248   __ft_end
00823f28   __ftable
00838680   __llshl
008389c0   __llshru
0082440c   __lock
00838dc0   __negll
00838de0   __nop
00832c80   __printfi
00838d80   __remli
00824430   __stack
00838a20   __subcull
00838f40   __sys_memory
00824108   __tmpnams
00838e80   __trunc
00824410   __unlock
00836e60   __wrt_ok
008238e0   _a
00800000   _a_ext
00807d00   _a_sc
00838ea0   _abort
008243cc   _all_pass
00000200   _argsize
00837300   _atoi
00803e80   _b_ext
00808020   _b_sc
00838700   _c_int00
008373e0   _close
00838100   _copy_in
00824390   _cycle_counts
008320ac   _driver_init
0082424c   _errno
00837be0   _exit
00835860   _exp
00838ec0   _exp10
00842120   _exp10dp
008422c0   _exp10dp_c
00841c20   _exp10dp_v
00838a80   _fclose
008243b8   _fcn_pass
00838ae0   _fopen
00824374   _fp
00836f60   _fprintf
00835240   _fputc
00833500   _fputs
008346e0   _free
00836b40   _fseek
00833b98   _gimme_random
008238d8   _input
0081bbd8   _input_data
008338c8   _isequal
00000000   _kernel_asm_size
00000340   _kernel_ci_size
00000500   _kernel_vec_size
00836400   _ldexp
00838240   _lseek
008374c0   _ltoa
00830440   _main
00836100   _malloc
00838b40   _memccpy
008382e0   _memcpy
008375a0   _memset
00838420   _modf
00836280   _open
0081bbc0   _output
00808340   _output_data
00831fcc   _print_memory_results
00831eac   _print_profile_results
00831b00   _print_test_results
00837680   _printf
00835240   _putc
00838780   _rand
00838800   _readmsg
00838ee0   _remove
00824370   _seed
00835660   _setvbuf
00838ba0   _srand
00824388   _t_offset
00824378   _t_start
00824380   _t_stop
00838880   _unlink
00838560   _write
00838c60   _writemsg
ffffffff   binit
00840f40   cinit
00000387   const_size
00841778   const_start
ffffffff   edata
00800000   end
ffffffff   etext
ffffffff   pinit


GLOBAL SYMBOLS: SORTED BY Symbol Address 

address    name
--------   ----
00000000   _kernel_asm_size
00000001   __TI_args_main
00000200   _argsize
00000340   _kernel_ci_size
00000387   const_size
00000500   _kernel_vec_size
00008000   __SYSMEM_SIZE
0000c000   __STACK_SIZE
00800000   $bss
00800000   .bss
00800000   ___bss__
00800000   ___end__
00800000   _a_ext
00800000   end
00803e80   _b_ext
00807d00   _a_sc
00808020   _b_sc
00808340   _output_data
0081bbc0   _output
0081bbd8   _input_data
008238d8   _input
008238e0   _a
00823f28   __ftable
00824108   __tmpnams
00824248   __ft_end
0082424c   _errno
00824370   _seed
00824374   _fp
00824378   _t_start
00824380   _t_stop
00824388   _t_offset
00824390   _cycle_counts
008243b8   _fcn_pass
008243cc   _all_pass
00824400   __cleanup_ptr
00824404   __dtors_ptr
00824408   ___TI_enable_exit_profile_output
0082440c   __lock
00824410   __unlock
00824430   __stack
00830430   __STACK_END
00830440   _main
00831b00   _print_test_results
00831eac   _print_profile_results
00831fcc   _print_memory_results
008320ac   _driver_init
00832160   __divd
00832c80   __printfi
00833500   _fputs
008338c8   _isequal
00833b98   _gimme_random
008346e0   _free
00834960   __divull
00835240   _fputc
00835240   _putc
00835660   _setvbuf
00835860   _exp
00835dc0   _HOSTrename
00835f60   __divul
00836100   _malloc
00836280   _open
00836400   _ldexp
008367e0   __closefile
00836b40   _fseek
00836c60   _HOSTlseek
00836d60   __fixdlli
00836e60   __wrt_ok
00836f60   _fprintf
00837060   _HOSTopen
00837220   __fltllif
00837300   _atoi
008373e0   _close
008374c0   _ltoa
008375a0   _memset
00837680   _printf
00837760   _HOSTread
00837820   _HOSTunlink
008378e0   _HOSTwrite
008379a0   __auto_init
00837a60   __c6xabi_divu
00837a60   __divu
00837b20   __doflush
00837be0   _exit
00837ca0   _HOSTclose
00837d40   __cleanup
00837de0   __divli
00837fc0   __fixdli
00838100   _copy_in
00838240   _lseek
008382e0   _memcpy
00838420   _modf
00838560   _write
00838600   __fltlid
00838680   __llshl
00838700   _c_int00
00838780   _rand
00838800   _readmsg
00838880   _unlink
00838900   ___TI_cpp_init
00838960   __frcmpyd_div
008389c0   __llshru
00838a20   __subcull
00838a80   _fclose
00838ae0   _fopen
00838b40   _memccpy
00838ba0   _srand
00838c60   _writemsg
00838cb8   C$$IO$$
00838cc0   ___isinf
00838d40   __args_main
00838d80   __remli
00838dc0   __negll
00838de0   __nop
00838e80   __trunc
00838ea0   C$$EXIT
00838ea0   _abort
00838ec0   _exp10
00838ee0   _remove
00838f40   __sys_memory
00840f40   ___cinit__
00840f40   cinit
00841778   const_start
00841980   __ctypes_
00841b00   __CIOBUF_
00841c20   _exp10dp_v
00842120   _exp10dp
008422c0   _exp10dp_c
ffffffff   .data
ffffffff   .text
ffffffff   ___TI_pprof_out_hndl
ffffffff   ___TI_prof_data_size
ffffffff   ___TI_prof_data_start
ffffffff   ___binit__
ffffffff   ___c_args__
ffffffff   ___data__
ffffffff   ___edata__
ffffffff   ___etext__
ffffffff   ___pinit__
ffffffff   ___text__
ffffffff   binit
ffffffff   edata
ffffffff   etext
ffffffff   pinit

[143 symbols]
