******************************************************************************
               TMS320C6x Linker Unix v8.3.13                   
******************************************************************************
>> Linked Fri Feb 20 19:08:47 2026

OUTPUT FILE NAME:   <awr2944_mmw_demo_dssDDM.xe66>
ENTRY POINT SYMBOL: "_c_int00"  address: 00828ba0


MEMORY CONFIGURATION

         name            origin    length      used     unused   attr    fill
----------------------  --------  ---------  --------  --------  ----  --------
  DSS_L2                00800000   00060000  0005a910  000056f0  RWIX
  HWA_RAM               82000000   00020000  00000000  00020000  RWIX
  DSS_L3                88000000   00280000  00280000  00000000  RWIX
  RTOS_NORTOS_IPC_SHM_M c5000200   00001d40  00000980  000013c0  RWIX


SEGMENT ALLOCATION MAP

run origin  load origin   length   init length attrs members
----------  ----------- ---------- ----------- ----- -------
00800000    00800000    0002cf60   0002cf60    r-x
  00800000    00800000    00000200   00000200    r-x .text:vectors
  00800200    00800200    0002cd60   0002cd60    r-x .text
0082d000    0082d000    000254c0   00000000    rw-
  0082d000    0082d000    00018000   00000000    rw- .dpc_l2Heap
  00845000    00845000    0000d4c0   00000000    rw- .far
008524c0    008524c0    00003a50   00003a50    r--
  008524c0    008524c0    00003a50   00003a50    r-- .const
00855f10    00855f10    00002000   00000000    rw-
  00855f10    00855f10    00002000   00000000    rw- .stack
00857f10    00857f10    000026c0   000010c0    rw-
  00857f10    00857f10    000010c0   000010c0    rw- .fardata
  00858fd0    00858fd0    00001000   00000000    rw- .sysmem
  00859fd0    00859fd0    00000600   00000000    rw- .preProcBuf
0085a5d0    0085a5d0    000001f8   000001f8    r--
  0085a5d0    0085a5d0    000001f8   000001f8    r-- .switch
0085a7c8    0085a7c8    00000120   00000000    rw-
  0085a7c8    0085a7c8    00000120   00000000    rw- .cio
0085a8e8    0085a8e8    00000008   00000008    r--
  0085a8e8    0085a8e8    00000008   00000008    r-- .rodata
0085a8f0    0085a8f0    00000010   00000000    rw-
  0085a8f0    0085a8f0    00000010   00000000    rw- .bss
0085a900    0085a900    000000b0   000000b0    rw-
  0085a900    0085a900    000000b0   000000b0    rw- .neardata
88000000    88000000    00280000   00000000    rw-
  88000000    88000000    00278000   00000000    rw- .l3ram
  88278000    88278000    00008000   00000000    rw- .demoSharedMem


SECTION ALLOCATION MAP

 output                                  attributes/
section   page    origin      length       input sections
--------  ----  ----------  ----------   ----------------
.text:vectors 
*          0    00800000    00000200     
                  00800000    00000200     freertos.awr294x.c66.ti-c6000.release.lib : port_hwi_vectors_freertos_asm.obj (.text:vectors)

.text      0    00800200    0002cd60     
                  00800200    00002000     rts6600_elf.lib : _printfi.c.obj (.text:__TI_printfi)
                  00802200    00000d60     librangeproc_hwa_ddma_awr2944.ae66 : rangeprochwaDDMA.oe66 (.text:rangeProcHWA_ConfigHWA)
                  00802f60    00000cc0     libdopplerproc_hwa_ddma_awr2944.ae66 : dopplerprochwaDDMA.oe66 (.text:DPU_DopplerProcHWA_process)
                  00803c20    00000ca0     drivers.awr294x.c66.ti-c6000.release.lib : hwa.obj (.text:HWA_configParamSet)
                  008048c0    00000b60     libdopplerproc_hwa_ddma_awr2944.ae66 : dopplerprochwaDDMA.oe66 (.text:DPU_DopplerProcHWA_configHwaDopplerFFTDDMADemod)
                  00805420    00000b40     objectdetection.oe66 (.text:DPC_ObjDet_estimateXYZ)
                  00805f60    00000b40     libdopplerproc_hwa_ddma_awr2944.ae66 : dopplerprochwaDDMA.oe66 (.text:DPU_DopplerProcHWA_configHwaCFARAzimFFT)
                  00806aa0    00000a60     freertos.awr294x.c66.ti-c6000.release.lib : printf.obj (.text:_vsnprintf$0)
                  00807500    00000a40     objectdetection.oe66 (.text:DPC_ObjectDetection_execute)
                  00807f40    000009a0     libdopplerproc_hwa_ddma_awr2944.ae66 : dopplerprochwaDDMA.oe66 (.text:DPU_DopplerProcHWA_config)
                  008088e0    000009a0     drivers.awr294x.c66.ti-c6000.release.lib : hwa.obj (.text:HWA_validateParamSetConfig)
                  00809280    00000900     objectdetection.oe66 (.text:DPC_ObjDet_dopplerConfig)
                  00809b80    00000840     librangeproc_hwa_ddma_awr2944.ae66 : rangeprochwaDDMA.oe66 (.text:DPU_RangeProcHWA_config)
                  0080a3c0    00000820     librangecfarproc_hwa_ddma_awr2944.ae66 : rangecfarprochwa.oe66 (.text:DPU_RangeCFARProcHWA_config)
                  0080abe0    00000800     rts6600_elf.lib : pow.c.obj (.text:pow)
                  0080b3e0    00000760     objectdetection.oe66 (.text:DPC_ObjDet_preStartConfig)
                  0080bb40    00000680     libdopplerproc_hwa_ddma_awr2944.ae66 : dopplerprochwaDDMA.oe66 (.text:DPU_DopplerProcHWA_extractObjectList)
                  0080c1c0    00000640     drivers.awr294x.c66.ti-c6000.release.lib : ipc_notify_v1.obj (.text:IpcNotify_init)
                  0080c800    00000640     rts6600_elf.lib : _printfi.c.obj (.text:_pconv_a)
                  0080ce40    000005e0                     : divd.c.obj (.text:__c6xabi_divd)
                  0080d420    000005a0     drivers.awr294x.c66.ti-c6000.release.lib : hwa.obj (.text:HWA_waitRAMInit$0)
                  0080d9c0    00000580     objectdetection.oe66 (.text:DPC_ObjDet_RxChPhaseMeasure)
                  0080df40    00000580     objectdetection.oe66 (.text:DPC_ObjDet_rangeConfig)
                  0080e4c0    00000540     drivers.awr294x.c66.ti-c6000.release.lib : hwa.obj (.text:HWA_open)
                  0080ea00    00000540                                              : ipc_notify_v1.obj (.text:IpcNotify_isr)
                  0080ef40    000004e0     librangeproc_hwa_ddma_awr2944.ae66 : rangeprochwaDDMA.oe66 (.text:DPU_RangeProcHWA_process)
                  0080f420    000004c0     freertos.awr294x.c66.ti-c6000.release.lib : printf.obj (.text:_ftoa$0)
                  0080f8e0    000004a0     libdopplerproc_hwa_ddma_awr2944.ae66 : dopplerprochwaDDMA.oe66 (.text:DPU_DopplerProcHWA_configHwaDecompression)
                  0080fd80    000004a0     freertos.awr294x.c66.ti-c6000.release.lib : printf.obj (.text:_etoa$0)
                  00810220    00000460     dss_main.oe66 (.text:MmwDemo_DPC_ObjectDetection_dpmTask)
                  00810680    00000440     rts6600_elf.lib : _printfi.c.obj (.text:_pconv_g)
                  00810ac0    00000400     librangecfarproc_hwa_ddma_awr2944.ae66 : rangecfarprochwa.oe66 (.text:DPU_RangeCFARProcHWA_process)
                  00810ec0    000003c0     objectdetection.oe66 (.text:DPC_ObjectDetection_ioctl)
                  00811280    000003c0     libdpm_awr2944.ae66 : dpm_msg.oe66 (.text:DPM_msgRecv)
                  00811640    000003c0     drivers.awr294x.c66.ti-c6000.release.lib : edma.obj (.text:EDMA_initialize$0)
                  00811a00    00000340     libdpedma_hwa_awr2944.ae66 : dpedma.oe66 (.text:DPEDMA_configSyncAB)
                  00811d40    00000340     rts6600_elf.lib : memory.c.obj (.text:free)
                  00812080    00000320     freertos.awr294x.c66.ti-c6000.release.lib : HwiP_c66.obj (.text:HwiP_construct)
                  008123a0    00000320     dss_main.oe66 (.text:MmwDemo_dssInitTask)
                  008126c0    00000320     freertos.awr294x.c66.ti-c6000.release.lib : timers.obj (.text:prvProcessReceivedCommands$0)
                  008129e0    00000300     libdpm_awr2944.ae66 : dpm_core.oe66 (.text:DPM_init)
                  00812ce0    00000300     rts6600_elf.lib : cos.c.obj (.text:cos)
                  00812fe0    000002e0     libdpedma_hwa_awr2944.ae66 : dpedma.oe66 (.text:DPEDMA_configSyncA)
                  008132c0    000002e0     rts6600_elf.lib : fputs.c.obj (.text:fputs)
                  008135a0    000002c0     libdpedma_hwa_awr2944.ae66 : dpedma.oe66 (.text:DPEDMA_configSyncA_singleFrame)
                  00813860    000002c0     drivers.awr294x.c66.ti-c6000.release.lib : edma.obj (.text:EDMA_open)
                  00813b20    000002c0     rts6600_elf.lib : _printfi.c.obj (.text:_pconv_e)
                  00813de0    000002c0                     : _printfi.c.obj (.text:fcvt)
                  008140a0    000002c0                     : memory.c.obj (.text:malloc)
                  00814360    000002a0     drivers.awr294x.c66.ti-c6000.release.lib : ipc_notify_v1.obj (.text:IpcNotify_sendMsg)
                  00814600    000002a0     rts6600_elf.lib : divf.c.obj (.text:__c6xabi_divf)
                  008148a0    00000280     librangeproc_hwa_ddma_awr2944.ae66 : rangeprochwaDDMA.oe66 (.text:DPU_RangeProcHWA_control)
                  00814b20    00000280     freertos.awr294x.c66.ti-c6000.release.lib : printf.obj (.text:_ntoa_format$0)
                  00814da0    00000280                                               : queue.obj (.text:xQueueSemaphoreTake)
                  00815020    00000260     drivers.awr294x.c66.ti-c6000.release.lib : edma.obj (.text:Alloc_resource$0)
                  00815280    00000260                                              : hwa.obj (.text:HWA_enableParamSetInterrupt)
                  008154e0    00000260     freertos.awr294x.c66.ti-c6000.release.lib : queue.obj (.text:xQueueGenericSend)
                  00815740    00000240                                               : HwiP_c66.obj (.text:HwiP_init)
                  00815980    00000240     rts6600_elf.lib : imath64.c.obj (.text:__c6xabi_divull)
                  00815bc0    00000220     objectdetection.oe66 (.text:DPC_ObjectDetection_init)
                  00815de0    00000220     libdpm_awr2944.ae66 : dpm_msg.oe66 (.text:DPM_msgResultHandler)
                  00816000    00000220     libdopplerproc_hwa_ddma_awr2944.ae66 : dopplerprochwaDDMA.oe66 (.text:DPU_DopplerProcHWA_init)
                  00816220    00000220     drivers.awr294x.c66.ti-c6000.release.lib : edma.obj (.text:EDMA_transferCompletionMasterIsrFxn$0)
                  00816440    00000220                                              : esm_v0.obj (.text:ESM_open)
                  00816660    00000220                                              : esm_v0.obj (.text:ESM_processInterrupt$0)
                  00816880    00000220                                              : ipc_rpmsg.obj (.text:RPMessage_send)
                  00816aa0    00000220                                              : soc_rcm.obj (.text:SOC_rcmGetClkSrcAndDivReg$0)
                  00816cc0    00000220     freertos.awr294x.c66.ti-c6000.release.lib : queue.obj (.text:xQueueReceive)
                  00816ee0    00000200                                               : ClockP_freertos_c66.obj (.text:ClockP_init)
                  008170e0    00000200     drivers.awr294x.c66.ti-c6000.release.lib : hwa.obj (.text:HWA_paramDoneIntr1ISR$0)
                  008172e0    00000200                                              : hwa.obj (.text:HWA_paramDoneIntr2ISR$0)
                  008174e0    00000200                                              : ipc_rpmsg.obj (.text:RPMessage_init)
                  008176e0    00000200     freertos.awr294x.c66.ti-c6000.release.lib : port_hwi_disp_always.obj (.text:_Hwi_dispatchAlways)
                  008178e0    00000200     libmathutils.ae66 : mathutils.oe66 (.text:mathUtils_genWindow)
                  00817ae0    00000200     freertos.awr294x.c66.ti-c6000.release.lib : HeapP_internal.obj (.text:pvHeapMalloc)
                  00817ce0    000001e0     libdpedma_hwa_awr2944.ae66 : dpedmahwa.oe66 (.text:DPEDMAHWA_configTwoHotSignature)
                  00817ec0    000001e0     libdopplerproc_hwa_ddma_awr2944.ae66 : dopplerprochwaDDMA.oe66 (.text:DPU_DopplerProcHWA_configEdmaDopplerFFTSumTxOut)
                  008180a0    000001e0     librangecfarproc_hwa_ddma_awr2944.ae66 : rangecfarprochwa.oe66 (.text:DPU_RangeCfarProcHWA_configEdmaDetMatIn)
                  00818280    000001e0     freertos.awr294x.c66.ti-c6000.release.lib : TimerP_rti.obj (.text:TimerP_setup)
                  00818460    000001e0                                               : tasks.obj (.text:prvInitialiseNewTask$0)
                  00818640    000001c0     libdopplerproc_hwa_ddma_awr2944.ae66 : dopplerprochwaDDMA.oe66 (.text:DPU_DopplerProcHWA_configEdmaDecompressionIn)
                  00818800    000001c0                                          : dopplerprochwaDDMA.oe66 (.text:DPU_DopplerProcHWA_configEdmaDopplerIn)
                  008189c0    000001c0     drivers.awr294x.c66.ti-c6000.release.lib : edma.obj (.text:EDMA_errorIsrFxn$0)
                  00818b80    000001c0     dss_main.oe66 (.text:MmwDemo_DPC_ObjectDetection_reportFxn)
                  00818d40    000001c0     drivers.awr294x.c66.ti-c6000.release.lib : ipc_rpmsg.obj (.text:RPMessage_recvHandler)
                  00818f00    000001c0     rts6600_elf.lib : imath40.c.obj (.text:__c6xabi_divul)
                  008190c0    000001c0                     : _printfi.c.obj (.text:_ltostr)
                  00819280    000001c0                     : fputc.c.obj (.text:fputc)
                  00819440    000001c0                     : ldexp.c.obj (.text:ldexp)
                  00819600    000001c0                     : setvbuf.c.obj (.text:setvbuf)
                  008197c0    000001c0     freertos.awr294x.c66.ti-c6000.release.lib : tasks.obj (.text:xTaskIncrementTick)
                  00819980    000001a0                                               : CacheP_c66.obj (.text:CacheP_block$0)
                  00819b20    000001a0     libdpedma_hwa_awr2944.ae66 : dpedmahwa.oe66 (.text:DPEDMAHWA_configOneHotSignature)
                  00819cc0    000001a0     librangecfarproc_hwa_ddma_awr2944.ae66 : rangecfarprochwa.oe66 (.text:DPU_RangeCFARProcHWA_init)
                  00819e60    000001a0     librangeproc_hwa_ddma_awr2944.ae66 : rangeprochwaDDMA.oe66 (.text:DPU_RangeProcHWA_init)
                  0081a000    000001a0     rts6600_elf.lib : hostrename.c.obj (.text:HOSTrename)
                  0081a1a0    000001a0     freertos.awr294x.c66.ti-c6000.release.lib : HwiP_c66.obj (.text:HwiP_intcEcmDispatcher)
                  0081a340    000001a0     drivers.awr294x.c66.ti-c6000.release.lib : ipc_notify_v1_cfg.obj (.text:IpcNotify_trigInterrupt)
                  0081a4e0    000001a0                                              : ipc_notify_v1_cfg.obj (.text:IpcNotify_trigInterrupt_ack)
                  0081a680    000001a0     rts6600_elf.lib : frexp.c.obj (.text:frexp)
                  0081a820    000001a0     mathlib.ae66 : atan2sp.oe66 (.text:optci)
                  0081a9c0    000001a0     librangeproc_hwa_ddma_awr2944.ae66 : rangeprochwaDDMA.oe66 (.text:rangeProcHWA_ConfigEDMA_DataIn)
                  0081ab60    000001a0     freertos.awr294x.c66.ti-c6000.release.lib : queue.obj (.text:xQueueGenericSendFromISR)
                  0081ad00    000001a0                                               : tasks.obj (.text:xTaskResumeAll)
                  0081aea0    00000180     objectdetection.oe66 (.text:DPC_ObjectDetection_start)
                  0081b020    00000180     libdpm_awr2944.ae66 : dpm_core.oe66 (.text:DPM_ioctl)
                  0081b1a0    00000180     libdopplerproc_hwa_ddma_awr2944.ae66 : dopplerprochwaDDMA.oe66 (.text:DPU_DopplerProcHWA_configEdmaMaxSubbandOut)
                  0081b320    00000180     drivers.awr294x.c66.ti-c6000.release.lib : edma.obj (.text:EDMA_freeChannelRegion)
                  0081b4a0    00000180                                              : ipc_notify_v1.obj (.text:IpcNotify_readAckCallback)
                  0081b620    00000180                                              : soc.obj (.text:SOC_controlModuleUnlockMMR)
                  0081b7a0    00000180     freertos.awr294x.c66.ti-c6000.release.lib : HwiP_c66_asm.obj (.text)
                  0081b920    00000180     librangeproc_hwa_ddma_awr2944.ae66 : rangeprochwaDDMA.oe66 (.text:rangeProcHWA_loadPreProcStats)
                  0081baa0    00000180     freertos.awr294x.c66.ti-c6000.release.lib : tasks.obj (.text:vTaskPriorityDisinheritAfterTimeout)
                  0081bc20    00000160     objectdetection.oe66 (.text:DPC_ObjectDetection_deinit)
                  0081bd80    00000160     libdpedma_hwa_awr2944.ae66 : dpedma.oe66 (.text:DPEDMA_allocateEDMAChannel)
                  0081bee0    00000160                                : dpedma.oe66 (.text:DPEDMA_freeEDMAChannel)
                  0081c040    00000160     libdpm_awr2944.ae66 : dpm_msg.oe66 (.text:DPM_msgResponseHandler)
                  0081c1a0    00000160     libdopplerproc_hwa_ddma_awr2944.ae66 : dopplerprochwaDDMA.oe66 (.text:DPU_DopplerProcHWA_configEdmaDecompressionOut)
                  0081c300    00000160     librangeproc_hwa_ddma_awr2944.ae66 : rangeprochwaDDMA.oe66 (.text:DPU_RangeProcHWA_findIntfStatsStaticParams)
                  0081c460    00000160     drivers.awr294x.c66.ti-c6000.release.lib : edma.obj (.text:EDMA_clearCcErrors$0)
                  0081c5c0    00000160                                              : edma.obj (.text:EDMA_isDmaChannelAllocated$0)
                  0081c720    00000160                                              : esm_v0.obj (.text:ESM_registerNotifier)
                  0081c880    00000160                                              : hwa.obj (.text:HWA_readClipStatus)
                  0081c9e0    00000160     freertos.awr294x.c66.ti-c6000.release.lib : HwiP_c66.obj (.text:HwiP_destruct)
                  0081cb40    00000160                                               : HwiP_c66.obj (.text:HwiP_disableInt)
                  0081cca0    00000160     drivers.awr294x.c66.ti-c6000.release.lib : soc.obj (.text:SOC_controlModuleLockMMR)
                  0081ce00    00000160     ti_drivers_config.oe66 (.text:System_init)
                  0081cf60    00000160     freertos.awr294x.c66.ti-c6000.release.lib : printf.obj (.text:_out_rev$0)
                  0081d0c0    00000160     rts6600_elf.lib : sqrt.c.obj (.text:sqrt)
                  0081d220    00000160     freertos.awr294x.c66.ti-c6000.release.lib : tasks.obj (.text:vTaskSwitchContext)
                  0081d380    00000160                                               : queue.obj (.text:xQueueGiveFromISR)
                  0081d4e0    00000160                                               : queue.obj (.text:xQueueReceiveFromISR)
                  0081d640    00000140     objectdetection.oe66 (.text:DPC_ObjDet_preStartCommonConfig)
                  0081d780    00000140     drivers.awr294x.c66.ti-c6000.release.lib : edma.obj (.text:EDMA_isTccAllocated$0)
                  0081d8c0    00000140                                              : hwa.obj (.text:HWA_configEGECompressKParams)
                  0081da00    00000140     freertos.awr294x.c66.ti-c6000.release.lib : HwiP_c66_handlers_freertos.obj (.text:HwiP_intcNmiDispatcher)
                  0081db40    00000140     drivers.awr294x.c66.ti-c6000.release.lib : ipc_rpmsg_vring.obj (.text:RPMessage_vringResetInternal)
                  0081dc80    00000140     freertos.awr294x.c66.ti-c6000.release.lib : TaskP_freertos.obj (.text:TaskP_loadUpdateAll)
                  0081ddc0    00000140                                               : printf.obj (.text:_ntoa_long_long$0)
                  0081df00    00000140     librangecfarproc_hwa_ddma_awr2944.ae66 : rangecfarprochwa.oe66 (.text:dpuRangeCfarProcDDMA_createRangeCfarList)
                  0081e040    00000140     freertos.awr294x.c66.ti-c6000.release.lib : tasks.obj (.text:eTaskGetState)
                  0081e180    00000140                                               : queue.obj (.text:xQueueGenericCreateStatic)
                  0081e2c0    00000140                                               : tasks.obj (.text:xTaskCreateStatic)
                  0081e400    00000140                                               : tasks.obj (.text:xTaskPriorityDisinherit)
                  0081e540    00000140                                               : tasks.obj (.text:xTaskPriorityInherit)
                  0081e680    00000120     libdpm_awr2944.ae66 : dpm_core.oe66 (.text:DPM_deinit)
                  0081e7a0    00000120                         : dpm_msg.oe66 (.text:DPM_msgDPCCfgHandler)
                  0081e8c0    00000120     drivers.awr294x.c66.ti-c6000.release.lib : edma.obj (.text:EDMA_freeDmaChannel)
                  0081e9e0    00000120                                              : edma.obj (.text:EDMA_freeParam)
                  0081eb00    00000120                                              : edma.obj (.text:EDMA_freeTcc)
                  0081ec20    00000120                                              : edma.obj (.text:EDMA_registerIntr)
                  0081ed40    00000120                                              : hwa.obj (.text:HWA_disableParamSetInterrupt)
                  0081ee60    00000120                                              : mailbox.obj (.text:Mailbox_init)
                  0081ef80    00000120                                              : ipc_rpmsg.obj (.text:RPMessage_coreInit)
                  0081f0a0    00000120                                              : ipc_rpmsg_vring.obj (.text:RPMessage_vringGetEmptyTxBuf)
                  0081f1c0    00000120                                              : soc_rcm.obj (.text:SOC_rcmGetHSDIVClkOutMuxClkSrc$0)
                  0081f2e0    00000120     rts6600_elf.lib : _printfi.c.obj (.text:_pconv_f)
                  0081f400    00000120                     : getdevice.c.obj (.text:getdevice)
                  0081f520    00000120     libmathutils.ae66 : mathutils.oe66 (.text:mathUtils_asymQuantInt)
                  0081f640    00000120     freertos.awr294x.c66.ti-c6000.release.lib : timers.obj (.text:prvSwitchTimerLists$0)
                  0081f760    00000120                                               : queue.obj (.text:prvUnlockQueue$0)
                  0081f880    00000120     librangeproc_hwa_ddma_awr2944.ae66 : rangeprochwaDDMA.oe66 (.text:rangeProcHWA_ConfigEDMATransposeCompressed)
                  0081f9a0    00000100     objectdetection.oe66 (.text:DPC_ObjDet_EDMAChannelConfigAssist)
                  0081faa0    00000100     objectdetection.oe66 (.text:DPC_ObjectDetection_frameStart)
                  0081fba0    00000100     ti_drivers_open_close.oe66 (.text:Drivers_esmOpen)
                  0081fca0    00000100     drivers.awr294x.c66.ti-c6000.release.lib : edma.obj (.text:EDMA_close)
                  0081fda0    00000100                                              : esm_v0.obj (.text:ESM_deregisterNotifier)
                  0081fea0    00000100     freertos.awr294x.c66.ti-c6000.release.lib : HwiP_c66_handlers_freertos.obj (.text:HwiP_assignIntrHandlers)
                  0081ffa0    00000100                                               : HwiP_c66.obj (.text:HwiP_clearInt)
                  008200a0    00000100                                               : HwiP_c66.obj (.text:HwiP_enableInt)
                  008201a0    00000100     drivers.awr294x.c66.ti-c6000.release.lib : ipc_rpmsg.obj (.text:RPMessage_construct)
                  008202a0    00000100                                              : ipc_rpmsg_vring.obj (.text:RPMessage_vringGetFullRxBuf)
                  008203a0    00000100                                              : ipc_rpmsg_vring.obj (.text:RPMessage_vringReset)
                  008204a0    00000100                                              : soc_rcm.obj (.text:SOC_rcmGetDpllHSDivOutFreq$0)
                  008205a0    00000100                                              : soc_rcm.obj (.text:SOC_rcmSetPeripheralClock)
                  008206a0    00000100     rts6600_elf.lib : fclose.c.obj (.text:__TI_closefile)
                  008207a0    00000100                     : _printfi.c.obj (.text:_mcpy)
                  008208a0    00000100     freertos.awr294x.c66.ti-c6000.release.lib : printf.obj (.text:_ntoa_long$0)
                  008209a0    00000100     rts6600_elf.lib : atoi.c.obj (.text:atoi)
                  00820aa0    00000100                     : fseek.c.obj (.text:fseek)
                  00820ba0    00000100     freertos.awr294x.c66.ti-c6000.release.lib : tasks.obj (.text:prvAddCurrentTaskToDelayedList$0)
                  00820ca0    00000100                                               : queue.obj (.text:prvCopyDataToQueue$0)
                  00820da0    00000100                                               : queue.obj (.text:xQueueGenericReset)
                  00820ea0    00000100                                               : tasks.obj (.text:xTaskCheckForTimeOut)
                  00820fa0    000000e0     objectdetection.oe66 (.text:DPC_ObjDet_reconfigSubFrame)
                  00821080    000000e0     libdpedma_hwa_awr2944.ae66 : dpedma.oe66 (.text:DPEDMA_setup_shadow_link)
                  00821160    000000e0     libdpm_awr2944.ae66 : dpm_core.oe66 (.text:DPM_execute)
                  00821240    000000e0                         : dpm_awr294x.oe66 (.text:DPM_initDeviceHook)
                  00821320    000000e0                         : dpm_pipe.oe66 (.text:DPM_pipeSend)
                  00821400    000000e0                         : dpm_core.oe66 (.text:DPM_sendResult)
                  008214e0    000000e0     libdopplerproc_hwa_ddma_awr2944.ae66 : dopplerprochwaDDMA.oe66 (.text:DPU_DopplerProcHWA_configEdmaDetObjs)
                  008215c0    000000e0     drivers.awr294x.c66.ti-c6000.release.lib : edma.obj (.text:EDMA_configureChannelRegion)
                  008216a0    000000e0                                              : edma.obj (.text:EDMA_init)
                  00821780    000000e0                                              : esm_v0.obj (.text:ESM_configErrorGating$0)
                  00821860    000000e0     rts6600_elf.lib : hostlseek.c.obj (.text:HOSTlseek)
                  00821940    000000e0                     : hostopen.c.obj (.text:HOSTopen)
                  00821a20    000000e0                     : hostwrite.c.obj (.text:HOSTwrite)
                  00821b00    000000e0     drivers.awr294x.c66.ti-c6000.release.lib : hwa.obj (.text:HWA_configRam)
                  00821be0    000000e0                                              : hwa.obj (.text:HWA_getDMAChanIndex)
                  00821cc0    000000e0                                              : hwa.obj (.text:HWA_waitDmem1Init$0)
                  00821da0    000000e0                                              : hwa.obj (.text:HWA_waitDmem2Init$0)
                  00821e80    000000e0                                              : hwa.obj (.text:HWA_waitDmem3Init$0)
                  00821f60    000000e0                                              : ipc_rpmsg_vring.obj (.text:RPMessage_vringPutEmptyRxBuf)
                  00822040    000000e0                                              : ipc_rpmsg_vring.obj (.text:RPMessage_vringPutFullTxBuf)
                  00822120    000000e0                                              : soc_rcm.obj (.text:SOC_rcmADPLLJGetFOut$0)
                  00822200    000000e0                                              : soc_rcm.obj (.text:SOC_rcmGetApllHSDivOutFreq$0)
                  008222e0    000000e0                                              : soc_rcm.obj (.text:SOC_rcmGetCoreFout$0)
                  008223c0    000000e0                                              : soc_rcm.obj (.text:SOC_rcmGetDSSFout$0)
                  008224a0    000000e0                                              : soc_rcm.obj (.text:SOC_rcmGetPerFout$0)
                  00822580    000000e0     freertos.awr294x.c66.ti-c6000.release.lib : SemaphoreP_freertos.obj (.text:SemaphoreP_post)
                  00822660    000000e0                                               : DebugP_log.obj (.text:_DebugP_assert)
                  00822740    000000e0     rts6600_elf.lib : _ltoa.c.obj (.text:__TI_ltoa)
                  00822820    000000e0                     : _io_perm.c.obj (.text:__TI_wrt_ok)
                  00822900    000000e0                     : divi.asm.obj (.text:__divi)
                  008229e0    000000e0                     : close.c.obj (.text:close)
                  00822ac0    000000e0                     : exit.c.obj (.text:exit)
                  00822ba0    000000e0                     : memset.c.obj (.text:memset)
                  00822c80    000000e0     mathlib.ae66 : sinsp.oe66 (.text:optci)
                  00822d60    000000e0     rts6600_elf.lib : printf.c.obj (.text:printf)
                  00822e40    000000e0     freertos.awr294x.c66.ti-c6000.release.lib : tasks.obj (.text:prvAddNewTaskToReadyList$0)
                  00822f20    000000e0                                               : timers.obj (.text:prvProcessExpiredTimer$0)
                  00823000    000000e0     librangeproc_hwa_ddma_awr2944.ae66 : rangeprochwaDDMA.oe66 (.text:rangeProcHWA_storePreProcStats)
                  008230e0    000000e0     freertos.awr294x.c66.ti-c6000.release.lib : HeapP_internal.obj (.text:vHeapFree)
                  008231c0    000000e0                                               : tasks.obj (.text:vTaskGetInfo)
                  008232a0    000000e0                                               : tasks.obj (.text:vTaskStartScheduler)
                  00823380    000000e0                                               : tasks.obj (.text:xTaskRemoveFromEventList)
                  00823460    000000e0                                               : timers.obj (.text:xTimerGenericCommand)
                  00823540    000000c0                                               : ClockP_freertos.obj (.text:ClockP_getTimeUsec)
                  00823600    000000c0                                               : Context_c66.obj (.text:Context_restore)
                  008236c0    000000c0                                               : Context_c66.obj (.text:Context_save)
                  00823780    000000c0                                               : Context_c66.obj (.text:Context_triggerSleep)
                  00823840    000000c0     objectdetection.oe66 (.text:DPC_ObjDet_BiDirMemPoolAlloc)
                  00823900    000000c0     objectdetection.oe66 (.text:DPC_ObjectDetection_stop)
                  008239c0    000000c0     libdpedma_hwa_awr2944.ae66 : dpedma.oe66 (.text:DPEDMA_updateAddressAndTrigger)
                  00823a80    000000c0     rts6600_elf.lib : hostread.c.obj (.text:HOSTread)
                  00823b40    000000c0                     : hostunlink.c.obj (.text:HOSTunlink)
                  00823c00    000000c0     drivers.awr294x.c66.ti-c6000.release.lib : hwa.obj (.text:HWA_clearClipStatus)
                  00823cc0    000000c0                                              : hwa.obj (.text:HWA_configZeroInsertNumMask)
                  00823d80    000000c0                                              : hwa.obj (.text:HWA_enableDoneInterrupt)
                  00823e40    000000c0                                              : hwa.obj (.text:HWA_getDMAconfig)
                  00823f00    000000c0                                              : hwa.obj (.text:HWA_getDriverAccess$0)
                  00823fc0    000000c0                                              : hwa.obj (.text:HWA_getHWAMemInfo)
                  00824080    000000c0                                              : hwa.obj (.text:HWA_waitDmem0Init$0)
                  00824140    000000c0                                              : hwa.obj (.text:HWA_waitDmem4Init$0)
                  00824200    000000c0                                              : hwa.obj (.text:HWA_waitDmem5Init$0)
                  008242c0    000000c0                                              : hwa.obj (.text:HWA_waitDmem6Init$0)
                  00824380    000000c0                                              : hwa.obj (.text:HWA_waitDmem7Init$0)
                  00824440    000000c0     freertos.awr294x.c66.ti-c6000.release.lib : HwiP_c66.obj (.text:HwiP_intcDispatcherCore)
                  00824500    000000c0     drivers.awr294x.c66.ti-c6000.release.lib : ipc_notify_v1.obj (.text:IpcNotify_registerClient)
                  008245c0    000000c0     data_path.oe66 (.text:MmwDemo_dataPathOpen)
                  00824680    000000c0     drivers.awr294x.c66.ti-c6000.release.lib : ipc_rpmsg.obj (.text:RPMessage_Params_init)
                  00824740    000000c0                                              : soc_rcm.obj (.text:SOC_rcmGetFreqLeafNode$0)
                  00824800    000000c0                                              : soc_rcm.obj (.text:SOC_rcmGetXTALFrequency$0)
                  008248c0    000000c0     freertos.awr294x.c66.ti-c6000.release.lib : SemaphoreP_freertos.obj (.text:SemaphoreP_constructBinary)
                  00824980    000000c0     objectdetection.oe66 (.text:_DPC_Objdet_Assert)
                  00824a40    000000c0     rts6600_elf.lib : autoinit.c.obj (.text:__TI_auto_init_nobinit_nopinit:__TI_auto_init_nobinit_nopinit)
                  00824b00    000000c0                     : divu.asm.obj (.text:__divu)
                  00824bc0    000000c0                     : remi.asm.obj (.text:__remi)
                  00824c80    000000c0     freertos.awr294x.c66.ti-c6000.release.lib : power.obj (.text)
                  00824d40    000000c0     dss_main.oe66 (.text:main)
                  00824e00    000000c0     rts6600_elf.lib : memory.c.obj (.text:minsert)
                  00824ec0    000000c0                     : memory.c.obj (.text:mremove)
                  00824f80    000000c0     freertos.awr294x.c66.ti-c6000.release.lib : HeapP_internal.obj (.text:prvInsertBlockIntoFreeList$0)
                  00825040    000000c0                                               : timers.obj (.text:prvProcessTimerOrBlockTask$0)
                  00825100    000000c0     rts6600_elf.lib : tls.c.obj (.text:tls:init:__TI_tls_init)
                  008251c0    000000c0     freertos.awr294x.c66.ti-c6000.release.lib : timers.obj (.text:xTimerCreateTimerTask)
                  00825280    000000a0                                               : ClockP_freertos.obj (.text:ClockP_usleep)
                  00825320    000000a0     objectdetection.oe66 (.text:DPC_ObjDet_GenRangeWindow)
                  008253c0    000000a0     objectdetection.oe66 (.text:DPC_ObjectDetection_configEdmaDetObjsOut)
                  00825460    000000a0     libdpm_awr2944.ae66 : dpm_msg.oe66 (.text:DPM_msgStartHandler)
                  00825500    000000a0                         : dpm_msg.oe66 (.text:DPM_msgStopHandler)
                  008255a0    000000a0                         : dpm_pipe.oe66 (.text:DPM_pipeRecv)
                  00825640    000000a0                         : dpm_core.oe66 (.text:DPM_synch)
                  008256e0    000000a0     libdopplerproc_hwa_ddma_awr2944.ae66 : dopplerprochwaDDMA.oe66 (.text:DPU_DopplerProcHWA_deinit)
                  00825780    000000a0     ti_drivers_open_close.oe66 (.text:Drivers_edmaOpen)
                  00825820    000000a0     ti_drivers_open_close.oe66 (.text:Drivers_esmClose)
                  008258c0    000000a0     drivers.awr294x.c66.ti-c6000.release.lib : edma.obj (.text:EDMA_allocDmaChannel)
                  00825960    000000a0                                              : edma.obj (.text:EDMA_allocParam)
                  00825a00    000000a0                                              : edma.obj (.text:EDMA_allocTcc)
                  00825aa0    000000a0                                              : edma.obj (.text:EDMA_ccPaRAMEntry_init)
                  00825b40    000000a0                                              : edma.obj (.text:EDMA_disableChInShadowRegRegion)
                  00825be0    000000a0                                              : edma.obj (.text:EDMA_enableChInShadowRegRegion)
                  00825c80    000000a0     rts6600_elf.lib : hostclose.c.obj (.text:HOSTclose)
                  00825d20    000000a0     drivers.awr294x.c66.ti-c6000.release.lib : hwa.obj (.text:HWA_allParamDoneISR$0)
                  00825dc0    000000a0                                              : hwa.obj (.text:HWA_configCmpLFSRSeed0)
                  00825e60    000000a0                                              : hwa.obj (.text:HWA_dmemInit$0)
                  00825f00    000000a0                                              : hwa.obj (.text:HWA_readCFARPeakCountReg)
                  00825fa0    000000a0                                              : hwa.obj (.text:HWA_setDMA2ACCManualTrig)
                  00826040    000000a0                                              : hwa.obj (.text:HWA_startDmem0Init$0)
                  008260e0    000000a0                                              : hwa.obj (.text:HWA_startDmem1Init$0)
                  00826180    000000a0                                              : hwa.obj (.text:HWA_startDmem2Init$0)
                  00826220    000000a0                                              : hwa.obj (.text:HWA_startDmem3Init$0)
                  008262c0    000000a0                                              : hwa.obj (.text:HWA_startDmem4Init$0)
                  00826360    000000a0                                              : hwa.obj (.text:HWA_startDmem5Init$0)
                  00826400    000000a0                                              : hwa.obj (.text:HWA_startDmem6Init$0)
                  008264a0    000000a0                                              : hwa.obj (.text:HWA_startDmem7Init$0)
                  00826540    000000a0                                              : ipc_notify_v1.obj (.text:IpcNotify_makeMsg$0)
                  008265e0    000000a0                                              : pinmux.obj (.text:Pinmux_config)
                  00826680    000000a0                                              : ipc_rpmsg.obj (.text:RPMessage_allocEndPtMsg)
                  00826720    000000a0                                              : ipc_rpmsg.obj (.text:RPMessage_notifyCallback)
                  008267c0    000000a0                                              : ipc_rpmsg_vring.obj (.text:RPMessage_vringIsFullRxBuf)
                  00826860    000000a0                                              : soc_rcm.obj (.text:SOC_rcmGetCoreHSDivOut$0)
                  00826900    000000a0                                              : soc_rcm.obj (.text:SOC_rcmGetDSSHSDivOut$0)
                  008269a0    000000a0                                              : soc_rcm.obj (.text:SOC_rcmGetFreq$0)
                  00826a40    000000a0                                              : soc_rcm.obj (.text:SOC_rcmGetPerHSDivOut$0)
                  00826ae0    000000a0     freertos.awr294x.c66.ti-c6000.release.lib : SemaphoreP_freertos.obj (.text:SemaphoreP_constructCounting)
                  00826b80    000000a0                                               : SemaphoreP_freertos.obj (.text:SemaphoreP_pend)
                  00826c20    000000a0                                               : DebugP_freertos.obj (.text:_DebugP_logZone)
                  00826cc0    000000a0     rts6600_elf.lib : fopen.c.obj (.text:__TI_cleanup)
                  00826d60    000000a0                     : fflush.c.obj (.text:__TI_doflush)
                  00826e00    000000a0                     : fixfu.c.obj (.text:__c6xabi_fixfu)
                  00826ea0    000000a0                     : round.c.obj (.text:__c6xabi_nround)
                  00826f40    000000a0                     : remu.asm.obj (.text:__remu)
                  00826fe0    000000a0     freertos.awr294x.c66.ti-c6000.release.lib : printf.obj (.text:_atoi$0)
                  00827080    000000a0     rts6600_elf.lib : _printfi.c.obj (.text:_ecpy)
                  00827120    000000a0                     : getdevice.c.obj (.text:finddevice)
                  008271c0    000000a0                     : memcpy64.asm.obj (.text:memcpy)
                  00827260    000000a0                     : modf.c.obj (.text:modf)
                  00827300    000000a0     mathlib.ae66 : divsp.oe66 (.text:optci)
                  008273a0    000000a0     freertos.awr294x.c66.ti-c6000.release.lib : timers.obj (.text:prvCheckForValidListAndQueue$0)
                  00827440    000000a0                                               : HeapP_internal.obj (.text:prvHeapInit$0)
                  008274e0    000000a0                                               : tasks.obj (.text:prvIdleTask$0)
                  00827580    000000a0                                               : tasks.obj (.text:prvInitialiseTaskLists$0)
                  00827620    000000a0                                               : list.obj (.text:vListInsert)
                  008276c0    000000a0                                               : queue.obj (.text:xQueueCreateCountingSemaphoreStatic)
                  00827760    000000a0                                               : queue.obj (.text:xQueueGiveMutexRecursive)
                  00827800    000000a0                                               : queue.obj (.text:xQueueTakeMutexRecursive)
                  008278a0    00000080                                               : CacheP_c66.obj (.text:CacheP_all$0)
                  00827920    00000080                                               : CacheP_c66.obj (.text:CacheP_init)
                  008279a0    00000080                                               : CacheP_c66.obj (.text:CacheP_setMar)
                  00827a20    00000080                                               : Context_c66.obj (.text:Context_sleepHook)
                  00827aa0    00000080     libdpm_awr2944.ae66 : dpm_mailbox.oe66 (.text:DPM_mboxInit)
                  00827b20    00000080                         : dpm_mailbox.oe66 (.text:DPM_mboxMsgSend)
                  00827ba0    00000080                         : dpm_mailbox.oe66 (.text:DPM_mboxSendResult)
                  00827c20    00000080                         : dpm_core.oe66 (.text:DPM_notifyExecute)
                  00827ca0    00000080                         : dpm_pipe.oe66 (.text:DPM_pipeDeinit)
                  00827d20    00000080                         : dpm_pipe.oe66 (.text:DPM_pipeInit)
                  00827da0    00000080     librangeproc_hwa_ddma_awr2944.ae66 : rangeprochwaDDMA.oe66 (.text:DPU_RangeProcHWA_findDCEstStaticParams)
                  00827e20    00000080     drivers.awr294x.c66.ti-c6000.release.lib : edma.obj (.text:EDMA_disableTransferRegion)
                  00827ea0    00000080                                              : edma.obj (.text:EDMA_enableTransferRegion)
                  00827f20    00000080                                              : edma.obj (.text:EDMA_getBaseAddr)
                  00827fa0    00000080                                              : edma.obj (.text:EDMA_getCcErrorInfo$0)
                  00828020    00000080                                              : edma.obj (.text:EDMA_mapChToEvtQ)
                  008280a0    00000080                                              : esm_v0.obj (.text:ESM_close)
                  00828120    00000080                                              : hwa.obj (.text:HWA_allALTParamDoneISR$0)
                  008281a0    00000080                                              : hwa.obj (.text:HWA_config2DMaxOffset)
                  00828220    00000080                                              : hwa.obj (.text:HWA_configComplexMultScaleArrayQ20)
                  008282a0    00000080                                              : hwa.obj (.text:HWA_configDCEstimationProfile1)
                  00828320    00000080                                              : hwa.obj (.text:HWA_configDCSubtractionSWValues)
                  008283a0    00000080                                              : hwa.obj (.text:HWA_configStateMachine)
                  00828420    00000080                                              : hwa.obj (.text:HWA_deleteInstance$0)
                  008284a0    00000080                                              : hwa.obj (.text:HWA_disableDoneInterrupt)
                  00828520    00000080                                              : hwa.obj (.text:HWA_enable)
                  008285a0    00000080                                              : mailbox.obj (.text:Mailbox_readCallback)
                  00828620    00000080     ti_power_clock_config.oe66 (.text:Module_clockSetFrequency)
                  008286a0    00000080     drivers.awr294x.c66.ti-c6000.release.lib : ipc_rpmsg.obj (.text:RPMessage_destruct)
                  00828720    00000080                                              : ipc_rpmsg.obj (.text:RPMessage_freeEndPtMsg)
                  008287a0    00000080                                              : ipc_rpmsg_vring.obj (.text:RPMessage_vringCheckEmptyTxBuf)
                  00828820    00000080                                              : soc.obj (.text:SOC_virtToPhy)
                  008288a0    00000080     freertos.awr294x.c66.ti-c6000.release.lib : SemaphoreP_freertos.obj (.text:SemaphoreP_constructMutex)
                  00828920    00000080                                               : TaskP_freertos.obj (.text:TaskP_loadResetAll)
                  008289a0    00000080                                               : port_tasksupport.obj (.text:_TaskSupport_swap__E)
                  00828a20    00000080     rts6600_elf.lib : trgmsg.c.obj (.text:__TI_readmsg)
                  00828aa0    00000080                     : fixdu.c.obj (.text:__c6xabi_fixdu)
                  00828b20    00000080                     : llshift.c.obj (.text:__c6xabi_llshl)
                  00828ba0    00000080                     : boot.c.obj (.text:_c_int00)
                  00828c20    00000080     libmathutils.ae66 : mathutils.oe66 (.text:mathUtils_getValidFFTSize)
                  00828ca0    00000080     mathlib.ae66 : sqrtsp.oe66 (.text:optci)
                  00828d20    00000080     freertos.awr294x.c66.ti-c6000.release.lib : tasks.obj (.text:prvCheckTasksWaitingTermination$0)
                  00828da0    00000080                                               : tasks.obj (.text:prvDeleteTCB$0)
                  00828e20    00000080                                               : timers.obj (.text:prvInsertTimerInActiveList$0)
                  00828ea0    00000080     rts6600_elf.lib : unlink.c.obj (.text:unlink)
                  00828f20    00000080     freertos.awr294x.c66.ti-c6000.release.lib : port.obj (.text:vPortAssertIfInISR)
                  00828fa0    00000080                                               : port.obj (.text:vPortYield)
                  00829020    00000080                                               : queue.obj (.text:vQueueDelete)
                  008290a0    00000080                                               : queue.obj (.text:vQueueWaitForMessageRestricted)
                  00829120    00000080                                               : tasks.obj (.text:vTaskDelay)
                  008291a0    00000080                                               : tasks.obj (.text:vTaskPlaceOnEventListRestricted)
                  00829220    00000060                                               : CacheP_c66.obj (.text:CacheP_setSize)
                  00829280    00000060                                               : CacheP_c66.obj (.text:CacheP_wbInvAll)
                  008292e0    00000060     objectdetection.oe66 (.text:DPC_ObjDet_MemPoolAlloc)
                  00829340    00000060     libdpedma_hwa_awr2944.ae66 : dpedma.oe66 (.text:DPEDMA_edmaStartTransferManualTrigger)
                  008293a0    00000060     libdpm_awr2944.ae66 : dpm_awr294x.oe66 (.text:DPM_deinitDeviceHook)
                  00829400    00000060                         : dpm_listlib.oe66 (.text:DPM_listCat)
                  00829460    00000060                         : dpm_msg.oe66 (.text:DPM_msgInitHeader)
                  008294c0    00000060     librangeproc_hwa_ddma_awr2944.ae66 : rangeprochwaDDMA.oe66 (.text:DPU_RangeProcHWA_deinit)
                  00829520    00000060     ti_dpl_config.oe66 (.text:Dpl_init)
                  00829580    00000060     drivers.awr294x.c66.ti-c6000.release.lib : edma.obj (.text:EDMA_clrEvtRegion)
                  008295e0    00000060                                              : edma.obj (.text:EDMA_clrIntrRegion)
                  00829640    00000060                                              : edma.obj (.text:EDMA_disableDmaEvtRegion)
                  008296a0    00000060                                              : edma.obj (.text:EDMA_disableEvtIntrRegion)
                  00829700    00000060                                              : edma.obj (.text:EDMA_enableDmaEvtRegion)
                  00829760    00000060                                              : edma.obj (.text:EDMA_enableEvtIntrRegion)
                  008297c0    00000060                                              : edma.obj (.text:EDMA_getTcErrorInfo$0)
                  00829820    00000060                                              : edma.obj (.text:EDMA_linkChannel)
                  00829880    00000060                                              : edma.obj (.text:EDMA_setEvtRegion)
                  008298e0    00000060                                              : edma.obj (.text:EDMA_unmapChToEvtQ)
                  00829940    00000060                                              : esm_v0.obj (.text:ESM_clearGroupIntrStatus$0)
                  008299a0    00000060                                              : esm_v0.obj (.text:ESM_setInfluenceOnErrPin$0)
                  00829a00    00000060                                              : esm_v0.obj (.text:ESM_setIntrPriorityLvl$0)
                  00829a60    00000060                                              : hwa.obj (.text:HWA_configFFTLFSRSeed)
                  00829ac0    00000060                                              : hwa.obj (.text:HWA_configInterfMitigationWindowParams)
                  00829b20    00000060                                              : hwa.obj (.text:HWA_configInterfSumMagDiffScaler)
                  00829b80    00000060                                              : hwa.obj (.text:HWA_configInterfSumMagScaler)
                  00829be0    00000060                                              : hwa.obj (.text:HWA_releaseDriverAccess$0)
                  00829c40    00000060     freertos.awr294x.c66.ti-c6000.release.lib : HeapP_freertos.obj (.text:HeapP_construct)
                  00829ca0    00000060                                               : port_hwi.obj (.text:Hwi_dispatchC__I)
                  00829d00    00000060     drivers.awr294x.c66.ti-c6000.release.lib : ipc_notify_v1.obj (.text:IpcNotify_Params_init)
                  00829d60    00000060                                              : ipc_notify_v1.obj (.text:IpcNotify_getMemoryToRead)
                  00829dc0    00000060                                              : ipc_notify_v1.obj (.text:IpcNotify_getMemoryToWrite)
                  00829e20    00000060                                              : ipc_notify_v1.obj (.text:IpcNotify_unregisterClient)
                  00829e80    00000060                                              : ipc_notify_v1_cfg.obj (.text:IpcNotify_wait)
                  00829ee0    00000060     dss_main.oe66 (.text:MmwDemo_DPC_ObjectDetection_processFrameBeginCallBackFxn)
                  00829f40    00000060     dss_main.oe66 (.text:MmwDemo_DPC_ObjectDetection_processInterFrameBeginCallBackFxn)
                  00829fa0    00000060     ti_power_clock_config.oe66 (.text:Module_clockEnable)
                  0082a000    00000060     drivers.awr294x.c66.ti-c6000.release.lib : ipc_rpmsg.obj (.text:RPMessage_controlEndPtHandler)
                  0082a060    00000060                                              : ipc_rpmsg.obj (.text:RPMessage_getLocalEndPt)
                  0082a0c0    00000060                                              : ipc_rpmsg.obj (.text:RPMessage_putEndPtMsg)
                  0082a120    00000060                                              : soc_rcm.obj (.text:SOC_rcmGetClkSrcFromClkSelVal$0)
                  0082a180    00000060                                              : soc_rcm.obj (.text:SOC_rcmGetModuleClkDivVal$0)
                  0082a1e0    00000060     freertos.awr294x.c66.ti-c6000.release.lib : TaskP_freertos.obj (.text:TaskP_calcCpuLoad$0)
                  0082a240    00000060                                               : TaskP_freertos.obj (.text:TaskP_loadGetTotalCpuLoad)
                  0082a2a0    00000060                                               : port_hwi_switch.obj (.text:_Hwi_switchAndDispatch__I)
                  0082a300    00000060     rts6600_elf.lib : frcmpyd_div.c.obj (.text:__TI_frcmpyd_div)
                  0082a360    00000060                     : trgmsg.c.obj (.text:__TI_writemsg)
                  0082a3c0    00000060                     : llshift.c.obj (.text:__c6xabi_llshru)
                  0082a420    00000060                     : imath64.c.obj (.text:__c6xabi_remull)
                  0082a480    00000060                     : imath64.c.obj (.text:_subcull)
                  0082a4e0    00000060                     : lseek.c.obj (.text:lseek)
                  0082a540    00000060                     : memccpy.c.obj (.text:memccpy)
                  0082a5a0    00000060     freertos.awr294x.c66.ti-c6000.release.lib : queue.obj (.text:prvCopyDataFromQueue$0)
                  0082a600    00000060                                               : tasks.obj (.text:prvGetExpectedIdleTime$0)
                  0082a660    00000060                                               : queue.obj (.text:prvInitialiseNewQueue$0)
                  0082a6c0    00000060                                               : timers.obj (.text:prvSampleTimeNow$0)
                  0082a720    00000060                                               : tasks.obj (.text:prvTaskCheckFreeStackSpace$0)
                  0082a780    00000060                                               : queue.obj (.text:vQueueAddToRegistry)
                  0082a7e0    00000060                                               : queue.obj (.text:vQueueUnregisterQueue)
                  0082a840    00000060                                               : tasks.obj (.text:vTaskEnterCritical)
                  0082a8a0    00000060                                               : tasks.obj (.text:vTaskExitCritical)
                  0082a900    00000060                                               : tasks.obj (.text:vTaskPlaceOnEventList)
                  0082a960    00000060     rts6600_elf.lib : write.c.obj (.text:write)
                  0082a9c0    00000040     freertos.awr294x.c66.ti-c6000.release.lib : CacheP_c66.obj (.text:CacheP_wbAll)
                  0082aa00    00000040                                               : ClockP_freertos.obj (.text:ClockP_timerTickIsr)
                  0082aa40    00000040     libdpm_awr2944.ae66 : dpm_awr294x.oe66 (.text:DPM_chirpISR)
                  0082aa80    00000040                         : dpm_awr294x.oe66 (.text:DPM_frameStartISR)
                  0082aac0    00000040                         : dpm_listlib.oe66 (.text:DPM_listAdd)
                  0082ab00    00000040                         : dpm_listlib.oe66 (.text:DPM_listRemove)
                  0082ab40    00000040                         : dpm_mailbox.oe66 (.text:DPM_mboxRemoteMailboxCallbackFxn)
                  0082ab80    00000040                         : dpm_msg.oe66 (.text:DPM_msgAssertHandler)
                  0082abc0    00000040                         : dpm_msg.oe66 (.text:DPM_msgBSSFaultHandler)
                  0082ac00    00000040                         : dpm_msg.oe66 (.text:DPM_msgDPCInfoHandler)
                  0082ac40    00000040                         : dpm_pipe.oe66 (.text:DPM_pipeDequeue)
                  0082ac80    00000040                         : dpm_mailbox.oe66 (.text:DPM_setDSSLinkState)
                  0082acc0    00000040     freertos.awr294x.c66.ti-c6000.release.lib : DebugP_log.obj (.text:DebugP_logZoneEnable)
                  0082ad00    00000040     ti_drivers_open_close.oe66 (.text:Drivers_edmaClose)
                  0082ad40    00000040     drivers.awr294x.c66.ti-c6000.release.lib : edma.obj (.text:EDMA_clearTcErrors$0)
                  0082ad80    00000040                                              : edma.obj (.text:EDMA_clrMissEvtRegion)
                  0082adc0    00000040                                              : edma.obj (.text:EDMA_disableTccInShadowRegRegion$0)
                  0082ae00    00000040                                              : edma.obj (.text:EDMA_dmaSetPaRAMEntry)
                  0082ae40    00000040                                              : edma.obj (.text:EDMA_enableTccInShadowRegRegion$0)
                  0082ae80    00000040                                              : edma.obj (.text:EDMA_getRegionId)
                  0082aec0    00000040                                              : edma.obj (.text:EDMA_mapQdmaChToPaRAM)
                  0082af00    00000040                                              : edma.obj (.text:EDMA_setPaRAM)
                  0082af40    00000040                                              : esm_v0.obj (.text:ESM_disableIntr$0)
                  0082af80    00000040                                              : esm_v0.obj (.text:ESM_enableIntr$0)
                  0082afc0    00000040                                              : esm_v0.obj (.text:ESM_highpriority_interrupt$0)
                  0082b000    00000040                                              : esm_v0.obj (.text:ESM_lowpriority_interrupt$0)
                  0082b040    00000040                                              : hwa.obj (.text:HWA_configCFARThresholdScale)
                  0082b080    00000040                                              : hwa.obj (.text:HWA_configFFTSumDiv)
                  0082b0c0    00000040                                              : hwa.obj (.text:HWA_configTwidDitherEnable)
                  0082b100    00000040                                              : hwa.obj (.text:HWA_configTwiddleIncrDeltaFrac)
                  0082b140    00000040                                              : hwa.obj (.text:HWA_initConfig)
                  0082b180    00000040                                              : hwa.obj (.text:HWA_localRamErrorISR$0)
                  0082b1c0    00000040     freertos.awr294x.c66.ti-c6000.release.lib : HeapP_freertos.obj (.text:HeapP_alloc)
                  0082b200    00000040                                               : HeapP_freertos.obj (.text:HeapP_free)
                  0082b240    00000040                                               : port_hwi.obj (.text:HwiP_inISR)
                  0082b280    00000040                                               : HwiP_c66.obj (.text:HwiP_registerNmiHandler)
                  0082b2c0    00000040                                               : HwiP_c66.obj (.text:HwiP_unregisterNmiHandler)
                  0082b300    00000040                                               : port_hwi.obj (.text:Hwi_Module_startup)
                  0082b340    00000040     drivers.awr294x.c66.ti-c6000.release.lib : ipc_notify_v1.obj (.text:IpcNotify_isCoreEnabled)
                  0082b380    00000040                                              : ipc_notify_v1.obj (.text:IpcNotify_syncCallback)
                  0082b3c0    00000040                                              : ipc_notify_v1.obj (.text:IpcNotify_syncCustomIpcConfig)
                  0082b400    00000040                                              : mailbox_cfg.obj (.text:Mailbox_getRemoteCoreObj)
                  0082b440    00000040                                              : mailbox.obj (.text:Mailbox_isCoreEnabled)
                  0082b480    00000040     dss_main.oe66 (.text:MmwDemo_dssSECCallBack)
                  0082b4c0    00000040     ti_pinmux_config.oe66 (.text:Pinmux_init)
                  0082b500    00000040     drivers.awr294x.c66.ti-c6000.release.lib : ipc_rpmsg.obj (.text:RPMessage_controlEndPtInit)
                  0082b540    00000040                                              : ipc_rpmsg.obj (.text:RPMessage_isLinuxCore)
                  0082b580    00000040                                              : ipc_rpmsg_vring.obj (.text:RPMessage_vringGetRxBufAddr)
                  0082b5c0    00000040                                              : ipc_rpmsg_vring.obj (.text:RPMessage_vringGetSize)
                  0082b600    00000040                                              : ipc_rpmsg_vring.obj (.text:RPMessage_vringGetTxBufAddr)
                  0082b640    00000040                                              : ipc_rpmsg_vring.obj (.text:RPMessage_vringGetTxBufLen)
                  0082b680    00000040                                              : soc_rcm.obj (.text:SOC_rcmExtract32$0)
                  0082b6c0    00000040                                              : soc_rcm.obj (.text:SOC_rcmExtract8$0)
                  0082b700    00000040                                              : soc_rcm.obj (.text:SOC_rcmGetHSDivClkSrc$0)
                  0082b740    00000040                                              : soc_rcm.obj (.text:SOC_rcmInsert16$0)
                  0082b780    00000040                                              : soc_rcm.obj (.text:SOC_rcmIsPadDisableRequired)
                  0082b7c0    00000040     freertos.awr294x.c66.ti-c6000.release.lib : TimerP_rti.obj (.text:TimerP_Params_init)
                  0082b800    00000040                                               : TimerP_rti.obj (.text:TimerP_getCount)
                  0082b840    00000040                                               : DebugP_log.obj (.text:_DebugP_assertNoLog)
                  0082b880    00000040                                               : port_tasksupport.obj (.text:_TaskSupport_buildTaskStack)
                  0082b8c0    00000040     rts6600_elf.lib : isinf.c.obj (.text:__c6xabi_isinf)
                  0082b900    00000040                     : _printfi.c.obj (.text:__c6xabi_isnan)
                  0082b940    00000040                     : strasg.asm.obj (.text:__strasgi_64plus)
                  0082b980    00000040                     : args_main.c.obj (.text:_args_main)
                  0082b9c0    00000040     libmathutils.ae66 : mathutils.oe66 (.text:mathUtils_ceilLog2)
                  0082ba00    00000040                       : mathutils.oe66 (.text:mathUtils_floorLog2)
                  0082ba40    00000040                       : mathutils.oe66 (.text:mathUtils_pow2roundup)
                  0082ba80    00000040     freertos.awr294x.c66.ti-c6000.release.lib : queue.obj (.text:prvGetDisinheritPriorityAfterTimeout$0)
                  0082bac0    00000040                                               : timers.obj (.text:prvGetNextExpireTime$0)
                  0082bb00    00000040                                               : queue.obj (.text:prvInitialiseMutex$0)
                  0082bb40    00000040                                               : queue.obj (.text:prvIsQueueEmpty$0)
                  0082bb80    00000040                                               : queue.obj (.text:prvIsQueueFull$0)
                  0082bbc0    00000040                                               : tasks.obj (.text:prvResetNextTaskUnblockTime$0)
                  0082bc00    00000040                                               : tasks.obj (.text:pvTaskIncrementMutexHeldCount)
                  0082bc40    00000040                                               : port.obj (.text:pxPortInitialiseStack)
                  0082bc80    00000040     librangeproc_hwa_ddma_awr2944.ae66 : rangeprochwaDDMA.oe66 (.text:rangeProcHWADoneIsrCallback)
                  0082bcc0    00000040                                        : rangeprochwaDDMA.oe66 (.text:rangeProcHWA_EDMA_transferCompletionCallbackFxn)
                  0082bd00    00000040     freertos.awr294x.c66.ti-c6000.release.lib : list.obj (.text:uxListRemove)
                  0082bd40    00000040                                               : port.obj (.text:vApplicationGetIdleTaskMemory)
                  0082bd80    00000040                                               : port.obj (.text:vApplicationGetTimerTaskMemory)
                  0082bdc0    00000040                                               : port.obj (.text:vApplicationStackOverflowHook)
                  0082be00    00000040                                               : list.obj (.text:vListInsertEnd)
                  0082be40    00000040                                               : heap_3.obj (.text:vPortFree)
                  0082be80    00000040                                               : port.obj (.text:vPortTimerTickHandler)
                  0082bec0    00000040                                               : port.obj (.text:vPortYieldAsyncFromISR)
                  0082bf00    00000040                                               : printf.obj (.text:vprintf_)
                  0082bf40    00000040     rts6600_elf.lib : wcslen.c.obj (.text:wcslen)
                  0082bf80    00000040     freertos.awr294x.c66.ti-c6000.release.lib : port.obj (.text:xPortStartScheduler)
                  0082bfc0    00000040                                               : queue.obj (.text:xQueueCreateMutexStatic)
                  0082c000    00000040                                               : tasks.obj (.text:xTaskGetIdleTaskHandle)
                  0082c040    00000040                                               : tasks.obj (.text:xTaskGetSchedulerState)
                  0082c080    00000040                                               : tasks.obj (.text:xTaskGetTickCount)
                  0082c0c0    00000020     ti_board_open_close.oe66 (.text:Board_driversOpen)
                  0082c0e0    00000020     ti_board_config.oe66 (.text:Board_init)
                  0082c100    00000020     freertos.awr294x.c66.ti-c6000.release.lib : CacheP_c66.obj (.text:CacheP_inv)
                  0082c120    00000020                                               : CacheP_c66.obj (.text:CacheP_invPrefetchBuffer$0)
                  0082c140    00000020                                               : CacheP_c66.obj (.text:CacheP_wbInv)
                  0082c160    00000020                                               : ClockP_freertos.obj (.text:ClockP_sleepTicks$0)
                  0082c180    00000020                                               : ClockP_freertos.obj (.text:ClockP_usecToTicks)
                  0082c1a0    00000020                                               : CycleCounterP_c66.obj (.text:CycleCounterP_getCount32)
                  0082c1c0    00000020                                               : CycleCounterP_c66.obj (.text:CycleCounterP_reset)
                  0082c1e0    00000020     objectdetection.oe66 (.text:DPC_ObjDet_BiDirMemPoolResetTop)
                  0082c200    00000020     objectdetection.oe66 (.text:DPC_ObjDet_MemPoolReset)
                  0082c220    00000020     libdpm_awr2944.ae66 : dpm_mailbox.oe66 (.text:DPM_isMSSOperational)
                  0082c240    00000020                         : dpm_mailbox.oe66 (.text:DPM_mboxDeinit)
                  0082c260    00000020                         : dpm_mailbox.oe66 (.text:DPM_mboxSynch)
                  0082c280    00000020     libdopplerproc_hwa_ddma_awr2944.ae66 : dopplerprochwaDDMA.oe66 (.text:DPU_DopplerProcHWA_edmaDoneIsrCallback)
                  0082c2a0    00000020                                          : dopplerprochwaDDMA.oe66 (.text:DPU_DopplerProcHWA_hwaDoneIsrCallback)
                  0082c2c0    00000020     librangecfarproc_hwa_ddma_awr2944.ae66 : rangecfarprochwa.oe66 (.text:DPU_RangeCFARProcHWA_deinit)
                  0082c2e0    00000020                                            : rangecfarprochwa.oe66 (.text:DPU_RangeCfarProcHWA_edmaDoneIsrCallback)
                  0082c300    00000020     ti_drivers_open_close.oe66 (.text:Drivers_open)
                  0082c320    00000020     drivers.awr294x.c66.ti-c6000.release.lib : edma.obj (.text:EDMA_channelToParamMap)
                  0082c340    00000020                                              : edma.obj (.text:EDMA_clrCCErr)
                  0082c360    00000020                                              : edma.obj (.text:EDMA_disableQdmaEvtRegion)
                  0082c380    00000020                                              : edma.obj (.text:EDMA_enableQdmaEvtRegion)
                  0082c3a0    00000020                                              : edma.obj (.text:EDMA_errIntrHighStatusGet)
                  0082c3c0    00000020                                              : edma.obj (.text:EDMA_getCCErrStatus)
                  0082c3e0    00000020                                              : edma.obj (.text:EDMA_getEnabledIntrHighRegion)
                  0082c400    00000020                                              : edma.obj (.text:EDMA_getEnabledIntrRegion)
                  0082c420    00000020                                              : edma.obj (.text:EDMA_getErrIntrStatus)
                  0082c440    00000020                                              : edma.obj (.text:EDMA_getIntrStatusRegion)
                  0082c460    00000020                                              : edma.obj (.text:EDMA_intrStatusHighGetRegion)
                  0082c480    00000020                                              : edma.obj (.text:EDMA_qdmaClrMissEvtRegion)
                  0082c4a0    00000020                                              : edma.obj (.text:EDMA_qdmaGetErrIntrStatus)
                  0082c4c0    00000020                                              : edma.obj (.text:EDMA_validateIntrObject$0)
                  0082c4e0    00000020                                              : esm_v0.obj (.text:ESM_clearIntrStatus$0)
                  0082c500    00000020                                              : esm_v0.obj (.text:ESM_getHighPriorityLvlIntrStatus$0)
                  0082c520    00000020                                              : esm_v0.obj (.text:ESM_getLowPriorityLvlIntrStatus$0)
                  0082c540    00000020                                              : esm_v0.obj (.text:ESM_init)
                  0082c560    00000020                                              : hwa.obj (.text:HWA_init)
                  0082c580    00000020                                              : hwa.obj (.text:HWA_startRAMInit$0)
                  0082c5a0    00000020     freertos.awr294x.c66.ti-c6000.release.lib : HwiP_c66.obj (.text:HwiP_Params_init)
                  0082c5c0    00000020                                               : HwiP_c66.obj (.text:HwiP_disable)
                  0082c5e0    00000020                                               : HwiP_c66.obj (.text:HwiP_enable)
                  0082c600    00000020                                               : HwiP_c66_handlers_freertos.obj (.text:HwiP_intcEcm0Dispatcher$0)
                  0082c620    00000020                                               : HwiP_c66_handlers_freertos.obj (.text:HwiP_intcEcm1Dispatcher$0)
                  0082c640    00000020                                               : HwiP_c66_handlers_freertos.obj (.text:HwiP_intcEcm2Dispatcher$0)
                  0082c660    00000020                                               : HwiP_c66_handlers_freertos.obj (.text:HwiP_intcEcm3Dispatcher$0)
                  0082c680    00000020                                               : HwiP_c66_handlers_freertos.obj (.text:HwiP_intcReservedDispatcher$0)
                  0082c6a0    00000020                                               : HwiP_c66_handlers_freertos.obj (.text:HwiP_intcdm10Dispatcher$0)
                  0082c6c0    00000020                                               : HwiP_c66_handlers_freertos.obj (.text:HwiP_intcdm11Dispatcher$0)
                  0082c6e0    00000020                                               : HwiP_c66_handlers_freertos.obj (.text:HwiP_intcdm4Dispatcher$0)
                  0082c700    00000020                                               : HwiP_c66_handlers_freertos.obj (.text:HwiP_intcdm5Dispatcher$0)
                  0082c720    00000020                                               : HwiP_c66_handlers_freertos.obj (.text:HwiP_intcdm6Dispatcher$0)
                  0082c740    00000020                                               : HwiP_c66_handlers_freertos.obj (.text:HwiP_intcdm7Dispatcher$0)
                  0082c760    00000020                                               : HwiP_c66_handlers_freertos.obj (.text:HwiP_intcdm8Dispatcher$0)
                  0082c780    00000020                                               : HwiP_c66_handlers_freertos.obj (.text:HwiP_intcdm9Dispatcher$0)
                  0082c7a0    00000020                                               : HwiP_c66.obj (.text:HwiP_restore)
                  0082c7c0    00000020                                               : port_hwi.obj (.text:Hwi_dispatchCore__I)
                  0082c7e0    00000020                                               : port_hwi.obj (.text:Hwi_getIsrStackAddress)
                  0082c800    00000020                                               : port_hwi.obj (.text:Hwi_switchFromBootStack)
                  0082c820    00000020     ti_drivers_config.oe66 (.text:IpcNotify_allocSwQueue)
                  0082c840    00000020     ti_drivers_config.oe66 (.text:IpcNotify_getConfig)
                  0082c860    00000020     drivers.awr294x.c66.ti-c6000.release.lib : ipc_notify_v1.obj (.text:IpcNotify_getSelfCoreId)
                  0082c880    00000020                                              : ipc_notify_v1.obj (.text:IpcNotify_isCustomIpcConfigEnabled)
                  0082c8a0    00000020                                              : ipc_notify_v1.obj (.text:IpcNotify_registerNonNotifyCallback)
                  0082c8c0    00000020                                              : mailbox.obj (.text:Mailbox_Params_init)
                  0082c8e0    00000020     ti_power_clock_config.oe66 (.text:PowerClock_init)
                  0082c900    00000020     drivers.awr294x.c66.ti-c6000.release.lib : ipc_rpmsg.obj (.text:RPMessage_CreateParams_init)
                  0082c920    00000020                                              : soc.obj (.text:SOC_moduleClockEnable)
                  0082c940    00000020                                              : soc.obj (.text:SOC_moduleSetClockFrequency)
                  0082c960    00000020                                              : soc_rcm.obj (.text:SOC_rcmGetFixedRootClkFout$0)
                  0082c980    00000020                                              : soc_rcm.obj (.text:SOC_rcmGetHwaIPVer)
                  0082c9a0    00000020                                              : soc_rcm.obj (.text:SOC_rcmGetPeripheralClockFrequency$0)
                  0082c9c0    00000020     freertos.awr294x.c66.ti-c6000.release.lib : SemaphoreP_freertos.obj (.text:SemaphoreP_destruct)
                  0082c9e0    00000020                                               : TaskP_freertos.obj (.text:TaskP_calcCounterDiff$0)
                  0082ca00    00000020                                               : port.obj (.text:Task_Func)
                  0082ca20    00000020                                               : port.obj (.text:Task_enter)
                  0082ca40    00000020                                               : TimerP_rti.obj (.text:TimerP_clearOverflowInt)
                  0082ca60    00000020                                               : TimerP_rti.obj (.text:TimerP_getReloadCount)
                  0082ca80    00000020                                               : TimerP_rti.obj (.text:TimerP_start)
                  0082caa0    00000020                                               : TimerP_rti.obj (.text:TimerP_stop)
                  0082cac0    00000020                                               : port_tasksupport.obj (.text:_TaskSupport_glue)
                  0082cae0    00000020     rts6600_elf.lib : errno.c.obj (.text:__c6xabi_errno_addr)
                  0082cb00    00000020                     : trunc.c.obj (.text:__c6xabi_trunc)
                  0082cb20    00000020                     : push.asm.obj (.text:__pop_rts)
                  0082cb40    00000020                     : push.asm.obj (.text:__push_rts)
                  0082cb60    00000020                     : _lock.c.obj (.text:_nop)
                  0082cb80    00000020     freertos.awr294x.c66.ti-c6000.release.lib : printf.obj (.text:_out_char$0)
                  0082cba0    00000020                                               : printf.obj (.text:_out_null$0)
                  0082cbc0    00000020     rts6600_elf.lib : printf.c.obj (.text:_outc)
                  0082cbe0    00000020                     : printf.c.obj (.text:_outs)
                  0082cc00    00000020                     : signbit.c.obj (.text:_signbit)
                  0082cc20    00000020                     : startup.c.obj (.text:_system_post_cinit)
                  0082cc40    00000020                     : pre_init.c.obj (.text:_system_pre_init)
                  0082cc60    00000020                     : exit.c.obj (.text:abort)
                  0082cc80    00000020     freertos.awr294x.c66.ti-c6000.release.lib : port_hwi_vectors_freertos_asm.obj (.text)
                  0082cca0    00000020     rts6600_elf.lib : llabs.c.obj (.text:llabs)
                  0082ccc0    00000020     mathlib.ae66 : atan2sp.oe66 (.text:optasm)
                  0082cce0    00000020                  : divsp.oe66 (.text:optasm)
                  0082cd00    00000020                  : sinsp.oe66 (.text:optasm)
                  0082cd20    00000020                  : sqrtsp.oe66 (.text:optasm)
                  0082cd40    00000020     freertos.awr294x.c66.ti-c6000.release.lib : port.obj (.text:prvTaskExitError$0)
                  0082cd60    00000020                                               : timers.obj (.text:prvTimerTask$0)
                  0082cd80    00000020     ti_dpl_config.oe66 (.text:putchar_)
                  0082cda0    00000020     freertos.awr294x.c66.ti-c6000.release.lib : port.obj (.text:uiPortGetRunTimeCounterValue)
                  0082cdc0    00000020                                               : HeapP_internal.obj (.text:vHeapCreateStatic)
                  0082cde0    00000020                                               : list.obj (.text:vListInitialise)
                  0082ce00    00000020                                               : list.obj (.text:vListInitialiseItem)
[...]
008280a0  ESM_close                                      
008281a0  HWA_config2DMaxOffset                          
00828220  HWA_configComplexMultScaleArrayQ20             
008282a0  HWA_configDCEstimationProfile1                 
00828320  HWA_configDCSubtractionSWValues                
008283a0  HWA_configStateMachine                         
008284a0  HWA_disableDoneInterrupt                       
00828520  HWA_enable                                     
008285a0  Mailbox_readCallback                           
00828620  Module_clockSetFrequency                       
008286a0  RPMessage_destruct                             
00828720  RPMessage_freeEndPtMsg                         
008287a0  RPMessage_vringCheckEmptyTxBuf                 
00828820  SOC_virtToPhy                                  
008288a0  SemaphoreP_constructMutex                      
00828920  TaskP_loadResetAll                             
008289a0  TaskSupport_swap__E                            
00828a20  __TI_readmsg                                   
00828aa0  __c6xabi_fixdu                                 
00828b20  __c6xabi_llshl                                 
00828ba0  _c_int00                                       
00828c20  mathUtils_getValidFFTSize                      
00828ea0  remove                                         
00828ea0  unlink                                         
00828f20  vPortAssertIfInISR                             
00828fa0  TaskP_yield                                    
00828fa0  vPortYield                                     
00829020  vQueueDelete                                   
008290a0  vQueueWaitForMessageRestricted                 
00829120  vTaskDelay                                     
008291a0  vTaskPlaceOnEventListRestricted                
00829220  CacheP_setSize                                 
00829280  CacheP_wbInvAll                                
00829340  DPEDMA_edmaStartTransferManualTrigger          
008293a0  DPM_deinitDeviceHook                           
00829400  DPM_listCat                                    
00829460  DPM_msgInitHeader                              
008294c0  DPU_RangeProcHWA_deinit                        
00829520  Dpl_init                                       
00829580  EDMA_clrEvtRegion                              
008295e0  EDMA_clrIntrRegion                             
00829640  EDMA_disableDmaEvtRegion                       
008296a0  EDMA_disableEvtIntrRegion                      
00829700  EDMA_enableDmaEvtRegion                        
00829760  EDMA_enableEvtIntrRegion                       
00829820  EDMA_linkChannel                               
00829880  EDMA_setEvtRegion                              
008298e0  EDMA_unmapChToEvtQ                             
00829a60  HWA_configFFTLFSRSeed                          
00829ac0  HWA_configInterfMitigationWindowParams         
00829b20  HWA_configInterfSumMagDiffScaler               
00829b80  HWA_configInterfSumMagScaler                   
00829c40  HeapP_construct                                
00829ca0  Hwi_dispatchC__I                               
00829d00  IpcNotify_Params_init                          
00829d60  IpcNotify_getMemoryToRead                      
00829dc0  IpcNotify_getMemoryToWrite                     
00829e20  IpcNotify_unregisterClient                     
00829e80  IpcNotify_wait                                 
00829fa0  Module_clockEnable                             
0082a000  RPMessage_controlEndPtHandler                  
0082a060  RPMessage_getLocalEndPt                        
0082a0c0  RPMessage_putEndPtMsg                          
0082a240  TaskP_loadGetTotalCpuLoad                      
0082a2a0  Hwi_switchAndDispatch__I                       
0082a300  __TI_frcmpyd_div                               
0082a360  __TI_writemsg                                  
0082a3b8  C$$IO$$                                        
0082a3c0  __c6xabi_llshru                                
0082a420  __c6xabi_remull                                
0082a480  _subcull                                       
0082a4e0  lseek                                          
0082a540  memccpy                                        
0082a780  vQueueAddToRegistry                            
0082a7e0  vQueueUnregisterQueue                          
0082a840  vPortEnterCritical                             
0082a840  vTaskEnterCritical                             
0082a8a0  vPortExitCritical                              
0082a8a0  vTaskExitCritical                              
0082a900  vTaskPlaceOnEventList                          
0082a960  write                                          
0082a9c0  CacheP_wbAll                                   
0082aa00  ClockP_timerTickIsr                            
0082aac0  DPM_listAdd                                    
0082ab00  DPM_listRemove                                 
0082ac80  DPM_setDSSLinkState                            
0082acc0  DebugP_logZoneEnable                           
0082ad00  Drivers_edmaClose                              
0082ad80  EDMA_clrMissEvtRegion                          
0082ae00  EDMA_dmaSetPaRAMEntry                          
0082ae00  EDMA_qdmaSetPaRAMEntry                         
0082ae80  EDMA_getRegionId                               
0082aec0  EDMA_mapQdmaChToPaRAM                          
0082af00  EDMA_setPaRAM                                  
0082b040  HWA_configCFARThresholdScale                   
0082b080  HWA_configFFTSumDiv                            
0082b0c0  HWA_configTwidDitherEnable                     
0082b100  HWA_configTwiddleIncrDeltaFrac                 
0082b140  HWA_initConfig                                 
0082b1c0  HeapP_alloc                                    
0082b200  HeapP_free                                     
0082b240  HwiP_inISR                                     
0082b280  HwiP_registerNmiHandler                        
0082b2c0  HwiP_unregisterNmiHandler                      
0082b300  Hwi_Module_startup                             
0082b340  IpcNotify_isCoreEnabled                        
0082b380  IpcNotify_syncCallback                         
0082b3c0  IpcNotify_syncCustomIpcConfig                  
0082b400  Mailbox_getRemoteCoreObj                       
0082b440  Mailbox_isCoreEnabled                          
0082b480  MmwDemo_dssSECCallBack                         
0082b4c0  Pinmux_init                                    
0082b500  RPMessage_controlEndPtInit                     
0082b540  RPMessage_isLinuxCore                          
0082b580  RPMessage_vringGetRxBufAddr                    
0082b5c0  RPMessage_vringGetSize                         
0082b600  RPMessage_vringGetTxBufAddr                    
0082b640  RPMessage_vringGetTxBufLen                     
0082b780  SOC_rcmIsPadDisableRequired                    
0082b7c0  TimerP_Params_init                             
0082b800  ClockP_getTimerCount                           
0082b800  TimerP_getCount                                
0082b840  _DebugP_assertNoLog                            
0082b880  TaskSupport_buildTaskStack                     
0082b8c0  __c6xabi_isinf                                 
0082b940  __c6xabi_strasgi_64plus                        
0082b940  __strasgi_64plus                               
0082b980  _args_main                                     
0082b9c0  mathUtils_ceilLog2                             
0082ba00  mathUtils_floorLog2                            
0082ba40  mathUtils_pow2roundup                          
0082bc00  pvTaskIncrementMutexHeldCount                  
0082bc40  pxPortInitialiseStack                          
0082bcc0  rangeProcHWA_EDMA_transferCompletionCallbackFxn
0082bd00  uxListRemove                                   
0082bd40  vApplicationGetIdleTaskMemory                  
0082bd80  vApplicationGetTimerTaskMemory                 
0082bdc0  vApplicationStackOverflowHook                  
0082be00  vListInsertEnd                                 
0082be40  vPortFree                                      
0082be80  vPortTimerTickHandler                          
0082bec0  vPortYieldAsyncFromISR                         
0082bf00  vprintf_                                       
0082bf40  wcslen                                         
0082bf80  xPortStartScheduler                            
0082bfc0  xQueueCreateMutexStatic                        
0082c000  xTaskGetIdleTaskHandle                         
0082c040  xTaskGetSchedulerState                         
0082c080  ClockP_getTicks                                
0082c080  xTaskGetTickCount                              
0082c0c0  Board_driversOpen                              
0082c0e0  Board_init                                     
0082c100  CacheP_inv                                     
0082c140  CacheP_wbInv                                   
0082c180  ClockP_usecToTicks                             
0082c1a0  CycleCounterP_getCount32                       
0082c1c0  CycleCounterP_reset                            
0082c220  DPM_isMSSOperational                           
0082c2c0  DPU_RangeCFARProcHWA_deinit                    
0082c300  Drivers_open                                   
0082c320  EDMA_channelToParamMap                         
0082c340  EDMA_clrCCErr                                  
0082c360  EDMA_disableQdmaEvtRegion                      
0082c380  EDMA_enableQdmaEvtRegion                       
0082c3a0  EDMA_errIntrHighStatusGet                      
0082c3c0  EDMA_getCCErrStatus                            
0082c3e0  EDMA_getEnabledIntrHighRegion                  
0082c400  EDMA_getEnabledIntrRegion                      
0082c420  EDMA_getErrIntrStatus                          
0082c440  EDMA_getIntrStatusRegion                       
0082c460  EDMA_intrStatusHighGetRegion                   
0082c480  EDMA_qdmaClrMissEvtRegion                      
0082c4a0  EDMA_qdmaGetErrIntrStatus                      
0082c540  ESM_init                                       
0082c560  HWA_init                                       
0082c5a0  HwiP_Params_init                               
0082c5c0  HwiP_disable                                   
0082c5e0  HwiP_enable                                    
0082c7a0  HwiP_restore                                   
0082c7c0  Hwi_dispatchCore__I                            
0082c7e0  Hwi_getIsrStackAddress                         
0082c800  Hwi_switchFromBootStack                        
0082c820  IpcNotify_allocSwQueue                         
0082c840  IpcNotify_getConfig                            
0082c860  IpcNotify_getSelfCoreId                        
0082c880  IpcNotify_isCustomIpcConfigEnabled             
0082c8a0  IpcNotify_registerNonNotifyCallback            
0082c8c0  Mailbox_Params_init                            
0082c8e0  PowerClock_init                                
0082c900  RPMessage_CreateParams_init                    
0082c920  SOC_moduleClockEnable                          
0082c940  SOC_moduleSetClockFrequency                    
0082c980  SOC_rcmGetHwaIPVer                             
0082c9c0  SemaphoreP_destruct                            
0082ca00  Task_Func                                      
0082ca20  Task_enter                                     
0082ca40  ClockP_timerClearOverflowInt                   
0082ca40  TimerP_clearOverflowInt                        
0082ca60  TimerP_getReloadCount                          
0082ca80  TimerP_start                                   
0082caa0  TimerP_stop                                    
0082cac0  TaskSupport_glue                               
0082cae0  __c6xabi_errno_addr                            
0082cb00  __c6xabi_trunc                                 
0082cb00  __c6xabi_truncl                                
0082cb20  __c6xabi_pop_rts                               
0082cb20  __pop_rts                                      
0082cb40  __c6xabi_push_rts                              
0082cb40  __push_rts                                     
0082cb60  _nop                                           
0082cc00  _signbit                                       
0082cc20  _system_post_cinit                             
0082cc40  _system_pre_init                               
0082cc60  C$$EXIT                                        
0082cc60  abort                                          
0082cc80  HwiP_intcIvpSet                                
0082cca0  llabs                                          
0082ccc0  atan2sp                                        
0082cce0  divsp                                          
0082cd00  sinsp                                          
0082cd20  sqrtsp                                         
0082cd40  Task_exit                                      
0082cd80  putchar_                                       
0082cda0  uiPortGetRunTimeCounterValue                   
0082cdc0  vHeapCreateStatic                              
0082cde0  vListInitialise                                
0082ce00  vListInitialiseItem                            
0082ce20  vPortConfigTimerForRunTimeStats                
0082ce40  vPortRestoreTaskContext                        
0082ce60  vPortSuppressTicksAndSleep                     
0082ce80  vPortValidateInterruptPriority                 
0082cea0  vPortYeildFromISR                              
0082cec0  vTaskInternalSetTimeOutState                   
0082cee0  vTaskMissedYield                               
0082cf00  vTaskSuspendAll                                
0082cf20  xPortInIsrContext                              
0082cf40  xTaskGetCurrentTaskHandle                      
0082d000  gDPC_ObjDetL2Heap                              
00845000  uxHwiStack                                     
0084b000  gObjDetObj                                     
0084ca48  gClockCtrl                                     
0084ca80  gMmwDemo_dpmTaskStack                          
0084da80  gMmwDemo_dssInitTaskStack                      
0084fa80  gIpcRpmsgCtrl                                  
008501b0  parmbuf                                        
008501b8  gEdmaHandle                                    
008501c0  dopplerProcObjPool                             
00850734  gHwiCtrl                                       
008511c0  gMmwDssMCB                                     
008513f0  gEsmHandle                                     
00851400  RangeObj                                       
00851608  HwaParamsetIntr                                
00851a00  cfarProcObjPool                                
00851b90  __TI_tmpnams                                   
00851cd0  xQueueRegistry                                 
00851ed0  gHwaObject                                     
00852080  gTaskP_ctrl                                    
008523a0  gHwiIntcIntrTable                              
008523e4  gMailbox_ctrl                                  
008523fc  resultBuffer                                   
00854618  _ctypes_                                       
00855158  gDPMMessageFxnTable                            
00855f10  _stack                                         
00857f10  __TI_STACK_END                                 
00857f10  dftSinCosTable                                 
00858310  _ftable                                        
008584f0  gIpcNotifyMailboxConfig                        
008586b0  gIpcNotifyCtrl                                 
008587ac  gMailboxRemoteCoreObj_c66ss0_to_rss_r4         
0085886c  gMailboxRemoteCoreObj_r5ss0_0_to_rss_r4        
0085892c  _lock                                          
00858930  _stream                                        
00858a58  contextSave                                    
00858adc  _unlock                                        
00858be0  _device                                        
00858c58  gIpcNotifyInterruptConfig_c66ss0               
00858cc8  gHwaRamCfg                                     
00858d18  gHwaAttrs                                      
00858d5c  __TI_ft_end                                    
00858e50  gDPC_ObjectDetectionCfg                        
00858e74  __errno                                        
00858e74  errno                                          
00858e98  gHwaEDMAChanMapping                            
00858eb8  Hwi_Module__state__V                           
00858ed8  gCacheMarRegion                                
00858ef0  gClockConfig                                   
00858f08  gConfigEsm0Params                              
00858f38  gDPMRemoteTable                                
00858f50  gIpcNotifyCoreIntrBitPos                       
00858f60  gCacheSize                                     
00858f70  gSocModulesClockFrequency                      
00858f7c  __TI_cleanup_ptr                               
00858f80  __TI_dtors_ptr                                 
00858f84  __TI_enable_exit_profile_output                
00858f88  gDPMHwAttrib                                   
00858f90  gDirectMap                                     
00858f98  gEdmaConfig                                    
00858fa0  gEdmaParams                                    
00858fa8  gEsmConfig                                     
00858fb0  gSocModules                                    
00858fc0  gHwaObjectPtr                                  
00858fc8  gEsmOpenParams                                 
00858fd0  _sys_memory                                    
00859fd0  gFastRamBuffer                                 
0085a7c8  __CIOBUF_                                      
0085a8e8  __TI_STATIC_BASE                               
0085a8e8  uxTopUsedPriority                              
0085a900  pxCurrentTCB                                   
0085a908  FreeRTOS_errno                                 
0085a940  ulCriticalNesting                              
0085a944  ulPortTaskHasFPUContext                        
0085a948  ulPortYieldRequired                            
0085a94c  ulPortInterruptNesting                         
0085a950  ulPortSchedularRunning                         
0085a954  uxPortIncorrectYieldCount                      
0085a958  gIpcNotifyInterruptConfigNum_r5fss0_0          
0085a95c  gIpcNotifyInterruptConfigNum_r5fss0_1          
0085a960  gIpcNotifyInterruptConfigNum_c66ss0            
0085a970  gEdmaConfigNum                                 
0085a974  gEsmConfigNum                                  
0085a978  gHwaConfigNum                                  
0085a97c  g_ptrHWADriver                                 
0085a980  g_ctrlBaseAddress                              
0085a988  gHwiRaisePrivilegeHook                         
0085a98c  gHwiRestorePrivilegeHook                       
0085a998  gDebugLogZone                                  
0085a99c  gDPM                                           
0085a9a0  hwadoneisr                                     
0085a9a8  gCacheMarRegionNum                             
88000000  gMmwL3                                         
88278000  gHSRAM                                         
c5000200  gIpcSharedMem                                  
ffffffff  __TI_pprof_out_hndl                            
ffffffff  __TI_prof_data_size                            
ffffffff  __TI_prof_data_start                           
ffffffff  __binit__                                      
ffffffff  __c_args__                                     
ffffffff  binit                                          
UNDEFED   __TI_CINIT_Base                                
UNDEFED   __TI_CINIT_Limit                               
UNDEFED   __TI_Handler_Table_Base                        
UNDEFED   __TI_Handler_Table_Limit                       
UNDEFED   __TI_TLS_INIT_Base                             
UNDEFED   __TI_TLS_INIT_Limit                            

[591 symbols]
