******************************************************************************
               TMS320C6x Linker PC v7.4.2                      
******************************************************************************
>> Linked Tue May 17 02:43:20 2016

OUTPUT FILE NAME:   <atanhdp_66_LE_COFF.out>
ENTRY POINT SYMBOL: "_c_int00"  address: 008387c0


MEMORY CONFIGURATION

         name            origin    length      used     unused   attr    fill
----------------------  --------  ---------  --------  --------  ----  --------
  L2SRAM                00800000   00080000  00043493  0003cb6d  RW X
  MSMCSRAM              0c000000   00200000  00000000  00200000  RW X


SECTION ALLOCATION MAP

 output                                  attributes/
section   page    origin      length       input sections
--------  ----  ----------  ----------   ----------------
.pinit     0    00800000    00000000     UNINITIALIZED

.kernel_asm 
*          0    00800000    00000000     UNINITIALIZED

.neardata 
*          0    00800000    00000000     UNINITIALIZED

.rodata    0    00800000    00000000     UNINITIALIZED

.bss       0    00800000    00000000     UNINITIALIZED

.data      0    00800000    00000000     UNINITIALIZED

xdc.meta   0    00800000    00000000     COPY SECTION

.far       0    00800000    00024490     UNINITIALIZED
                  00800000    000238e0     drvdp.obj (.far)
                  008238e0    00000648     atanhdp_d.obj (.far)
                  00823f28    00000324     rts6600_coff.lib : defs.obj (.far)
                  0082424c    00000004                      : errno.obj (.far)
                  00824250    0000011c                      : lowlev.obj (.far)
                  0082436c    00000004                      : fopen.obj (.far)
                  00824370    00000060     driver.obj (.far)
                  008243d0    00000060     rts6600_coff.lib : atanh.obj (.far)
                  00824430    00000030                      : log.obj (.far)
                  00824460    0000000c                      : exit.obj (.far)
                  0082446c    00000008                      : _lock.obj (.far)
                  00824474    00000008                      : memory.obj (.far)
                  0082447c    00000004     --HOLE--
                  00824480    00000008                      : rand.obj (.far)
                  00824488    00000008                      : trgdrv.obj (.far)

.stack     0    00824490    0000c000     UNINITIALIZED
                  00824490    00000008     rts6600_coff.lib : boot.obj (.stack)
                  00824498    0000bff8     --HOLE--

.text      0    008304a0    00008b20     
                  008304a0    00001500     atanhdp_d.obj (.text)
                  008319a0    00000660     driver.obj (.text)
                  00832000    000005c0     rts6600_coff.lib : divd.obj (.text:__divd)
                  008325c0    00000560                      : _printfi.obj (.text:__getarg_diouxp)
                  00832b20    00000440                      : _printfi.obj (.text:__printfi)
                  00832f60    00000440                      : _printfi.obj (.text:__setfield)
                  008333a0    000003a0                      : fputs.obj (.text:_fputs)
                  00833740    00000360     drvdp.obj (.text)
                  00833aa0    00000320     rts6600_coff.lib : _printfi.obj (.text:__pproc_fge)
                  00833dc0    000002c0                      : _printfi.obj (.text:__pproc_fwp)
                  00834080    00000280                      : _printfi.obj (.text:_ecvt)
                  00834300    00000280                      : _printfi.obj (.text:_fcvt)
                  00834580    00000280                      : memory.obj (.text:_free)
                  00834800    00000240                      : imath64.obj (.text:__divull)
                  00834a40    00000240                      : _printfi.obj (.text:__pconv_e)
                  00834c80    00000240                      : _printfi.obj (.text:__pproc_diouxp)
                  00834ec0    00000220                      : _printfi.obj (.text:__pproc_str)
                  008350e0    00000220                      : fputc.obj (.text:_fputc)
                  00835300    00000220     atanhdp_d.obj (.text:optci)
                  00835520    00000200     rts6600_coff.lib : _printfi.obj (.text:__pconv_g)
                  00835720    00000200                      : setvbuf.obj (.text:_setvbuf)
                  00835920    000001c0                      : _printfi.obj (.text:__mcpy)
                  00835ae0    000001c0                      : fopen.obj (.text:__openfile)
                  00835ca0    000001c0                      : log.obj (.text:_log)
                  00835e60    000001a0                      : trgdrv.obj (.text:_HOSTrename)
                  00836000    000001a0                      : imath40.obj (.text:__divul)
                  008361a0    00000180                      : memory.obj (.text:_malloc)
                  00836320    00000180                      : lowlev.obj (.text:_open)
                  008364a0    00000140                      : _printfi.obj (.text:__pproc_fflags)
                  008365e0    00000140                      : lowlev.obj (.text:_getdevice)
                  00836720    00000120                      : fclose.obj (.text:__closefile)
                  00836840    00000120                      : _printfi.obj (.text:__ltostr)
                  00836960    00000120                      : fopen.obj (.text:__search_fp)
                  00836a80    00000120                      : atanh.obj (.text:_atanh)
                  00836ba0    00000120                      : fseek.obj (.text:_fseek)
                  00836cc0    00000100                      : trgdrv.obj (.text:_HOSTlseek)
                  00836dc0    00000100                      : fixdlli.obj (.text:__fixdlli)
                  00836ec0    00000100                      : _io_perm.obj (.text:__wrt_ok)
                  00836fc0    00000100                      : fprintf.obj (.text:_fprintf)
                  008370c0    00000100                      : frexp.obj (.text:_frexp)
                  008371c0    000000e0                      : trgdrv.obj (.text:_HOSTopen)
                  008372a0    000000e0                      : _printfi.obj (.text:__div)
                  00837380    000000e0                      : fltllif.obj (.text:__fltllif)
                  00837460    000000e0                      : atoi.obj (.text:_atoi)
                  00837540    000000e0                      : lowlev.obj (.text:_close)
                  00837620    000000e0                      : ltoa.obj (.text:_ltoa)
                  00837700    000000e0                      : memset.obj (.text:_memset)
                  008377e0    000000e0                      : printf.obj (.text:_printf)
                  008378c0    000000c0                      : trgdrv.obj (.text:_HOSTread)
                  00837980    000000c0                      : trgdrv.obj (.text:_HOSTunlink)
                  00837a40    000000c0                      : trgdrv.obj (.text:_HOSTwrite)
                  00837b00    000000c0                      : autoinit.obj (.text:__auto_init)
                  00837bc0    000000c0                      : divu.obj (.text:__divu)
                  00837c80    000000c0                      : fflush.obj (.text:__doflush)
                  00837d40    000000c0                      : exit.obj (.text:_exit)
                  00837e00    000000a0                      : trgdrv.obj (.text:_HOSTclose)
                  00837ea0    000000a0                      : fopen.obj (.text:__cleanup)
                  00837f40    000000a0                      : imath40.obj (.text:__divli)
                  00837fe0    000000a0                      : _printfi.obj (.text:__ecpy)
                  00838080    000000a0                      : _printfi.obj (.text:__fcpy)
                  00838120    000000a0                      : fixdli.obj (.text:__fixdli)
                  008381c0    000000a0                      : _printfi.obj (.text:__pconv_f)
                  00838260    000000a0                      : cpy_tbl.obj (.text:_copy_in)
                  00838300    000000a0                      : lowlev.obj (.text:_finddevice)
                  008383a0    000000a0                      : lowlev.obj (.text:_lseek)
                  00838440    000000a0                      : memcpy64.obj (.text:_memcpy)
                  008384e0    000000a0                      : memory.obj (.text:_minsert)
                  00838580    000000a0                      : memory.obj (.text:_mremove)
                  00838620    000000a0                      : lowlev.obj (.text:_write)
                  008386c0    00000080                      : fltlid.obj (.text:__fltlid)
                  00838740    00000080                      : llshift.obj (.text:__llshl)
                  008387c0    00000080                      : boot.obj (.text:_c_int00)
                  00838840    00000080                      : rand.obj (.text:_rand)
                  008388c0    00000080                      : trgmsg.obj (.text:_readmsg)
                  00838940    00000080                      : lowlev.obj (.text:_unlink)
                  008389c0    00000060                      : cpp_init.obj (.text:___TI_cpp_init)
                  00838a20    00000060                      : frcmpyd_div.obj (.text:__frcmpyd_div)
                  00838a80    00000060                      : llshift.obj (.text:__llshru)
                  00838ae0    00000060                      : imath64.obj (.text:__subcull)
                  00838b40    00000060                      : fclose.obj (.text:_fclose)
                  00838ba0    00000060                      : fopen.obj (.text:_fopen)
                  00838c00    00000060                      : memccpy.obj (.text:_memccpy)
                  00838c60    00000060                      : rand.obj (.text:_srand)
                  00838cc0    00000060                      : lowlev.obj (.text:_tabinit)
                  00838d20    00000060                      : trgmsg.obj (.text:_writemsg)
                  00838d80    00000040                      : isinf.obj (.text:___isinf)
                  00838dc0    00000040                      : _printfi.obj (.text:___isnan)
                  00838e00    00000040                      : args_main.obj (.text:__args_main)
                  00838e40    00000040                      : imath40.obj (.text:__remli)
                  00838e80    00000020                      : negll.obj (.text:__negll)
                  00838ea0    00000020                      : _lock.obj (.text:__nop)
                  00838ec0    00000020                      : fprintf.obj (.text:__outc)
                  00838ee0    00000020                      : printf.obj (.text:__outc)
                  00838f00    00000020                      : fprintf.obj (.text:__outs)
                  00838f20    00000020                      : printf.obj (.text:__outs)
                  00838f40    00000020                      : exit.obj (.text:_abort)
                  00838f60    00000020                      : remove.obj (.text:_remove)
                  00838f80    00000010     mathlib.a66 : atanhdp_v.o66 ($Tramp$S$$_atanhdp_v)
                  00838f90    00000010                 : atanhdp_c.o66 ($Tramp$S$$_atanhdp_c)
                  00838fa0    00000010                 : atanhdp.o66 ($Tramp$S$$_atanhdp)
                  00838fb0    00000010     --HOLE-- [fill = 0]

.sysmem    0    00838fc0    00008000     UNINITIALIZED
                  00838fc0    00000008     rts6600_coff.lib : memory.obj (.sysmem)
                  00838fc8    00007ff8     --HOLE--

.cinit     0    00840fc0    0000089c     
                  00840fc0    00000650     atanhdp_d.obj (.cinit)
                  00841610    00000068     rts6600_coff.lib : atanh.obj (.cinit)
                  00841678    0000005c                      : defs.obj (.cinit)
                  008416d4    00000004     --HOLE-- [fill = 0]
                  008416d8    0000005c                      : lowlev.obj (.cinit)
                  00841734    00000004     --HOLE-- [fill = 0]
                  00841738    00000040                      : log.obj (.cinit)
                  00841778    00000030     drvdp.obj (.cinit)
                  008417a8    0000002c     rts6600_coff.lib : exit.obj (.cinit)
                  008417d4    00000004     --HOLE-- [fill = 0]
                  008417d8    0000002c                      : memory.obj (.cinit)
                  00841804    00000004     --HOLE-- [fill = 0]
                  00841808    0000001c                      : _lock.obj (.cinit)
                  00841824    00000004     --HOLE-- [fill = 0]
                  00841828    00000010                      : rand.obj (.cinit)
                  00841838    0000000c                      : errno.obj (.cinit)
                  00841844    00000004     --HOLE-- [fill = 0]
                  00841848    0000000c                      : fopen.obj (.cinit)
                  00841854    00000004     --HOLE-- [fill = 0]
                  00841858    00000004     (.pad.cinit) [fill = 0]

.const     0    00841860    00000387     
                  00841860    00000203     driver.obj (.const:.string)
                  00841a63    00000002     rts6600_coff.lib : fputs.obj (.const:.string)
                  00841a65    00000003     --HOLE-- [fill = 0]
                  00841a68    00000101                      : ctype.obj (.const:.string:__ctypes_)
                  00841b69    0000005b     atanhdp_d.obj (.const:.string)
                  00841bc4    00000023     rts6600_coff.lib : _printfi.obj (.const:.string)

.cio       0    00841be8    00000120     UNINITIALIZED
                  00841be8    00000120     rts6600_coff.lib : trgmsg.obj (.cio)

.kernel_vec 
*          0    00841d20    000010e0     
                  00841d20    000010e0     mathlib.a66 : atanhdp_v.o66 (.text:optvec)

.kernel_ci 
*          0    00842e00    000006c0     
                  00842e00    00000360     mathlib.a66 : atanhdp.o66 (.text:optci)
                  00843160    00000360                 : atanhdp_c.o66 (.text:optci)


FAR CALL TRAMPOLINES

callee name               trampoline name
   callee addr  tramp addr   call addr  call info
--------------  -----------  ---------  ----------------
$.text:optvec:mathlib.a66<atanhdp_v.o66>$0x0  $Tramp$S$$_atanhdp_v
   00841d20     00838f80     00830788   atanhdp_d.obj (.text)
                             00830b6c   atanhdp_d.obj (.text)
                             00830f14   atanhdp_d.obj (.text)
                             008317b0   atanhdp_d.obj (.text)
$.text:optci:mathlib.a66<atanhdp_c.o66>$0x0  $Tramp$S$$_atanhdp_c
   00843160     00838f90     00830560   atanhdp_d.obj (.text)
                             0083058c   atanhdp_d.obj (.text)
                             00830988   atanhdp_d.obj (.text)
                             00830d0c   atanhdp_d.obj (.text)
                             00831554   atanhdp_d.obj (.text)
$.text:optci:mathlib.a66<atanhdp.o66>$0x0  $Tramp$S$$_atanhdp
   00842e00     00838fa0     00830520   atanhdp_d.obj (.text)
                             00830554   atanhdp_d.obj (.text)
                             00830968   atanhdp_d.obj (.text)
                             00830cf4   atanhdp_d.obj (.text)
                             00831418   atanhdp_d.obj (.text)

[3 trampolines]
[14 trampoline calls]


GLOBAL SYMBOLS: SORTED ALPHABETICALLY BY Name 

address    name
--------   ----
00800000   $bss
00800000   .bss
ffffffff   .data
ffffffff   .text
00838f40   C$$EXIT
00838d78   C$$IO$$
00837e00   _HOSTclose
00836cc0   _HOSTlseek
008371c0   _HOSTopen
008378c0   _HOSTread
00835e60   _HOSTrename
00837980   _HOSTunlink
00837a40   _HOSTwrite
00841be8   __CIOBUF_
00830490   __STACK_END
0000c000   __STACK_SIZE
00008000   __SYSMEM_SIZE
00000001   __TI_args_main
008389c0   ___TI_cpp_init
00824468   ___TI_enable_exit_profile_output
ffffffff   ___TI_pprof_out_hndl
ffffffff   ___TI_prof_data_size
ffffffff   ___TI_prof_data_start
ffffffff   ___binit__
00800000   ___bss__
ffffffff   ___c_args__
00840fc0   ___cinit__
ffffffff   ___data__
ffffffff   ___edata__
00800000   ___end__
ffffffff   ___etext__
00838d80   ___isinf
ffffffff   ___pinit__
ffffffff   ___text__
00838e00   __args_main
00837b00   __auto_init
00837bc0   __c6xabi_divu
00837ea0   __cleanup
00824460   __cleanup_ptr
00836720   __closefile
00841a68   __ctypes_
00832000   __divd
00837f40   __divli
00837bc0   __divu
00836000   __divul
00834800   __divull
00837c80   __doflush
00824464   __dtors_ptr
00838120   __fixdli
00836dc0   __fixdlli
008386c0   __fltlid
00837380   __fltllif
00838a20   __frcmpyd_div
00824248   __ft_end
00823f28   __ftable
00838740   __llshl
00838a80   __llshru
0082446c   __lock
00838e80   __negll
00838ea0   __nop
00832b20   __printfi
00838e40   __remli
00824490   __stack
00838ae0   __subcull
00838fc0   __sys_memory
00824108   __tmpnams
00824470   __unlock
00836ec0   __wrt_ok
008238e0   _a
00800000   _a_ext
00807d00   _a_sc
00838f40   _abort
008243cc   _all_pass
00000200   _argsize
00836a80   _atanh
00842e00   _atanhdp
00843160   _atanhdp_c
00841d20   _atanhdp_v
00837460   _atoi
00803e80   _b_ext
00808020   _b_sc
008387c0   _c_int00
00837540   _close
00838260   _copy_in
00824390   _cycle_counts
00831f4c   _driver_init
0082424c   _errno
00837d40   _exit
00838b40   _fclose
008243b8   _fcn_pass
00838ba0   _fopen
00824374   _fp
00836fc0   _fprintf
008350e0   _fputc
008333a0   _fputs
00834580   _free
008370c0   _frexp
00836ba0   _fseek
00833a38   _gimme_random
008238d8   _input
0081bbd8   _input_data
00833768   _isequal
00000000   _kernel_asm_size
000006c0   _kernel_ci_size
000010e0   _kernel_vec_size
00835ca0   _log
008383a0   _lseek
00837620   _ltoa
008304a0   _main
008361a0   _malloc
00838c00   _memccpy
00838440   _memcpy
00837700   _memset
00836320   _open
0081bbc0   _output
00808340   _output_data
00831e6c   _print_memory_results
00831d4c   _print_profile_results
008319a0   _print_test_results
008377e0   _printf
008350e0   _putc
00838840   _rand
008388c0   _readmsg
00838f60   _remove
00824370   _seed
00835720   _setvbuf
00838c60   _srand
00824388   _t_offset
00824378   _t_start
00824380   _t_stop
00838940   _unlink
00838620   _write
00838d20   _writemsg
ffffffff   binit
00840fc0   cinit
00000387   const_size
00841860   const_start
ffffffff   edata
00800000   end
ffffffff   etext
ffffffff   pinit


GLOBAL SYMBOLS: SORTED BY Symbol Address 

address    name
--------   ----
00000000   _kernel_asm_size
00000001   __TI_args_main
00000200   _argsize
00000387   const_size
000006c0   _kernel_ci_size
000010e0   _kernel_vec_size
00008000   __SYSMEM_SIZE
0000c000   __STACK_SIZE
00800000   $bss
00800000   .bss
00800000   ___bss__
00800000   ___end__
00800000   _a_ext
00800000   end
00803e80   _b_ext
00807d00   _a_sc
00808020   _b_sc
00808340   _output_data
0081bbc0   _output
0081bbd8   _input_data
008238d8   _input
008238e0   _a
00823f28   __ftable
00824108   __tmpnams
00824248   __ft_end
0082424c   _errno
00824370   _seed
00824374   _fp
00824378   _t_start
00824380   _t_stop
00824388   _t_offset
00824390   _cycle_counts
008243b8   _fcn_pass
008243cc   _all_pass
00824460   __cleanup_ptr
00824464   __dtors_ptr
00824468   ___TI_enable_exit_profile_output
0082446c   __lock
00824470   __unlock
00824490   __stack
00830490   __STACK_END
008304a0   _main
008319a0   _print_test_results
00831d4c   _print_profile_results
00831e6c   _print_memory_results
00831f4c   _driver_init
00832000   __divd
00832b20   __printfi
008333a0   _fputs
00833768   _isequal
00833a38   _gimme_random
00834580   _free
00834800   __divull
008350e0   _fputc
008350e0   _putc
00835720   _setvbuf
00835ca0   _log
00835e60   _HOSTrename
00836000   __divul
008361a0   _malloc
00836320   _open
00836720   __closefile
00836a80   _atanh
00836ba0   _fseek
00836cc0   _HOSTlseek
00836dc0   __fixdlli
00836ec0   __wrt_ok
00836fc0   _fprintf
008370c0   _frexp
008371c0   _HOSTopen
00837380   __fltllif
00837460   _atoi
00837540   _close
00837620   _ltoa
00837700   _memset
008377e0   _printf
008378c0   _HOSTread
00837980   _HOSTunlink
00837a40   _HOSTwrite
00837b00   __auto_init
00837bc0   __c6xabi_divu
00837bc0   __divu
00837c80   __doflush
00837d40   _exit
00837e00   _HOSTclose
00837ea0   __cleanup
00837f40   __divli
00838120   __fixdli
00838260   _copy_in
008383a0   _lseek
00838440   _memcpy
00838620   _write
008386c0   __fltlid
00838740   __llshl
008387c0   _c_int00
00838840   _rand
008388c0   _readmsg
00838940   _unlink
008389c0   ___TI_cpp_init
00838a20   __frcmpyd_div
00838a80   __llshru
00838ae0   __subcull
00838b40   _fclose
00838ba0   _fopen
00838c00   _memccpy
00838c60   _srand
00838d20   _writemsg
00838d78   C$$IO$$
00838d80   ___isinf
00838e00   __args_main
00838e40   __remli
00838e80   __negll
00838ea0   __nop
00838f40   C$$EXIT
00838f40   _abort
00838f60   _remove
00838fc0   __sys_memory
00840fc0   ___cinit__
00840fc0   cinit
00841860   const_start
00841a68   __ctypes_
00841be8   __CIOBUF_
00841d20   _atanhdp_v
00842e00   _atanhdp
00843160   _atanhdp_c
ffffffff   .data
ffffffff   .text
ffffffff   ___TI_pprof_out_hndl
ffffffff   ___TI_prof_data_size
ffffffff   ___TI_prof_data_start
ffffffff   ___binit__
ffffffff   ___c_args__
ffffffff   ___data__
ffffffff   ___edata__
ffffffff   ___etext__
ffffffff   ___pinit__
ffffffff   ___text__
ffffffff   binit
ffffffff   edata
ffffffff   etext
ffffffff   pinit

[141 symbols]
