<?xml version="1.0"?>
<link_info>
   <banner>TMS320C6x Linker PC v7.4.2</banner>
   <copyright>Copyright (c) 1996-2012 Texas Instruments Incorporated</copyright>
   <link_time>0x573ac1a1</link_time>
   <output_file>exp2sp_66_LE_COFF.out</output_file>
   <entry_point>
      <name>_c_int00</name>
      <address>0x826960</address>
   </entry_point>
   <input_file_list>
      <input_file id="fl-2">
         <path>.\</path>
         <kind>object</kind>
         <file>exp2sp_d.obj</file>
         <name>exp2sp_d.obj</name>
      </input_file>
      <input_file id="fl-3">
         <path>.\</path>
         <kind>object</kind>
         <file>drvsp.obj</file>
         <name>drvsp.obj</name>
      </input_file>
      <input_file id="fl-4">
         <path>.\</path>
         <kind>object</kind>
         <file>driver.obj</file>
         <name>driver.obj</name>
      </input_file>
      <input_file id="fl-e">
         <path>..\..\..\..\..\lib\</path>
         <kind>archive</kind>
         <file>mathlib.a66</file>
         <name>exp2sp.o66</name>
      </input_file>
      <input_file id="fl-f">
         <path>..\..\..\..\..\lib\</path>
         <kind>archive</kind>
         <file>mathlib.a66</file>
         <name>exp2sp_c.o66</name>
      </input_file>
      <input_file id="fl-10">
         <path>..\..\..\..\..\lib\</path>
         <kind>archive</kind>
         <file>mathlib.a66</file>
         <name>exp2sp_v.o66</name>
      </input_file>
      <input_file id="fl-88">
         <path>C:\MATHLIB_Tools\CCSV5_5_0\ccsv5\tools\compiler\c6000_7.4.2\lib\</path>
         <kind>archive</kind>
         <file>rts6600_coff.lib</file>
         <name>boot.obj</name>
      </input_file>
      <input_file id="fl-89">
         <path>C:\MATHLIB_Tools\CCSV5_5_0\ccsv5\tools\compiler\c6000_7.4.2\lib\</path>
         <kind>archive</kind>
         <file>rts6600_coff.lib</file>
         <name>divd.obj</name>
      </input_file>
      <input_file id="fl-8a">
         <path>C:\MATHLIB_Tools\CCSV5_5_0\ccsv5\tools\compiler\c6000_7.4.2\lib\</path>
         <kind>archive</kind>
         <file>rts6600_coff.lib</file>
         <name>divf.obj</name>
      </input_file>
      <input_file id="fl-8b">
         <path>C:\MATHLIB_Tools\CCSV5_5_0\ccsv5\tools\compiler\c6000_7.4.2\lib\</path>
         <kind>archive</kind>
         <file>rts6600_coff.lib</file>
         <name>exit.obj</name>
      </input_file>
      <input_file id="fl-8c">
         <path>C:\MATHLIB_Tools\CCSV5_5_0\ccsv5\tools\compiler\c6000_7.4.2\lib\</path>
         <kind>archive</kind>
         <file>rts6600_coff.lib</file>
         <name>exp2.obj</name>
      </input_file>
      <input_file id="fl-8d">
         <path>C:\MATHLIB_Tools\CCSV5_5_0\ccsv5\tools\compiler\c6000_7.4.2\lib\</path>
         <kind>archive</kind>
         <file>rts6600_coff.lib</file>
         <name>exp2f.obj</name>
      </input_file>
      <input_file id="fl-8e">
         <path>C:\MATHLIB_Tools\CCSV5_5_0\ccsv5\tools\compiler\c6000_7.4.2\lib\</path>
         <kind>archive</kind>
         <file>rts6600_coff.lib</file>
         <name>expf.obj</name>
      </input_file>
      <input_file id="fl-8f">
         <path>C:\MATHLIB_Tools\CCSV5_5_0\ccsv5\tools\compiler\c6000_7.4.2\lib\</path>
         <kind>archive</kind>
         <file>rts6600_coff.lib</file>
         <name>fclose.obj</name>
      </input_file>
      <input_file id="fl-90">
         <path>C:\MATHLIB_Tools\CCSV5_5_0\ccsv5\tools\compiler\c6000_7.4.2\lib\</path>
         <kind>archive</kind>
         <file>rts6600_coff.lib</file>
         <name>fflush.obj</name>
      </input_file>
      <input_file id="fl-91">
         <path>C:\MATHLIB_Tools\CCSV5_5_0\ccsv5\tools\compiler\c6000_7.4.2\lib\</path>
         <kind>archive</kind>
         <file>rts6600_coff.lib</file>
         <name>fixdlli.obj</name>
      </input_file>
      <input_file id="fl-92">
         <path>C:\MATHLIB_Tools\CCSV5_5_0\ccsv5\tools\compiler\c6000_7.4.2\lib\</path>
         <kind>archive</kind>
         <file>rts6600_coff.lib</file>
         <name>fltllif.obj</name>
      </input_file>
      <input_file id="fl-93">
         <path>C:\MATHLIB_Tools\CCSV5_5_0\ccsv5\tools\compiler\c6000_7.4.2\lib\</path>
         <kind>archive</kind>
         <file>rts6600_coff.lib</file>
         <name>fopen.obj</name>
      </input_file>
      <input_file id="fl-94">
         <path>C:\MATHLIB_Tools\CCSV5_5_0\ccsv5\tools\compiler\c6000_7.4.2\lib\</path>
         <kind>archive</kind>
         <file>rts6600_coff.lib</file>
         <name>fprintf.obj</name>
      </input_file>
      <input_file id="fl-95">
         <path>C:\MATHLIB_Tools\CCSV5_5_0\ccsv5\tools\compiler\c6000_7.4.2\lib\</path>
         <kind>archive</kind>
         <file>rts6600_coff.lib</file>
         <name>fputc.obj</name>
      </input_file>
      <input_file id="fl-96">
         <path>C:\MATHLIB_Tools\CCSV5_5_0\ccsv5\tools\compiler\c6000_7.4.2\lib\</path>
         <kind>archive</kind>
         <file>rts6600_coff.lib</file>
         <name>fputs.obj</name>
      </input_file>
      <input_file id="fl-97">
         <path>C:\MATHLIB_Tools\CCSV5_5_0\ccsv5\tools\compiler\c6000_7.4.2\lib\</path>
         <kind>archive</kind>
         <file>rts6600_coff.lib</file>
         <name>frcmpyd_div.obj</name>
      </input_file>
      <input_file id="fl-98">
         <path>C:\MATHLIB_Tools\CCSV5_5_0\ccsv5\tools\compiler\c6000_7.4.2\lib\</path>
         <kind>archive</kind>
         <file>rts6600_coff.lib</file>
         <name>isinff.obj</name>
      </input_file>
      <input_file id="fl-99">
         <path>C:\MATHLIB_Tools\CCSV5_5_0\ccsv5\tools\compiler\c6000_7.4.2\lib\</path>
         <kind>archive</kind>
         <file>rts6600_coff.lib</file>
         <name>ldexpf.obj</name>
      </input_file>
      <input_file id="fl-9a">
         <path>C:\MATHLIB_Tools\CCSV5_5_0\ccsv5\tools\compiler\c6000_7.4.2\lib\</path>
         <kind>archive</kind>
         <file>rts6600_coff.lib</file>
         <name>llshift.obj</name>
      </input_file>
      <input_file id="fl-9b">
         <path>C:\MATHLIB_Tools\CCSV5_5_0\ccsv5\tools\compiler\c6000_7.4.2\lib\</path>
         <kind>archive</kind>
         <file>rts6600_coff.lib</file>
         <name>lowlev.obj</name>
      </input_file>
      <input_file id="fl-9c">
         <path>C:\MATHLIB_Tools\CCSV5_5_0\ccsv5\tools\compiler\c6000_7.4.2\lib\</path>
         <kind>archive</kind>
         <file>rts6600_coff.lib</file>
         <name>memcpy64.obj</name>
      </input_file>
      <input_file id="fl-9d">
         <path>C:\MATHLIB_Tools\CCSV5_5_0\ccsv5\tools\compiler\c6000_7.4.2\lib\</path>
         <kind>archive</kind>
         <file>rts6600_coff.lib</file>
         <name>memory.obj</name>
      </input_file>
      <input_file id="fl-9e">
         <path>C:\MATHLIB_Tools\CCSV5_5_0\ccsv5\tools\compiler\c6000_7.4.2\lib\</path>
         <kind>archive</kind>
         <file>rts6600_coff.lib</file>
         <name>memset.obj</name>
      </input_file>
      <input_file id="fl-9f">
         <path>C:\MATHLIB_Tools\CCSV5_5_0\ccsv5\tools\compiler\c6000_7.4.2\lib\</path>
         <kind>archive</kind>
         <file>rts6600_coff.lib</file>
         <name>modff.obj</name>
      </input_file>
      <input_file id="fl-a0">
         <path>C:\MATHLIB_Tools\CCSV5_5_0\ccsv5\tools\compiler\c6000_7.4.2\lib\</path>
         <kind>archive</kind>
         <file>rts6600_coff.lib</file>
         <name>negll.obj</name>
      </input_file>
      <input_file id="fl-a1">
         <path>C:\MATHLIB_Tools\CCSV5_5_0\ccsv5\tools\compiler\c6000_7.4.2\lib\</path>
         <kind>archive</kind>
         <file>rts6600_coff.lib</file>
         <name>printf.obj</name>
      </input_file>
      <input_file id="fl-a2">
         <path>C:\MATHLIB_Tools\CCSV5_5_0\ccsv5\tools\compiler\c6000_7.4.2\lib\</path>
         <kind>archive</kind>
         <file>rts6600_coff.lib</file>
         <name>rand.obj</name>
      </input_file>
      <input_file id="fl-a3">
         <path>C:\MATHLIB_Tools\CCSV5_5_0\ccsv5\tools\compiler\c6000_7.4.2\lib\</path>
         <kind>archive</kind>
         <file>rts6600_coff.lib</file>
         <name>remove.obj</name>
      </input_file>
      <input_file id="fl-a4">
         <path>C:\MATHLIB_Tools\CCSV5_5_0\ccsv5\tools\compiler\c6000_7.4.2\lib\</path>
         <kind>archive</kind>
         <file>rts6600_coff.lib</file>
         <name>trgdrv.obj</name>
      </input_file>
      <input_file id="fl-a5">
         <path>C:\MATHLIB_Tools\CCSV5_5_0\ccsv5\tools\compiler\c6000_7.4.2\lib\</path>
         <kind>archive</kind>
         <file>rts6600_coff.lib</file>
         <name>trgmsg.obj</name>
      </input_file>
      <input_file id="fl-a6">
         <path>C:\MATHLIB_Tools\CCSV5_5_0\ccsv5\tools\compiler\c6000_7.4.2\lib\</path>
         <kind>archive</kind>
         <file>rts6600_coff.lib</file>
         <name>_io_perm.obj</name>
      </input_file>
      <input_file id="fl-a7">
         <path>C:\MATHLIB_Tools\CCSV5_5_0\ccsv5\tools\compiler\c6000_7.4.2\lib\</path>
         <kind>archive</kind>
         <file>rts6600_coff.lib</file>
         <name>_lock.obj</name>
      </input_file>
      <input_file id="fl-a8">
         <path>C:\MATHLIB_Tools\CCSV5_5_0\ccsv5\tools\compiler\c6000_7.4.2\lib\</path>
         <kind>archive</kind>
         <file>rts6600_coff.lib</file>
         <name>_printfi.obj</name>
      </input_file>
      <input_file id="fl-a9">
         <path>C:\MATHLIB_Tools\CCSV5_5_0\ccsv5\tools\compiler\c6000_7.4.2\lib\</path>
         <kind>archive</kind>
         <file>rts6600_coff.lib</file>
         <name>args_main.obj</name>
      </input_file>
      <input_file id="fl-aa">
         <path>C:\MATHLIB_Tools\CCSV5_5_0\ccsv5\tools\compiler\c6000_7.4.2\lib\</path>
         <kind>archive</kind>
         <file>rts6600_coff.lib</file>
         <name>atoi.obj</name>
      </input_file>
      <input_file id="fl-ab">
         <path>C:\MATHLIB_Tools\CCSV5_5_0\ccsv5\tools\compiler\c6000_7.4.2\lib\</path>
         <kind>archive</kind>
         <file>rts6600_coff.lib</file>
         <name>autoinit.obj</name>
      </input_file>
      <input_file id="fl-ac">
         <path>C:\MATHLIB_Tools\CCSV5_5_0\ccsv5\tools\compiler\c6000_7.4.2\lib\</path>
         <kind>archive</kind>
         <file>rts6600_coff.lib</file>
         <name>cpp_init.obj</name>
      </input_file>
      <input_file id="fl-ad">
         <path>C:\MATHLIB_Tools\CCSV5_5_0\ccsv5\tools\compiler\c6000_7.4.2\lib\</path>
         <kind>archive</kind>
         <file>rts6600_coff.lib</file>
         <name>cpy_tbl.obj</name>
      </input_file>
      <input_file id="fl-ae">
         <path>C:\MATHLIB_Tools\CCSV5_5_0\ccsv5\tools\compiler\c6000_7.4.2\lib\</path>
         <kind>archive</kind>
         <file>rts6600_coff.lib</file>
         <name>ctype.obj</name>
      </input_file>
      <input_file id="fl-af">
         <path>C:\MATHLIB_Tools\CCSV5_5_0\ccsv5\tools\compiler\c6000_7.4.2\lib\</path>
         <kind>archive</kind>
         <file>rts6600_coff.lib</file>
         <name>defs.obj</name>
      </input_file>
      <input_file id="fl-b0">
         <path>C:\MATHLIB_Tools\CCSV5_5_0\ccsv5\tools\compiler\c6000_7.4.2\lib\</path>
         <kind>archive</kind>
         <file>rts6600_coff.lib</file>
         <name>divu.obj</name>
      </input_file>
      <input_file id="fl-b1">
         <path>C:\MATHLIB_Tools\CCSV5_5_0\ccsv5\tools\compiler\c6000_7.4.2\lib\</path>
         <kind>archive</kind>
         <file>rts6600_coff.lib</file>
         <name>errno.obj</name>
      </input_file>
      <input_file id="fl-b2">
         <path>C:\MATHLIB_Tools\CCSV5_5_0\ccsv5\tools\compiler\c6000_7.4.2\lib\</path>
         <kind>archive</kind>
         <file>rts6600_coff.lib</file>
         <name>exp.obj</name>
      </input_file>
      <input_file id="fl-b3">
         <path>C:\MATHLIB_Tools\CCSV5_5_0\ccsv5\tools\compiler\c6000_7.4.2\lib\</path>
         <kind>archive</kind>
         <file>rts6600_coff.lib</file>
         <name>fixdli.obj</name>
      </input_file>
      <input_file id="fl-b4">
         <path>C:\MATHLIB_Tools\CCSV5_5_0\ccsv5\tools\compiler\c6000_7.4.2\lib\</path>
         <kind>archive</kind>
         <file>rts6600_coff.lib</file>
         <name>fltlid.obj</name>
      </input_file>
      <input_file id="fl-b5">
         <path>C:\MATHLIB_Tools\CCSV5_5_0\ccsv5\tools\compiler\c6000_7.4.2\lib\</path>
         <kind>archive</kind>
         <file>rts6600_coff.lib</file>
         <name>fseek.obj</name>
      </input_file>
      <input_file id="fl-b6">
         <path>C:\MATHLIB_Tools\CCSV5_5_0\ccsv5\tools\compiler\c6000_7.4.2\lib\</path>
         <kind>archive</kind>
         <file>rts6600_coff.lib</file>
         <name>imath40.obj</name>
      </input_file>
      <input_file id="fl-b7">
         <path>C:\MATHLIB_Tools\CCSV5_5_0\ccsv5\tools\compiler\c6000_7.4.2\lib\</path>
         <kind>archive</kind>
         <file>rts6600_coff.lib</file>
         <name>imath64.obj</name>
      </input_file>
      <input_file id="fl-b8">
         <path>C:\MATHLIB_Tools\CCSV5_5_0\ccsv5\tools\compiler\c6000_7.4.2\lib\</path>
         <kind>archive</kind>
         <file>rts6600_coff.lib</file>
         <name>isinf.obj</name>
      </input_file>
      <input_file id="fl-b9">
         <path>C:\MATHLIB_Tools\CCSV5_5_0\ccsv5\tools\compiler\c6000_7.4.2\lib\</path>
         <kind>archive</kind>
         <file>rts6600_coff.lib</file>
         <name>ldexp.obj</name>
      </input_file>
      <input_file id="fl-ba">
         <path>C:\MATHLIB_Tools\CCSV5_5_0\ccsv5\tools\compiler\c6000_7.4.2\lib\</path>
         <kind>archive</kind>
         <file>rts6600_coff.lib</file>
         <name>ltoa.obj</name>
      </input_file>
      <input_file id="fl-bb">
         <path>C:\MATHLIB_Tools\CCSV5_5_0\ccsv5\tools\compiler\c6000_7.4.2\lib\</path>
         <kind>archive</kind>
         <file>rts6600_coff.lib</file>
         <name>memccpy.obj</name>
      </input_file>
      <input_file id="fl-bc">
         <path>C:\MATHLIB_Tools\CCSV5_5_0\ccsv5\tools\compiler\c6000_7.4.2\lib\</path>
         <kind>archive</kind>
         <file>rts6600_coff.lib</file>
         <name>setvbuf.obj</name>
      </input_file>
      <input_file id="fl-bd">
         <path>C:\MATHLIB_Tools\CCSV5_5_0\ccsv5\tools\compiler\c6000_7.4.2\lib\</path>
         <kind>archive</kind>
         <file>rts6600_coff.lib</file>
         <name>trunc.obj</name>
      </input_file>
      <input_file id="fl-be">
         <path>C:\MATHLIB_Tools\CCSV5_5_0\ccsv5\tools\compiler\c6000_7.4.2\lib\</path>
         <kind>archive</kind>
         <file>rts6600_coff.lib</file>
         <name>abs.obj</name>
      </input_file>
      <input_file id="fl-bf">
         <path>C:\MATHLIB_Tools\CCSV5_5_0\ccsv5\tools\compiler\c6000_7.4.2\lib\</path>
         <kind>archive</kind>
         <file>rts6600_coff.lib</file>
         <name>modf.obj</name>
      </input_file>
   </input_file_list>
   <object_component_list>
      <object_component id="oc-f8">
         <name>.text:optvec</name>
         <load_address>0x82fc40</load_address>
         <run_address>0x82fc40</run_address>
         <size>0x740</size>
         <input_file_ref idref="fl-10"/>
      </object_component>
      <object_component id="oc-f6">
         <name>.text:optci</name>
         <load_address>0x830380</load_address>
         <run_address>0x830380</run_address>
         <size>0x140</size>
         <input_file_ref idref="fl-e"/>
      </object_component>
      <object_component id="oc-f7">
         <name>.text:optci</name>
         <load_address>0x8304c0</load_address>
         <run_address>0x8304c0</run_address>
         <size>0x140</size>
         <input_file_ref idref="fl-f"/>
      </object_component>
      <object_component id="oc-f0">
         <name>.text</name>
         <load_address>0x81e4e0</load_address>
         <run_address>0x81e4e0</run_address>
         <size>0x1360</size>
         <input_file_ref idref="fl-2"/>
      </object_component>
      <object_component id="oc-f4">
         <name>.text</name>
         <load_address>0x81f840</load_address>
         <run_address>0x81f840</run_address>
         <size>0x660</size>
         <input_file_ref idref="fl-4"/>
      </object_component>
      <object_component id="oc-104">
         <name>.text:__divd</name>
         <load_address>0x81fea0</load_address>
         <run_address>0x81fea0</run_address>
         <size>0x5c0</size>
         <input_file_ref idref="fl-89"/>
      </object_component>
      <object_component id="oc-139">
         <name>.text:__getarg_diouxp</name>
         <load_address>0x820460</load_address>
         <run_address>0x820460</run_address>
         <size>0x560</size>
         <input_file_ref idref="fl-a8"/>
      </object_component>
      <object_component id="oc-10c">
         <name>.text:__printfi</name>
         <load_address>0x8209c0</load_address>
         <run_address>0x8209c0</run_address>
         <size>0x440</size>
         <input_file_ref idref="fl-a8"/>
      </object_component>
      <object_component id="oc-11b">
         <name>.text:__setfield</name>
         <load_address>0x820e00</load_address>
         <run_address>0x820e00</run_address>
         <size>0x440</size>
         <input_file_ref idref="fl-a8"/>
      </object_component>
      <object_component id="oc-118">
         <name>.text:_fputs</name>
         <load_address>0x821240</load_address>
         <run_address>0x821240</run_address>
         <size>0x3a0</size>
         <input_file_ref idref="fl-96"/>
      </object_component>
      <object_component id="oc-f9">
         <name>.text</name>
         <load_address>0x8215e0</load_address>
         <run_address>0x8215e0</run_address>
         <size>0x340</size>
         <input_file_ref idref="fl-3"/>
      </object_component>
      <object_component id="oc-129">
         <name>.text:__pproc_fge</name>
         <load_address>0x821920</load_address>
         <run_address>0x821920</run_address>
         <size>0x320</size>
         <input_file_ref idref="fl-a8"/>
      </object_component>
      <object_component id="oc-11a">
         <name>.text:__pproc_fwp</name>
         <load_address>0x821c40</load_address>
         <run_address>0x821c40</run_address>
         <size>0x2c0</size>
         <input_file_ref idref="fl-a8"/>
      </object_component>
      <object_component id="oc-106">
         <name>.text:__divf</name>
         <load_address>0x821f00</load_address>
         <run_address>0x821f00</run_address>
         <size>0x280</size>
         <input_file_ref idref="fl-8a"/>
      </object_component>
      <object_component id="oc-13e">
         <name>.text:_ecvt</name>
         <load_address>0x822180</load_address>
         <run_address>0x822180</run_address>
         <size>0x280</size>
         <input_file_ref idref="fl-a8"/>
      </object_component>
      <object_component id="oc-141">
         <name>.text:_fcvt</name>
         <load_address>0x822400</load_address>
         <run_address>0x822400</run_address>
         <size>0x280</size>
         <input_file_ref idref="fl-a8"/>
      </object_component>
      <object_component id="oc-122">
         <name>.text:_free</name>
         <load_address>0x822680</load_address>
         <run_address>0x822680</run_address>
         <size>0x280</size>
         <input_file_ref idref="fl-9d"/>
      </object_component>
      <object_component id="oc-149">
         <name>.text:__divull</name>
         <load_address>0x822900</load_address>
         <run_address>0x822900</run_address>
         <size>0x240</size>
         <input_file_ref idref="fl-b7"/>
      </object_component>
      <object_component id="oc-138">
         <name>.text:__pconv_e</name>
         <load_address>0x822b40</load_address>
         <run_address>0x822b40</run_address>
         <size>0x240</size>
         <input_file_ref idref="fl-a8"/>
      </object_component>
      <object_component id="oc-12a">
         <name>.text:__pproc_diouxp</name>
         <load_address>0x822d80</load_address>
         <run_address>0x822d80</run_address>
         <size>0x240</size>
         <input_file_ref idref="fl-a8"/>
      </object_component>
      <object_component id="oc-11c">
         <name>.text:__pproc_str</name>
         <load_address>0x822fc0</load_address>
         <run_address>0x822fc0</run_address>
         <size>0x220</size>
         <input_file_ref idref="fl-a8"/>
      </object_component>
      <object_component id="oc-11d">
         <name>.text:_fputc</name>
         <load_address>0x8231e0</load_address>
         <run_address>0x8231e0</run_address>
         <size>0x220</size>
         <input_file_ref idref="fl-95"/>
      </object_component>
      <object_component id="oc-136">
         <name>.text:__pconv_g</name>
         <load_address>0x823400</load_address>
         <run_address>0x823400</run_address>
         <size>0x200</size>
         <input_file_ref idref="fl-a8"/>
      </object_component>
      <object_component id="oc-132">
         <name>.text:_setvbuf</name>
         <load_address>0x823600</load_address>
         <run_address>0x823600</run_address>
         <size>0x200</size>
         <input_file_ref idref="fl-bc"/>
      </object_component>
      <object_component id="oc-107">
         <name>.text:_exp</name>
         <load_address>0x823800</load_address>
         <run_address>0x823800</run_address>
         <size>0x1e0</size>
         <input_file_ref idref="fl-b2"/>
      </object_component>
      <object_component id="oc-140">
         <name>.text:__mcpy</name>
         <load_address>0x8239e0</load_address>
         <run_address>0x8239e0</run_address>
         <size>0x1c0</size>
         <input_file_ref idref="fl-a8"/>
      </object_component>
      <object_component id="oc-10f">
         <name>.text:__openfile</name>
         <load_address>0x823ba0</load_address>
         <run_address>0x823ba0</run_address>
         <size>0x1c0</size>
         <input_file_ref idref="fl-93"/>
      </object_component>
      <object_component id="oc-eb">
         <name>.text:_HOSTrename</name>
         <load_address>0x823d60</load_address>
         <run_address>0x823d60</run_address>
         <size>0x1a0</size>
         <input_file_ref idref="fl-a4"/>
      </object_component>
      <object_component id="oc-148">
         <name>.text:__divul</name>
         <load_address>0x823f00</load_address>
         <run_address>0x823f00</run_address>
         <size>0x1a0</size>
         <input_file_ref idref="fl-b6"/>
      </object_component>
      <object_component id="oc-103">
         <name>.text:_expf</name>
         <load_address>0x8240a0</load_address>
         <run_address>0x8240a0</run_address>
         <size>0x1a0</size>
         <input_file_ref idref="fl-8e"/>
      </object_component>
      <object_component id="oc-13d">
         <name>.text:_malloc</name>
         <load_address>0x824240</load_address>
         <run_address>0x824240</run_address>
         <size>0x180</size>
         <input_file_ref idref="fl-9d"/>
      </object_component>
      <object_component id="oc-120">
         <name>.text:_open</name>
         <load_address>0x8243c0</load_address>
         <run_address>0x8243c0</run_address>
         <size>0x180</size>
         <input_file_ref idref="fl-9b"/>
      </object_component>
      <object_component id="oc-117">
         <name>.text:_ldexp</name>
         <load_address>0x824540</load_address>
         <run_address>0x824540</run_address>
         <size>0x160</size>
         <input_file_ref idref="fl-b9"/>
      </object_component>
      <object_component id="oc-119">
         <name>.text:__pproc_fflags</name>
         <load_address>0x8246a0</load_address>
         <run_address>0x8246a0</run_address>
         <size>0x140</size>
         <input_file_ref idref="fl-a8"/>
      </object_component>
      <object_component id="oc-12d">
         <name>.text:_getdevice</name>
         <load_address>0x8247e0</load_address>
         <run_address>0x8247e0</run_address>
         <size>0x140</size>
         <input_file_ref idref="fl-9b"/>
      </object_component>
      <object_component id="oc-112">
         <name>.text:__closefile</name>
         <load_address>0x824920</load_address>
         <run_address>0x824920</run_address>
         <size>0x120</size>
         <input_file_ref idref="fl-8f"/>
      </object_component>
      <object_component id="oc-13a">
         <name>.text:__ltostr</name>
         <load_address>0x824a40</load_address>
         <run_address>0x824a40</run_address>
         <size>0x120</size>
         <input_file_ref idref="fl-a8"/>
      </object_component>
      <object_component id="oc-10e">
         <name>.text:__search_fp</name>
         <load_address>0x824b60</load_address>
         <run_address>0x824b60</run_address>
         <size>0x120</size>
         <input_file_ref idref="fl-93"/>
      </object_component>
      <object_component id="oc-131">
         <name>.text:_fseek</name>
         <load_address>0x824c80</load_address>
         <run_address>0x824c80</run_address>
         <size>0x120</size>
         <input_file_ref idref="fl-b5"/>
      </object_component>
      <object_component id="oc-114">
         <name>.text:_ldexpf</name>
         <load_address>0x824da0</load_address>
         <run_address>0x824da0</run_address>
         <size>0x120</size>
         <input_file_ref idref="fl-99"/>
      </object_component>
      <object_component id="oc-e9">
         <name>.text:_HOSTlseek</name>
         <load_address>0x824ec0</load_address>
         <run_address>0x824ec0</run_address>
         <size>0x100</size>
         <input_file_ref idref="fl-a4"/>
      </object_component>
      <object_component id="oc-fc">
         <name>.text:__fixdlli</name>
         <load_address>0x824fc0</load_address>
         <run_address>0x824fc0</run_address>
         <size>0x100</size>
         <input_file_ref idref="fl-91"/>
      </object_component>
      <object_component id="oc-126">
         <name>.text:__wrt_ok</name>
         <load_address>0x8250c0</load_address>
         <run_address>0x8250c0</run_address>
         <size>0x100</size>
         <input_file_ref idref="fl-a6"/>
      </object_component>
      <object_component id="oc-100">
         <name>.text:_fprintf</name>
         <load_address>0x8251c0</load_address>
         <run_address>0x8251c0</run_address>
         <size>0x100</size>
         <input_file_ref idref="fl-94"/>
      </object_component>
      <object_component id="oc-e5">
         <name>.text:_HOSTopen</name>
         <load_address>0x8252c0</load_address>
         <run_address>0x8252c0</run_address>
         <size>0xe0</size>
         <input_file_ref idref="fl-a4"/>
      </object_component>
      <object_component id="oc-143">
         <name>.text:__div</name>
         <load_address>0x8253a0</load_address>
         <run_address>0x8253a0</run_address>
         <size>0xe0</size>
         <input_file_ref idref="fl-a8"/>
      </object_component>
      <object_component id="oc-fb">
         <name>.text:__fltllif</name>
         <load_address>0x825480</load_address>
         <run_address>0x825480</run_address>
         <size>0xe0</size>
         <input_file_ref idref="fl-92"/>
      </object_component>
      <object_component id="oc-128">
         <name>.text:_atoi</name>
         <load_address>0x825560</load_address>
         <run_address>0x825560</run_address>
         <size>0xe0</size>
         <input_file_ref idref="fl-aa"/>
      </object_component>
      <object_component id="oc-123">
         <name>.text:_close</name>
         <load_address>0x825640</load_address>
         <run_address>0x825640</run_address>
         <size>0xe0</size>
         <input_file_ref idref="fl-9b"/>
      </object_component>
      <object_component id="oc-145">
         <name>.text:_ltoa</name>
         <load_address>0x825720</load_address>
         <run_address>0x825720</run_address>
         <size>0xe0</size>
         <input_file_ref idref="fl-ba"/>
      </object_component>
      <object_component id="oc-11e">
         <name>.text:_memset</name>
         <load_address>0x825800</load_address>
         <run_address>0x825800</run_address>
         <size>0xe0</size>
         <input_file_ref idref="fl-9e"/>
      </object_component>
      <object_component id="oc-fd">
         <name>.text:_printf</name>
         <load_address>0x8258e0</load_address>
         <run_address>0x8258e0</run_address>
         <size>0xe0</size>
         <input_file_ref idref="fl-a1"/>
      </object_component>
      <object_component id="oc-e7">
         <name>.text:_HOSTread</name>
         <load_address>0x8259c0</load_address>
         <run_address>0x8259c0</run_address>
         <size>0xc0</size>
         <input_file_ref idref="fl-a4"/>
      </object_component>
      <object_component id="oc-ea">
         <name>.text:_HOSTunlink</name>
         <load_address>0x825a80</load_address>
         <run_address>0x825a80</run_address>
         <size>0xc0</size>
         <input_file_ref idref="fl-a4"/>
      </object_component>
      <object_component id="oc-e8">
         <name>.text:_HOSTwrite</name>
         <load_address>0x825b40</load_address>
         <run_address>0x825b40</run_address>
         <size>0xc0</size>
         <input_file_ref idref="fl-a4"/>
      </object_component>
      <object_component id="oc-e2">
         <name>.text:__auto_init</name>
         <load_address>0x825c00</load_address>
         <run_address>0x825c00</run_address>
         <size>0xc0</size>
         <input_file_ref idref="fl-ab"/>
      </object_component>
      <object_component id="oc-147">
         <name>.text:__divu</name>
         <load_address>0x825cc0</load_address>
         <run_address>0x825cc0</run_address>
         <size>0xc0</size>
         <input_file_ref idref="fl-b0"/>
      </object_component>
      <object_component id="oc-121">
         <name>.text:__doflush</name>
         <load_address>0x825d80</load_address>
         <run_address>0x825d80</run_address>
         <size>0xc0</size>
         <input_file_ref idref="fl-90"/>
      </object_component>
      <object_component id="oc-e4">
         <name>.text:_exit</name>
         <load_address>0x825e40</load_address>
         <run_address>0x825e40</run_address>
         <size>0xc0</size>
         <input_file_ref idref="fl-8b"/>
      </object_component>
      <object_component id="oc-e6">
         <name>.text:_HOSTclose</name>
         <load_address>0x825f00</load_address>
         <run_address>0x825f00</run_address>
         <size>0xa0</size>
         <input_file_ref idref="fl-a4"/>
      </object_component>
      <object_component id="oc-11f">
         <name>.text:__cleanup</name>
         <load_address>0x825fa0</load_address>
         <run_address>0x825fa0</run_address>
         <size>0xa0</size>
         <input_file_ref idref="fl-93"/>
      </object_component>
      <object_component id="oc-14b">
         <name>.text:__divli</name>
         <load_address>0x826040</load_address>
         <run_address>0x826040</run_address>
         <size>0xa0</size>
         <input_file_ref idref="fl-b6"/>
      </object_component>
      <object_component id="oc-13f">
         <name>.text:__ecpy</name>
         <load_address>0x8260e0</load_address>
         <run_address>0x8260e0</run_address>
         <size>0xa0</size>
         <input_file_ref idref="fl-a8"/>
      </object_component>
      <object_component id="oc-142">
         <name>.text:__fcpy</name>
         <load_address>0x826180</load_address>
         <run_address>0x826180</run_address>
         <size>0xa0</size>
         <input_file_ref idref="fl-a8"/>
      </object_component>
      <object_component id="oc-144">
         <name>.text:__fixdli</name>
         <load_address>0x826220</load_address>
         <run_address>0x826220</run_address>
         <size>0xa0</size>
         <input_file_ref idref="fl-b3"/>
      </object_component>
      <object_component id="oc-137">
         <name>.text:__pconv_f</name>
         <load_address>0x8262c0</load_address>
         <run_address>0x8262c0</run_address>
         <size>0xa0</size>
         <input_file_ref idref="fl-a8"/>
      </object_component>
      <object_component id="oc-ed">
         <name>.text:_copy_in</name>
         <load_address>0x826360</load_address>
         <run_address>0x826360</run_address>
         <size>0xa0</size>
         <input_file_ref idref="fl-ad"/>
      </object_component>
      <object_component id="oc-13b">
         <name>.text:_finddevice</name>
         <load_address>0x826400</load_address>
         <run_address>0x826400</run_address>
         <size>0xa0</size>
         <input_file_ref idref="fl-9b"/>
      </object_component>
      <object_component id="oc-13c">
         <name>.text:_lseek</name>
         <load_address>0x8264a0</load_address>
         <run_address>0x8264a0</run_address>
         <size>0xa0</size>
         <input_file_ref idref="fl-9b"/>
      </object_component>
      <object_component id="oc-ee">
         <name>.text:_memcpy</name>
         <load_address>0x826540</load_address>
         <run_address>0x826540</run_address>
         <size>0xa0</size>
         <input_file_ref idref="fl-9c"/>
      </object_component>
      <object_component id="oc-12f">
         <name>.text:_minsert</name>
         <load_address>0x8265e0</load_address>
         <run_address>0x8265e0</run_address>
         <size>0xa0</size>
         <input_file_ref idref="fl-9d"/>
      </object_component>
      <object_component id="oc-125">
         <name>.text:_modf</name>
         <load_address>0x826680</load_address>
         <run_address>0x826680</run_address>
         <size>0xa0</size>
         <input_file_ref idref="fl-bf"/>
      </object_component>
      <object_component id="oc-12e">
         <name>.text:_mremove</name>
         <load_address>0x826720</load_address>
         <run_address>0x826720</run_address>
         <size>0xa0</size>
         <input_file_ref idref="fl-9d"/>
      </object_component>
      <object_component id="oc-127">
         <name>.text:_write</name>
         <load_address>0x8267c0</load_address>
         <run_address>0x8267c0</run_address>
         <size>0xa0</size>
         <input_file_ref idref="fl-9b"/>
      </object_component>
      <object_component id="oc-146">
         <name>.text:__fltlid</name>
         <load_address>0x826860</load_address>
         <run_address>0x826860</run_address>
         <size>0x80</size>
         <input_file_ref idref="fl-b4"/>
      </object_component>
      <object_component id="oc-109">
         <name>.text:__llshl</name>
         <load_address>0x8268e0</load_address>
         <run_address>0x8268e0</run_address>
         <size>0x80</size>
         <input_file_ref idref="fl-9a"/>
      </object_component>
      <object_component id="oc-1b">
         <name>.text:_c_int00</name>
         <load_address>0x826960</load_address>
         <run_address>0x826960</run_address>
         <size>0x80</size>
         <input_file_ref idref="fl-88"/>
      </object_component>
      <object_component id="oc-fe">
         <name>.text:_rand</name>
         <load_address>0x8269e0</load_address>
         <run_address>0x8269e0</run_address>
         <size>0x80</size>
         <input_file_ref idref="fl-a2"/>
      </object_component>
      <object_component id="oc-f3">
         <name>.text:_readmsg</name>
         <load_address>0x826a60</load_address>
         <run_address>0x826a60</run_address>
         <size>0x80</size>
         <input_file_ref idref="fl-a5"/>
      </object_component>
      <object_component id="oc-130">
         <name>.text:_unlink</name>
         <load_address>0x826ae0</load_address>
         <run_address>0x826ae0</run_address>
         <size>0x80</size>
         <input_file_ref idref="fl-9b"/>
      </object_component>
      <object_component id="oc-ef">
         <name>.text:___TI_cpp_init</name>
         <load_address>0x826b60</load_address>
         <run_address>0x826b60</run_address>
         <size>0x60</size>
         <input_file_ref idref="fl-ac"/>
      </object_component>
      <object_component id="oc-115">
         <name>.text:__frcmpyd_div</name>
         <load_address>0x826bc0</load_address>
         <run_address>0x826bc0</run_address>
         <size>0x60</size>
         <input_file_ref idref="fl-97"/>
      </object_component>
      <object_component id="oc-10a">
         <name>.text:__llshru</name>
         <load_address>0x826c20</load_address>
         <run_address>0x826c20</run_address>
         <size>0x60</size>
         <input_file_ref idref="fl-9a"/>
      </object_component>
      <object_component id="oc-14c">
         <name>.text:__subcull</name>
         <load_address>0x826c80</load_address>
         <run_address>0x826c80</run_address>
         <size>0x60</size>
         <input_file_ref idref="fl-b7"/>
      </object_component>
      <object_component id="oc-101">
         <name>.text:_fclose</name>
         <load_address>0x826ce0</load_address>
         <run_address>0x826ce0</run_address>
         <size>0x60</size>
         <input_file_ref idref="fl-8f"/>
      </object_component>
      <object_component id="oc-ff">
         <name>.text:_fopen</name>
         <load_address>0x826d40</load_address>
         <run_address>0x826d40</run_address>
         <size>0x60</size>
         <input_file_ref idref="fl-93"/>
      </object_component>
      <object_component id="oc-12b">
         <name>.text:_memccpy</name>
         <load_address>0x826da0</load_address>
         <run_address>0x826da0</run_address>
         <size>0x60</size>
         <input_file_ref idref="fl-bb"/>
      </object_component>
      <object_component id="oc-113">
         <name>.text:_modff</name>
         <load_address>0x826e00</load_address>
         <run_address>0x826e00</run_address>
         <size>0x60</size>
         <input_file_ref idref="fl-9f"/>
      </object_component>
      <object_component id="oc-102">
         <name>.text:_srand</name>
         <load_address>0x826e60</load_address>
         <run_address>0x826e60</run_address>
         <size>0x60</size>
         <input_file_ref idref="fl-a2"/>
      </object_component>
      <object_component id="oc-12c">
         <name>.text:_tabinit</name>
         <load_address>0x826ec0</load_address>
         <run_address>0x826ec0</run_address>
         <size>0x60</size>
         <input_file_ref idref="fl-9b"/>
      </object_component>
      <object_component id="oc-f2">
         <name>.text:_writemsg</name>
         <load_address>0x826f20</load_address>
         <run_address>0x826f20</run_address>
         <size>0x60</size>
         <input_file_ref idref="fl-a5"/>
      </object_component>
      <object_component id="oc-135">
         <name>.text:___isinf</name>
         <load_address>0x826f80</load_address>
         <run_address>0x826f80</run_address>
         <size>0x40</size>
         <input_file_ref idref="fl-b8"/>
      </object_component>
      <object_component id="oc-134">
         <name>.text:___isnan</name>
         <load_address>0x826fc0</load_address>
         <run_address>0x826fc0</run_address>
         <size>0x40</size>
         <input_file_ref idref="fl-a8"/>
      </object_component>
      <object_component id="oc-e3">
         <name>.text:__args_main</name>
         <load_address>0x827000</load_address>
         <run_address>0x827000</run_address>
         <size>0x40</size>
         <input_file_ref idref="fl-a9"/>
      </object_component>
      <object_component id="oc-14a">
         <name>.text:__remli</name>
         <load_address>0x827040</load_address>
         <run_address>0x827040</run_address>
         <size>0x40</size>
         <input_file_ref idref="fl-b6"/>
      </object_component>
      <object_component id="oc-105">
         <name>.text:___isinff</name>
         <load_address>0x827080</load_address>
         <run_address>0x827080</run_address>
         <size>0x20</size>
         <input_file_ref idref="fl-98"/>
      </object_component>
      <object_component id="oc-108">
         <name>.text:__negll</name>
         <load_address>0x8270a0</load_address>
         <run_address>0x8270a0</run_address>
         <size>0x20</size>
         <input_file_ref idref="fl-a0"/>
      </object_component>
      <object_component id="oc-ec">
         <name>.text:__nop</name>
         <load_address>0x8270c0</load_address>
         <run_address>0x8270c0</run_address>
         <size>0x20</size>
         <input_file_ref idref="fl-a7"/>
      </object_component>
      <object_component id="oc-111">
         <name>.text:__outc</name>
         <load_address>0x8270e0</load_address>
         <run_address>0x8270e0</run_address>
         <size>0x20</size>
         <input_file_ref idref="fl-94"/>
      </object_component>
      <object_component id="oc-10d">
         <name>.text:__outc</name>
         <load_address>0x827100</load_address>
         <run_address>0x827100</run_address>
         <size>0x20</size>
         <input_file_ref idref="fl-a1"/>
      </object_component>
      <object_component id="oc-110">
         <name>.text:__outs</name>
         <load_address>0x827120</load_address>
         <run_address>0x827120</run_address>
         <size>0x20</size>
         <input_file_ref idref="fl-94"/>
      </object_component>
      <object_component id="oc-10b">
         <name>.text:__outs</name>
         <load_address>0x827140</load_address>
         <run_address>0x827140</run_address>
         <size>0x20</size>
         <input_file_ref idref="fl-a1"/>
      </object_component>
      <object_component id="oc-116">
         <name>.text:__trunc</name>
         <load_address>0x827160</load_address>
         <run_address>0x827160</run_address>
         <size>0x20</size>
         <input_file_ref idref="fl-bd"/>
      </object_component>
      <object_component id="oc-f1">
         <name>.text:_abort</name>
         <load_address>0x827180</load_address>
         <run_address>0x827180</run_address>
         <size>0x20</size>
         <input_file_ref idref="fl-8b"/>
      </object_component>
      <object_component id="oc-fa">
         <name>.text:_exp2</name>
         <load_address>0x8271a0</load_address>
         <run_address>0x8271a0</run_address>
         <size>0x20</size>
         <input_file_ref idref="fl-8c"/>
      </object_component>
      <object_component id="oc-f5">
         <name>.text:_exp2f</name>
         <load_address>0x8271c0</load_address>
         <run_address>0x8271c0</run_address>
         <size>0x20</size>
         <input_file_ref idref="fl-8d"/>
      </object_component>
      <object_component id="oc-124">
         <name>.text:_remove</name>
         <load_address>0x8271e0</load_address>
         <run_address>0x8271e0</run_address>
         <size>0x20</size>
         <input_file_ref idref="fl-a3"/>
      </object_component>
      <object_component id="oc-16d">
         <name>$Tramp$S$$_exp2sp_v</name>
         <load_address>0x827200</load_address>
         <run_address>0x827200</run_address>
         <size>0x10</size>
         <input_file_ref idref="fl-10"/>
      </object_component>
      <object_component id="oc-16c">
         <name>$Tramp$S$$_exp2sp_c</name>
         <load_address>0x827210</load_address>
         <run_address>0x827210</run_address>
         <size>0x10</size>
         <input_file_ref idref="fl-f"/>
      </object_component>
      <object_component id="oc-16b">
         <name>$Tramp$S$$_exp2sp</name>
         <load_address>0x827220</load_address>
         <run_address>0x827220</run_address>
         <size>0x10</size>
         <input_file_ref idref="fl-e"/>
      </object_component>
      <object_component id="oc-20">
         <name>.far</name>
         <uninitialized>true</uninitialized>
         <run_address>0x800000</run_address>
         <size>0x11c80</size>
         <input_file_ref idref="fl-3"/>
      </object_component>
      <object_component id="oc-1d">
         <name>.far</name>
         <uninitialized>true</uninitialized>
         <run_address>0x811c80</run_address>
         <size>0x324</size>
         <input_file_ref idref="fl-2"/>
      </object_component>
      <object_component id="oc-b4">
         <name>.far</name>
         <uninitialized>true</uninitialized>
         <run_address>0x811fa4</run_address>
         <size>0x4</size>
         <input_file_ref idref="fl-b1"/>
      </object_component>
      <object_component id="oc-ad">
         <name>.far</name>
         <uninitialized>true</uninitialized>
         <run_address>0x811fa8</run_address>
         <size>0x324</size>
         <input_file_ref idref="fl-af"/>
      </object_component>
      <object_component id="oc-4b">
         <name>.far</name>
         <uninitialized>true</uninitialized>
         <run_address>0x8122cc</run_address>
         <size>0x4</size>
         <input_file_ref idref="fl-93"/>
      </object_component>
      <object_component id="oc-66">
         <name>.far</name>
         <uninitialized>true</uninitialized>
         <run_address>0x8122d0</run_address>
         <size>0x11c</size>
         <input_file_ref idref="fl-9b"/>
      </object_component>
      <object_component id="oc-21">
         <name>.far</name>
         <uninitialized>true</uninitialized>
         <run_address>0x8123f0</run_address>
         <size>0x60</size>
         <input_file_ref idref="fl-4"/>
      </object_component>
      <object_component id="oc-b8">
         <name>.far</name>
         <uninitialized>true</uninitialized>
         <run_address>0x812450</run_address>
         <size>0x30</size>
         <input_file_ref idref="fl-b2"/>
      </object_component>
      <object_component id="oc-3a">
         <name>.far</name>
         <uninitialized>true</uninitialized>
         <run_address>0x812480</run_address>
         <size>0x1c</size>
         <input_file_ref idref="fl-8e"/>
      </object_component>
      <object_component id="oc-2f">
         <name>.far</name>
         <uninitialized>true</uninitialized>
         <run_address>0x81249c</run_address>
         <size>0xc</size>
         <input_file_ref idref="fl-8b"/>
      </object_component>
      <object_component id="oc-93">
         <name>.far</name>
         <uninitialized>true</uninitialized>
         <run_address>0x8124a8</run_address>
         <size>0x8</size>
         <input_file_ref idref="fl-a7"/>
      </object_component>
      <object_component id="oc-6e">
         <name>.far</name>
         <uninitialized>true</uninitialized>
         <run_address>0x8124b0</run_address>
         <size>0x8</size>
         <input_file_ref idref="fl-9d"/>
      </object_component>
      <object_component id="oc-80">
         <name>.far</name>
         <uninitialized>true</uninitialized>
         <run_address>0x8124b8</run_address>
         <size>0x8</size>
         <input_file_ref idref="fl-a2"/>
      </object_component>
      <object_component id="oc-87">
         <name>.far</name>
         <uninitialized>true</uninitialized>
         <run_address>0x8124c0</run_address>
         <size>0x8</size>
         <input_file_ref idref="fl-a4"/>
      </object_component>
      <object_component id="oc-24">
         <name>.stack</name>
         <uninitialized>true</uninitialized>
         <run_address>0x8124c8</run_address>
         <size>0x8</size>
         <input_file_ref idref="fl-88"/>
      </object_component>
      <object_component id="oc-169">
         <name>.stack</name>
         <uninitialized>true</uninitialized>
         <run_address>0x8124c8</run_address>
         <size>0x0</size>
      </object_component>
      <object_component id="oc-6f">
         <name>.sysmem</name>
         <uninitialized>true</uninitialized>
         <run_address>0x827240</run_address>
         <size>0x8</size>
         <input_file_ref idref="fl-9d"/>
      </object_component>
      <object_component id="oc-16a">
         <name>.sysmem</name>
         <uninitialized>true</uninitialized>
         <run_address>0x827240</run_address>
         <size>0x0</size>
      </object_component>
      <object_component id="oc-1c">
         <name>.cinit</name>
         <load_address>0x82f240</load_address>
         <run_address>0x82f240</run_address>
         <size>0x32c</size>
         <input_file_ref idref="fl-2"/>
      </object_component>
      <object_component id="oc-ac">
         <name>.cinit</name>
         <load_address>0x82f570</load_address>
         <run_address>0x82f570</run_address>
         <size>0x5c</size>
         <input_file_ref idref="fl-af"/>
      </object_component>
      <object_component id="oc-65">
         <name>.cinit</name>
         <load_address>0x82f5d0</load_address>
         <run_address>0x82f5d0</run_address>
         <size>0x5c</size>
         <input_file_ref idref="fl-9b"/>
      </object_component>
      <object_component id="oc-b7">
         <name>.cinit</name>
         <load_address>0x82f630</load_address>
         <run_address>0x82f630</run_address>
         <size>0x40</size>
         <input_file_ref idref="fl-b2"/>
      </object_component>
      <object_component id="oc-1f">
         <name>.cinit</name>
         <load_address>0x82f670</load_address>
         <run_address>0x82f670</run_address>
         <size>0x30</size>
         <input_file_ref idref="fl-3"/>
      </object_component>
      <object_component id="oc-2e">
         <name>.cinit</name>
         <load_address>0x82f6a0</load_address>
         <run_address>0x82f6a0</run_address>
         <size>0x2c</size>
         <input_file_ref idref="fl-8b"/>
      </object_component>
      <object_component id="oc-6d">
         <name>.cinit</name>
         <load_address>0x82f6d0</load_address>
         <run_address>0x82f6d0</run_address>
         <size>0x2c</size>
         <input_file_ref idref="fl-9d"/>
      </object_component>
      <object_component id="oc-39">
         <name>.cinit</name>
         <load_address>0x82f700</load_address>
         <run_address>0x82f700</run_address>
         <size>0x24</size>
         <input_file_ref idref="fl-8e"/>
      </object_component>
      <object_component id="oc-92">
         <name>.cinit</name>
         <load_address>0x82f728</load_address>
         <run_address>0x82f728</run_address>
         <size>0x1c</size>
         <input_file_ref idref="fl-a7"/>
      </object_component>
      <object_component id="oc-7f">
         <name>.cinit</name>
         <load_address>0x82f748</load_address>
         <run_address>0x82f748</run_address>
         <size>0x10</size>
         <input_file_ref idref="fl-a2"/>
      </object_component>
      <object_component id="oc-b3">
         <name>.cinit</name>
         <load_address>0x82f758</load_address>
         <run_address>0x82f758</run_address>
         <size>0xc</size>
         <input_file_ref idref="fl-b1"/>
      </object_component>
      <object_component id="oc-4a">
         <name>.cinit</name>
         <load_address>0x82f768</load_address>
         <run_address>0x82f768</run_address>
         <size>0xc</size>
         <input_file_ref idref="fl-93"/>
      </object_component>
      <object_component id="oc-22">
         <name>.const:.string</name>
         <load_address>0x82f780</load_address>
         <run_address>0x82f780</run_address>
         <size>0x203</size>
         <input_file_ref idref="fl-4"/>
      </object_component>
      <object_component id="oc-55">
         <name>.const:.string</name>
         <load_address>0x82f983</load_address>
         <run_address>0x82f983</run_address>
         <size>0x2</size>
         <input_file_ref idref="fl-96"/>
      </object_component>
      <object_component id="oc-133">
         <name>.const:.string:__ctypes_</name>
         <load_address>0x82f988</load_address>
         <run_address>0x82f988</run_address>
         <size>0x101</size>
         <input_file_ref idref="fl-ae"/>
      </object_component>
      <object_component id="oc-1e">
         <name>.const:.string</name>
         <load_address>0x82fa89</load_address>
         <run_address>0x82fa89</run_address>
         <size>0x5a</size>
         <input_file_ref idref="fl-2"/>
      </object_component>
      <object_component id="oc-97">
         <name>.const:.string</name>
         <load_address>0x82fae3</load_address>
         <run_address>0x82fae3</run_address>
         <size>0x23</size>
         <input_file_ref idref="fl-a8"/>
      </object_component>
      <object_component id="oc-8b">
         <name>.cio</name>
         <uninitialized>true</uninitialized>
         <run_address>0x82fb08</run_address>
         <size>0x120</size>
         <input_file_ref idref="fl-a5"/>
      </object_component>
      <object_component id="oc-23">
         <name>.debug_info</name>
         <load_address>0x0</load_address>
         <run_address>0x0</run_address>
         <size>0x70a</size>
         <input_file_ref idref="fl-88"/>
      </object_component>
      <object_component id="oc-27">
         <name>.debug_info</name>
         <load_address>0x70a</load_address>
         <run_address>0x70a</run_address>
         <size>0x982</size>
         <input_file_ref idref="fl-89"/>
      </object_component>
      <object_component id="oc-2a">
         <name>.debug_info</name>
         <load_address>0x108c</load_address>
         <run_address>0x108c</run_address>
         <size>0x8cd</size>
         <input_file_ref idref="fl-8a"/>
      </object_component>
      <object_component id="oc-2d">
         <name>.debug_info</name>
         <load_address>0x1959</load_address>
         <run_address>0x1959</run_address>
         <size>0x7f1</size>
         <input_file_ref idref="fl-8b"/>
      </object_component>
      <object_component id="oc-32">
         <name>.debug_info</name>
         <load_address>0x214a</load_address>
         <run_address>0x214a</run_address>
         <size>0x631</size>
         <input_file_ref idref="fl-8c"/>
      </object_component>
      <object_component id="oc-35">
         <name>.debug_info</name>
         <load_address>0x277b</load_address>
         <run_address>0x277b</run_address>
         <size>0x638</size>
         <input_file_ref idref="fl-8d"/>
      </object_component>
      <object_component id="oc-38">
         <name>.debug_info</name>
         <load_address>0x2db3</load_address>
         <run_address>0x2db3</run_address>
         <size>0x700</size>
         <input_file_ref idref="fl-8e"/>
      </object_component>
      <object_component id="oc-3d">
         <name>.debug_info</name>
         <load_address>0x34b3</load_address>
         <run_address>0x34b3</run_address>
         <size>0x87f</size>
         <input_file_ref idref="fl-8f"/>
      </object_component>
      <object_component id="oc-40">
         <name>.debug_info</name>
         <load_address>0x3d32</load_address>
         <run_address>0x3d32</run_address>
         <size>0x780</size>
         <input_file_ref idref="fl-90"/>
      </object_component>
      <object_component id="oc-43">
         <name>.debug_info</name>
         <load_address>0x44b2</load_address>
         <run_address>0x44b2</run_address>
         <size>0x6b6</size>
         <input_file_ref idref="fl-91"/>
      </object_component>
      <object_component id="oc-46">
         <name>.debug_info</name>
         <load_address>0x4b68</load_address>
         <run_address>0x4b68</run_address>
         <size>0x68e</size>
         <input_file_ref idref="fl-92"/>
      </object_component>
      <object_component id="oc-49">
         <name>.debug_info</name>
         <load_address>0x51f6</load_address>
         <run_address>0x51f6</run_address>
         <size>0xaf8</size>
         <input_file_ref idref="fl-93"/>
      </object_component>
      <object_component id="oc-4e">
         <name>.debug_info</name>
         <load_address>0x5cee</load_address>
         <run_address>0x5cee</run_address>
         <size>0x8f7</size>
         <input_file_ref idref="fl-94"/>
      </object_component>
      <object_component id="oc-51">
         <name>.debug_info</name>
         <load_address>0x65e5</load_address>
         <run_address>0x65e5</run_address>
         <size>0x829</size>
         <input_file_ref idref="fl-95"/>
      </object_component>
      <object_component id="oc-54">
         <name>.debug_info</name>
         <load_address>0x6e0e</load_address>
         <run_address>0x6e0e</run_address>
         <size>0xb85</size>
         <input_file_ref idref="fl-96"/>
      </object_component>
      <object_component id="oc-58">
         <name>.debug_info</name>
         <load_address>0x7993</load_address>
         <run_address>0x7993</run_address>
         <size>0x66b</size>
         <input_file_ref idref="fl-97"/>
      </object_component>
      <object_component id="oc-5b">
         <name>.debug_info</name>
         <load_address>0x7ffe</load_address>
         <run_address>0x7ffe</run_address>
         <size>0x81a</size>
         <input_file_ref idref="fl-98"/>
      </object_component>
      <object_component id="oc-5e">
         <name>.debug_info</name>
         <load_address>0x8818</load_address>
         <run_address>0x8818</run_address>
         <size>0x67e</size>
         <input_file_ref idref="fl-99"/>
      </object_component>
      <object_component id="oc-61">
         <name>.debug_info</name>
         <load_address>0x8e96</load_address>
         <run_address>0x8e96</run_address>
         <size>0x700</size>
         <input_file_ref idref="fl-9a"/>
      </object_component>
      <object_component id="oc-64">
         <name>.debug_info</name>
         <load_address>0x9596</load_address>
         <run_address>0x9596</run_address>
         <size>0x1161</size>
         <input_file_ref idref="fl-9b"/>
      </object_component>
      <object_component id="oc-69">
         <name>.debug_info</name>
         <load_address>0xa6f7</load_address>
         <run_address>0xa6f7</run_address>
         <size>0xe4</size>
         <input_file_ref idref="fl-9c"/>
      </object_component>
      <object_component id="oc-6c">
         <name>.debug_info</name>
         <load_address>0xa7db</load_address>
         <run_address>0xa7db</run_address>
         <size>0xb3f</size>
         <input_file_ref idref="fl-9d"/>
      </object_component>
      <object_component id="oc-72">
         <name>.debug_info</name>
         <load_address>0xb31a</load_address>
         <run_address>0xb31a</run_address>
         <size>0x7cf</size>
         <input_file_ref idref="fl-9e"/>
      </object_component>
      <object_component id="oc-75">
         <name>.debug_info</name>
         <load_address>0xbae9</load_address>
         <run_address>0xbae9</run_address>
         <size>0x66d</size>
         <input_file_ref idref="fl-9f"/>
      </object_component>
      <object_component id="oc-78">
         <name>.debug_info</name>
         <load_address>0xc156</load_address>
         <run_address>0xc156</run_address>
         <size>0x617</size>
         <input_file_ref idref="fl-a0"/>
      </object_component>
      <object_component id="oc-7b">
         <name>.debug_info</name>
         <load_address>0xc76d</load_address>
         <run_address>0xc76d</run_address>
         <size>0x901</size>
         <input_file_ref idref="fl-a1"/>
      </object_component>
      <object_component id="oc-7e">
         <name>.debug_info</name>
         <load_address>0xd06e</load_address>
         <run_address>0xd06e</run_address>
         <size>0x6c6</size>
         <input_file_ref idref="fl-a2"/>
      </object_component>
      <object_component id="oc-83">
         <name>.debug_info</name>
         <load_address>0xd734</load_address>
         <run_address>0xd734</run_address>
         <size>0x663</size>
         <input_file_ref idref="fl-a3"/>
      </object_component>
      <object_component id="oc-86">
         <name>.debug_info</name>
         <load_address>0xdd97</load_address>
         <run_address>0xdd97</run_address>
         <size>0xf13</size>
         <input_file_ref idref="fl-a4"/>
      </object_component>
      <object_component id="oc-8a">
         <name>.debug_info</name>
         <load_address>0xecaa</load_address>
         <run_address>0xecaa</run_address>
         <size>0x8d0</size>
         <input_file_ref idref="fl-a5"/>
      </object_component>
      <object_component id="oc-8e">
         <name>.debug_info</name>
         <load_address>0xf57a</load_address>
         <run_address>0xf57a</run_address>
         <size>0x759</size>
         <input_file_ref idref="fl-a6"/>
      </object_component>
      <object_component id="oc-91">
         <name>.debug_info</name>
         <load_address>0xfcd3</load_address>
         <run_address>0xfcd3</run_address>
         <size>0x64b</size>
         <input_file_ref idref="fl-a7"/>
      </object_component>
      <object_component id="oc-96">
         <name>.debug_info</name>
         <load_address>0x1031e</load_address>
         <run_address>0x1031e</run_address>
         <size>0x2bb9</size>
         <input_file_ref idref="fl-a8"/>
      </object_component>
      <object_component id="oc-9a">
         <name>.debug_info</name>
         <load_address>0x12ed7</load_address>
         <run_address>0x12ed7</run_address>
         <size>0x6e0</size>
         <input_file_ref idref="fl-a9"/>
      </object_component>
      <object_component id="oc-9d">
         <name>.debug_info</name>
         <load_address>0x135b7</load_address>
         <run_address>0x135b7</run_address>
         <size>0x721</size>
         <input_file_ref idref="fl-aa"/>
      </object_component>
      <object_component id="oc-a0">
         <name>.debug_info</name>
         <load_address>0x13cd8</load_address>
         <run_address>0x13cd8</run_address>
         <size>0x870</size>
         <input_file_ref idref="fl-ab"/>
      </object_component>
      <object_component id="oc-a3">
         <name>.debug_info</name>
         <load_address>0x14548</load_address>
         <run_address>0x14548</run_address>
         <size>0x6e8</size>
         <input_file_ref idref="fl-ac"/>
      </object_component>
      <object_component id="oc-a6">
         <name>.debug_info</name>
         <load_address>0x14c30</load_address>
         <run_address>0x14c30</run_address>
         <size>0x7de</size>
         <input_file_ref idref="fl-ad"/>
      </object_component>
      <object_component id="oc-a9">
         <name>.debug_info</name>
         <load_address>0x1540e</load_address>
         <run_address>0x1540e</run_address>
         <size>0x5f9</size>
         <input_file_ref idref="fl-ae"/>
      </object_component>
      <object_component id="oc-ab">
         <name>.debug_info</name>
         <load_address>0x15a07</load_address>
         <run_address>0x15a07</run_address>
         <size>0x6e6</size>
         <input_file_ref idref="fl-af"/>
      </object_component>
      <object_component id="oc-af">
         <name>.debug_info</name>
         <load_address>0x160ed</load_address>
         <run_address>0x160ed</run_address>
         <size>0xd5</size>
         <input_file_ref idref="fl-b0"/>
      </object_component>
      <object_component id="oc-b2">
         <name>.debug_info</name>
         <load_address>0x161c2</load_address>
         <run_address>0x161c2</run_address>
         <size>0x5e1</size>
         <input_file_ref idref="fl-b1"/>
      </object_component>
      <object_component id="oc-b6">
         <name>.debug_info</name>
         <load_address>0x167a3</load_address>
         <run_address>0x167a3</run_address>
         <size>0x68c</size>
         <input_file_ref idref="fl-b2"/>
      </object_component>
      <object_component id="oc-bb">
         <name>.debug_info</name>
         <load_address>0x16e2f</load_address>
         <run_address>0x16e2f</run_address>
         <size>0x690</size>
         <input_file_ref idref="fl-b3"/>
      </object_component>
      <object_component id="oc-be">
         <name>.debug_info</name>
         <load_address>0x174bf</load_address>
         <run_address>0x174bf</run_address>
         <size>0x6a9</size>
         <input_file_ref idref="fl-b4"/>
      </object_component>
      <object_component id="oc-c1">
         <name>.debug_info</name>
         <load_address>0x17b68</load_address>
         <run_address>0x17b68</run_address>
         <size>0x7b8</size>
         <input_file_ref idref="fl-b5"/>
      </object_component>
      <object_component id="oc-c4">
         <name>.debug_info</name>
         <load_address>0x18320</load_address>
         <run_address>0x18320</run_address>
         <size>0x7bc</size>
         <input_file_ref idref="fl-b6"/>
      </object_component>
      <object_component id="oc-c7">
         <name>.debug_info</name>
         <load_address>0x18adc</load_address>
         <run_address>0x18adc</run_address>
         <size>0x7b7</size>
         <input_file_ref idref="fl-b7"/>
      </object_component>
      <object_component id="oc-ca">
         <name>.debug_info</name>
         <load_address>0x19293</load_address>
         <run_address>0x19293</run_address>
         <size>0x815</size>
         <input_file_ref idref="fl-b8"/>
      </object_component>
      <object_component id="oc-cd">
         <name>.debug_info</name>
         <load_address>0x19aa8</load_address>
         <run_address>0x19aa8</run_address>
         <size>0x690</size>
         <input_file_ref idref="fl-b9"/>
      </object_component>
      <object_component id="oc-d0">
         <name>.debug_info</name>
         <load_address>0x1a138</load_address>
         <run_address>0x1a138</run_address>
         <size>0x748</size>
         <input_file_ref idref="fl-ba"/>
      </object_component>
      <object_component id="oc-d3">
         <name>.debug_info</name>
         <load_address>0x1a880</load_address>
         <run_address>0x1a880</run_address>
         <size>0x6eb</size>
         <input_file_ref idref="fl-bb"/>
      </object_component>
      <object_component id="oc-d6">
         <name>.debug_info</name>
         <load_address>0x1af6b</load_address>
         <run_address>0x1af6b</run_address>
         <size>0x80b</size>
         <input_file_ref idref="fl-bc"/>
      </object_component>
      <object_component id="oc-d9">
         <name>.debug_info</name>
         <load_address>0x1b776</load_address>
         <run_address>0x1b776</run_address>
         <size>0x650</size>
         <input_file_ref idref="fl-bd"/>
      </object_component>
      <object_component id="oc-dc">
         <name>.debug_info</name>
         <load_address>0x1bdc6</load_address>
         <run_address>0x1bdc6</run_address>
         <size>0x5cb</size>
         <input_file_ref idref="fl-be"/>
      </object_component>
      <object_component id="oc-df">
         <name>.debug_info</name>
         <load_address>0x1c391</load_address>
         <run_address>0x1c391</run_address>
         <size>0x67f</size>
         <input_file_ref idref="fl-bf"/>
      </object_component>
      <object_component id="oc-172">
         <name>.debug_info</name>
         <load_address>0x1ca10</load_address>
         <run_address>0x1ca10</run_address>
         <size>0x106</size>
      </object_component>
      <object_component id="oc-25">
         <name>.debug_line</name>
         <load_address>0x0</load_address>
         <run_address>0x0</run_address>
         <size>0x3d</size>
         <input_file_ref idref="fl-88"/>
      </object_component>
      <object_component id="oc-28">
         <name>.debug_line</name>
         <load_address>0x3d</load_address>
         <run_address>0x3d</run_address>
         <size>0x3c</size>
         <input_file_ref idref="fl-89"/>
      </object_component>
      <object_component id="oc-2b">
         <name>.debug_line</name>
         <load_address>0x79</load_address>
         <run_address>0x79</run_address>
         <size>0x3c</size>
         <input_file_ref idref="fl-8a"/>
      </object_component>
      <object_component id="oc-30">
         <name>.debug_line</name>
         <load_address>0xb5</load_address>
         <run_address>0xb5</run_address>
         <size>0x4f</size>
         <input_file_ref idref="fl-8b"/>
      </object_component>
      <object_component id="oc-33">
         <name>.debug_line</name>
         <load_address>0x104</load_address>
         <run_address>0x104</run_address>
         <size>0x37</size>
         <input_file_ref idref="fl-8c"/>
      </object_component>
      <object_component id="oc-36">
         <name>.debug_line</name>
         <load_address>0x13b</load_address>
         <run_address>0x13b</run_address>
         <size>0x36</size>
         <input_file_ref idref="fl-8d"/>
      </object_component>
      <object_component id="oc-3b">
         <name>.debug_line</name>
         <load_address>0x171</load_address>
         <run_address>0x171</run_address>
         <size>0x54</size>
         <input_file_ref idref="fl-8e"/>
      </object_component>
      <object_component id="oc-3e">
         <name>.debug_line</name>
         <load_address>0x1c5</load_address>
         <run_address>0x1c5</run_address>
         <size>0x53</size>
         <input_file_ref idref="fl-8f"/>
      </object_component>
      <object_component id="oc-41">
         <name>.debug_line</name>
         <load_address>0x218</load_address>
         <run_address>0x218</run_address>
         <size>0x3e</size>
         <input_file_ref idref="fl-90"/>
      </object_component>
      <object_component id="oc-44">
         <name>.debug_line</name>
         <load_address>0x256</load_address>
         <run_address>0x256</run_address>
         <size>0x3d</size>
         <input_file_ref idref="fl-91"/>
      </object_component>
      <object_component id="oc-47">
         <name>.debug_line</name>
         <load_address>0x293</load_address>
         <run_address>0x293</run_address>
         <size>0x3d</size>
         <input_file_ref idref="fl-92"/>
      </object_component>
      <object_component id="oc-4c">
         <name>.debug_line</name>
         <load_address>0x2d0</load_address>
         <run_address>0x2d0</run_address>
         <size>0x92</size>
         <input_file_ref idref="fl-93"/>
      </object_component>
      <object_component id="oc-4f">
         <name>.debug_line</name>
         <load_address>0x362</load_address>
         <run_address>0x362</run_address>
         <size>0x6b</size>
         <input_file_ref idref="fl-94"/>
      </object_component>
      <object_component id="oc-52">
         <name>.debug_line</name>
         <load_address>0x3cd</load_address>
         <run_address>0x3cd</run_address>
         <size>0x3f</size>
         <input_file_ref idref="fl-95"/>
      </object_component>
      <object_component id="oc-56">
         <name>.debug_line</name>
         <load_address>0x40c</load_address>
         <run_address>0x40c</run_address>
         <size>0xaf</size>
         <input_file_ref idref="fl-96"/>
      </object_component>
      <object_component id="oc-59">
         <name>.debug_line</name>
         <load_address>0x4bb</load_address>
         <run_address>0x4bb</run_address>
         <size>0x3e</size>
         <input_file_ref idref="fl-97"/>
      </object_component>
      <object_component id="oc-5c">
         <name>.debug_line</name>
         <load_address>0x4f9</load_address>
         <run_address>0x4f9</run_address>
         <size>0x39</size>
         <input_file_ref idref="fl-98"/>
      </object_component>
      <object_component id="oc-5f">
         <name>.debug_line</name>
         <load_address>0x532</load_address>
         <run_address>0x532</run_address>
         <size>0x39</size>
         <input_file_ref idref="fl-99"/>
      </object_component>
      <object_component id="oc-62">
         <name>.debug_line</name>
         <load_address>0x56b</load_address>
         <run_address>0x56b</run_address>
         <size>0x56</size>
         <input_file_ref idref="fl-9a"/>
      </object_component>
      <object_component id="oc-67">
         <name>.debug_line</name>
         <load_address>0x5c1</load_address>
         <run_address>0x5c1</run_address>
         <size>0x14a</size>
         <input_file_ref idref="fl-9b"/>
      </object_component>
      <object_component id="oc-6a">
         <name>.debug_line</name>
         <load_address>0x70b</load_address>
         <run_address>0x70b</run_address>
         <size>0x4a</size>
         <input_file_ref idref="fl-9c"/>
      </object_component>
      <object_component id="oc-70">
         <name>.debug_line</name>
         <load_address>0x755</load_address>
         <run_address>0x755</run_address>
         <size>0xa7</size>
         <input_file_ref idref="fl-9d"/>
      </object_component>
      <object_component id="oc-73">
         <name>.debug_line</name>
         <load_address>0x7fc</load_address>
         <run_address>0x7fc</run_address>
         <size>0x46</size>
         <input_file_ref idref="fl-9e"/>
      </object_component>
      <object_component id="oc-76">
         <name>.debug_line</name>
         <load_address>0x842</load_address>
         <run_address>0x842</run_address>
         <size>0x38</size>
         <input_file_ref idref="fl-9f"/>
      </object_component>
      <object_component id="oc-79">
         <name>.debug_line</name>
         <load_address>0x87a</load_address>
         <run_address>0x87a</run_address>
         <size>0x39</size>
         <input_file_ref idref="fl-a0"/>
      </object_component>
      <object_component id="oc-7c">
         <name>.debug_line</name>
         <load_address>0x8b3</load_address>
         <run_address>0x8b3</run_address>
         <size>0x6a</size>
         <input_file_ref idref="fl-a1"/>
      </object_component>
      <object_component id="oc-81">
         <name>.debug_line</name>
         <load_address>0x91d</load_address>
         <run_address>0x91d</run_address>
         <size>0x51</size>
         <input_file_ref idref="fl-a2"/>
      </object_component>
      <object_component id="oc-84">
         <name>.debug_line</name>
         <load_address>0x96e</load_address>
         <run_address>0x96e</run_address>
         <size>0x39</size>
         <input_file_ref idref="fl-a3"/>
      </object_component>
      <object_component id="oc-88">
         <name>.debug_line</name>
         <load_address>0x9a7</load_address>
         <run_address>0x9a7</run_address>
         <size>0x140</size>
         <input_file_ref idref="fl-a4"/>
      </object_component>
      <object_component id="oc-8c">
         <name>.debug_line</name>
         <load_address>0xae7</load_address>
         <run_address>0xae7</run_address>
         <size>0x66</size>
         <input_file_ref idref="fl-a5"/>
      </object_component>
      <object_component id="oc-8f">
         <name>.debug_line</name>
         <load_address>0xb4d</load_address>
         <run_address>0xb4d</run_address>
         <size>0x40</size>
         <input_file_ref idref="fl-a6"/>
      </object_component>
      <object_component id="oc-94">
         <name>.debug_line</name>
         <load_address>0xb8d</load_address>
         <run_address>0xb8d</run_address>
         <size>0x35</size>
         <input_file_ref idref="fl-a7"/>
      </object_component>
      <object_component id="oc-98">
         <name>.debug_line</name>
         <load_address>0xbc2</load_address>
         <run_address>0xbc2</run_address>
         <size>0x34e</size>
         <input_file_ref idref="fl-a8"/>
      </object_component>
      <object_component id="oc-9b">
         <name>.debug_line</name>
         <load_address>0xf10</load_address>
         <run_address>0xf10</run_address>
         <size>0x3f</size>
         <input_file_ref idref="fl-a9"/>
      </object_component>
      <object_component id="oc-9e">
         <name>.debug_line</name>
         <load_address>0xf4f</load_address>
         <run_address>0xf4f</run_address>
         <size>0x45</size>
         <input_file_ref idref="fl-aa"/>
      </object_component>
      <object_component id="oc-a1">
         <name>.debug_line</name>
         <load_address>0xf94</load_address>
         <run_address>0xf94</run_address>
         <size>0x49</size>
         <input_file_ref idref="fl-ab"/>
      </object_component>
      <object_component id="oc-a4">
         <name>.debug_line</name>
         <load_address>0xfdd</load_address>
         <run_address>0xfdd</run_address>
         <size>0x45</size>
         <input_file_ref idref="fl-ac"/>
      </object_component>
      <object_component id="oc-a7">
         <name>.debug_line</name>
         <load_address>0x1022</load_address>
         <run_address>0x1022</run_address>
         <size>0x44</size>
         <input_file_ref idref="fl-ad"/>
      </object_component>
      <object_component id="oc-b0">
         <name>.debug_line</name>
         <load_address>0x1066</load_address>
         <run_address>0x1066</run_address>
         <size>0x44</size>
         <input_file_ref idref="fl-b0"/>
      </object_component>
      <object_component id="oc-b9">
         <name>.debug_line</name>
         <load_address>0x10aa</load_address>
         <run_address>0x10aa</run_address>
         <size>0x3b</size>
         <input_file_ref idref="fl-b2"/>
      </object_component>
      <object_component id="oc-bc">
         <name>.debug_line</name>
         <load_address>0x10e5</load_address>
         <run_address>0x10e5</run_address>
         <size>0x3d</size>
         <input_file_ref idref="fl-b3"/>
      </object_component>
      <object_component id="oc-bf">
         <name>.debug_line</name>
         <load_address>0x1122</load_address>
         <run_address>0x1122</run_address>
         <size>0x3d</size>
         <input_file_ref idref="fl-b4"/>
      </object_component>
      <object_component id="oc-c2">
         <name>.debug_line</name>
         <load_address>0x115f</load_address>
         <run_address>0x115f</run_address>
         <size>0x3c</size>
         <input_file_ref idref="fl-b5"/>
      </object_component>
      <object_component id="oc-c5">
         <name>.debug_line</name>
         <load_address>0x119b</load_address>
         <run_address>0x119b</run_address>
         <size>0x71</size>
         <input_file_ref idref="fl-b6"/>
      </object_component>
      <object_component id="oc-c8">
         <name>.debug_line</name>
         <load_address>0x120c</load_address>
         <run_address>0x120c</run_address>
         <size>0x5e</size>
         <input_file_ref idref="fl-b7"/>
      </object_component>
      <object_component id="oc-cb">
         <name>.debug_line</name>
         <load_address>0x126a</load_address>
         <run_address>0x126a</run_address>
         <size>0x38</size>
         <input_file_ref idref="fl-b8"/>
      </object_component>
      <object_component id="oc-ce">
         <name>.debug_line</name>
         <load_address>0x12a2</load_address>
         <run_address>0x12a2</run_address>
         <size>0x38</size>
         <input_file_ref idref="fl-b9"/>
      </object_component>
      <object_component id="oc-d1">
         <name>.debug_line</name>
         <load_address>0x12da</load_address>
         <run_address>0x12da</run_address>
         <size>0x40</size>
         <input_file_ref idref="fl-ba"/>
      </object_component>
      <object_component id="oc-d4">
         <name>.debug_line</name>
         <load_address>0x131a</load_address>
         <run_address>0x131a</run_address>
         <size>0x3f</size>
         <input_file_ref idref="fl-bb"/>
      </object_component>
      <object_component id="oc-d7">
         <name>.debug_line</name>
         <load_address>0x1359</load_address>
         <run_address>0x1359</run_address>
         <size>0x3f</size>
         <input_file_ref idref="fl-bc"/>
      </object_component>
      <object_component id="oc-da">
         <name>.debug_line</name>
         <load_address>0x1398</load_address>
         <run_address>0x1398</run_address>
         <size>0x38</size>
         <input_file_ref idref="fl-bd"/>
      </object_component>
      <object_component id="oc-dd">
         <name>.debug_line</name>
         <load_address>0x13d0</load_address>
         <run_address>0x13d0</run_address>
         <size>0x23</size>
         <input_file_ref idref="fl-be"/>
      </object_component>
      <object_component id="oc-e0">
         <name>.debug_line</name>
         <load_address>0x13f3</load_address>
         <run_address>0x13f3</run_address>
         <size>0x37</size>
[...]
         <name>__SYSMEM_SIZE</name>
         <value>0x8000</value>
      </symbol>
      <symbol id="sm-f">
         <name>___c_args__</name>
         <value>0xffffffff</value>
      </symbol>
      <symbol id="sm-10">
         <name>.text</name>
         <value>0xffffffff</value>
      </symbol>
      <symbol id="sm-11">
         <name>___text__</name>
         <value>0xffffffff</value>
      </symbol>
      <symbol id="sm-12">
         <name>etext</name>
         <value>0xffffffff</value>
      </symbol>
      <symbol id="sm-13">
         <name>___etext__</name>
         <value>0xffffffff</value>
      </symbol>
      <symbol id="sm-14">
         <name>.data</name>
         <value>0xffffffff</value>
      </symbol>
      <symbol id="sm-15">
         <name>___data__</name>
         <value>0xffffffff</value>
      </symbol>
      <symbol id="sm-16">
         <name>edata</name>
         <value>0xffffffff</value>
      </symbol>
      <symbol id="sm-17">
         <name>___edata__</name>
         <value>0xffffffff</value>
      </symbol>
      <symbol id="sm-18">
         <name>.bss</name>
         <value>0x800000</value>
      </symbol>
      <symbol id="sm-19">
         <name>___bss__</name>
         <value>0x800000</value>
      </symbol>
      <symbol id="sm-1a">
         <name>end</name>
         <value>0x800000</value>
      </symbol>
      <symbol id="sm-1b">
         <name>___end__</name>
         <value>0x800000</value>
      </symbol>
      <symbol id="sm-1c">
         <name>___TI_pprof_out_hndl</name>
         <value>0xffffffff</value>
      </symbol>
      <symbol id="sm-1d">
         <name>___TI_prof_data_start</name>
         <value>0xffffffff</value>
      </symbol>
      <symbol id="sm-1e">
         <name>___TI_prof_data_size</name>
         <value>0xffffffff</value>
      </symbol>
      <symbol id="sm-1f">
         <name>$bss</name>
         <value>0x800000</value>
      </symbol>
      <symbol id="sm-83">
         <name>_main</name>
         <value>0x81e4e0</value>
         <object_component_ref idref="oc-f0"/>
      </symbol>
      <symbol id="sm-84">
         <name>_a</name>
         <value>0x811c80</value>
         <object_component_ref idref="oc-1d"/>
      </symbol>
      <symbol id="sm-a2">
         <name>_input_data</name>
         <value>0x80ddf8</value>
         <object_component_ref idref="oc-20"/>
      </symbol>
      <symbol id="sm-a3">
         <name>_output_data</name>
         <value>0x8041a0</value>
         <object_component_ref idref="oc-20"/>
      </symbol>
      <symbol id="sm-a4">
         <name>_b_sc</name>
         <value>0x804010</value>
         <object_component_ref idref="oc-20"/>
      </symbol>
      <symbol id="sm-a5">
         <name>_a_sc</name>
         <value>0x803e80</value>
         <object_component_ref idref="oc-20"/>
      </symbol>
      <symbol id="sm-a6">
         <name>_a_ext</name>
         <value>0x800000</value>
         <object_component_ref idref="oc-20"/>
      </symbol>
      <symbol id="sm-a7">
         <name>_b_ext</name>
         <value>0x801f40</value>
         <object_component_ref idref="oc-20"/>
      </symbol>
      <symbol id="sm-a8">
         <name>_output</name>
         <value>0x80dde0</value>
         <object_component_ref idref="oc-20"/>
      </symbol>
      <symbol id="sm-a9">
         <name>_isequal</name>
         <value>0x821604</value>
         <object_component_ref idref="oc-f9"/>
      </symbol>
      <symbol id="sm-aa">
         <name>_input</name>
         <value>0x811c78</value>
         <object_component_ref idref="oc-20"/>
      </symbol>
      <symbol id="sm-ab">
         <name>_gimme_random</name>
         <value>0x8218e4</value>
         <object_component_ref idref="oc-f9"/>
      </symbol>
      <symbol id="sm-ed">
         <name>_print_test_results</name>
         <value>0x81f840</value>
         <object_component_ref idref="oc-f4"/>
      </symbol>
      <symbol id="sm-ee">
         <name>_fcn_pass</name>
         <value>0x812438</value>
         <object_component_ref idref="oc-21"/>
      </symbol>
      <symbol id="sm-ef">
         <name>_print_memory_results</name>
         <value>0x81fd0c</value>
         <object_component_ref idref="oc-f4"/>
      </symbol>
      <symbol id="sm-f0">
         <name>_driver_init</name>
         <value>0x81fdec</value>
         <object_component_ref idref="oc-f4"/>
      </symbol>
      <symbol id="sm-f1">
         <name>_fp</name>
         <value>0x8123f4</value>
         <object_component_ref idref="oc-21"/>
      </symbol>
      <symbol id="sm-f2">
         <name>_print_profile_results</name>
         <value>0x81fbec</value>
         <object_component_ref idref="oc-f4"/>
      </symbol>
      <symbol id="sm-f3">
         <name>_all_pass</name>
         <value>0x81244c</value>
         <object_component_ref idref="oc-21"/>
      </symbol>
      <symbol id="sm-f4">
         <name>_t_stop</name>
         <value>0x812400</value>
         <object_component_ref idref="oc-21"/>
      </symbol>
      <symbol id="sm-f5">
         <name>_t_offset</name>
         <value>0x812408</value>
         <object_component_ref idref="oc-21"/>
      </symbol>
      <symbol id="sm-f6">
         <name>_seed</name>
         <value>0x8123f0</value>
         <object_component_ref idref="oc-21"/>
      </symbol>
      <symbol id="sm-f7">
         <name>_cycle_counts</name>
         <value>0x812410</value>
         <object_component_ref idref="oc-21"/>
      </symbol>
      <symbol id="sm-f8">
         <name>_t_start</name>
         <value>0x8123f8</value>
         <object_component_ref idref="oc-21"/>
      </symbol>
      <symbol id="sm-fd">
         <name>_exp2sp</name>
         <value>0x830380</value>
         <object_component_ref idref="oc-f6"/>
      </symbol>
      <symbol id="sm-103">
         <name>_exp2sp_c</name>
         <value>0x8304c0</value>
         <object_component_ref idref="oc-f7"/>
      </symbol>
      <symbol id="sm-10c">
         <name>_exp2sp_v</name>
         <value>0x82fc40</value>
         <object_component_ref idref="oc-f8"/>
      </symbol>
      <symbol id="sm-11c">
         <name>_c_int00</name>
         <value>0x826960</value>
         <object_component_ref idref="oc-1b"/>
      </symbol>
      <symbol id="sm-11d">
         <name>__stack</name>
         <value>0x8124c8</value>
         <object_component_ref idref="oc-24"/>
      </symbol>
      <symbol id="sm-12e">
         <name>__divd</name>
         <value>0x81fea0</value>
         <object_component_ref idref="oc-104"/>
      </symbol>
      <symbol id="sm-13e">
         <name>__divf</name>
         <value>0x821f00</value>
         <object_component_ref idref="oc-106"/>
      </symbol>
      <symbol id="sm-155">
         <name>C$$EXIT</name>
         <value>0x827180</value>
         <object_component_ref idref="oc-f1"/>
      </symbol>
      <symbol id="sm-156">
         <name>_exit</name>
         <value>0x825e40</value>
         <object_component_ref idref="oc-e4"/>
      </symbol>
      <symbol id="sm-157">
         <name>___TI_enable_exit_profile_output</name>
         <value>0x8124a4</value>
         <object_component_ref idref="oc-2f"/>
      </symbol>
      <symbol id="sm-158">
         <name>_abort</name>
         <value>0x827180</value>
         <object_component_ref idref="oc-f1"/>
      </symbol>
      <symbol id="sm-159">
         <name>__cleanup_ptr</name>
         <value>0x81249c</value>
         <object_component_ref idref="oc-2f"/>
      </symbol>
      <symbol id="sm-15a">
         <name>__dtors_ptr</name>
         <value>0x8124a0</value>
         <object_component_ref idref="oc-2f"/>
      </symbol>
      <symbol id="sm-164">
         <name>_exp2</name>
         <value>0x8271a0</value>
         <object_component_ref idref="oc-fa"/>
      </symbol>
      <symbol id="sm-16e">
         <name>_exp2f</name>
         <value>0x8271c0</value>
         <object_component_ref idref="oc-f5"/>
      </symbol>
      <symbol id="sm-180">
         <name>_expf</name>
         <value>0x8240a0</value>
         <object_component_ref idref="oc-103"/>
      </symbol>
      <symbol id="sm-196">
         <name>__closefile</name>
         <value>0x824920</value>
         <object_component_ref idref="oc-112"/>
      </symbol>
      <symbol id="sm-197">
         <name>_fclose</name>
         <value>0x826ce0</value>
         <object_component_ref idref="oc-101"/>
      </symbol>
      <symbol id="sm-1a4">
         <name>__doflush</name>
         <value>0x825d80</value>
         <object_component_ref idref="oc-121"/>
      </symbol>
      <symbol id="sm-1b4">
         <name>__fixdlli</name>
         <value>0x824fc0</value>
         <object_component_ref idref="oc-fc"/>
      </symbol>
      <symbol id="sm-1c2">
         <name>__fltllif</name>
         <value>0x825480</value>
         <object_component_ref idref="oc-fb"/>
      </symbol>
      <symbol id="sm-1eb">
         <name>__cleanup</name>
         <value>0x825fa0</value>
         <object_component_ref idref="oc-11f"/>
      </symbol>
      <symbol id="sm-1ec">
         <name>_fopen</name>
         <value>0x826d40</value>
         <object_component_ref idref="oc-ff"/>
      </symbol>
      <symbol id="sm-201">
         <name>_fprintf</name>
         <value>0x8251c0</value>
         <object_component_ref idref="oc-100"/>
      </symbol>
      <symbol id="sm-21c">
         <name>_putc</name>
         <value>0x8231e0</value>
         <object_component_ref idref="oc-11d"/>
      </symbol>
      <symbol id="sm-21d">
         <name>_fputc</name>
         <value>0x8231e0</value>
         <object_component_ref idref="oc-11d"/>
      </symbol>
      <symbol id="sm-23f">
         <name>_fputs</name>
         <value>0x821240</value>
         <object_component_ref idref="oc-118"/>
      </symbol>
      <symbol id="sm-249">
         <name>__frcmpyd_div</name>
         <value>0x826bc0</value>
         <object_component_ref idref="oc-115"/>
      </symbol>
      <symbol id="sm-253">
         <name>___isinff</name>
         <value>0x827080</value>
         <object_component_ref idref="oc-105"/>
      </symbol>
      <symbol id="sm-261">
         <name>_ldexpf</name>
         <value>0x824da0</value>
         <object_component_ref idref="oc-114"/>
      </symbol>
      <symbol id="sm-26f">
         <name>__llshl</name>
         <value>0x8268e0</value>
         <object_component_ref idref="oc-109"/>
      </symbol>
      <symbol id="sm-270">
         <name>__llshru</name>
         <value>0x826c20</value>
         <object_component_ref idref="oc-10a"/>
      </symbol>
      <symbol id="sm-2be">
         <name>_unlink</name>
         <value>0x826ae0</value>
         <object_component_ref idref="oc-130"/>
      </symbol>
      <symbol id="sm-2bf">
         <name>_open</name>
         <value>0x8243c0</value>
         <object_component_ref idref="oc-120"/>
      </symbol>
      <symbol id="sm-2c0">
         <name>_lseek</name>
         <value>0x8264a0</value>
         <object_component_ref idref="oc-13c"/>
      </symbol>
      <symbol id="sm-2c1">
         <name>_close</name>
         <value>0x825640</value>
         <object_component_ref idref="oc-123"/>
      </symbol>
      <symbol id="sm-2c2">
         <name>_write</name>
         <value>0x8267c0</value>
         <object_component_ref idref="oc-127"/>
      </symbol>
      <symbol id="sm-2ca">
         <name>_memcpy</name>
         <value>0x826540</value>
         <object_component_ref idref="oc-ee"/>
      </symbol>
      <symbol id="sm-303">
         <name>__sys_memory</name>
         <value>0x827240</value>
         <object_component_ref idref="oc-6f"/>
      </symbol>
      <symbol id="sm-304">
         <name>_free</name>
         <value>0x822680</value>
         <object_component_ref idref="oc-122"/>
      </symbol>
      <symbol id="sm-305">
         <name>_malloc</name>
         <value>0x824240</value>
         <object_component_ref idref="oc-13d"/>
      </symbol>
      <symbol id="sm-310">
         <name>_memset</name>
         <value>0x825800</value>
         <object_component_ref idref="oc-11e"/>
      </symbol>
      <symbol id="sm-31b">
         <name>_modff</name>
         <value>0x826e00</value>
         <object_component_ref idref="oc-113"/>
      </symbol>
      <symbol id="sm-325">
         <name>__negll</name>
         <value>0x8270a0</value>
         <object_component_ref idref="oc-108"/>
      </symbol>
      <symbol id="sm-33a">
         <name>_printf</name>
         <value>0x8258e0</value>
         <object_component_ref idref="oc-fd"/>
      </symbol>
      <symbol id="sm-34f">
         <name>_rand</name>
         <value>0x8269e0</value>
         <object_component_ref idref="oc-fe"/>
      </symbol>
      <symbol id="sm-350">
         <name>_srand</name>
         <value>0x826e60</value>
         <object_component_ref idref="oc-102"/>
      </symbol>
      <symbol id="sm-35a">
         <name>_remove</name>
         <value>0x8271e0</value>
         <object_component_ref idref="oc-124"/>
      </symbol>
      <symbol id="sm-383">
         <name>_HOSTopen</name>
         <value>0x8252c0</value>
         <object_component_ref idref="oc-e5"/>
      </symbol>
      <symbol id="sm-384">
         <name>_HOSTread</name>
         <value>0x8259c0</value>
         <object_component_ref idref="oc-e7"/>
      </symbol>
      <symbol id="sm-385">
         <name>_HOSTrename</name>
         <value>0x823d60</value>
         <object_component_ref idref="oc-eb"/>
      </symbol>
      <symbol id="sm-386">
         <name>_HOSTwrite</name>
         <value>0x825b40</value>
         <object_component_ref idref="oc-e8"/>
      </symbol>
      <symbol id="sm-387">
         <name>_HOSTlseek</name>
         <value>0x824ec0</value>
         <object_component_ref idref="oc-e9"/>
      </symbol>
      <symbol id="sm-388">
         <name>_HOSTunlink</name>
         <value>0x825a80</value>
         <object_component_ref idref="oc-ea"/>
      </symbol>
      <symbol id="sm-389">
         <name>_HOSTclose</name>
         <value>0x825f00</value>
         <object_component_ref idref="oc-e6"/>
      </symbol>
      <symbol id="sm-399">
         <name>C$$IO$$</name>
         <value>0x826f78</value>
         <object_component_ref idref="oc-f2"/>
      </symbol>
      <symbol id="sm-39a">
         <name>__CIOBUF_</name>
         <value>0x82fb08</value>
         <object_component_ref idref="oc-8b"/>
      </symbol>
      <symbol id="sm-39b">
         <name>_readmsg</name>
         <value>0x826a60</value>
         <object_component_ref idref="oc-f3"/>
      </symbol>
      <symbol id="sm-39c">
         <name>_writemsg</name>
         <value>0x826f20</value>
         <object_component_ref idref="oc-f2"/>
      </symbol>
      <symbol id="sm-3ab">
         <name>__wrt_ok</name>
         <value>0x8250c0</value>
         <object_component_ref idref="oc-126"/>
      </symbol>
      <symbol id="sm-3b9">
         <name>__unlock</name>
         <value>0x8124ac</value>
         <object_component_ref idref="oc-93"/>
      </symbol>
      <symbol id="sm-3ba">
         <name>__lock</name>
         <value>0x8124a8</value>
         <object_component_ref idref="oc-93"/>
      </symbol>
      <symbol id="sm-3bb">
         <name>__nop</name>
         <value>0x8270c0</value>
         <object_component_ref idref="oc-ec"/>
      </symbol>
      <symbol id="sm-4c5">
         <name>__printfi</name>
         <value>0x8209c0</value>
         <object_component_ref idref="oc-10c"/>
      </symbol>
      <symbol id="sm-4cf">
         <name>__args_main</name>
         <value>0x827000</value>
         <object_component_ref idref="oc-e3"/>
      </symbol>
      <symbol id="sm-4d0">
         <name>__TI_args_main</name>
         <value>0x1</value>
      </symbol>
      <symbol id="sm-4de">
         <name>_atoi</name>
         <value>0x825560</value>
         <object_component_ref idref="oc-128"/>
      </symbol>
      <symbol id="sm-4ed">
         <name>__auto_init</name>
         <value>0x825c00</value>
         <object_component_ref idref="oc-e2"/>
      </symbol>
      <symbol id="sm-4fa">
         <name>___TI_cpp_init</name>
         <value>0x826b60</value>
         <object_component_ref idref="oc-ef"/>
      </symbol>
      <symbol id="sm-508">
         <name>_copy_in</name>
         <value>0x826360</value>
         <object_component_ref idref="oc-ed"/>
      </symbol>
      <symbol id="sm-510">
         <name>__ctypes_</name>
         <value>0x82f988</value>
         <object_component_ref idref="oc-133"/>
      </symbol>
      <symbol id="sm-51a">
         <name>__tmpnams</name>
         <value>0x812188</value>
         <object_component_ref idref="oc-ad"/>
      </symbol>
      <symbol id="sm-51b">
         <name>__ft_end</name>
         <value>0x8122c8</value>
         <object_component_ref idref="oc-ad"/>
      </symbol>
      <symbol id="sm-51c">
         <name>__ftable</name>
         <value>0x811fa8</value>
         <object_component_ref idref="oc-ad"/>
      </symbol>
      <symbol id="sm-525">
         <name>__c6xabi_divu</name>
         <value>0x825cc0</value>
         <object_component_ref idref="oc-147"/>
      </symbol>
      <symbol id="sm-526">
         <name>__divu</name>
         <value>0x825cc0</value>
         <object_component_ref idref="oc-147"/>
      </symbol>
      <symbol id="sm-530">
         <name>_errno</name>
         <value>0x811fa4</value>
         <object_component_ref idref="oc-b4"/>
      </symbol>
      <symbol id="sm-543">
         <name>_exp</name>
         <value>0x823800</value>
         <object_component_ref idref="oc-107"/>
      </symbol>
      <symbol id="sm-550">
         <name>__fixdli</name>
         <value>0x826220</value>
         <object_component_ref idref="oc-144"/>
      </symbol>
      <symbol id="sm-55b">
         <name>__fltlid</name>
         <value>0x826860</value>
         <object_component_ref idref="oc-146"/>
      </symbol>
      <symbol id="sm-56c">
         <name>_fseek</name>
         <value>0x824c80</value>
         <object_component_ref idref="oc-131"/>
      </symbol>
      <symbol id="sm-57c">
         <name>__divul</name>
         <value>0x823f00</value>
         <object_component_ref idref="oc-148"/>
      </symbol>
      <symbol id="sm-57d">
         <name>__remli</name>
         <value>0x827040</value>
         <object_component_ref idref="oc-14a"/>
      </symbol>
      <symbol id="sm-57e">
         <name>__divli</name>
         <value>0x826040</value>
         <object_component_ref idref="oc-14b"/>
      </symbol>
      <symbol id="sm-591">
         <name>__subcull</name>
         <value>0x826c80</value>
         <object_component_ref idref="oc-14c"/>
      </symbol>
      <symbol id="sm-592">
         <name>__divull</name>
         <value>0x822900</value>
         <object_component_ref idref="oc-149"/>
      </symbol>
      <symbol id="sm-59c">
         <name>___isinf</name>
         <value>0x826f80</value>
         <object_component_ref idref="oc-135"/>
      </symbol>
      <symbol id="sm-5aa">
         <name>_ldexp</name>
         <value>0x824540</value>
         <object_component_ref idref="oc-117"/>
      </symbol>
      <symbol id="sm-5b7">
         <name>_ltoa</name>
         <value>0x825720</value>
         <object_component_ref idref="oc-145"/>
      </symbol>
      <symbol id="sm-5c4">
         <name>_memccpy</name>
         <value>0x826da0</value>
         <object_component_ref idref="oc-12b"/>
      </symbol>
      <symbol id="sm-5da">
         <name>_setvbuf</name>
         <value>0x823600</value>
         <object_component_ref idref="oc-132"/>
      </symbol>
      <symbol id="sm-5e4">
         <name>__trunc</name>
         <value>0x827160</value>
         <object_component_ref idref="oc-116"/>
      </symbol>
      <symbol id="sm-5f7">
         <name>_modf</name>
         <value>0x826680</value>
         <object_component_ref idref="oc-125"/>
      </symbol>
   </symbol_table>
</link_info>
