<?xml version="1.0"?>
<link_info>
   <banner>TMS320C6x Linker PC v7.4.2</banner>
   <copyright>Copyright (c) 1996-2012 Texas Instruments Incorporated</copyright>
   <link_time>0x573ac7d6</link_time>
   <output_file>sinsp_66_BE_ELF.out</output_file>
   <entry_point>
      <name>_c_int00</name>
      <address>0x826420</address>
   </entry_point>
   <input_file_list>
      <input_file id="fl-2">
         <path>.\</path>
         <kind>object</kind>
         <file>sinsp_d.obj</file>
         <name>sinsp_d.obj</name>
      </input_file>
      <input_file id="fl-3">
         <path>.\</path>
         <kind>object</kind>
         <file>drvsp.obj</file>
         <name>drvsp.obj</name>
      </input_file>
      <input_file id="fl-4">
         <path>.\</path>
         <kind>object</kind>
         <file>driver.obj</file>
         <name>driver.obj</name>
      </input_file>
      <input_file id="fl-e">
         <path>..\..\..\..\..\lib\</path>
         <kind>archive</kind>
         <file>mathlib.ae66e</file>
         <name>sinsp.oe66e</name>
      </input_file>
      <input_file id="fl-f">
         <path>..\..\..\..\..\lib\</path>
         <kind>archive</kind>
         <file>mathlib.ae66e</file>
         <name>sinsp_c.oe66e</name>
      </input_file>
      <input_file id="fl-10">
         <path>..\..\..\..\..\lib\</path>
         <kind>archive</kind>
         <file>mathlib.ae66e</file>
         <name>sinsp_v.oe66e</name>
      </input_file>
      <input_file id="fl-88">
         <path>C:\MATHLIB_Tools\CCSV5_5_0\ccsv5\tools\compiler\c6000_7.4.2\lib\</path>
         <kind>archive</kind>
         <file>rts6600e_elf.lib</file>
         <name>boot.obj</name>
      </input_file>
      <input_file id="fl-89">
         <path>C:\MATHLIB_Tools\CCSV5_5_0\ccsv5\tools\compiler\c6000_7.4.2\lib\</path>
         <kind>archive</kind>
         <file>rts6600e_elf.lib</file>
         <name>copy_decompress_none.obj</name>
      </input_file>
      <input_file id="fl-8a">
         <path>C:\MATHLIB_Tools\CCSV5_5_0\ccsv5\tools\compiler\c6000_7.4.2\lib\</path>
         <kind>archive</kind>
         <file>rts6600e_elf.lib</file>
         <name>copy_decompress_rle.obj</name>
      </input_file>
      <input_file id="fl-8b">
         <path>C:\MATHLIB_Tools\CCSV5_5_0\ccsv5\tools\compiler\c6000_7.4.2\lib\</path>
         <kind>archive</kind>
         <file>rts6600e_elf.lib</file>
         <name>copy_zero_init.obj</name>
      </input_file>
      <input_file id="fl-8c">
         <path>C:\MATHLIB_Tools\CCSV5_5_0\ccsv5\tools\compiler\c6000_7.4.2\lib\</path>
         <kind>archive</kind>
         <file>rts6600e_elf.lib</file>
         <name>divd.obj</name>
      </input_file>
      <input_file id="fl-8d">
         <path>C:\MATHLIB_Tools\CCSV5_5_0\ccsv5\tools\compiler\c6000_7.4.2\lib\</path>
         <kind>archive</kind>
         <file>rts6600e_elf.lib</file>
         <name>divf.obj</name>
      </input_file>
      <input_file id="fl-8e">
         <path>C:\MATHLIB_Tools\CCSV5_5_0\ccsv5\tools\compiler\c6000_7.4.2\lib\</path>
         <kind>archive</kind>
         <file>rts6600e_elf.lib</file>
         <name>exit.obj</name>
      </input_file>
      <input_file id="fl-8f">
         <path>C:\MATHLIB_Tools\CCSV5_5_0\ccsv5\tools\compiler\c6000_7.4.2\lib\</path>
         <kind>archive</kind>
         <file>rts6600e_elf.lib</file>
         <name>fclose.obj</name>
      </input_file>
      <input_file id="fl-90">
         <path>C:\MATHLIB_Tools\CCSV5_5_0\ccsv5\tools\compiler\c6000_7.4.2\lib\</path>
         <kind>archive</kind>
         <file>rts6600e_elf.lib</file>
         <name>fflush.obj</name>
      </input_file>
      <input_file id="fl-91">
         <path>C:\MATHLIB_Tools\CCSV5_5_0\ccsv5\tools\compiler\c6000_7.4.2\lib\</path>
         <kind>archive</kind>
         <file>rts6600e_elf.lib</file>
         <name>fixdlli.obj</name>
      </input_file>
      <input_file id="fl-92">
         <path>C:\MATHLIB_Tools\CCSV5_5_0\ccsv5\tools\compiler\c6000_7.4.2\lib\</path>
         <kind>archive</kind>
         <file>rts6600e_elf.lib</file>
         <name>fltllif.obj</name>
      </input_file>
      <input_file id="fl-93">
         <path>C:\MATHLIB_Tools\CCSV5_5_0\ccsv5\tools\compiler\c6000_7.4.2\lib\</path>
         <kind>archive</kind>
         <file>rts6600e_elf.lib</file>
         <name>fopen.obj</name>
      </input_file>
      <input_file id="fl-94">
         <path>C:\MATHLIB_Tools\CCSV5_5_0\ccsv5\tools\compiler\c6000_7.4.2\lib\</path>
         <kind>archive</kind>
         <file>rts6600e_elf.lib</file>
         <name>fprintf.obj</name>
      </input_file>
      <input_file id="fl-95">
         <path>C:\MATHLIB_Tools\CCSV5_5_0\ccsv5\tools\compiler\c6000_7.4.2\lib\</path>
         <kind>archive</kind>
         <file>rts6600e_elf.lib</file>
         <name>fputc.obj</name>
      </input_file>
      <input_file id="fl-96">
         <path>C:\MATHLIB_Tools\CCSV5_5_0\ccsv5\tools\compiler\c6000_7.4.2\lib\</path>
         <kind>archive</kind>
         <file>rts6600e_elf.lib</file>
         <name>fputs.obj</name>
      </input_file>
      <input_file id="fl-97">
         <path>C:\MATHLIB_Tools\CCSV5_5_0\ccsv5\tools\compiler\c6000_7.4.2\lib\</path>
         <kind>archive</kind>
         <file>rts6600e_elf.lib</file>
         <name>frcmpyd_div.obj</name>
      </input_file>
      <input_file id="fl-98">
         <path>C:\MATHLIB_Tools\CCSV5_5_0\ccsv5\tools\compiler\c6000_7.4.2\lib\</path>
         <kind>archive</kind>
         <file>rts6600e_elf.lib</file>
         <name>isinff.obj</name>
      </input_file>
      <input_file id="fl-99">
         <path>C:\MATHLIB_Tools\CCSV5_5_0\ccsv5\tools\compiler\c6000_7.4.2\lib\</path>
         <kind>archive</kind>
         <file>rts6600e_elf.lib</file>
         <name>llshift.obj</name>
      </input_file>
      <input_file id="fl-9a">
         <path>C:\MATHLIB_Tools\CCSV5_5_0\ccsv5\tools\compiler\c6000_7.4.2\lib\</path>
         <kind>archive</kind>
         <file>rts6600e_elf.lib</file>
         <name>lowlev.obj</name>
      </input_file>
      <input_file id="fl-9b">
         <path>C:\MATHLIB_Tools\CCSV5_5_0\ccsv5\tools\compiler\c6000_7.4.2\lib\</path>
         <kind>archive</kind>
         <file>rts6600e_elf.lib</file>
         <name>memcpy64.obj</name>
      </input_file>
      <input_file id="fl-9c">
         <path>C:\MATHLIB_Tools\CCSV5_5_0\ccsv5\tools\compiler\c6000_7.4.2\lib\</path>
         <kind>archive</kind>
         <file>rts6600e_elf.lib</file>
         <name>memory.obj</name>
      </input_file>
      <input_file id="fl-9d">
         <path>C:\MATHLIB_Tools\CCSV5_5_0\ccsv5\tools\compiler\c6000_7.4.2\lib\</path>
         <kind>archive</kind>
         <file>rts6600e_elf.lib</file>
         <name>memset.obj</name>
      </input_file>
      <input_file id="fl-9e">
         <path>C:\MATHLIB_Tools\CCSV5_5_0\ccsv5\tools\compiler\c6000_7.4.2\lib\</path>
         <kind>archive</kind>
         <file>rts6600e_elf.lib</file>
         <name>negll.obj</name>
      </input_file>
      <input_file id="fl-9f">
         <path>C:\MATHLIB_Tools\CCSV5_5_0\ccsv5\tools\compiler\c6000_7.4.2\lib\</path>
         <kind>archive</kind>
         <file>rts6600e_elf.lib</file>
         <name>printf.obj</name>
      </input_file>
      <input_file id="fl-a0">
         <path>C:\MATHLIB_Tools\CCSV5_5_0\ccsv5\tools\compiler\c6000_7.4.2\lib\</path>
         <kind>archive</kind>
         <file>rts6600e_elf.lib</file>
         <name>rand.obj</name>
      </input_file>
      <input_file id="fl-a1">
         <path>C:\MATHLIB_Tools\CCSV5_5_0\ccsv5\tools\compiler\c6000_7.4.2\lib\</path>
         <kind>archive</kind>
         <file>rts6600e_elf.lib</file>
         <name>remove.obj</name>
      </input_file>
      <input_file id="fl-a2">
         <path>C:\MATHLIB_Tools\CCSV5_5_0\ccsv5\tools\compiler\c6000_7.4.2\lib\</path>
         <kind>archive</kind>
         <file>rts6600e_elf.lib</file>
         <name>sin.obj</name>
      </input_file>
      <input_file id="fl-a3">
         <path>C:\MATHLIB_Tools\CCSV5_5_0\ccsv5\tools\compiler\c6000_7.4.2\lib\</path>
         <kind>archive</kind>
         <file>rts6600e_elf.lib</file>
         <name>sinf.obj</name>
      </input_file>
      <input_file id="fl-a4">
         <path>C:\MATHLIB_Tools\CCSV5_5_0\ccsv5\tools\compiler\c6000_7.4.2\lib\</path>
         <kind>archive</kind>
         <file>rts6600e_elf.lib</file>
         <name>trgdrv.obj</name>
      </input_file>
      <input_file id="fl-a5">
         <path>C:\MATHLIB_Tools\CCSV5_5_0\ccsv5\tools\compiler\c6000_7.4.2\lib\</path>
         <kind>archive</kind>
         <file>rts6600e_elf.lib</file>
         <name>trgmsg.obj</name>
      </input_file>
      <input_file id="fl-a6">
         <path>C:\MATHLIB_Tools\CCSV5_5_0\ccsv5\tools\compiler\c6000_7.4.2\lib\</path>
         <kind>archive</kind>
         <file>rts6600e_elf.lib</file>
         <name>trunc.obj</name>
      </input_file>
      <input_file id="fl-a7">
         <path>C:\MATHLIB_Tools\CCSV5_5_0\ccsv5\tools\compiler\c6000_7.4.2\lib\</path>
         <kind>archive</kind>
         <file>rts6600e_elf.lib</file>
         <name>truncf.obj</name>
      </input_file>
      <input_file id="fl-a8">
         <path>C:\MATHLIB_Tools\CCSV5_5_0\ccsv5\tools\compiler\c6000_7.4.2\lib\</path>
         <kind>archive</kind>
         <file>rts6600e_elf.lib</file>
         <name>_io_perm.obj</name>
      </input_file>
      <input_file id="fl-a9">
         <path>C:\MATHLIB_Tools\CCSV5_5_0\ccsv5\tools\compiler\c6000_7.4.2\lib\</path>
         <kind>archive</kind>
         <file>rts6600e_elf.lib</file>
         <name>_lock.obj</name>
      </input_file>
      <input_file id="fl-aa">
         <path>C:\MATHLIB_Tools\CCSV5_5_0\ccsv5\tools\compiler\c6000_7.4.2\lib\</path>
         <kind>archive</kind>
         <file>rts6600e_elf.lib</file>
         <name>_printfi.obj</name>
      </input_file>
      <input_file id="fl-ab">
         <path>C:\MATHLIB_Tools\CCSV5_5_0\ccsv5\tools\compiler\c6000_7.4.2\lib\</path>
         <kind>archive</kind>
         <file>rts6600e_elf.lib</file>
         <name>args_main.obj</name>
      </input_file>
      <input_file id="fl-ac">
         <path>C:\MATHLIB_Tools\CCSV5_5_0\ccsv5\tools\compiler\c6000_7.4.2\lib\</path>
         <kind>archive</kind>
         <file>rts6600e_elf.lib</file>
         <name>atoi.obj</name>
      </input_file>
      <input_file id="fl-ad">
         <path>C:\MATHLIB_Tools\CCSV5_5_0\ccsv5\tools\compiler\c6000_7.4.2\lib\</path>
         <kind>archive</kind>
         <file>rts6600e_elf.lib</file>
         <name>autoinit.obj</name>
      </input_file>
      <input_file id="fl-ae">
         <path>C:\MATHLIB_Tools\CCSV5_5_0\ccsv5\tools\compiler\c6000_7.4.2\lib\</path>
         <kind>archive</kind>
         <file>rts6600e_elf.lib</file>
         <name>cpp_init.obj</name>
      </input_file>
      <input_file id="fl-af">
         <path>C:\MATHLIB_Tools\CCSV5_5_0\ccsv5\tools\compiler\c6000_7.4.2\lib\</path>
         <kind>archive</kind>
         <file>rts6600e_elf.lib</file>
         <name>cpy_tbl.obj</name>
      </input_file>
      <input_file id="fl-b0">
         <path>C:\MATHLIB_Tools\CCSV5_5_0\ccsv5\tools\compiler\c6000_7.4.2\lib\</path>
         <kind>archive</kind>
         <file>rts6600e_elf.lib</file>
         <name>ctype.obj</name>
      </input_file>
      <input_file id="fl-b1">
         <path>C:\MATHLIB_Tools\CCSV5_5_0\ccsv5\tools\compiler\c6000_7.4.2\lib\</path>
         <kind>archive</kind>
         <file>rts6600e_elf.lib</file>
         <name>defs.obj</name>
      </input_file>
      <input_file id="fl-b2">
         <path>C:\MATHLIB_Tools\CCSV5_5_0\ccsv5\tools\compiler\c6000_7.4.2\lib\</path>
         <kind>archive</kind>
         <file>rts6600e_elf.lib</file>
         <name>divu.obj</name>
      </input_file>
      <input_file id="fl-b3">
         <path>C:\MATHLIB_Tools\CCSV5_5_0\ccsv5\tools\compiler\c6000_7.4.2\lib\</path>
         <kind>archive</kind>
         <file>rts6600e_elf.lib</file>
         <name>fseek.obj</name>
      </input_file>
      <input_file id="fl-b4">
         <path>C:\MATHLIB_Tools\CCSV5_5_0\ccsv5\tools\compiler\c6000_7.4.2\lib\</path>
         <kind>archive</kind>
         <file>rts6600e_elf.lib</file>
         <name>imath40.obj</name>
      </input_file>
      <input_file id="fl-b5">
         <path>C:\MATHLIB_Tools\CCSV5_5_0\ccsv5\tools\compiler\c6000_7.4.2\lib\</path>
         <kind>archive</kind>
         <file>rts6600e_elf.lib</file>
         <name>imath64.obj</name>
      </input_file>
      <input_file id="fl-b6">
         <path>C:\MATHLIB_Tools\CCSV5_5_0\ccsv5\tools\compiler\c6000_7.4.2\lib\</path>
         <kind>archive</kind>
         <file>rts6600e_elf.lib</file>
         <name>isinf.obj</name>
      </input_file>
      <input_file id="fl-b7">
         <path>C:\MATHLIB_Tools\CCSV5_5_0\ccsv5\tools\compiler\c6000_7.4.2\lib\</path>
         <kind>archive</kind>
         <file>rts6600e_elf.lib</file>
         <name>ltoa.obj</name>
      </input_file>
      <input_file id="fl-b8">
         <path>C:\MATHLIB_Tools\CCSV5_5_0\ccsv5\tools\compiler\c6000_7.4.2\lib\</path>
         <kind>archive</kind>
         <file>rts6600e_elf.lib</file>
         <name>memccpy.obj</name>
      </input_file>
      <input_file id="fl-b9">
         <path>C:\MATHLIB_Tools\CCSV5_5_0\ccsv5\tools\compiler\c6000_7.4.2\lib\</path>
         <kind>archive</kind>
         <file>rts6600e_elf.lib</file>
         <name>modf.obj</name>
      </input_file>
      <input_file id="fl-ba">
         <path>C:\MATHLIB_Tools\CCSV5_5_0\ccsv5\tools\compiler\c6000_7.4.2\lib\</path>
         <kind>archive</kind>
         <file>rts6600e_elf.lib</file>
         <name>modff.obj</name>
      </input_file>
      <input_file id="fl-bb">
         <path>C:\MATHLIB_Tools\CCSV5_5_0\ccsv5\tools\compiler\c6000_7.4.2\lib\</path>
         <kind>archive</kind>
         <file>rts6600e_elf.lib</file>
         <name>round.obj</name>
      </input_file>
      <input_file id="fl-bc">
         <path>C:\MATHLIB_Tools\CCSV5_5_0\ccsv5\tools\compiler\c6000_7.4.2\lib\</path>
         <kind>archive</kind>
         <file>rts6600e_elf.lib</file>
         <name>roundf.obj</name>
      </input_file>
      <input_file id="fl-bd">
         <path>C:\MATHLIB_Tools\CCSV5_5_0\ccsv5\tools\compiler\c6000_7.4.2\lib\</path>
         <kind>archive</kind>
         <file>rts6600e_elf.lib</file>
         <name>setvbuf.obj</name>
      </input_file>
      <input_file id="fl-be">
         <path>C:\MATHLIB_Tools\CCSV5_5_0\ccsv5\tools\compiler\c6000_7.4.2\lib\</path>
         <kind>archive</kind>
         <file>rts6600e_elf.lib</file>
         <name>tls.obj</name>
      </input_file>
      <input_file id="fl-bf">
         <path>C:\MATHLIB_Tools\CCSV5_5_0\ccsv5\tools\compiler\c6000_7.4.2\lib\</path>
         <kind>archive</kind>
         <file>rts6600e_elf.lib</file>
         <name>tls_get_tp.obj</name>
      </input_file>
      <input_file id="fl-c0">
         <path>C:\MATHLIB_Tools\CCSV5_5_0\ccsv5\tools\compiler\c6000_7.4.2\lib\</path>
         <kind>archive</kind>
         <file>rts6600e_elf.lib</file>
         <name>abs.obj</name>
      </input_file>
   </input_file_list>
   <object_component_list>
      <object_component id="oc-b0">
         <name>.text:optasm</name>
         <load_address>0x82fc40</load_address>
         <run_address>0x82fc40</run_address>
         <size>0x20</size>
         <input_file_ref idref="fl-e"/>
      </object_component>
      <object_component id="oc-b2">
         <name>.text:optvec</name>
         <load_address>0x82f520</load_address>
         <run_address>0x82f520</run_address>
         <size>0x560</size>
         <input_file_ref idref="fl-10"/>
      </object_component>
      <object_component id="oc-f8">
         <name>.text:optci</name>
         <load_address>0x82fa80</load_address>
         <run_address>0x82fa80</run_address>
         <size>0xe0</size>
         <input_file_ref idref="fl-e"/>
      </object_component>
      <object_component id="oc-b1">
         <name>.text:optci</name>
         <load_address>0x82fb60</load_address>
         <run_address>0x82fb60</run_address>
         <size>0xe0</size>
         <input_file_ref idref="fl-f"/>
      </object_component>
      <object_component id="oc-6a">
         <name>.text</name>
         <load_address>0x81de20</load_address>
         <run_address>0x81de20</run_address>
         <size>0x1180</size>
         <input_file_ref idref="fl-2"/>
      </object_component>
      <object_component id="oc-ab">
         <name>.text</name>
         <load_address>0x81efa0</load_address>
         <run_address>0x81efa0</run_address>
         <size>0x660</size>
         <input_file_ref idref="fl-4"/>
      </object_component>
      <object_component id="oc-f9">
         <name>.text:__c6xabi_divd</name>
         <load_address>0x81f600</load_address>
         <run_address>0x81f600</run_address>
         <size>0x5c0</size>
         <input_file_ref idref="fl-8c"/>
      </object_component>
      <object_component id="oc-258">
         <name>.text:_getarg_diouxp</name>
         <load_address>0x81fbc0</load_address>
         <run_address>0x81fbc0</run_address>
         <size>0x5c0</size>
         <input_file_ref idref="fl-aa"/>
      </object_component>
      <object_component id="oc-12d">
         <name>.text:_printfi</name>
         <load_address>0x820180</load_address>
         <run_address>0x820180</run_address>
         <size>0x460</size>
         <input_file_ref idref="fl-aa"/>
      </object_component>
      <object_component id="oc-18b">
         <name>.text:_setfield</name>
         <load_address>0x8205e0</load_address>
         <run_address>0x8205e0</run_address>
         <size>0x460</size>
         <input_file_ref idref="fl-aa"/>
      </object_component>
      <object_component id="oc-179">
         <name>.text:fputs</name>
         <load_address>0x820a40</load_address>
         <run_address>0x820a40</run_address>
         <size>0x3a0</size>
         <input_file_ref idref="fl-96"/>
      </object_component>
      <object_component id="oc-b3">
         <name>.text</name>
         <load_address>0x820de0</load_address>
         <run_address>0x820de0</run_address>
         <size>0x340</size>
         <input_file_ref idref="fl-3"/>
      </object_component>
      <object_component id="oc-1f6">
         <name>.text:_pproc_fge</name>
         <load_address>0x821120</load_address>
         <run_address>0x821120</run_address>
         <size>0x320</size>
         <input_file_ref idref="fl-aa"/>
      </object_component>
      <object_component id="oc-187">
         <name>.text:_pproc_fwp</name>
         <load_address>0x821440</load_address>
         <run_address>0x821440</run_address>
         <size>0x2e0</size>
         <input_file_ref idref="fl-aa"/>
      </object_component>
      <object_component id="oc-2a4">
         <name>.text:fcvt</name>
         <load_address>0x821720</load_address>
         <run_address>0x821720</run_address>
         <size>0x2a0</size>
         <input_file_ref idref="fl-aa"/>
      </object_component>
      <object_component id="oc-101">
         <name>.text:__c6xabi_divf</name>
         <load_address>0x8219c0</load_address>
         <run_address>0x8219c0</run_address>
         <size>0x280</size>
         <input_file_ref idref="fl-8d"/>
      </object_component>
      <object_component id="oc-297">
         <name>.text:ecvt</name>
         <load_address>0x821c40</load_address>
         <run_address>0x821c40</run_address>
         <size>0x280</size>
         <input_file_ref idref="fl-aa"/>
      </object_component>
      <object_component id="oc-1c3">
         <name>.text:free</name>
         <load_address>0x821ec0</load_address>
         <run_address>0x821ec0</run_address>
         <size>0x280</size>
         <input_file_ref idref="fl-9c"/>
      </object_component>
      <object_component id="oc-b4">
         <name>.text:sin</name>
         <load_address>0x822140</load_address>
         <run_address>0x822140</run_address>
         <size>0x280</size>
         <input_file_ref idref="fl-a2"/>
      </object_component>
      <object_component id="oc-2f7">
         <name>.text:__c6xabi_divull</name>
         <load_address>0x8223c0</load_address>
         <run_address>0x8223c0</run_address>
         <size>0x240</size>
         <input_file_ref idref="fl-b5"/>
      </object_component>
      <object_component id="oc-253">
         <name>.text:_pconv_e</name>
         <load_address>0x822600</load_address>
         <run_address>0x822600</run_address>
         <size>0x240</size>
         <input_file_ref idref="fl-aa"/>
      </object_component>
      <object_component id="oc-1fa">
         <name>.text:_pproc_diouxp</name>
         <load_address>0x822840</load_address>
         <run_address>0x822840</run_address>
         <size>0x240</size>
         <input_file_ref idref="fl-aa"/>
      </object_component>
      <object_component id="oc-ac">
         <name>.text:sinf</name>
         <load_address>0x822a80</load_address>
         <run_address>0x822a80</run_address>
         <size>0x240</size>
         <input_file_ref idref="fl-a3"/>
      </object_component>
      <object_component id="oc-18f">
         <name>.text:_pproc_str</name>
         <load_address>0x822cc0</load_address>
         <run_address>0x822cc0</run_address>
         <size>0x220</size>
         <input_file_ref idref="fl-aa"/>
      </object_component>
      <object_component id="oc-17e">
         <name>.text:fputc</name>
         <load_address>0x822ee0</load_address>
         <run_address>0x822ee0</run_address>
         <size>0x220</size>
         <input_file_ref idref="fl-95"/>
      </object_component>
      <object_component id="oc-24b">
         <name>.text:_pconv_g</name>
         <load_address>0x823100</load_address>
         <run_address>0x823100</run_address>
         <size>0x200</size>
         <input_file_ref idref="fl-aa"/>
      </object_component>
      <object_component id="oc-234">
         <name>.text:setvbuf</name>
         <load_address>0x823300</load_address>
         <run_address>0x823300</run_address>
         <size>0x200</size>
         <input_file_ref idref="fl-bd"/>
      </object_component>
      <object_component id="oc-29f">
         <name>.text:_mcpy</name>
         <load_address>0x823500</load_address>
         <run_address>0x823500</run_address>
         <size>0x1c0</size>
         <input_file_ref idref="fl-aa"/>
      </object_component>
      <object_component id="oc-13c">
         <name>.text:_openfile</name>
         <load_address>0x8236c0</load_address>
         <run_address>0x8236c0</run_address>
         <size>0x1c0</size>
         <input_file_ref idref="fl-93"/>
      </object_component>
      <object_component id="oc-2d3">
         <name>.text:HOSTrename</name>
         <load_address>0x823880</load_address>
         <run_address>0x823880</run_address>
         <size>0x1a0</size>
         <input_file_ref idref="fl-a4"/>
      </object_component>
      <object_component id="oc-2f3">
         <name>.text:__c6xabi_divul</name>
         <load_address>0x823a20</load_address>
         <run_address>0x823a20</run_address>
         <size>0x1a0</size>
         <input_file_ref idref="fl-b4"/>
      </object_component>
      <object_component id="oc-4c">
         <name>.text:__TI_decompress_rle_core</name>
         <load_address>0x823bc0</load_address>
         <run_address>0x823bc0</run_address>
         <size>0x180</size>
         <input_file_ref idref="fl-8a"/>
      </object_component>
      <object_component id="oc-288">
         <name>.text:malloc</name>
         <load_address>0x823d40</load_address>
         <run_address>0x823d40</run_address>
         <size>0x180</size>
         <input_file_ref idref="fl-9c"/>
      </object_component>
      <object_component id="oc-1af">
         <name>.text:open</name>
         <load_address>0x823ec0</load_address>
         <run_address>0x823ec0</run_address>
         <size>0x180</size>
         <input_file_ref idref="fl-9a"/>
      </object_component>
      <object_component id="oc-183">
         <name>.text:_pproc_fflags</name>
         <load_address>0x824040</load_address>
         <run_address>0x824040</run_address>
         <size>0x140</size>
         <input_file_ref idref="fl-aa"/>
      </object_component>
      <object_component id="oc-217">
         <name>.text:getdevice</name>
         <load_address>0x824180</load_address>
         <run_address>0x824180</run_address>
         <size>0x140</size>
         <input_file_ref idref="fl-9a"/>
      </object_component>
      <object_component id="oc-14c">
         <name>.text:_closefile</name>
         <load_address>0x8242c0</load_address>
         <run_address>0x8242c0</run_address>
         <size>0x120</size>
         <input_file_ref idref="fl-8f"/>
      </object_component>
      <object_component id="oc-25c">
         <name>.text:_ltostr</name>
         <load_address>0x8243e0</load_address>
         <run_address>0x8243e0</run_address>
         <size>0x120</size>
         <input_file_ref idref="fl-aa"/>
      </object_component>
      <object_component id="oc-138">
         <name>.text:_search_fp</name>
         <load_address>0x824500</load_address>
         <run_address>0x824500</run_address>
         <size>0x120</size>
         <input_file_ref idref="fl-93"/>
      </object_component>
      <object_component id="oc-230">
         <name>.text:fseek</name>
         <load_address>0x824620</load_address>
         <run_address>0x824620</run_address>
         <size>0x120</size>
         <input_file_ref idref="fl-b3"/>
      </object_component>
      <object_component id="oc-2cb">
         <name>.text:HOSTlseek</name>
         <load_address>0x824740</load_address>
         <run_address>0x824740</run_address>
         <size>0x100</size>
         <input_file_ref idref="fl-a4"/>
      </object_component>
      <object_component id="oc-bc">
         <name>.text:__c6xabi_fixdlli</name>
         <load_address>0x824840</load_address>
         <run_address>0x824840</run_address>
         <size>0x100</size>
         <input_file_ref idref="fl-91"/>
      </object_component>
      <object_component id="oc-2f">
         <name>.text:_auto_init_elf</name>
         <load_address>0x824940</load_address>
         <run_address>0x824940</run_address>
         <size>0x100</size>
         <input_file_ref idref="fl-ad"/>
      </object_component>
      <object_component id="oc-1e4">
         <name>.text:_wrt_ok</name>
         <load_address>0x824a40</load_address>
         <run_address>0x824a40</run_address>
         <size>0x100</size>
         <input_file_ref idref="fl-a8"/>
      </object_component>
      <object_component id="oc-5d">
         <name>.text:copy_in</name>
         <load_address>0x824b40</load_address>
         <run_address>0x824b40</run_address>
         <size>0x100</size>
         <input_file_ref idref="fl-af"/>
      </object_component>
      <object_component id="oc-de">
         <name>.text:fprintf</name>
         <load_address>0x824c40</load_address>
         <run_address>0x824c40</run_address>
         <size>0x100</size>
         <input_file_ref idref="fl-94"/>
      </object_component>
      <object_component id="oc-2bb">
         <name>.text:HOSTopen</name>
         <load_address>0x824d40</load_address>
         <run_address>0x824d40</run_address>
         <size>0xe0</size>
         <input_file_ref idref="fl-a4"/>
      </object_component>
      <object_component id="oc-b8">
         <name>.text:__c6xabi_fltllif</name>
         <load_address>0x824e20</load_address>
         <run_address>0x824e20</run_address>
         <size>0xe0</size>
         <input_file_ref idref="fl-92"/>
      </object_component>
      <object_component id="oc-2b4">
         <name>.text:_div</name>
         <load_address>0x824f00</load_address>
         <run_address>0x824f00</run_address>
         <size>0xe0</size>
         <input_file_ref idref="fl-aa"/>
      </object_component>
      <object_component id="oc-1f1">
         <name>.text:atoi</name>
         <load_address>0x824fe0</load_address>
         <run_address>0x824fe0</run_address>
         <size>0xe0</size>
         <input_file_ref idref="fl-ac"/>
      </object_component>
      <object_component id="oc-1c7">
         <name>.text:close</name>
         <load_address>0x8250c0</load_address>
         <run_address>0x8250c0</run_address>
         <size>0xe0</size>
         <input_file_ref idref="fl-9a"/>
      </object_component>
      <object_component id="oc-23">
         <name>.text:decompress:ZI:__TI_zero_init</name>
         <load_address>0x8251a0</load_address>
         <run_address>0x8251a0</run_address>
         <size>0xe0</size>
         <input_file_ref idref="fl-8b"/>
      </object_component>
      <object_component id="oc-2e6">
         <name>.text:ltoa</name>
         <load_address>0x825280</load_address>
         <run_address>0x825280</run_address>
         <size>0xe0</size>
         <input_file_ref idref="fl-b7"/>
      </object_component>
      <object_component id="oc-1a6">
         <name>.text:memset</name>
         <load_address>0x825360</load_address>
         <run_address>0x825360</run_address>
         <size>0xe0</size>
         <input_file_ref idref="fl-9d"/>
      </object_component>
      <object_component id="oc-c0">
         <name>.text:printf</name>
         <load_address>0x825440</load_address>
         <run_address>0x825440</run_address>
         <size>0xe0</size>
         <input_file_ref idref="fl-9f"/>
      </object_component>
      <object_component id="oc-2c3">
         <name>.text:HOSTread</name>
         <load_address>0x825520</load_address>
         <run_address>0x825520</run_address>
         <size>0xc0</size>
         <input_file_ref idref="fl-a4"/>
      </object_component>
      <object_component id="oc-2cf">
         <name>.text:HOSTunlink</name>
         <load_address>0x8255e0</load_address>
         <run_address>0x8255e0</run_address>
         <size>0xc0</size>
         <input_file_ref idref="fl-a4"/>
      </object_component>
      <object_component id="oc-2c7">
         <name>.text:HOSTwrite</name>
         <load_address>0x8256a0</load_address>
         <run_address>0x8256a0</run_address>
         <size>0xc0</size>
         <input_file_ref idref="fl-a4"/>
      </object_component>
      <object_component id="oc-2ef">
         <name>.text:__divu</name>
         <load_address>0x825760</load_address>
         <run_address>0x825760</run_address>
         <size>0xc0</size>
         <input_file_ref idref="fl-b2"/>
      </object_component>
      <object_component id="oc-1bf">
         <name>.text:_doflush</name>
         <load_address>0x825820</load_address>
         <run_address>0x825820</run_address>
         <size>0xc0</size>
         <input_file_ref idref="fl-90"/>
      </object_component>
      <object_component id="oc-37">
         <name>.text:exit</name>
         <load_address>0x8258e0</load_address>
         <run_address>0x8258e0</run_address>
         <size>0xc0</size>
         <input_file_ref idref="fl-8e"/>
      </object_component>
      <object_component id="oc-61">
         <name>.text:tls:init:__TI_tls_init</name>
         <load_address>0x8259a0</load_address>
         <run_address>0x8259a0</run_address>
         <size>0xc0</size>
         <input_file_ref idref="fl-be"/>
      </object_component>
      <object_component id="oc-2bf">
         <name>.text:HOSTclose</name>
         <load_address>0x825a60</load_address>
         <run_address>0x825a60</run_address>
         <size>0xa0</size>
         <input_file_ref idref="fl-a4"/>
      </object_component>
      <object_component id="oc-10a">
         <name>.text:__c6xabi_nround</name>
         <load_address>0x825b00</load_address>
         <run_address>0x825b00</run_address>
         <size>0xa0</size>
         <input_file_ref idref="fl-bb"/>
      </object_component>
      <object_component id="oc-1ab">
         <name>.text:_cleanup</name>
         <load_address>0x825ba0</load_address>
         <run_address>0x825ba0</run_address>
         <size>0xa0</size>
         <input_file_ref idref="fl-93"/>
      </object_component>
      <object_component id="oc-29b">
         <name>.text:_ecpy</name>
         <load_address>0x825c40</load_address>
         <run_address>0x825c40</run_address>
         <size>0xa0</size>
         <input_file_ref idref="fl-aa"/>
      </object_component>
      <object_component id="oc-2a8">
         <name>.text:_fcpy</name>
         <load_address>0x825ce0</load_address>
         <run_address>0x825ce0</run_address>
         <size>0xa0</size>
         <input_file_ref idref="fl-aa"/>
      </object_component>
      <object_component id="oc-2dd">
         <name>.text:_minit</name>
         <load_address>0x825d80</load_address>
         <run_address>0x825d80</run_address>
         <size>0xa0</size>
         <input_file_ref idref="fl-9c"/>
      </object_component>
      <object_component id="oc-24f">
         <name>.text:_pconv_f</name>
         <load_address>0x825e20</load_address>
         <run_address>0x825e20</run_address>
         <size>0xa0</size>
         <input_file_ref idref="fl-aa"/>
      </object_component>
      <object_component id="oc-26b">
         <name>.text:finddevice</name>
         <load_address>0x825ec0</load_address>
         <run_address>0x825ec0</run_address>
         <size>0xa0</size>
         <input_file_ref idref="fl-9a"/>
      </object_component>
      <object_component id="oc-282">
         <name>.text:lseek</name>
         <load_address>0x825f60</load_address>
         <run_address>0x825f60</run_address>
         <size>0xa0</size>
         <input_file_ref idref="fl-9a"/>
      </object_component>
      <object_component id="oc-3c">
         <name>.text:memcpy</name>
         <load_address>0x826000</load_address>
         <run_address>0x826000</run_address>
         <size>0xa0</size>
         <input_file_ref idref="fl-9b"/>
      </object_component>
      <object_component id="oc-225">
         <name>.text:minsert</name>
         <load_address>0x8260a0</load_address>
         <run_address>0x8260a0</run_address>
         <size>0xa0</size>
         <input_file_ref idref="fl-9c"/>
      </object_component>
      <object_component id="oc-10e">
         <name>.text:modf</name>
         <load_address>0x826140</load_address>
         <run_address>0x826140</run_address>
         <size>0xa0</size>
         <input_file_ref idref="fl-b9"/>
      </object_component>
      <object_component id="oc-221">
         <name>.text:mremove</name>
         <load_address>0x8261e0</load_address>
         <run_address>0x8261e0</run_address>
         <size>0xa0</size>
         <input_file_ref idref="fl-9c"/>
      </object_component>
      <object_component id="oc-1e8">
         <name>.text:write</name>
         <load_address>0x826280</load_address>
         <run_address>0x826280</run_address>
         <size>0xa0</size>
         <input_file_ref idref="fl-9a"/>
      </object_component>
      <object_component id="oc-117">
         <name>.text:__c6xabi_llshl</name>
         <load_address>0x826320</load_address>
         <run_address>0x826320</run_address>
         <size>0x80</size>
         <input_file_ref idref="fl-99"/>
      </object_component>
      <object_component id="oc-ef">
         <name>.text:__c6xabi_roundf</name>
         <load_address>0x8263a0</load_address>
         <run_address>0x8263a0</run_address>
         <size>0x80</size>
         <input_file_ref idref="fl-bc"/>
      </object_component>
      <object_component id="oc-1b">
         <name>.text:_c_int00</name>
         <load_address>0x826420</load_address>
         <run_address>0x826420</run_address>
         <size>0x80</size>
         <input_file_ref idref="fl-88"/>
      </object_component>
      <object_component id="oc-d6">
         <name>.text:rand</name>
         <load_address>0x8264a0</load_address>
         <run_address>0x8264a0</run_address>
         <size>0x80</size>
         <input_file_ref idref="fl-a0"/>
      </object_component>
      <object_component id="oc-302">
         <name>.text:readmsg</name>
         <load_address>0x826520</load_address>
         <run_address>0x826520</run_address>
         <size>0x80</size>
         <input_file_ref idref="fl-a5"/>
      </object_component>
      <object_component id="oc-1cb">
         <name>.text:unlink</name>
         <load_address>0x8265a0</load_address>
         <run_address>0x8265a0</run_address>
         <size>0x80</size>
         <input_file_ref idref="fl-9a"/>
      </object_component>
      <object_component id="oc-65">
         <name>.text:__TI_cpp_init</name>
         <load_address>0x826620</load_address>
         <run_address>0x826620</run_address>
         <size>0x60</size>
         <input_file_ref idref="fl-ae"/>
      </object_component>
      <object_component id="oc-157">
         <name>.text:__c6xabi_frcmpyd_div</name>
         <load_address>0x826680</load_address>
         <run_address>0x826680</run_address>
         <size>0x60</size>
         <input_file_ref idref="fl-97"/>
      </object_component>
      <object_component id="oc-11c">
         <name>.text:__c6xabi_llshru</name>
         <load_address>0x8266e0</load_address>
         <run_address>0x8266e0</run_address>
         <size>0x60</size>
         <input_file_ref idref="fl-99"/>
      </object_component>
      <object_component id="oc-313">
         <name>.text:_subcull</name>
         <load_address>0x826740</load_address>
         <run_address>0x826740</run_address>
         <size>0x60</size>
         <input_file_ref idref="fl-b5"/>
      </object_component>
      <object_component id="oc-e2">
         <name>.text:fclose</name>
         <load_address>0x8267a0</load_address>
         <run_address>0x8267a0</run_address>
         <size>0x60</size>
         <input_file_ref idref="fl-8f"/>
      </object_component>
      <object_component id="oc-da">
         <name>.text:fopen</name>
         <load_address>0x826800</load_address>
         <run_address>0x826800</run_address>
         <size>0x60</size>
         <input_file_ref idref="fl-93"/>
      </object_component>
      <object_component id="oc-1fe">
         <name>.text:memccpy</name>
         <load_address>0x826860</load_address>
         <run_address>0x826860</run_address>
         <size>0x60</size>
         <input_file_ref idref="fl-b8"/>
      </object_component>
      <object_component id="oc-f3">
         <name>.text:modff</name>
         <load_address>0x8268c0</load_address>
         <run_address>0x8268c0</run_address>
         <size>0x60</size>
         <input_file_ref idref="fl-ba"/>
      </object_component>
      <object_component id="oc-e6">
         <name>.text:srand</name>
         <load_address>0x826920</load_address>
         <run_address>0x826920</run_address>
         <size>0x60</size>
         <input_file_ref idref="fl-a0"/>
      </object_component>
      <object_component id="oc-213">
         <name>.text:tabinit</name>
         <load_address>0x826980</load_address>
         <run_address>0x826980</run_address>
         <size>0x60</size>
         <input_file_ref idref="fl-9a"/>
      </object_component>
      <object_component id="oc-2fe">
         <name>.text:writemsg</name>
         <load_address>0x8269e0</load_address>
         <run_address>0x8269e0</run_address>
         <size>0x60</size>
         <input_file_ref idref="fl-a5"/>
      </object_component>
      <object_component id="oc-247">
         <name>.text:__c6xabi_isinf</name>
         <load_address>0x826a40</load_address>
         <run_address>0x826a40</run_address>
         <size>0x40</size>
         <input_file_ref idref="fl-b6"/>
      </object_component>
      <object_component id="oc-243">
         <name>.text:__c6xabi_isnan</name>
         <load_address>0x826a80</load_address>
         <run_address>0x826a80</run_address>
         <size>0x40</size>
         <input_file_ref idref="fl-aa"/>
      </object_component>
      <object_component id="oc-33">
         <name>.text:_args_main</name>
         <load_address>0x826ac0</load_address>
         <run_address>0x826ac0</run_address>
         <size>0x40</size>
         <input_file_ref idref="fl-ab"/>
      </object_component>
      <object_component id="oc-fd">
         <name>.text:__c6xabi_isinff</name>
         <load_address>0x826b00</load_address>
         <run_address>0x826b00</run_address>
         <size>0x20</size>
         <input_file_ref idref="fl-98"/>
      </object_component>
      <object_component id="oc-113">
         <name>.text:__c6xabi_negll</name>
         <load_address>0x826b20</load_address>
         <run_address>0x826b20</run_address>
         <size>0x20</size>
         <input_file_ref idref="fl-9e"/>
      </object_component>
      <object_component id="oc-106">
         <name>.text:__c6xabi_trunc</name>
         <load_address>0x826b40</load_address>
         <run_address>0x826b40</run_address>
         <size>0x20</size>
         <input_file_ref idref="fl-a6"/>
      </object_component>
      <object_component id="oc-eb">
         <name>.text:__c6xabi_truncf</name>
         <load_address>0x826b60</load_address>
         <run_address>0x826b60</run_address>
         <size>0x20</size>
         <input_file_ref idref="fl-a7"/>
      </object_component>
      <object_component id="oc-16f">
         <name>.text:_nop</name>
         <load_address>0x826b80</load_address>
         <run_address>0x826b80</run_address>
         <size>0x20</size>
         <input_file_ref idref="fl-a9"/>
      </object_component>
      <object_component id="oc-146">
         <name>.text:_outc</name>
         <load_address>0x826ba0</load_address>
         <run_address>0x826ba0</run_address>
         <size>0x20</size>
         <input_file_ref idref="fl-94"/>
      </object_component>
      <object_component id="oc-129">
         <name>.text:_outc</name>
         <load_address>0x826bc0</load_address>
         <run_address>0x826bc0</run_address>
         <size>0x20</size>
         <input_file_ref idref="fl-9f"/>
      </object_component>
      <object_component id="oc-142">
         <name>.text:_outs</name>
         <load_address>0x826be0</load_address>
         <run_address>0x826be0</run_address>
         <size>0x20</size>
         <input_file_ref idref="fl-94"/>
      </object_component>
      <object_component id="oc-125">
         <name>.text:_outs</name>
         <load_address>0x826c00</load_address>
         <run_address>0x826c00</run_address>
         <size>0x20</size>
         <input_file_ref idref="fl-9f"/>
      </object_component>
      <object_component id="oc-73">
         <name>.text:abort</name>
         <load_address>0x826c20</load_address>
         <run_address>0x826c20</run_address>
         <size>0x20</size>
         <input_file_ref idref="fl-8e"/>
      </object_component>
      <object_component id="oc-1f">
         <name>.text:decompress:none:__TI_decompress_none</name>
         <load_address>0x826c40</load_address>
         <run_address>0x826c40</run_address>
         <size>0x20</size>
         <input_file_ref idref="fl-89"/>
      </object_component>
      <object_component id="oc-27">
         <name>.text:decompress:rle24:__TI_decompress_rle24</name>
         <load_address>0x826c60</load_address>
         <run_address>0x826c60</run_address>
         <size>0x20</size>
         <input_file_ref idref="fl-8a"/>
      </object_component>
      <object_component id="oc-352">
         <name>$Tramp$S$$sinsp_v</name>
         <load_address>0x826c80</load_address>
         <run_address>0x826c80</run_address>
         <size>0x10</size>
         <input_file_ref idref="fl-10"/>
      </object_component>
      <object_component id="oc-351">
         <name>$Tramp$S$$sinsp_c</name>
         <load_address>0x826c90</load_address>
         <run_address>0x826c90</run_address>
         <size>0x10</size>
         <input_file_ref idref="fl-f"/>
      </object_component>
      <object_component id="oc-350">
         <name>$Tramp$S$$sinsp</name>
         <load_address>0x826ca0</load_address>
         <run_address>0x826ca0</run_address>
         <size>0x10</size>
         <input_file_ref idref="fl-e"/>
      </object_component>
      <object_component id="oc-a9">
         <name>.far</name>
         <uninitialized>true</uninitialized>
         <run_address>0x800000</run_address>
         <size>0x11c60</size>
         <input_file_ref idref="fl-3"/>
      </object_component>
      <object_component id="oc-1cf">
         <name>.far</name>
         <uninitialized>true</uninitialized>
         <run_address>0x811c60</run_address>
         <size>0x140</size>
         <input_file_ref idref="fl-b1"/>
      </object_component>
      <object_component id="oc-a8">
         <name>.far</name>
         <uninitialized>true</uninitialized>
         <run_address>0x811da0</run_address>
         <size>0x60</size>
         <input_file_ref idref="fl-4"/>
      </object_component>
      <object_component id="oc-2fc">
         <name>.far</name>
         <uninitialized>true</uninitialized>
         <run_address>0x811e00</run_address>
         <size>0x8</size>
         <input_file_ref idref="fl-a4"/>
      </object_component>
      <object_component id="oc-a7">
         <name>.fardata:output</name>
         <load_address>0x81de08</load_address>
         <run_address>0x81de08</run_address>
         <size>0x14</size>
         <input_file_ref idref="fl-3"/>
      </object_component>
      <object_component id="oc-1a4">
         <name>.fardata</name>
         <load_address>0x81de1c</load_address>
         <run_address>0x81de1c</run_address>
         <size>0x4</size>
         <input_file_ref idref="fl-b1"/>
      </object_component>
      <object_component id="oc-123">
         <name>.fardata:_ftable</name>
         <load_address>0x82ecc0</load_address>
         <run_address>0x82ecc0</run_address>
         <size>0x1e0</size>
         <input_file_ref idref="fl-b1"/>
      </object_component>
      <object_component id="oc-211">
         <name>.fardata:_stream</name>
         <load_address>0x82eea0</load_address>
         <run_address>0x82eea0</run_address>
         <size>0xa0</size>
         <input_file_ref idref="fl-9a"/>
      </object_component>
      <object_component id="oc-265">
         <name>.fardata:_device</name>
         <load_address>0x82ef40</load_address>
         <run_address>0x82ef40</run_address>
         <size>0x78</size>
         <input_file_ref idref="fl-9a"/>
      </object_component>
      <object_component id="oc-105">
         <name>.fardata:R$1</name>
         <load_address>0x82efb8</load_address>
         <run_address>0x82efb8</run_address>
         <size>0x40</size>
         <input_file_ref idref="fl-a2"/>
      </object_component>
      <object_component id="oc-a6">
         <name>.fardata:a</name>
         <load_address>0x82eff8</load_address>
         <run_address>0x82eff8</run_address>
         <size>0x28</size>
         <input_file_ref idref="fl-2"/>
      </object_component>
      <object_component id="oc-ea">
         <name>.fardata:R$1</name>
         <load_address>0x82f020</load_address>
         <run_address>0x82f020</run_address>
         <size>0x10</size>
         <input_file_ref idref="fl-a3"/>
      </object_component>
      <object_component id="oc-71">
         <name>.fardata</name>
         <load_address>0x82f030</load_address>
         <run_address>0x82f030</run_address>
         <size>0xc</size>
         <input_file_ref idref="fl-8e"/>
      </object_component>
      <object_component id="oc-21f">
         <name>.fardata</name>
         <load_address>0x82f03c</load_address>
         <run_address>0x82f03c</run_address>
         <size>0xc</size>
         <input_file_ref idref="fl-9c"/>
      </object_component>
      <object_component id="oc-aa">
         <name>.fardata:input</name>
         <load_address>0x82f048</load_address>
         <run_address>0x82f048</run_address>
         <size>0x8</size>
         <input_file_ref idref="fl-3"/>
      </object_component>
      <object_component id="oc-121">
         <name>.fardata</name>
         <load_address>0x82f050</load_address>
         <run_address>0x82f050</run_address>
         <size>0x8</size>
         <input_file_ref idref="fl-a9"/>
      </object_component>
      <object_component id="oc-1a3">
         <name>.fardata</name>
         <load_address>0x82f058</load_address>
         <run_address>0x82f058</run_address>
         <size>0x4</size>
         <input_file_ref idref="fl-93"/>
      </object_component>
      <object_component id="oc-269">
         <name>.fardata</name>
         <load_address>0x82f05c</load_address>
         <run_address>0x82f05c</run_address>
         <size>0x4</size>
         <input_file_ref idref="fl-9a"/>
      </object_component>
      <object_component id="oc-135">
         <name>.fardata</name>
         <load_address>0x82f060</load_address>
         <run_address>0x82f060</run_address>
         <size>0x4</size>
         <input_file_ref idref="fl-a0"/>
      </object_component>
      <object_component id="oc-2b">
         <name>.stack</name>
         <uninitialized>true</uninitialized>
         <run_address>0x811e08</run_address>
         <size>0x8</size>
         <input_file_ref idref="fl-88"/>
      </object_component>
      <object_component id="oc-34e">
         <name>.stack</name>
         <uninitialized>true</uninitialized>
         <run_address>0x811e08</run_address>
         <size>0x0</size>
      </object_component>
      <object_component id="oc-2d">
         <name>.sysmem</name>
         <uninitialized>true</uninitialized>
         <run_address>0x826cc0</run_address>
         <size>0x8</size>
         <input_file_ref idref="fl-9c"/>
      </object_component>
      <object_component id="oc-34f">
         <name>.sysmem</name>
         <uninitialized>true</uninitialized>
         <run_address>0x826cc0</run_address>
         <size>0x0</size>
      </object_component>
      <object_component id="oc-35c">
         <name>.cinit..fardata.2.load</name>
         <load_address>0x82fc60</load_address>
         <run_address>0x82fc60</run_address>
         <size>0xee</size>
      </object_component>
      <object_component id="oc-35b">
         <name>.cinit..fardata.1.load</name>
         <load_address>0x82fd50</load_address>
         <run_address>0x82fd50</run_address>
         <size>0x1e</size>
      </object_component>
      <object_component id="oc-34a">
         <name>__TI_handler_table</name>
         <load_address>0x82fd70</load_address>
         <run_address>0x82fd70</run_address>
         <size>0xc</size>
      </object_component>
      <object_component id="oc-359">
         <name>.cinit..far.load</name>
         <load_address>0x82fd7c</load_address>
         <run_address>0x82fd7c</run_address>
         <size>0x8</size>
      </object_component>
      <object_component id="oc-34b">
         <name>__TI_cinit_table</name>
         <load_address>0x82fd84</load_address>
         <run_address>0x82fd84</run_address>
         <size>0x18</size>
      </object_component>
      <object_component id="oc-d5">
         <name>.const:.string</name>
         <load_address>0x82f068</load_address>
         <run_address>0x82f068</run_address>
         <size>0x203</size>
         <input_file_ref idref="fl-4"/>
      </object_component>
      <object_component id="oc-23f">
         <name>.const:.string:_ctypes_</name>
         <load_address>0x82f270</load_address>
         <run_address>0x82f270</run_address>
         <size>0x101</size>
         <input_file_ref idref="fl-b0"/>
      </object_component>
      <object_component id="oc-a5">
         <name>.const:.string</name>
         <load_address>0x82f371</load_address>
         <run_address>0x82f371</run_address>
         <size>0x59</size>
         <input_file_ref idref="fl-2"/>
      </object_component>
      <object_component id="oc-202">
         <name>.const:.string</name>
         <load_address>0x82f3ca</load_address>
         <run_address>0x82f3ca</run_address>
         <size>0x23</size>
         <input_file_ref idref="fl-aa"/>
      </object_component>
      <object_component id="oc-31a">
         <name>.cio</name>
         <uninitialized>true</uninitialized>
         <run_address>0x82f3f0</run_address>
         <size>0x120</size>
         <input_file_ref idref="fl-a5"/>
      </object_component>
      <object_component id="oc-1c">
         <name>.debug_info</name>
         <load_address>0x0</load_address>
         <run_address>0x0</run_address>
         <size>0x110</size>
         <input_file_ref idref="fl-88"/>
      </object_component>
      <object_component id="oc-20">
         <name>.debug_info</name>
         <load_address>0x110</load_address>
         <run_address>0x110</run_address>
         <size>0x14f</size>
         <input_file_ref idref="fl-89"/>
      </object_component>
      <object_component id="oc-24">
         <name>.debug_info</name>
         <load_address>0x25f</load_address>
         <run_address>0x25f</run_address>
         <size>0x190</size>
         <input_file_ref idref="fl-8b"/>
      </object_component>
      <object_component id="oc-28">
         <name>.debug_info</name>
         <load_address>0x3ef</load_address>
         <run_address>0x3ef</run_address>
         <size>0x16c</size>
         <input_file_ref idref="fl-8a"/>
      </object_component>
      <object_component id="oc-2c">
         <name>.debug_info</name>
         <load_address>0x55b</load_address>
         <run_address>0x55b</run_address>
         <size>0xa7</size>
         <input_file_ref idref="fl-88"/>
      </object_component>
      <object_component id="oc-2e">
         <name>.debug_info</name>
         <load_address>0x602</load_address>
         <run_address>0x602</run_address>
         <size>0xb3</size>
         <input_file_ref idref="fl-9c"/>
      </object_component>
      <object_component id="oc-30">
         <name>.debug_info</name>
         <load_address>0x6b5</load_address>
         <run_address>0x6b5</run_address>
         <size>0x190</size>
         <input_file_ref idref="fl-ad"/>
      </object_component>
      <object_component id="oc-34">
         <name>.debug_info</name>
         <load_address>0x845</load_address>
         <run_address>0x845</run_address>
         <size>0xf6</size>
         <input_file_ref idref="fl-ab"/>
      </object_component>
      <object_component id="oc-38">
         <name>.debug_info</name>
         <load_address>0x93b</load_address>
         <run_address>0x93b</run_address>
         <size>0x10c</size>
         <input_file_ref idref="fl-8e"/>
      </object_component>
      <object_component id="oc-3d">
         <name>.debug_info</name>
         <load_address>0xa47</load_address>
         <run_address>0xa47</run_address>
         <size>0xd6</size>
         <input_file_ref idref="fl-9b"/>
      </object_component>
      <object_component id="oc-41">
         <name>.debug_info</name>
         <load_address>0xb1d</load_address>
         <run_address>0xb1d</run_address>
         <size>0x53</size>
         <input_file_ref idref="fl-89"/>
      </object_component>
      <object_component id="oc-47">
         <name>.debug_info</name>
         <load_address>0xb70</load_address>
         <run_address>0xb70</run_address>
         <size>0x53</size>
         <input_file_ref idref="fl-8b"/>
      </object_component>
      <object_component id="oc-4d">
         <name>.debug_info</name>
         <load_address>0xbc3</load_address>
         <run_address>0xbc3</run_address>
         <size>0x2f2</size>
         <input_file_ref idref="fl-8a"/>
      </object_component>
      <object_component id="oc-51">
         <name>.debug_info</name>
         <load_address>0xeb5</load_address>
         <run_address>0xeb5</run_address>
         <size>0x1d7</size>
         <input_file_ref idref="fl-8a"/>
      </object_component>
      <object_component id="oc-52">
         <name>.debug_info</name>
         <load_address>0x108c</load_address>
         <run_address>0x108c</run_address>
         <size>0x46</size>
         <input_file_ref idref="fl-8a"/>
      </object_component>
      <object_component id="oc-59">
         <name>.debug_info</name>
         <load_address>0x10d2</load_address>
         <run_address>0x10d2</run_address>
         <size>0x10a</size>
         <input_file_ref idref="fl-88"/>
      </object_component>
      <object_component id="oc-5c">
         <name>.debug_info</name>
         <load_address>0x11dc</load_address>
         <run_address>0x11dc</run_address>
         <size>0x147</size>
         <input_file_ref idref="fl-9c"/>
      </object_component>
      <object_component id="oc-5e">
         <name>.debug_info</name>
         <load_address>0x1323</load_address>
         <run_address>0x1323</run_address>
         <size>0x18e</size>
         <input_file_ref idref="fl-af"/>
      </object_component>
      <object_component id="oc-62">
         <name>.debug_info</name>
         <load_address>0x14b1</load_address>
         <run_address>0x14b1</run_address>
         <size>0x164</size>
         <input_file_ref idref="fl-be"/>
      </object_component>
      <object_component id="oc-66">
         <name>.debug_info</name>
         <load_address>0x1615</load_address>
         <run_address>0x1615</run_address>
         <size>0x15f</size>
         <input_file_ref idref="fl-ae"/>
      </object_component>
      <object_component id="oc-6c">
         <name>.debug_info</name>
         <load_address>0x1774</load_address>
         <run_address>0x1774</run_address>
         <size>0x94</size>
         <input_file_ref idref="fl-88"/>
      </object_component>
      <object_component id="oc-72">
         <name>.debug_info</name>
         <load_address>0x1808</load_address>
         <run_address>0x1808</run_address>
         <size>0x127</size>
         <input_file_ref idref="fl-8e"/>
      </object_component>
      <object_component id="oc-74">
         <name>.debug_info</name>
         <load_address>0x192f</load_address>
         <run_address>0x192f</run_address>
         <size>0x11e</size>
         <input_file_ref idref="fl-8e"/>
      </object_component>
      <object_component id="oc-78">
         <name>.debug_info</name>
         <load_address>0x1a4d</load_address>
         <run_address>0x1a4d</run_address>
         <size>0x8d</size>
         <input_file_ref idref="fl-89"/>
      </object_component>
      <object_component id="oc-7e">
         <name>.debug_info</name>
         <load_address>0x1ada</load_address>
         <run_address>0x1ada</run_address>
         <size>0x46</size>
         <input_file_ref idref="fl-89"/>
      </object_component>
      <object_component id="oc-83">
         <name>.debug_info</name>
         <load_address>0x1b20</load_address>
         <run_address>0x1b20</run_address>
         <size>0xe5</size>
         <input_file_ref idref="fl-89"/>
      </object_component>
      <object_component id="oc-84">
         <name>.debug_info</name>
         <load_address>0x1c05</load_address>
         <run_address>0x1c05</run_address>
         <size>0x2c</size>
         <input_file_ref idref="fl-8a"/>
      </object_component>
      <object_component id="oc-89">
         <name>.debug_info</name>
         <load_address>0x1c31</load_address>
         <run_address>0x1c31</run_address>
         <size>0x1cd</size>
         <input_file_ref idref="fl-8b"/>
      </object_component>
      <object_component id="oc-8f">
         <name>.debug_info</name>
         <load_address>0x1dfe</load_address>
         <run_address>0x1dfe</run_address>
         <size>0x1d9</size>
         <input_file_ref idref="fl-88"/>
      </object_component>
      <object_component id="oc-96">
         <name>.debug_info</name>
         <load_address>0x1fd7</load_address>
         <run_address>0x1fd7</run_address>
         <size>0xf6</size>
         <input_file_ref idref="fl-8e"/>
      </object_component>
      <object_component id="oc-9b">
         <name>.debug_info</name>
         <load_address>0x20cd</load_address>
         <run_address>0x20cd</run_address>
         <size>0x70</size>
         <input_file_ref idref="fl-9c"/>
      </object_component>
      <object_component id="oc-a1">
         <name>.debug_info</name>
         <load_address>0x213d</load_address>
         <run_address>0x213d</run_address>
         <size>0x140</size>
         <input_file_ref idref="fl-af"/>
      </object_component>
      <object_component id="oc-a3">
         <name>.debug_info</name>
         <load_address>0x227d</load_address>
         <run_address>0x227d</run_address>
         <size>0x253</size>
         <input_file_ref idref="fl-be"/>
      </object_component>
      <object_component id="oc-ad">
         <name>.debug_info</name>
         <load_address>0x24d0</load_address>
         <run_address>0x24d0</run_address>
         <size>0x133</size>
         <input_file_ref idref="fl-a3"/>
      </object_component>
      <object_component id="oc-b5">
         <name>.debug_info</name>
         <load_address>0x2603</load_address>
         <run_address>0x2603</run_address>
         <size>0x179</size>
         <input_file_ref idref="fl-a2"/>
      </object_component>
      <object_component id="oc-b9">
         <name>.debug_info</name>
         <load_address>0x277c</load_address>
         <run_address>0x277c</run_address>
         <size>0x145</size>
         <input_file_ref idref="fl-92"/>
      </object_component>
      <object_component id="oc-bd">
         <name>.debug_info</name>
         <load_address>0x28c1</load_address>
         <run_address>0x28c1</run_address>
         <size>0x13d</size>
         <input_file_ref idref="fl-91"/>
      </object_component>
      <object_component id="oc-c1">
         <name>.debug_info</name>
         <load_address>0x29fe</load_address>
         <run_address>0x29fe</run_address>
         <size>0x127</size>
         <input_file_ref idref="fl-9f"/>
      </object_component>
      <object_component id="oc-c6">
         <name>.debug_info</name>
         <load_address>0x2b25</load_address>
         <run_address>0x2b25</run_address>
         <size>0x105</size>
         <input_file_ref idref="fl-8e"/>
      </object_component>
      <object_component id="oc-ce">
         <name>.debug_info</name>
         <load_address>0x2c2a</load_address>
         <run_address>0x2c2a</run_address>
         <size>0xcd</size>
         <input_file_ref idref="fl-af"/>
      </object_component>
      <object_component id="oc-d7">
         <name>.debug_info</name>
         <load_address>0x2cf7</load_address>
         <run_address>0x2cf7</run_address>
         <size>0xe8</size>
         <input_file_ref idref="fl-a0"/>
      </object_component>
      <object_component id="oc-db">
         <name>.debug_info</name>
         <load_address>0x2ddf</load_address>
         <run_address>0x2ddf</run_address>
         <size>0x136</size>
         <input_file_ref idref="fl-93"/>
      </object_component>
      <object_component id="oc-df">
         <name>.debug_info</name>
         <load_address>0x2f15</load_address>
         <run_address>0x2f15</run_address>
         <size>0x13b</size>
         <input_file_ref idref="fl-94"/>
      </object_component>
      <object_component id="oc-e3">
         <name>.debug_info</name>
         <load_address>0x3050</load_address>
         <run_address>0x3050</run_address>
         <size>0x112</size>
         <input_file_ref idref="fl-8f"/>
      </object_component>
      <object_component id="oc-e7">
         <name>.debug_info</name>
         <load_address>0x3162</load_address>
         <run_address>0x3162</run_address>
         <size>0xf7</size>
         <input_file_ref idref="fl-a0"/>
      </object_component>
      <object_component id="oc-ec">
         <name>.debug_info</name>
         <load_address>0x3259</load_address>
         <run_address>0x3259</run_address>
         <size>0x10d</size>
         <input_file_ref idref="fl-a7"/>
      </object_component>
      <object_component id="oc-f0">
         <name>.debug_info</name>
         <load_address>0x3366</load_address>
         <run_address>0x3366</run_address>
         <size>0x10d</size>
         <input_file_ref idref="fl-bc"/>
      </object_component>
      <object_component id="oc-f4">
         <name>.debug_info</name>
         <load_address>0x3473</load_address>
         <run_address>0x3473</run_address>
         <size>0xfd</size>
         <input_file_ref idref="fl-ba"/>
      </object_component>
      <object_component id="oc-fa">
         <name>.debug_info</name>
         <load_address>0x3570</load_address>
         <run_address>0x3570</run_address>
         <size>0x199</size>
         <input_file_ref idref="fl-8c"/>
      </object_component>
      <object_component id="oc-fe">
         <name>.debug_info</name>
         <load_address>0x3709</load_address>
         <run_address>0x3709</run_address>
         <size>0x101</size>
         <input_file_ref idref="fl-98"/>
      </object_component>
      <object_component id="oc-102">
         <name>.debug_info</name>
         <load_address>0x380a</load_address>
         <run_address>0x380a</run_address>
         <size>0x11c</size>
         <input_file_ref idref="fl-8d"/>
      </object_component>
      <object_component id="oc-107">
         <name>.debug_info</name>
         <load_address>0x3926</load_address>
         <run_address>0x3926</run_address>
         <size>0x107</size>
         <input_file_ref idref="fl-a6"/>
      </object_component>
      <object_component id="oc-10b">
         <name>.debug_info</name>
         <load_address>0x3a2d</load_address>
         <run_address>0x3a2d</run_address>
         <size>0x109</size>
         <input_file_ref idref="fl-bb"/>
      </object_component>
      <object_component id="oc-10f">
         <name>.debug_info</name>
         <load_address>0x3b36</load_address>
         <run_address>0x3b36</run_address>
         <size>0xf8</size>
         <input_file_ref idref="fl-b9"/>
      </object_component>
      <object_component id="oc-114">
         <name>.debug_info</name>
         <load_address>0x3c2e</load_address>
         <run_address>0x3c2e</run_address>
         <size>0xf3</size>
         <input_file_ref idref="fl-9e"/>
      </object_component>
      <object_component id="oc-118">
         <name>.debug_info</name>
         <load_address>0x3d21</load_address>
         <run_address>0x3d21</run_address>
         <size>0x11f</size>
         <input_file_ref idref="fl-99"/>
      </object_component>
      <object_component id="oc-11d">
         <name>.debug_info</name>
         <load_address>0x3e40</load_address>
         <run_address>0x3e40</run_address>
         <size>0x11b</size>
         <input_file_ref idref="fl-99"/>
      </object_component>
      <object_component id="oc-122">
         <name>.debug_info</name>
         <load_address>0x3f5b</load_address>
         <run_address>0x3f5b</run_address>
         <size>0xc5</size>
         <input_file_ref idref="fl-a9"/>
      </object_component>
      <object_component id="oc-124">
         <name>.debug_info</name>
         <load_address>0x4020</load_address>
         <run_address>0x4020</run_address>
         <size>0xa9</size>
         <input_file_ref idref="fl-b1"/>
      </object_component>
      <object_component id="oc-126">
         <name>.debug_info</name>
         <load_address>0x40c9</load_address>
         <run_address>0x40c9</run_address>
         <size>0x10b</size>
         <input_file_ref idref="fl-9f"/>
      </object_component>
      <object_component id="oc-12a">
         <name>.debug_info</name>
         <load_address>0x41d4</load_address>
         <run_address>0x41d4</run_address>
         <size>0xfc</size>
         <input_file_ref idref="fl-9f"/>
      </object_component>
      <object_component id="oc-12e">
         <name>.debug_info</name>
         <load_address>0x42d0</load_address>
         <run_address>0x42d0</run_address>
         <size>0x418</size>
         <input_file_ref idref="fl-aa"/>
      </object_component>
      <object_component id="oc-132">
         <name>.debug_info</name>
         <load_address>0x46e8</load_address>
         <run_address>0x46e8</run_address>
         <size>0x1e3</size>
         <input_file_ref idref="fl-9f"/>
      </object_component>
      <object_component id="oc-136">
         <name>.debug_info</name>
         <load_address>0x48cb</load_address>
         <run_address>0x48cb</run_address>
         <size>0xa2</size>
         <input_file_ref idref="fl-a0"/>
      </object_component>
      <object_component id="oc-139">
         <name>.debug_info</name>
         <load_address>0x496d</load_address>
         <run_address>0x496d</run_address>
         <size>0x199</size>
         <input_file_ref idref="fl-93"/>
      </object_component>
      <object_component id="oc-13d">
         <name>.debug_info</name>
         <load_address>0x4b06</load_address>
         <run_address>0x4b06</run_address>
         <size>0x13a</size>
         <input_file_ref idref="fl-93"/>
      </object_component>
      <object_component id="oc-141">
         <name>.debug_info</name>
         <load_address>0x4c40</load_address>
         <run_address>0x4c40</run_address>
         <size>0x1d3</size>
         <input_file_ref idref="fl-93"/>
      </object_component>
      <object_component id="oc-143">
         <name>.debug_info</name>
         <load_address>0x4e13</load_address>
         <run_address>0x4e13</run_address>
         <size>0x10e</size>
         <input_file_ref idref="fl-94"/>
      </object_component>
      <object_component id="oc-147">
         <name>.debug_info</name>
         <load_address>0x4f21</load_address>
         <run_address>0x4f21</run_address>
         <size>0xff</size>
         <input_file_ref idref="fl-94"/>
      </object_component>
      <object_component id="oc-14b">
         <name>.debug_info</name>
         <load_address>0x5020</load_address>
         <run_address>0x5020</run_address>
         <size>0x1bb</size>
         <input_file_ref idref="fl-94"/>
      </object_component>
      <object_component id="oc-14d">
         <name>.debug_info</name>
         <load_address>0x51db</load_address>
         <run_address>0x51db</run_address>
         <size>0x146</size>
         <input_file_ref idref="fl-8f"/>
      </object_component>
      <object_component id="oc-151">
         <name>.debug_info</name>
         <load_address>0x5321</load_address>
         <run_address>0x5321</run_address>
         <size>0x1a4</size>
         <input_file_ref idref="fl-8f"/>
      </object_component>
      <object_component id="oc-156">
         <name>.debug_info</name>
         <load_address>0x54c5</load_address>
         <run_address>0x54c5</run_address>
         <size>0xe5</size>
         <input_file_ref idref="fl-ba"/>
      </object_component>
      <object_component id="oc-158">
         <name>.debug_info</name>
         <load_address>0x55aa</load_address>
         <run_address>0x55aa</run_address>
         <size>0x125</size>
         <input_file_ref idref="fl-97"/>
      </object_component>
      <object_component id="oc-161">
         <name>.debug_info</name>
         <load_address>0x56cf</load_address>
         <run_address>0x56cf</run_address>
         <size>0x101</size>
         <input_file_ref idref="fl-b9"/>
      </object_component>
      <object_component id="oc-163">
         <name>.debug_info</name>
         <load_address>0x57d0</load_address>
         <run_address>0x57d0</run_address>
         <size>0x88</size>
         <input_file_ref idref="fl-9e"/>
      </object_component>
      <object_component id="oc-169">
         <name>.debug_info</name>
         <load_address>0x5858</load_address>
         <run_address>0x5858</run_address>
         <size>0x46</size>
         <input_file_ref idref="fl-99"/>
      </object_component>
      <object_component id="oc-170">
         <name>.debug_info</name>
         <load_address>0x589e</load_address>
         <run_address>0x589e</run_address>
         <size>0xd9</size>
         <input_file_ref idref="fl-a9"/>
      </object_component>
      <object_component id="oc-175">
         <name>.debug_info</name>
         <load_address>0x5977</load_address>
         <run_address>0x5977</run_address>
         <size>0x99</size>
         <input_file_ref idref="fl-a9"/>
      </object_component>
      <object_component id="oc-178">
         <name>.debug_info</name>
         <load_address>0x5a10</load_address>
         <run_address>0x5a10</run_address>
         <size>0xca</size>
         <input_file_ref idref="fl-b1"/>
      </object_component>
      <object_component id="oc-17a">
         <name>.debug_info</name>
         <load_address>0x5ada</load_address>
         <run_address>0x5ada</run_address>
         <size>0x3e4</size>
         <input_file_ref idref="fl-96"/>
      </object_component>
      <object_component id="oc-17f">
         <name>.debug_info</name>
         <load_address>0x5ebe</load_address>
         <run_address>0x5ebe</run_address>
         <size>0x182</size>
         <input_file_ref idref="fl-95"/>
      </object_component>
      <object_component id="oc-184">
         <name>.debug_info</name>
         <load_address>0x6040</load_address>
         <run_address>0x6040</run_address>
         <size>0x1f5</size>
         <input_file_ref idref="fl-aa"/>
      </object_component>
      <object_component id="oc-188">
         <name>.debug_info</name>
         <load_address>0x6235</load_address>
         <run_address>0x6235</run_address>
         <size>0x20b</size>
         <input_file_ref idref="fl-aa"/>
      </object_component>
      <object_component id="oc-18c">
         <name>.debug_info</name>
         <load_address>0x6440</load_address>
         <run_address>0x6440</run_address>
         <size>0x224</size>
         <input_file_ref idref="fl-aa"/>
      </object_component>
      <object_component id="oc-190">
         <name>.debug_info</name>
         <load_address>0x6664</load_address>
         <run_address>0x6664</run_address>
         <size>0x37b</size>
         <input_file_ref idref="fl-aa"/>
      </object_component>
      <object_component id="oc-194">
         <name>.debug_info</name>
         <load_address>0x69df</load_address>
         <run_address>0x69df</run_address>
         <size>0x1e3</size>
         <input_file_ref idref="fl-aa"/>
      </object_component>
      <object_component id="oc-195">
         <name>.debug_info</name>
         <load_address>0x6bc2</load_address>
         <run_address>0x6bc2</run_address>
         <size>0x2c</size>
         <input_file_ref idref="fl-8f"/>
      </object_component>
      <object_component id="oc-19c">
         <name>.debug_info</name>
         <load_address>0x6bee</load_address>
         <run_address>0x6bee</run_address>
         <size>0xc8</size>
         <input_file_ref idref="fl-8f"/>
      </object_component>
      <object_component id="oc-1a5">
         <name>.debug_info</name>
         <load_address>0x6cb6</load_address>
         <run_address>0x6cb6</run_address>
         <size>0xa9</size>
         <input_file_ref idref="fl-b1"/>
      </object_component>
      <object_component id="oc-1a7">
         <name>.debug_info</name>
         <load_address>0x6d5f</load_address>
         <run_address>0x6d5f</run_address>
         <size>0x163</size>
         <input_file_ref idref="fl-9d"/>
      </object_component>
      <object_component id="oc-1ac">
         <name>.debug_info</name>
         <load_address>0x6ec2</load_address>
         <run_address>0x6ec2</run_address>
         <size>0x171</size>
         <input_file_ref idref="fl-93"/>
      </object_component>
      <object_component id="oc-1b0">
         <name>.debug_info</name>
         <load_address>0x7033</load_address>
         <run_address>0x7033</run_address>
         <size>0x1c1</size>
         <input_file_ref idref="fl-9a"/>
      </object_component>
      <object_component id="oc-1b6">
         <name>.debug_info</name>
         <load_address>0x71f4</load_address>
         <run_address>0x71f4</run_address>
         <size>0xbb</size>
         <input_file_ref idref="fl-93"/>
      </object_component>
      <object_component id="oc-1c0">
         <name>.debug_info</name>
         <load_address>0x72af</load_address>
         <run_address>0x72af</run_address>
         <size>0x103</size>
         <input_file_ref idref="fl-90"/>
      </object_component>
      <object_component id="oc-1c4">
         <name>.debug_info</name>
         <load_address>0x73b2</load_address>
         <run_address>0x73b2</run_address>
         <size>0x1f9</size>
         <input_file_ref idref="fl-9c"/>
      </object_component>
      <object_component id="oc-1c8">
         <name>.debug_info</name>
         <load_address>0x75ab</load_address>
         <run_address>0x75ab</run_address>
         <size>0x11c</size>
         <input_file_ref idref="fl-9a"/>
      </object_component>
      <object_component id="oc-1cc">
         <name>.debug_info</name>
         <load_address>0x76c7</load_address>
         <run_address>0x76c7</run_address>
         <size>0x11d</size>
         <input_file_ref idref="fl-9a"/>
      </object_component>
      <object_component id="oc-1d0">
         <name>.debug_info</name>
         <load_address>0x77e4</load_address>
         <run_address>0x77e4</run_address>
         <size>0xab</size>
         <input_file_ref idref="fl-b1"/>
      </object_component>
      <object_component id="oc-1d7">
         <name>.debug_info</name>
         <load_address>0x788f</load_address>
         <run_address>0x788f</run_address>
         <size>0x7f</size>
         <input_file_ref idref="fl-8c"/>
      </object_component>
      <object_component id="oc-1de">
         <name>.debug_info</name>
         <load_address>0x790e</load_address>
         <run_address>0x790e</run_address>
         <size>0xd4</size>
         <input_file_ref idref="fl-99"/>
      </object_component>
      <object_component id="oc-1e5">
         <name>.debug_info</name>
         <load_address>0x79e2</load_address>
         <run_address>0x79e2</run_address>
         <size>0x115</size>
         <input_file_ref idref="fl-a8"/>
      </object_component>
      <object_component id="oc-1e9">
         <name>.debug_info</name>
         <load_address>0x7af7</load_address>
         <run_address>0x7af7</run_address>
         <size>0x133</size>
         <input_file_ref idref="fl-9a"/>
      </object_component>
      <object_component id="oc-1ed">
         <name>.debug_info</name>
         <load_address>0x7c2a</load_address>
         <run_address>0x7c2a</run_address>
         <size>0x1ba</size>
         <input_file_ref idref="fl-96"/>
      </object_component>
      <object_component id="oc-1ef">
         <name>.debug_info</name>
         <load_address>0x7de4</load_address>
         <run_address>0x7de4</run_address>
         <size>0x183</size>
         <input_file_ref idref="fl-95"/>
      </object_component>
      <object_component id="oc-1f2">
         <name>.debug_info</name>
         <load_address>0x7f67</load_address>
         <run_address>0x7f67</run_address>
         <size>0x17f</size>
         <input_file_ref idref="fl-ac"/>
      </object_component>
      <object_component id="oc-1f7">
         <name>.debug_info</name>
         <load_address>0x80e6</load_address>
         <run_address>0x80e6</run_address>
         <size>0x1c8</size>
         <input_file_ref idref="fl-aa"/>
      </object_component>
      <object_component id="oc-1fb">
         <name>.debug_info</name>
         <load_address>0x82ae</load_address>
         <run_address>0x82ae</run_address>
         <size>0x1fe</size>
         <input_file_ref idref="fl-aa"/>
      </object_component>
      <object_component id="oc-1ff">
         <name>.debug_info</name>
         <load_address>0x84ac</load_address>
         <run_address>0x84ac</run_address>
         <size>0x17d</size>
         <input_file_ref idref="fl-b8"/>
      </object_component>
      <object_component id="oc-207">
         <name>.debug_info</name>
         <load_address>0x8629</load_address>
[...]
         <value>0x82f068</value>
      </symbol>
      <symbol id="sm-6">
         <name>const_size</name>
         <value>0x385</value>
      </symbol>
      <symbol id="sm-7">
         <name>__TI_CINIT_Base</name>
         <value>0x82fd84</value>
      </symbol>
      <symbol id="sm-8">
         <name>__TI_CINIT_Limit</name>
         <value>0x82fd9c</value>
      </symbol>
      <symbol id="sm-9">
         <name>__TI_Handler_Table_Base</name>
         <value>0x82fd70</value>
      </symbol>
      <symbol id="sm-a">
         <name>__TI_Handler_Table_Limit</name>
         <value>0x82fd7c</value>
      </symbol>
      <symbol id="sm-b">
         <name>binit</name>
         <value>0xffffffff</value>
      </symbol>
      <symbol id="sm-c">
         <name>__binit__</name>
         <value>0xffffffff</value>
      </symbol>
      <symbol id="sm-d">
         <name>__TI_STACK_SIZE</name>
         <value>0xc000</value>
      </symbol>
      <symbol id="sm-e">
         <name>__TI_STACK_END</name>
         <value>0x81de08</value>
      </symbol>
      <symbol id="sm-f">
         <name>__TI_SYSMEM_SIZE</name>
         <value>0x8000</value>
      </symbol>
      <symbol id="sm-10">
         <name>__c_args__</name>
         <value>0xffffffff</value>
      </symbol>
      <symbol id="sm-11">
         <name>__TI_pprof_out_hndl</name>
         <value>0xffffffff</value>
      </symbol>
      <symbol id="sm-12">
         <name>__TI_prof_data_start</name>
         <value>0xffffffff</value>
      </symbol>
      <symbol id="sm-13">
         <name>__TI_prof_data_size</name>
         <value>0xffffffff</value>
      </symbol>
      <symbol id="sm-59">
         <name>a</name>
         <value>0x82eff8</value>
         <object_component_ref idref="oc-a6"/>
      </symbol>
      <symbol id="sm-5a">
         <name>main</name>
         <value>0x81de20</value>
         <object_component_ref idref="oc-6a"/>
      </symbol>
      <symbol id="sm-76">
         <name>output</name>
         <value>0x81de08</value>
         <object_component_ref idref="oc-a7"/>
      </symbol>
      <symbol id="sm-77">
         <name>output_data</name>
         <value>0x8041a0</value>
         <object_component_ref idref="oc-a9"/>
      </symbol>
      <symbol id="sm-78">
         <name>a_ext</name>
         <value>0x800000</value>
         <object_component_ref idref="oc-a9"/>
      </symbol>
      <symbol id="sm-79">
         <name>input_data</name>
         <value>0x80dde0</value>
         <object_component_ref idref="oc-a9"/>
      </symbol>
      <symbol id="sm-7a">
         <name>b_ext</name>
         <value>0x801f40</value>
         <object_component_ref idref="oc-a9"/>
      </symbol>
      <symbol id="sm-7b">
         <name>b_sc</name>
         <value>0x804010</value>
         <object_component_ref idref="oc-a9"/>
      </symbol>
      <symbol id="sm-7c">
         <name>gimme_random</name>
         <value>0x8210e4</value>
         <object_component_ref idref="oc-b3"/>
      </symbol>
      <symbol id="sm-7d">
         <name>input</name>
         <value>0x82f048</value>
         <object_component_ref idref="oc-aa"/>
      </symbol>
      <symbol id="sm-7e">
         <name>isequal</name>
         <value>0x820e04</value>
         <object_component_ref idref="oc-b3"/>
      </symbol>
      <symbol id="sm-7f">
         <name>a_sc</name>
         <value>0x803e80</value>
         <object_component_ref idref="oc-a9"/>
      </symbol>
      <symbol id="sm-be">
         <name>fcn_pass</name>
         <value>0x811de8</value>
         <object_component_ref idref="oc-a8"/>
      </symbol>
      <symbol id="sm-bf">
         <name>t_offset</name>
         <value>0x811db8</value>
         <object_component_ref idref="oc-a8"/>
      </symbol>
      <symbol id="sm-c0">
         <name>driver_init</name>
         <value>0x81f54c</value>
         <object_component_ref idref="oc-ab"/>
      </symbol>
      <symbol id="sm-c1">
         <name>seed</name>
         <value>0x811da0</value>
         <object_component_ref idref="oc-a8"/>
      </symbol>
      <symbol id="sm-c2">
         <name>print_profile_results</name>
         <value>0x81f34c</value>
         <object_component_ref idref="oc-ab"/>
      </symbol>
      <symbol id="sm-c3">
         <name>print_memory_results</name>
         <value>0x81f46c</value>
         <object_component_ref idref="oc-ab"/>
      </symbol>
      <symbol id="sm-c4">
         <name>t_start</name>
         <value>0x811da8</value>
         <object_component_ref idref="oc-a8"/>
      </symbol>
      <symbol id="sm-c5">
         <name>cycle_counts</name>
         <value>0x811dc0</value>
         <object_component_ref idref="oc-a8"/>
      </symbol>
      <symbol id="sm-c6">
         <name>fp</name>
         <value>0x811da4</value>
         <object_component_ref idref="oc-a8"/>
      </symbol>
      <symbol id="sm-c7">
         <name>all_pass</name>
         <value>0x811dfc</value>
         <object_component_ref idref="oc-a8"/>
      </symbol>
      <symbol id="sm-c8">
         <name>print_test_results</name>
         <value>0x81efa0</value>
         <object_component_ref idref="oc-ab"/>
      </symbol>
      <symbol id="sm-c9">
         <name>t_stop</name>
         <value>0x811db0</value>
         <object_component_ref idref="oc-a8"/>
      </symbol>
      <symbol id="sm-ce">
         <name>sinsp</name>
         <value>0x82fc40</value>
         <object_component_ref idref="oc-b0"/>
      </symbol>
      <symbol id="sm-d3">
         <name>sinsp_c</name>
         <value>0x82fb60</value>
         <object_component_ref idref="oc-b1"/>
      </symbol>
      <symbol id="sm-db">
         <name>sinsp_v</name>
         <value>0x82f520</value>
         <object_component_ref idref="oc-b2"/>
      </symbol>
      <symbol id="sm-f7">
         <name>_c_int00</name>
         <value>0x826420</value>
         <object_component_ref idref="oc-1b"/>
      </symbol>
      <symbol id="sm-f8">
         <name>_stack</name>
         <value>0x811e08</value>
         <object_component_ref idref="oc-2b"/>
      </symbol>
      <symbol id="sm-111">
         <name>__TI_decompress_none</name>
         <value>0x826c40</value>
         <object_component_ref idref="oc-1f"/>
      </symbol>
      <symbol id="sm-132">
         <name>__TI_decompress_rle24</name>
         <value>0x826c60</value>
         <object_component_ref idref="oc-27"/>
      </symbol>
      <symbol id="sm-142">
         <name>__TI_zero_init</name>
         <value>0x8251a0</value>
         <object_component_ref idref="oc-23"/>
      </symbol>
      <symbol id="sm-155">
         <name>__c6xabi_divd</name>
         <value>0x81f600</value>
         <object_component_ref idref="oc-f9"/>
      </symbol>
      <symbol id="sm-162">
         <name>__c6xabi_divf</name>
         <value>0x8219c0</value>
         <object_component_ref idref="oc-101"/>
      </symbol>
      <symbol id="sm-181">
         <name>C$$EXIT</name>
         <value>0x826c20</value>
         <object_component_ref idref="oc-73"/>
      </symbol>
      <symbol id="sm-182">
         <name>_dtors_ptr</name>
         <value>0x82f034</value>
         <object_component_ref idref="oc-71"/>
      </symbol>
      <symbol id="sm-183">
         <name>abort</name>
         <value>0x826c20</value>
         <object_component_ref idref="oc-73"/>
      </symbol>
      <symbol id="sm-184">
         <name>_cleanup_ptr</name>
         <value>0x82f030</value>
         <object_component_ref idref="oc-71"/>
      </symbol>
      <symbol id="sm-185">
         <name>exit</name>
         <value>0x8258e0</value>
         <object_component_ref idref="oc-37"/>
      </symbol>
      <symbol id="sm-186">
         <name>__TI_enable_exit_profile_output</name>
         <value>0x82f038</value>
         <object_component_ref idref="oc-71"/>
      </symbol>
      <symbol id="sm-1ae">
         <name>_closefile</name>
         <value>0x8242c0</value>
         <object_component_ref idref="oc-14c"/>
      </symbol>
      <symbol id="sm-1af">
         <name>fclose</name>
         <value>0x8267a0</value>
         <object_component_ref idref="oc-e2"/>
      </symbol>
      <symbol id="sm-1bc">
         <name>_doflush</name>
         <value>0x825820</value>
         <object_component_ref idref="oc-1bf"/>
      </symbol>
      <symbol id="sm-1c9">
         <name>__c6xabi_fixdlli</name>
         <value>0x824840</value>
         <object_component_ref idref="oc-bc"/>
      </symbol>
      <symbol id="sm-1d4">
         <name>__c6xabi_fltllif</name>
         <value>0x824e20</value>
         <object_component_ref idref="oc-b8"/>
      </symbol>
      <symbol id="sm-208">
         <name>fopen</name>
         <value>0x826800</value>
         <object_component_ref idref="oc-da"/>
      </symbol>
      <symbol id="sm-209">
         <name>_cleanup</name>
         <value>0x825ba0</value>
         <object_component_ref idref="oc-1ab"/>
      </symbol>
      <symbol id="sm-224">
         <name>fprintf</name>
         <value>0x824c40</value>
         <object_component_ref idref="oc-de"/>
      </symbol>
      <symbol id="sm-23f">
         <name>fputc</name>
         <value>0x822ee0</value>
         <object_component_ref idref="oc-17e"/>
      </symbol>
      <symbol id="sm-25e">
         <name>fputs</name>
         <value>0x820a40</value>
         <object_component_ref idref="oc-179"/>
      </symbol>
      <symbol id="sm-265">
         <name>__c6xabi_frcmpyd_div</name>
         <value>0x826680</value>
         <object_component_ref idref="oc-157"/>
      </symbol>
      <symbol id="sm-26c">
         <name>__c6xabi_isinff</name>
         <value>0x826b00</value>
         <object_component_ref idref="oc-fd"/>
      </symbol>
      <symbol id="sm-282">
         <name>__c6xabi_llshru</name>
         <value>0x8266e0</value>
         <object_component_ref idref="oc-11c"/>
      </symbol>
      <symbol id="sm-283">
         <name>__c6xabi_llshl</name>
         <value>0x826320</value>
         <object_component_ref idref="oc-117"/>
      </symbol>
      <symbol id="sm-2f0">
         <name>open</name>
         <value>0x823ec0</value>
         <object_component_ref idref="oc-1af"/>
      </symbol>
      <symbol id="sm-2f1">
         <name>lseek</name>
         <value>0x825f60</value>
         <object_component_ref idref="oc-282"/>
      </symbol>
      <symbol id="sm-2f2">
         <name>write</name>
         <value>0x826280</value>
         <object_component_ref idref="oc-1e8"/>
      </symbol>
      <symbol id="sm-2f3">
         <name>close</name>
         <value>0x8250c0</value>
         <object_component_ref idref="oc-1c7"/>
      </symbol>
      <symbol id="sm-2f4">
         <name>unlink</name>
         <value>0x8265a0</value>
         <object_component_ref idref="oc-1cb"/>
      </symbol>
      <symbol id="sm-2fb">
         <name>memcpy</name>
         <value>0x826000</value>
         <object_component_ref idref="oc-3c"/>
      </symbol>
      <symbol id="sm-34c">
         <name>_sys_memory</name>
         <value>0x826cc0</value>
         <object_component_ref idref="oc-2d"/>
      </symbol>
      <symbol id="sm-34d">
         <name>free</name>
         <value>0x821ec0</value>
         <object_component_ref idref="oc-1c3"/>
      </symbol>
      <symbol id="sm-34e">
         <name>malloc</name>
         <value>0x823d40</value>
         <object_component_ref idref="oc-288"/>
      </symbol>
      <symbol id="sm-34f">
         <name>_minit</name>
         <value>0x825d80</value>
         <object_component_ref idref="oc-2dd"/>
      </symbol>
      <symbol id="sm-35a">
         <name>memset</name>
         <value>0x825360</value>
         <object_component_ref idref="oc-1a6"/>
      </symbol>
      <symbol id="sm-366">
         <name>__c6xabi_negll</name>
         <value>0x826b20</value>
         <object_component_ref idref="oc-113"/>
      </symbol>
      <symbol id="sm-381">
         <name>printf</name>
         <value>0x825440</value>
         <object_component_ref idref="oc-c0"/>
      </symbol>
      <symbol id="sm-396">
         <name>rand</name>
         <value>0x8264a0</value>
         <object_component_ref idref="oc-d6"/>
      </symbol>
      <symbol id="sm-397">
         <name>srand</name>
         <value>0x826920</value>
         <object_component_ref idref="oc-e6"/>
      </symbol>
      <symbol id="sm-3a6">
         <name>sin</name>
         <value>0x822140</value>
         <object_component_ref idref="oc-b4"/>
      </symbol>
      <symbol id="sm-3b4">
         <name>sinf</name>
         <value>0x822a80</value>
         <object_component_ref idref="oc-ac"/>
      </symbol>
      <symbol id="sm-3f1">
         <name>HOSTrename</name>
         <value>0x823880</value>
         <object_component_ref idref="oc-2d3"/>
      </symbol>
      <symbol id="sm-3f2">
         <name>HOSTclose</name>
         <value>0x825a60</value>
         <object_component_ref idref="oc-2bf"/>
      </symbol>
      <symbol id="sm-3f3">
         <name>HOSTunlink</name>
         <value>0x8255e0</value>
         <object_component_ref idref="oc-2cf"/>
      </symbol>
      <symbol id="sm-3f4">
         <name>HOSTlseek</name>
         <value>0x824740</value>
         <object_component_ref idref="oc-2cb"/>
      </symbol>
      <symbol id="sm-3f5">
         <name>HOSTopen</name>
         <value>0x824d40</value>
         <object_component_ref idref="oc-2bb"/>
      </symbol>
      <symbol id="sm-3f6">
         <name>HOSTwrite</name>
         <value>0x8256a0</value>
         <object_component_ref idref="oc-2c7"/>
      </symbol>
      <symbol id="sm-3f7">
         <name>HOSTread</name>
         <value>0x825520</value>
         <object_component_ref idref="oc-2c3"/>
      </symbol>
      <symbol id="sm-40c">
         <name>writemsg</name>
         <value>0x8269e0</value>
         <object_component_ref idref="oc-2fe"/>
      </symbol>
      <symbol id="sm-40d">
         <name>C$$IO$$</name>
         <value>0x826a38</value>
         <object_component_ref idref="oc-2fe"/>
      </symbol>
      <symbol id="sm-40e">
         <name>__CIOBUF_</name>
         <value>0x82f3f0</value>
         <object_component_ref idref="oc-31a"/>
      </symbol>
      <symbol id="sm-40f">
         <name>readmsg</name>
         <value>0x826520</value>
         <object_component_ref idref="oc-302"/>
      </symbol>
      <symbol id="sm-416">
         <name>__c6xabi_trunc</name>
         <value>0x826b40</value>
         <object_component_ref idref="oc-106"/>
      </symbol>
      <symbol id="sm-41d">
         <name>__c6xabi_truncf</name>
         <value>0x826b60</value>
         <object_component_ref idref="oc-eb"/>
      </symbol>
      <symbol id="sm-42c">
         <name>_wrt_ok</name>
         <value>0x824a40</value>
         <object_component_ref idref="oc-1e4"/>
      </symbol>
      <symbol id="sm-43a">
         <name>_nop</name>
         <value>0x826b80</value>
         <object_component_ref idref="oc-16f"/>
      </symbol>
      <symbol id="sm-43b">
         <name>_lock</name>
         <value>0x82f050</value>
         <object_component_ref idref="oc-121"/>
      </symbol>
      <symbol id="sm-43c">
         <name>_unlock</name>
         <value>0x82f054</value>
         <object_component_ref idref="oc-121"/>
      </symbol>
      <symbol id="sm-582">
         <name>_printfi</name>
         <value>0x820180</value>
         <object_component_ref idref="oc-12d"/>
      </symbol>
      <symbol id="sm-589">
         <name>_args_main</name>
         <value>0x826ac0</value>
         <object_component_ref idref="oc-33"/>
      </symbol>
      <symbol id="sm-597">
         <name>atoi</name>
         <value>0x824fe0</value>
         <object_component_ref idref="oc-1f1"/>
      </symbol>
      <symbol id="sm-5a3">
         <name>_auto_init_elf</name>
         <value>0x824940</value>
         <object_component_ref idref="oc-2f"/>
      </symbol>
      <symbol id="sm-5ad">
         <name>__TI_cpp_init</name>
         <value>0x826620</value>
         <object_component_ref idref="oc-65"/>
      </symbol>
      <symbol id="sm-5c2">
         <name>copy_in</name>
         <value>0x824b40</value>
         <object_component_ref idref="oc-5d"/>
      </symbol>
      <symbol id="sm-5cb">
         <name>_ctypes_</name>
         <value>0x82f270</value>
         <object_component_ref idref="oc-23f"/>
      </symbol>
      <symbol id="sm-5dc">
         <name>_tmpnams</name>
         <value>0x811c60</value>
         <object_component_ref idref="oc-1cf"/>
      </symbol>
      <symbol id="sm-5dd">
         <name>_ftable</name>
         <value>0x82ecc0</value>
         <object_component_ref idref="oc-123"/>
      </symbol>
      <symbol id="sm-5de">
         <name>_ft_end</name>
         <value>0x81de1c</value>
         <object_component_ref idref="oc-1a4"/>
      </symbol>
      <symbol id="sm-5e6">
         <name>__c6xabi_divu</name>
         <value>0x825760</value>
         <object_component_ref idref="oc-2ef"/>
      </symbol>
      <symbol id="sm-5e7">
         <name>__divu</name>
         <value>0x825760</value>
         <object_component_ref idref="oc-2ef"/>
      </symbol>
      <symbol id="sm-5f8">
         <name>fseek</name>
         <value>0x824620</value>
         <object_component_ref idref="oc-230"/>
      </symbol>
      <symbol id="sm-601">
         <name>__c6xabi_divul</name>
         <value>0x823a20</value>
         <object_component_ref idref="oc-2f3"/>
      </symbol>
      <symbol id="sm-614">
         <name>_subcull</name>
         <value>0x826740</value>
         <object_component_ref idref="oc-313"/>
      </symbol>
      <symbol id="sm-615">
         <name>__c6xabi_divull</name>
         <value>0x8223c0</value>
         <object_component_ref idref="oc-2f7"/>
      </symbol>
      <symbol id="sm-61c">
         <name>__c6xabi_isinf</name>
         <value>0x826a40</value>
         <object_component_ref idref="oc-247"/>
      </symbol>
      <symbol id="sm-626">
         <name>ltoa</name>
         <value>0x825280</value>
         <object_component_ref idref="oc-2e6"/>
      </symbol>
      <symbol id="sm-633">
         <name>memccpy</name>
         <value>0x826860</value>
         <object_component_ref idref="oc-1fe"/>
      </symbol>
      <symbol id="sm-63f">
         <name>modf</name>
         <value>0x826140</value>
         <object_component_ref idref="oc-10e"/>
      </symbol>
      <symbol id="sm-64a">
         <name>modff</name>
         <value>0x8268c0</value>
         <object_component_ref idref="oc-f3"/>
      </symbol>
      <symbol id="sm-651">
         <name>__c6xabi_nround</name>
         <value>0x825b00</value>
         <object_component_ref idref="oc-10a"/>
      </symbol>
      <symbol id="sm-658">
         <name>__c6xabi_roundf</name>
         <value>0x8263a0</value>
         <object_component_ref idref="oc-ef"/>
      </symbol>
      <symbol id="sm-66e">
         <name>setvbuf</name>
         <value>0x823300</value>
         <object_component_ref idref="oc-234"/>
      </symbol>
      <symbol id="sm-67b">
         <name>__TI_tls_init</name>
         <value>0x8259a0</value>
         <object_component_ref idref="oc-61"/>
      </symbol>
      <symbol id="sm-67e">
         <name>__TI_STATIC_BASE</name>
         <value>0x0</value>
      </symbol>
      <symbol id="sm-67f">
         <name>__TI_args_main</name>
         <value>0x1</value>
      </symbol>
      <symbol id="sm-680">
         <name>__TI_INITARRAY_Base</name>
         <value>0x0</value>
      </symbol>
      <symbol id="sm-681">
         <name>__TI_INITARRAY_Limit</name>
         <value>0x0</value>
      </symbol>
      <symbol id="sm-682">
         <name>__TI_TLS_INIT_Base</name>
         <value>0x0</value>
      </symbol>
      <symbol id="sm-683">
         <name>__TI_TLS_INIT_Limit</name>
         <value>0x0</value>
      </symbol>
      <symbol id="sm-686">
         <name>remove</name>
         <value>0x8265a0</value>
      </symbol>
   </symbol_table>
</link_info>
