******************************************************************************
               TMS320C6x Linker PC v7.4.2                      
******************************************************************************
>> Linked Tue May 17 03:19:40 2016

OUTPUT FILE NAME:   <rsqrtdp_66_LE_COFF.out>
ENTRY POINT SYMBOL: "_c_int00"  address: 00837b20


MEMORY CONFIGURATION

         name            origin    length      used     unused   attr    fill
----------------------  --------  ---------  --------  --------  ----  --------
  L2SRAM                00800000   00080000  0004108b  0003ef75  RW X
  MSMCSRAM              0c000000   00200000  00000000  00200000  RW X


SECTION ALLOCATION MAP

 output                                  attributes/
section   page    origin      length       input sections
--------  ----  ----------  ----------   ----------------
.pinit     0    00800000    00000000     UNINITIALIZED

.kernel_asm 
*          0    00800000    00000000     UNINITIALIZED

.neardata 
*          0    00800000    00000000     UNINITIALIZED

.rodata    0    00800000    00000000     UNINITIALIZED

.bss       0    00800000    00000000     UNINITIALIZED

.data      0    00800000    00000000     UNINITIALIZED

xdc.meta   0    00800000    00000000     COPY SECTION

.far       0    00800000    00023e08     UNINITIALIZED
                  00800000    000238e0     drvdp.obj (.far)
                  008238e0    00000324     rts6600_coff.lib : defs.obj (.far)
                  00823c04    00000004                      : errno.obj (.far)
                  00823c08    0000011c                      : lowlev.obj (.far)
                  00823d24    00000004                      : fopen.obj (.far)
                  00823d28    00000060     driver.obj (.far)
                  00823d88    00000050     rsqrtdp_d.obj (.far)
                  00823dd8    0000000c     rts6600_coff.lib : exit.obj (.far)
                  00823de4    00000008                      : _lock.obj (.far)
                  00823dec    00000008                      : memory.obj (.far)
                  00823df4    00000004     --HOLE--
                  00823df8    00000008                      : rand.obj (.far)
                  00823e00    00000008                      : trgdrv.obj (.far)

.stack     0    00823e08    0000c000     UNINITIALIZED
                  00823e08    00000008     rts6600_coff.lib : boot.obj (.stack)
                  00823e10    0000bff8     --HOLE--

.text      0    0082fe20    00008500     
                  0082fe20    00001160     rsqrtdp_d.obj (.text)
                  00830f80    00000660     driver.obj (.text)
                  008315e0    000005c0     rts6600_coff.lib : divd.obj (.text:__divd)
                  00831ba0    00000560                      : _printfi.obj (.text:__getarg_diouxp)
                  00832100    00000440                      : _printfi.obj (.text:__printfi)
                  00832540    00000440                      : _printfi.obj (.text:__setfield)
                  00832980    000003a0                      : fputs.obj (.text:_fputs)
                  00832d20    00000360     drvdp.obj (.text)
                  00833080    00000320     rts6600_coff.lib : _printfi.obj (.text:__pproc_fge)
                  008333a0    000002c0                      : _printfi.obj (.text:__pproc_fwp)
                  00833660    00000280                      : _printfi.obj (.text:_ecvt)
                  008338e0    00000280                      : _printfi.obj (.text:_fcvt)
                  00833b60    00000280                      : memory.obj (.text:_free)
                  00833de0    00000240                      : imath64.obj (.text:__divull)
                  00834020    00000240                      : _printfi.obj (.text:__pconv_e)
                  00834260    00000240                      : _printfi.obj (.text:__pproc_diouxp)
                  008344a0    00000220                      : _printfi.obj (.text:__pproc_str)
                  008346c0    00000220                      : fputc.obj (.text:_fputc)
                  008348e0    00000200                      : _printfi.obj (.text:__pconv_g)
                  00834ae0    00000200                      : setvbuf.obj (.text:_setvbuf)
                  00834ce0    000001c0                      : _printfi.obj (.text:__mcpy)
                  00834ea0    000001c0                      : fopen.obj (.text:__openfile)
                  00835060    000001a0                      : trgdrv.obj (.text:_HOSTrename)
                  00835200    000001a0                      : imath40.obj (.text:__divul)
                  008353a0    00000180                      : memory.obj (.text:_malloc)
                  00835520    00000180                      : lowlev.obj (.text:_open)
                  008356a0    00000160                      : ldexp.obj (.text:_ldexp)
                  00835800    00000140                      : _printfi.obj (.text:__pproc_fflags)
                  00835940    00000140                      : lowlev.obj (.text:_getdevice)
                  00835a80    00000120                      : fclose.obj (.text:__closefile)
                  00835ba0    00000120                      : _printfi.obj (.text:__ltostr)
                  00835cc0    00000120                      : fopen.obj (.text:__search_fp)
                  00835de0    00000120                      : fseek.obj (.text:_fseek)
                  00835f00    00000120                      : rsqrt.obj (.text:_rsqrt)
                  00836020    00000100                      : trgdrv.obj (.text:_HOSTlseek)
                  00836120    00000100                      : fixdlli.obj (.text:__fixdlli)
                  00836220    00000100                      : _io_perm.obj (.text:__wrt_ok)
                  00836320    00000100                      : fprintf.obj (.text:_fprintf)
                  00836420    00000100                      : frexp.obj (.text:_frexp)
                  00836520    000000e0                      : trgdrv.obj (.text:_HOSTopen)
                  00836600    000000e0                      : _printfi.obj (.text:__div)
                  008366e0    000000e0                      : fltllif.obj (.text:__fltllif)
                  008367c0    000000e0                      : atoi.obj (.text:_atoi)
                  008368a0    000000e0                      : lowlev.obj (.text:_close)
                  00836980    000000e0                      : ltoa.obj (.text:_ltoa)
                  00836a60    000000e0                      : memset.obj (.text:_memset)
                  00836b40    000000e0                      : printf.obj (.text:_printf)
                  00836c20    000000c0                      : trgdrv.obj (.text:_HOSTread)
                  00836ce0    000000c0                      : trgdrv.obj (.text:_HOSTunlink)
                  00836da0    000000c0                      : trgdrv.obj (.text:_HOSTwrite)
                  00836e60    000000c0                      : autoinit.obj (.text:__auto_init)
                  00836f20    000000c0                      : divu.obj (.text:__divu)
                  00836fe0    000000c0                      : fflush.obj (.text:__doflush)
                  008370a0    000000c0                      : exit.obj (.text:_exit)
                  00837160    000000a0                      : trgdrv.obj (.text:_HOSTclose)
                  00837200    000000a0                      : fopen.obj (.text:__cleanup)
                  008372a0    000000a0                      : imath40.obj (.text:__divli)
                  00837340    000000a0                      : _printfi.obj (.text:__ecpy)
                  008373e0    000000a0                      : _printfi.obj (.text:__fcpy)
                  00837480    000000a0                      : fixdli.obj (.text:__fixdli)
                  00837520    000000a0                      : _printfi.obj (.text:__pconv_f)
                  008375c0    000000a0                      : cpy_tbl.obj (.text:_copy_in)
                  00837660    000000a0                      : lowlev.obj (.text:_finddevice)
                  00837700    000000a0                      : lowlev.obj (.text:_lseek)
                  008377a0    000000a0                      : memcpy64.obj (.text:_memcpy)
                  00837840    000000a0                      : memory.obj (.text:_minsert)
                  008378e0    000000a0                      : memory.obj (.text:_mremove)
                  00837980    000000a0                      : lowlev.obj (.text:_write)
                  00837a20    00000080                      : fltlid.obj (.text:__fltlid)
                  00837aa0    00000080                      : llshift.obj (.text:__llshl)
                  00837b20    00000080                      : boot.obj (.text:_c_int00)
                  00837ba0    00000080                      : rand.obj (.text:_rand)
                  00837c20    00000080                      : trgmsg.obj (.text:_readmsg)
                  00837ca0    00000080                      : lowlev.obj (.text:_unlink)
                  00837d20    00000060                      : cpp_init.obj (.text:___TI_cpp_init)
                  00837d80    00000060                      : frcmpyd_div.obj (.text:__frcmpyd_div)
                  00837de0    00000060                      : llshift.obj (.text:__llshru)
                  00837e40    00000060                      : imath64.obj (.text:__subcull)
                  00837ea0    00000060                      : fclose.obj (.text:_fclose)
                  00837f00    00000060                      : fopen.obj (.text:_fopen)
                  00837f60    00000060                      : memccpy.obj (.text:_memccpy)
                  00837fc0    00000060                      : rand.obj (.text:_srand)
                  00838020    00000060                      : lowlev.obj (.text:_tabinit)
                  00838080    00000060                      : trgmsg.obj (.text:_writemsg)
                  008380e0    00000040                      : isinf.obj (.text:___isinf)
                  00838120    00000040                      : _printfi.obj (.text:___isnan)
                  00838160    00000040                      : args_main.obj (.text:__args_main)
                  008381a0    00000040                      : imath40.obj (.text:__remli)
                  008381e0    00000020                      : negll.obj (.text:__negll)
                  00838200    00000020                      : _lock.obj (.text:__nop)
                  00838220    00000020                      : fprintf.obj (.text:__outc)
                  00838240    00000020                      : printf.obj (.text:__outc)
                  00838260    00000020                      : fprintf.obj (.text:__outs)
                  00838280    00000020                      : printf.obj (.text:__outs)
                  008382a0    00000020                      : exit.obj (.text:_abort)
                  008382c0    00000020                      : remove.obj (.text:_remove)
                  008382e0    00000010     mathlib.a66 : rsqrtdp_v.o66 ($Tramp$S$$_rsqrtdp_v)
                  008382f0    00000010                 : rsqrtdp_c.o66 ($Tramp$S$$_rsqrtdp_c)
                  00838300    00000010                 : rsqrtdp.o66 ($Tramp$S$$_rsqrtdp)
                  00838310    00000010     --HOLE-- [fill = 0]

.sysmem    0    00838320    00008000     UNINITIALIZED
                  00838320    00000008     rts6600_coff.lib : memory.obj (.sysmem)
                  00838328    00007ff8     --HOLE--

.const     0    00840320    00000387     
                  00840320    00000203     driver.obj (.const:.string)
                  00840523    00000002     rts6600_coff.lib : fputs.obj (.const:.string)
                  00840525    00000003     --HOLE-- [fill = 0]
                  00840528    00000101                      : ctype.obj (.const:.string:__ctypes_)
                  00840629    0000005b     rsqrtdp_d.obj (.const:.string)
                  00840684    00000023     rts6600_coff.lib : _printfi.obj (.const:.string)

.cinit     0    008406a8    000001fc     
                  008406a8    0000005c     rts6600_coff.lib : defs.obj (.cinit)
                  00840704    00000004     --HOLE-- [fill = 0]
                  00840708    0000005c                      : lowlev.obj (.cinit)
                  00840764    00000004     --HOLE-- [fill = 0]
                  00840768    00000058     rsqrtdp_d.obj (.cinit)
                  008407c0    00000030     drvdp.obj (.cinit)
                  008407f0    0000002c     rts6600_coff.lib : exit.obj (.cinit)
                  0084081c    00000004     --HOLE-- [fill = 0]
                  00840820    0000002c                      : memory.obj (.cinit)
                  0084084c    00000004     --HOLE-- [fill = 0]
                  00840850    0000001c                      : _lock.obj (.cinit)
                  0084086c    00000004     --HOLE-- [fill = 0]
                  00840870    00000010                      : rand.obj (.cinit)
                  00840880    0000000c                      : errno.obj (.cinit)
                  0084088c    00000004     --HOLE-- [fill = 0]
                  00840890    0000000c                      : fopen.obj (.cinit)
                  0084089c    00000004     --HOLE-- [fill = 0]
                  008408a0    00000004     (.pad.cinit) [fill = 0]

.cio       0    008408a4    00000120     UNINITIALIZED
                  008408a4    00000120     rts6600_coff.lib : trgmsg.obj (.cio)

.kernel_vec 
*          0    008409e0    00000560     
                  008409e0    00000560     mathlib.a66 : rsqrtdp_v.o66 (.text:optvec)

.kernel_ci 
*          0    00840f40    00000180     
                  00840f40    000000c0     mathlib.a66 : rsqrtdp.o66 (.text:optci)
                  00841000    000000c0                 : rsqrtdp_c.o66 (.text:optci)


FAR CALL TRAMPOLINES

callee name               trampoline name
   callee addr  tramp addr   call addr  call info
--------------  -----------  ---------  ----------------
$.text:optvec:mathlib.a66<rsqrtdp_v.o66>$0x0  $Tramp$S$$_rsqrtdp_v
   008409e0     008382e0     00830004   rsqrtdp_d.obj (.text)
                             00830340   rsqrtdp_d.obj (.text)
                             00830650   rsqrtdp_d.obj (.text)
                             00830d80   rsqrtdp_d.obj (.text)
$.text:optci:mathlib.a66<rsqrtdp_c.o66>$0x0  $Tramp$S$$_rsqrtdp_c
   00841000     008382f0     0082fee0   rsqrtdp_d.obj (.text)
                             0082ff04   rsqrtdp_d.obj (.text)
                             0083023c   rsqrtdp_d.obj (.text)
                             00830534   rsqrtdp_d.obj (.text)
                             00830c6c   rsqrtdp_d.obj (.text)
                             00830ca4   rsqrtdp_d.obj (.text)
$.text:optci:mathlib.a66<rsqrtdp.o66>$0x0  $Tramp$S$$_rsqrtdp
   00840f40     00838300     0082fea0   rsqrtdp_d.obj (.text)
                             0082fed4   rsqrtdp_d.obj (.text)
                             008301ec   rsqrtdp_d.obj (.text)
                             008304ec   rsqrtdp_d.obj (.text)
                             00830b58   rsqrtdp_d.obj (.text)
                             00830b94   rsqrtdp_d.obj (.text)

[3 trampolines]
[16 trampoline calls]


GLOBAL SYMBOLS: SORTED ALPHABETICALLY BY Name 

address    name
--------   ----
00800000   $bss
00800000   .bss
ffffffff   .data
ffffffff   .text
008382a0   C$$EXIT
008380d8   C$$IO$$
00837160   _HOSTclose
00836020   _HOSTlseek
00836520   _HOSTopen
00836c20   _HOSTread
00835060   _HOSTrename
00836ce0   _HOSTunlink
00836da0   _HOSTwrite
008408a4   __CIOBUF_
0082fe08   __STACK_END
0000c000   __STACK_SIZE
00008000   __SYSMEM_SIZE
00000001   __TI_args_main
00837d20   ___TI_cpp_init
00823de0   ___TI_enable_exit_profile_output
ffffffff   ___TI_pprof_out_hndl
ffffffff   ___TI_prof_data_size
ffffffff   ___TI_prof_data_start
ffffffff   ___binit__
00800000   ___bss__
ffffffff   ___c_args__
008406a8   ___cinit__
ffffffff   ___data__
ffffffff   ___edata__
00800000   ___end__
ffffffff   ___etext__
008380e0   ___isinf
ffffffff   ___pinit__
ffffffff   ___text__
00838160   __args_main
00836e60   __auto_init
00836f20   __c6xabi_divu
00837200   __cleanup
00823dd8   __cleanup_ptr
00835a80   __closefile
00840528   __ctypes_
008315e0   __divd
008372a0   __divli
00836f20   __divu
00835200   __divul
00833de0   __divull
00836fe0   __doflush
00823ddc   __dtors_ptr
00837480   __fixdli
00836120   __fixdlli
00837a20   __fltlid
008366e0   __fltllif
00837d80   __frcmpyd_div
00823c00   __ft_end
008238e0   __ftable
00837aa0   __llshl
00837de0   __llshru
00823de4   __lock
008381e0   __negll
00838200   __nop
00832100   __printfi
008381a0   __remli
00823e08   __stack
00837e40   __subcull
00838320   __sys_memory
00823ac0   __tmpnams
00823de8   __unlock
00836220   __wrt_ok
00823d88   _a
00800000   _a_ext
00807d00   _a_sc
008382a0   _abort
00823d84   _all_pass
00000200   _argsize
008367c0   _atoi
00803e80   _b_ext
00808020   _b_sc
00837b20   _c_int00
008368a0   _close
008375c0   _copy_in
00823d48   _cycle_counts
0083152c   _driver_init
00823c04   _errno
008370a0   _exit
00837ea0   _fclose
00823d70   _fcn_pass
00837f00   _fopen
00823d2c   _fp
00836320   _fprintf
008346c0   _fputc
00832980   _fputs
00833b60   _free
00836420   _frexp
00835de0   _fseek
00833018   _gimme_random
008238d8   _input
0081bbd8   _input_data
00832d48   _isequal
00000000   _kernel_asm_size
00000180   _kernel_ci_size
00000560   _kernel_vec_size
008356a0   _ldexp
00837700   _lseek
00836980   _ltoa
0082fe20   _main
008353a0   _malloc
00837f60   _memccpy
008377a0   _memcpy
00836a60   _memset
00835520   _open
0081bbc0   _output
00808340   _output_data
0083144c   _print_memory_results
0083132c   _print_profile_results
00830f80   _print_test_results
00836b40   _printf
008346c0   _putc
00837ba0   _rand
00837c20   _readmsg
008382c0   _remove
00835f00   _rsqrt
00840f40   _rsqrtdp
00841000   _rsqrtdp_c
008409e0   _rsqrtdp_v
00823d28   _seed
00834ae0   _setvbuf
00837fc0   _srand
00823d40   _t_offset
00823d30   _t_start
00823d38   _t_stop
00837ca0   _unlink
00837980   _write
00838080   _writemsg
ffffffff   binit
008406a8   cinit
00000387   const_size
00840320   const_start
ffffffff   edata
00800000   end
ffffffff   etext
ffffffff   pinit


GLOBAL SYMBOLS: SORTED BY Symbol Address 

address    name
--------   ----
00000000   _kernel_asm_size
00000001   __TI_args_main
00000180   _kernel_ci_size
00000200   _argsize
00000387   const_size
00000560   _kernel_vec_size
00008000   __SYSMEM_SIZE
0000c000   __STACK_SIZE
00800000   $bss
00800000   .bss
00800000   ___bss__
00800000   ___end__
00800000   _a_ext
00800000   end
00803e80   _b_ext
00807d00   _a_sc
00808020   _b_sc
00808340   _output_data
0081bbc0   _output
0081bbd8   _input_data
008238d8   _input
008238e0   __ftable
00823ac0   __tmpnams
00823c00   __ft_end
00823c04   _errno
00823d28   _seed
00823d2c   _fp
00823d30   _t_start
00823d38   _t_stop
00823d40   _t_offset
00823d48   _cycle_counts
00823d70   _fcn_pass
00823d84   _all_pass
00823d88   _a
00823dd8   __cleanup_ptr
00823ddc   __dtors_ptr
00823de0   ___TI_enable_exit_profile_output
00823de4   __lock
00823de8   __unlock
00823e08   __stack
0082fe08   __STACK_END
0082fe20   _main
00830f80   _print_test_results
0083132c   _print_profile_results
0083144c   _print_memory_results
0083152c   _driver_init
008315e0   __divd
00832100   __printfi
00832980   _fputs
00832d48   _isequal
00833018   _gimme_random
00833b60   _free
00833de0   __divull
008346c0   _fputc
008346c0   _putc
00834ae0   _setvbuf
00835060   _HOSTrename
00835200   __divul
008353a0   _malloc
00835520   _open
008356a0   _ldexp
00835a80   __closefile
00835de0   _fseek
00835f00   _rsqrt
00836020   _HOSTlseek
00836120   __fixdlli
00836220   __wrt_ok
00836320   _fprintf
00836420   _frexp
00836520   _HOSTopen
008366e0   __fltllif
008367c0   _atoi
008368a0   _close
00836980   _ltoa
00836a60   _memset
00836b40   _printf
00836c20   _HOSTread
00836ce0   _HOSTunlink
00836da0   _HOSTwrite
00836e60   __auto_init
00836f20   __c6xabi_divu
00836f20   __divu
00836fe0   __doflush
008370a0   _exit
00837160   _HOSTclose
00837200   __cleanup
008372a0   __divli
00837480   __fixdli
008375c0   _copy_in
00837700   _lseek
008377a0   _memcpy
00837980   _write
00837a20   __fltlid
00837aa0   __llshl
00837b20   _c_int00
00837ba0   _rand
00837c20   _readmsg
00837ca0   _unlink
00837d20   ___TI_cpp_init
00837d80   __frcmpyd_div
00837de0   __llshru
00837e40   __subcull
00837ea0   _fclose
00837f00   _fopen
00837f60   _memccpy
00837fc0   _srand
00838080   _writemsg
008380d8   C$$IO$$
008380e0   ___isinf
00838160   __args_main
008381a0   __remli
008381e0   __negll
00838200   __nop
008382a0   C$$EXIT
008382a0   _abort
008382c0   _remove
00838320   __sys_memory
00840320   const_start
00840528   __ctypes_
008406a8   ___cinit__
008406a8   cinit
008408a4   __CIOBUF_
008409e0   _rsqrtdp_v
00840f40   _rsqrtdp
00841000   _rsqrtdp_c
ffffffff   .data
ffffffff   .text
ffffffff   ___TI_pprof_out_hndl
ffffffff   ___TI_prof_data_size
ffffffff   ___TI_prof_data_start
ffffffff   ___binit__
ffffffff   ___c_args__
ffffffff   ___data__
ffffffff   ___edata__
ffffffff   ___etext__
ffffffff   ___pinit__
ffffffff   ___text__
ffffffff   binit
ffffffff   edata
ffffffff   etext
ffffffff   pinit

[141 symbols]
