******************************************************************************
            TI ARM Clang Linker PC v4.0.4                      
******************************************************************************
>> Linked Mon May 11 14:04:27 2026

OUTPUT FILE NAME:   <Radar_Program_mss.xer5f>
ENTRY POINT SYMBOL: "_vectors"  address: 00000000


MEMORY CONFIGURATION

         name            origin    length      used     unused   attr    fill
----------------------  --------  ---------  --------  --------  ----  --------
  RESET_VECTORS         00000000   00000040  00000040  00000000     X
  TCMA_RAM              00000040   0000ffc0  00000000  0000ffc0  R  X
  TCMB_RAM              00080000   00010000  00000000  00010000  RW  
  SBL_RESERVED_L2_RAM   10200000   00020000  00010000  00010000  RW  
  MSS_L2                10220000   000cc000  000b19a8  0001a658  RW  
  CPPI_DESC             102ec000   00004000  00000a00  00003600  RW  
  HWA_RAM               82000000   00020000  00000000  00020000  RW  
  DSS_L3                88000000   00100000  000cd184  00032e7c  RW  
  RTOS_NORTOS_IPC_SHM_M c5000200   00001d40  00000980  000013c0  RWIX


SEGMENT ALLOCATION MAP

run origin  load origin   length   init length attrs members
----------  ----------- ---------- ----------- ----- -------
00000000    00000000    00000040   00000040    r-x
  00000000    00000000    00000040   00000040    r-x .vectors
10200000    10200000    00010000   00000000    rw-
  10200000    10200000    00010000   00000000    rw- .stack
10220000    10220000    00077950   00077950    r-x
  10220000    10220000    00060a40   00060a40    r-x .text
  10280a40    10280a40    00016f10   00016f10    r-- .rodata
10297980    10297980    0002b000   00000000    rw-
  10297980    10297980    0002b000   00000000    rw- .bss
102c2980    102c2980    0000ba40   0000ba40    rw-
  102c2980    102c2980    0000ba40   0000ba40    rw- .data
102ce3c0    102ce3c0    00001718   00001718    r-x
  102ce3c0    102ce3c0    00000e40   00000e40    r-x .text.hwi
  102cf200    102cf200    000004a0   000004a0    r-x .text.cache
  102cf6a0    102cf6a0    000002c0   000002c0    r-x .text.mpu
  102cf960    102cf960    00000170   00000170    r-x .text.boot
  102cfad0    102cfad0    00000008   00000008    r-x .text:abort
102cfad8    102cfad8    00001f00   00000000    rw-
  102cfad8    102cfad8    00000c00   00000000    rw- .irqstack
  102d06d8    102d06d8    00000100   00000000    rw- .fiqstack
  102d07d8    102d07d8    00001000   00000000    rw- .svcstack
  102d17d8    102d17d8    00000100   00000000    rw- .abortstack
  102d18d8    102d18d8    00000100   00000000    rw- .undefinedstack
8809e188    8809e188    00020000   00000000    rw-
  8809e188    8809e188    00020000   00000000    rw- .sysmem
880ca200    880ca200    00003000   00000000    rw-
  880ca200    880ca200    00003000   00000000    rw- .bss.dss_l3


SECTION ALLOCATION MAP

 output                                  attributes/
section   page    origin      length       input sections
--------  ----  ----------  ----------   ----------------
.vectors   0    00000000    00000040     
                  00000000    00000040     freertos.awr294x.r5f.ti-arm-clang.debug.lib : HwiP_armv7r_vectors_freertos_asm.obj (.vectors)

.stack     0    10200000    00010000     UNINITIALIZED
                  10200000    00000004     freertos.awr294x.r5f.ti-arm-clang.debug.lib : boot_armv7r_asm.obj (.stack)
                  10200004    0000fffc     --HOLE--

.text      0    10220000    00060a40     
                  10220000    000012b0     RadarSetup.o (.text.MmwDemo_configSensor)
                  102212b0    000011d0     lwip-freertos.awr294x.r5f.ti-arm-clang.debug.lib : tcp_in.obj (.text.tcp_receive)
                  10222480    00001158     libc.a : _scanfi.c.obj (.text.__TI_scanfi)
                  102235d8    00000ce8     {906FF67C-EB73-4BF8-B7E8-A53FDCEB919D} (.text:__TI_printfi)
                  102242c0    00000c50     lwip-freertos.awr294x.r5f.ti-arm-clang.debug.lib : tcp_out.obj (.text.tcp_write)
                  10224f10    00000c28                                                      : tcp_in.obj (.text.tcp_input)
                  10225b38    00000008     ti_enet_config.o (.text.EnetApp_isPortLinked)
                  10225b40    00000ad8     lwip-freertos.awr294x.r5f.ti-arm-clang.debug.lib : tcp_in.obj (.text.tcp_process)
                  10226618    00000008     ti_enet_config.o (.text.EnetCpdmaMem_getCfg)
                  10226620    00000abe     enet-cpsw.awr294x.r5f.ti-arm-clang.debug.lib : enet_cpdma.obj (.text.EnetCpdma_dequeueTx)
                  102270de    00000002     {906FF67C-EB73-4BF8-B7E8-A53FDCEB919D} (.text.MMWave_maskHostIRQ)
                  102270e0    00000a34     freertos.awr294x.r5f.ti-arm-clang.debug.lib : printf.obj (.text._vsnprintf)
                  10227b14    00000004     ti_enet_soc.o (.text.EnetSoc_getEnetNum)
                  10227b18    00000a20     RadarSetup.o (.text.MmwDemo_handleObjectDetResult)
                  10228538    00000a00     RadarSetup.o (.text.setupInit)
                  10228f38    00000008     ti_enet_config.o (.text.EnetMem_getCfg)
                  10228f40    00000960     lwip-freertos.awr294x.r5f.ti-arm-clang.debug.lib : tcp.obj (.text.tcp_slowtmr)
                  102298a0    00000908     enet-cpsw.awr294x.r5f.ti-arm-clang.debug.lib : enet_cpdma.obj (.text.EnetCpdma_dequeueRx)
                  1022a1a8    00000008     libsysbm.a : hostexit.c.obj (.text.HOSTexit)
                  1022a1b0    00000740     drivers.awr294x.r5f.ti-arm-clang.debug.lib : soc_rcm.obj (.text.SOC_rcmGetClkSrcAndDivValue)
                  1022a8f0    00000718     RadarSetup.o (.text.MmwDemo_openSensor)
                  1022b008    00000664     ti_enet_open_close.o (.text.EnetApp_driverOpen)
                  1022b66c    00000004     ti_enet_soc.o (.text.EnetSoc_getTxChPeerId)
                  1022b670    00000654     lwip-freertos.awr294x.r5f.ti-arm-clang.debug.lib : dhcp.obj (.text.dhcp_parse_reply)
                  1022bcc4    0000000c     ti_enet_config.o (.text.EnetApp_acquireHandleInfo)
                  1022bcd0    000005f6     enet-cpsw.awr294x.r5f.ti-arm-clang.debug.lib : enet_cpdma.obj (.text.EnetCpdma_enqueueRx)
                  1022c2c6    0000000a     {906FF67C-EB73-4BF8-B7E8-A53FDCEB919D} (.text.LwipifEnetApp_postPollLink)
                  1022c2d0    000005ca     enet-cpsw.awr294x.r5f.ti-arm-clang.debug.lib : enet_osal.obj (.text.EnetOsal_init)
                  1022c89a    00000002     --HOLE-- [fill = 0]
                  1022c89c    00000590     rl_driver.o (.text.rlDriverCmdInvoke)
                  1022ce2c    00000004     ti_enet_lwipif.o (.text.LwipifEnetAppCb_getRxMode)
                  1022ce30    0000055a     lwip-freertos.awr294x.r5f.ti-arm-clang.debug.lib : api_msg.obj (.text.lwip_netconn_do_writemore)
                  1022d38a    00000006     {906FF67C-EB73-4BF8-B7E8-A53FDCEB919D} (.text.EnetApp_timerCb)
                  1022d390    00000538     lwip-freertos.awr294x.r5f.ti-arm-clang.debug.lib : ip4.obj (.text.ip4_input)
                  1022d8c8    00000008     {906FF67C-EB73-4BF8-B7E8-A53FDCEB919D} (.text.OUTLINED_FUNCTION_101)
                  1022d8d0    0000051e     freertos.awr294x.r5f.ti-arm-clang.debug.lib : printf.obj (.text._ftoa)
                  1022ddee    00000002     --HOLE-- [fill = 0]
                  1022ddf0    00000514     {906FF67C-EB73-4BF8-B7E8-A53FDCEB919D} (.text.rlDriverMsgRead)
                  1022e304    0000000c     ti_enet_soc.o (.text.EnetSoc_getRxFlowCount)
                  1022e310    000004fe     enet-cpsw.awr294x.r5f.ti-arm-clang.debug.lib : enet_cpdma.obj (.text.EnetCpdma_enqueueTx)
                  1022e80e    00000002     --HOLE-- [fill = 0]
                  1022e810    000004f4     lwip-freertos.awr294x.r5f.ti-arm-clang.debug.lib : tcp_out.obj (.text.tcp_split_unsent_seg)
                  1022ed04    0000000c     ti_enet_soc.o (.text.EnetSoc_getTxChCount)
                  1022ed10    000004d8     lwip-freertos.awr294x.r5f.ti-arm-clang.debug.lib : tcp_out.obj (.text.tcp_output)
                  1022f1e8    00000008     {906FF67C-EB73-4BF8-B7E8-A53FDCEB919D} (.text.OUTLINED_FUNCTION_106)
                  1022f1f0    000004d6     lwip-freertos.awr294x.r5f.ti-arm-clang.debug.lib : icmp.obj (.text.icmp_input)
                  1022f6c6    0000000a     {906FF67C-EB73-4BF8-B7E8-A53FDCEB919D} (.text.OUTLINED_FUNCTION_114)
                  1022f6d0    000004b6     enet-cpsw.awr294x.r5f.ti-arm-clang.debug.lib : cpsw_ale.obj (.text.CpswAle_open)
                  1022fb86    00000002     --HOLE-- [fill = 0]
                  1022fb88    000004b4     libc.a : strtod.c.obj (.text.strtod)
                  1023003c    000004a8     {906FF67C-EB73-4BF8-B7E8-A53FDCEB919D} (.text.MMWave_configureAdvChirp)
                  102304e4    0000000c     ti_drivers_config.o (.text.GPIO_init)
                  102304f0    0000049a     lwipif-cpsw-freertos.awr294x.r5f.ti-arm-clang.debug.lib : lwip2enet.obj (.text.Lwip2Enet_open)
                  1023098a    00000006     {906FF67C-EB73-4BF8-B7E8-A53FDCEB919D} (.text.OUTLINED_FUNCTION_113)
                  10230990    0000049a     lwip-freertos.awr294x.r5f.ti-arm-clang.debug.lib : udp.obj (.text.udp_input)
                  10230e2a    00000006     {906FF67C-EB73-4BF8-B7E8-A53FDCEB919D} (.text.OUTLINED_FUNCTION_117)
                  10230e30    00000492     lwip-freertos.awr294x.r5f.ti-arm-clang.debug.lib : etharp.obj (.text.etharp_query)
                  102312c2    0000000e     {906FF67C-EB73-4BF8-B7E8-A53FDCEB919D} (.text.DPM_msgAssertHandler)
                  102312d0    0000048a     lwip-freertos.awr294x.r5f.ti-arm-clang.debug.lib : etharp.obj (.text.etharp_find_entry)
                  1023175a    00000006     {906FF67C-EB73-4BF8-B7E8-A53FDCEB919D} (.text.OUTLINED_FUNCTION_11)
                  10231760    00000482     lwip-freertos.awr294x.r5f.ti-arm-clang.debug.lib : api_msg.obj (.text.lwip_netconn_do_close_internal)
                  10231be2    0000000e     {906FF67C-EB73-4BF8-B7E8-A53FDCEB919D} (.text.DPM_msgDPCInfoHandler)
                  10231bf0    00000478     freertos.awr294x.r5f.ti-arm-clang.debug.lib : printf.obj (.text._etoa)
                  10232068    00000008     {906FF67C-EB73-4BF8-B7E8-A53FDCEB919D} (.text.OUTLINED_FUNCTION_109)
                  10232070    00000466     lwip-freertos.awr294x.r5f.ti-arm-clang.debug.lib : ip4_frag.obj (.text.ip4_reass)
                  102324d6    00000002     --HOLE-- [fill = 0]
                  102324d8    00000440     {906FF67C-EB73-4BF8-B7E8-A53FDCEB919D} (.text.CLI_MMWaveAdvChirpCfg)
                  10232918    00000008     {906FF67C-EB73-4BF8-B7E8-A53FDCEB919D} (.text.OUTLINED_FUNCTION_17)
                  10232920    0000043e     enet-cpsw.awr294x.r5f.ti-arm-clang.debug.lib : enet_rm.obj (.text.EnetRm_detachCore)
                  10232d5e    00000002     --HOLE-- [fill = 0]
                  10232d60    0000041e     lwip-freertos.awr294x.r5f.ti-arm-clang.debug.lib : udp.obj (.text.udp_sendto_if_src_chksum)
                  1023317e    00000002     --HOLE-- [fill = 0]
                  10233180    000003e4     RadarSetup.o (.text.initDPMTask)
                  10233564    0000000c     ipc_notify_v1.o (.text.IpcNotify_getSelfCoreId)
                  10233570    000003e0     enet-cpsw.awr294x.r5f.ti-arm-clang.debug.lib : cpsw_macport.obj (.text.CpswMacPort_open)
                  10233950    000003d4                                                  : dp83867.obj (.text.Dp83867_printRegs)
                  10233d24    000003c0     mmw_cli.o (.text.MmwDemo_CLIInit)
                  102340e4    0000000c     libmmwave_awr2944.aer5f : mmwave_osal.oer5f (.text.MMWave_osalMutexDelete)
                  102340f0    000003be     lwip-freertos.awr294x.r5f.ti-arm-clang.debug.lib : ip4_frag.obj (.text.ip_reass_chain_frag_into_datagram_and_validate)
                  102344ae    00000002     --HOLE-- [fill = 0]
                  102344b0    000003b6     enet-cpsw.awr294x.r5f.ti-arm-clang.debug.lib : enet_rm.obj (.text.EnetRm_close)
                  10234866    0000000a     {906FF67C-EB73-4BF8-B7E8-A53FDCEB919D} (.text.OUTLINED_FUNCTION_116)
                  10234870    000003b0     lwip-freertos.awr294x.r5f.ti-arm-clang.debug.lib : ip4.obj (.text.ip4_output_if_opt_src)
                  10234c20    000003a2     enet-cpsw.awr294x.r5f.ti-arm-clang.debug.lib : cpsw.obj (.text.Cpsw_registerIntrs)
                  10234fc2    0000000e     ti_enet_soc.o (.text.EnetSoc_getMacPortCaps)
                  10234fd0    00000392     enet-cpsw.awr294x.r5f.ti-arm-clang.debug.lib : cpsw.obj (.text.Cpsw_open)
                  10235362    0000001e     {906FF67C-EB73-4BF8-B7E8-A53FDCEB919D} (.text.DPM_pipeDequeue)
                  10235380    00000390     libc.a : strcmp32.S.obj (.text:strcmp)
                  10235710    0000038e     lwip-freertos.awr294x.r5f.ti-arm-clang.debug.lib : tcp_out.obj (.text.tcp_output_segment)
                  10235a9e    00000002     --HOLE-- [fill = 0]
                  10235aa0    00000386     enet-cpsw.awr294x.r5f.ti-arm-clang.debug.lib : cpsw.obj (.text.Cpsw_openInternal)
                  10235e26    00000002     --HOLE-- [fill = 0]
                  10235e28    00000370     ipc_notify_v1.o (.text.IpcNotify_init)
                  10236198    00000008     {906FF67C-EB73-4BF8-B7E8-A53FDCEB919D} (.text.OUTLINED_FUNCTION_24)
                  102361a0    00000370     drivers.awr294x.r5f.ti-arm-clang.debug.lib : soc_rcm.obj (.text.SOC_rcmGetClkSrcAndDivReg)
                  10236510    0000036e     lwip-freertos.awr294x.r5f.ti-arm-clang.debug.lib : ip4_frag.obj (.text.ip4_frag)
                  1023687e    00000002     --HOLE-- [fill = 0]
                  10236880    0000036a     enet-cpsw.awr294x.r5f.ti-arm-clang.debug.lib : enet_appmemutils.obj (.text.EnetMem_initCore)
                  10236bea    00000006     {906FF67C-EB73-4BF8-B7E8-A53FDCEB919D} (.text.OUTLINED_FUNCTION_124)
                  10236bf0    00000354     enet-cpsw.awr294x.r5f.ti-arm-clang.debug.lib : mdio.obj (.text.Mdio_open)
                  10236f44    0000000c     libmmwave_awr2944.aer5f : mmwave_osal.oer5f (.text.MMWave_osalMutexUnlock)
                  10236f50    00000348     enet-cpsw.awr294x.r5f.ti-arm-clang.debug.lib : cpsw_ioctl.obj (.text.Cpsw_openPortLinkNoPhy)
                  10237298    00000008     {906FF67C-EB73-4BF8-B7E8-A53FDCEB919D} (.text.OUTLINED_FUNCTION_32)
                  102372a0    00000340     drivers.awr294x.r5f.ti-arm-clang.debug.lib : cbuff.obj (.text.CBUFF_validateHWSessionCfg)
                  102375e0    0000033a                                                : cbuff_lvds.obj (.text.CBUFF_openLVDS)
                  1023791a    00000006     {906FF67C-EB73-4BF8-B7E8-A53FDCEB919D} (.text.OUTLINED_FUNCTION_125)
                  10237920    00000336     drivers.awr294x.r5f.ti-arm-clang.debug.lib : edma.obj (.text.EDMA_initialize)
                  10237c56    0000000a     {906FF67C-EB73-4BF8-B7E8-A53FDCEB919D} (.text.OUTLINED_FUNCTION_118)
                  10237c60    00000324     drivers.awr294x.r5f.ti-arm-clang.debug.lib : cbuff.obj (.text.CBUFF_open)
                  10237f84    0000000c     libmmwave_awr2944.aer5f : mmwave_osal.oer5f (.text.MMWave_osalSemDelete)
                  10237f90    0000031e     lwip-freertos.awr294x.r5f.ti-arm-clang.debug.lib : tcp_out.obj (.text.tcp_enqueue_flags)
                  102382ae    00000002     --HOLE-- [fill = 0]
                  102382b0    00000312     lwipif-cpsw-freertos.awr294x.r5f.ti-arm-clang.debug.lib : lwip2enet.obj (.text.Lwip2Enet_prepRxPktQ)
                  102385c2    0000000e     {906FF67C-EB73-4BF8-B7E8-A53FDCEB919D} (.text.OUTLINED_FUNCTION_112)
                  102385d0    00000308     drivers.awr294x.r5f.ti-arm-clang.debug.lib : cbuff_edma.obj (.text.CBUFF_configEDMA)
                  102388d8    00000308     mmwave_link_common.o (.text.MMWave_asyncEventHandler)
                  10238be0    000002f8     lwip-freertos.awr294x.r5f.ti-arm-clang.debug.lib : pbuf.obj (.text.pbuf_alloc)
                  10238ed8    00000008     {906FF67C-EB73-4BF8-B7E8-A53FDCEB919D} (.text.OUTLINED_FUNCTION_37)
                  10238ee0    000002de     lwip-freertos.awr294x.r5f.ti-arm-clang.debug.lib : etharp.obj (.text.etharp_output)
                  102391be    00000002     --HOLE-- [fill = 0]
                  102391c0    000002d4     enet-cpsw.awr294x.r5f.ti-arm-clang.debug.lib : enet_cpdma.obj (.text.EnetCpdma_open)
                  10239494    0000000c     libmmwave_awr2944.aer5f : mmwave_osal.oer5f (.text.MMWave_osalSemSignal)
                  102394a0    000002d2     enet-cpsw.awr294x.r5f.ti-arm-clang.debug.lib : cpsw.obj (.text.Cpsw_periodicTick)
                  10239772    00000002     --HOLE-- [fill = 0]
                  10239774    000002d0     libc.a : _printfi.c.obj (.text:__TI_printfi)
                  10239a44    0000000c     {906FF67C-EB73-4BF8-B7E8-A53FDCEB919D} (.text.OUTLINED_FUNCTION_100)
                  10239a50    000002ce     drivers.awr294x.r5f.ti-arm-clang.debug.lib : uart_sci_edma.obj (.text.UART_edmaChannelConfig)
                  10239d1e    00000002     --HOLE-- [fill = 0]
                  10239d20    000002cc     enet-cpsw.awr294x.r5f.ti-arm-clang.debug.lib : cpsw.obj (.text.Cpsw_handleLinkDown)
                  10239fec    00000004     {906FF67C-EB73-4BF8-B7E8-A53FDCEB919D} (.text.LwipifEnetApp_postSemaphore)
                  10239ff0    000002ba     lwip-freertos.awr294x.r5f.ti-arm-clang.debug.lib : pbuf.obj (.text.pbuf_copy_partial_pbuf)
                  1023a2aa    00000006     {906FF67C-EB73-4BF8-B7E8-A53FDCEB919D} (.text.OUTLINED_FUNCTION_126)
                  1023a2b0    000002b8     enet-cpsw.awr294x.r5f.ti-arm-clang.debug.lib : cpsw.obj (.text.Cpsw_handleLinkUp)
                  1023a568    00000008     {906FF67C-EB73-4BF8-B7E8-A53FDCEB919D} (.text.OUTLINED_FUNCTION_39)
                  1023a570    000002a8     enet-cpsw.awr294x.r5f.ti-arm-clang.debug.lib : cpsw_ale.obj (.text.CpswAle_addVlan)
                  1023a818    000002a4     {906FF67C-EB73-4BF8-B7E8-A53FDCEB919D} (.text.CLI_MMWaveLUTDataCfg)
                  1023aabc    00000004     {906FF67C-EB73-4BF8-B7E8-A53FDCEB919D} (.text.MMWave_disableDevice)
                  1023aac0    000002a2     drivers.awr294x.r5f.ti-arm-clang.debug.lib : cbuff.obj (.text.CBUFF_createSession)
                  1023ad62    0000000e     {906FF67C-EB73-4BF8-B7E8-A53FDCEB919D} (.text.OUTLINED_FUNCTION_123)
                  1023ad70    0000029e     drivers.awr294x.r5f.ti-arm-clang.debug.lib : uart_sci.obj (.text.UART_open)
                  1023b00e    00000002     --HOLE-- [fill = 0]
                  1023b010    0000029e     lwip-freertos.awr294x.r5f.ti-arm-clang.debug.lib : tcp_in.obj (.text.tcp_listen_input)
                  1023b2ae    00000002     --HOLE-- [fill = 0]
                  1023b2b0    0000029c                                                      : netif.obj (.text.netif_add)
                  1023b54c    00000004     {906FF67C-EB73-4BF8-B7E8-A53FDCEB919D} (.text.MMWave_enableDevice)
                  1023b550    0000029a     enet-cpsw.awr294x.r5f.ti-arm-clang.debug.lib : cpsw.obj (.text.Cpsw_registerIoctlHandler)
                  1023b7ea    00000006     {906FF67C-EB73-4BF8-B7E8-A53FDCEB919D} (.text.OUTLINED_FUNCTION_129)
                  1023b7f0    00000294     lwip-freertos.awr294x.r5f.ti-arm-clang.debug.lib : tcp.obj (.text.tcp_close_shutdown)
                  1023ba84    0000000c     {906FF67C-EB73-4BF8-B7E8-A53FDCEB919D} (.text.OUTLINED_FUNCTION_103)
                  1023ba90    0000028e     enet-cpsw.awr294x.r5f.ti-arm-clang.debug.lib : csl_cpsw.obj (.text.CSL_CPSW_setAlePolicerEntry)
                  1023bd1e    00000002     --HOLE-- [fill = 0]
                  1023bd20    0000028c     lwip-freertos.awr294x.r5f.ti-arm-clang.debug.lib : tcp.obj (.text.tcp_connect)
                  1023bfac    00000004     {906FF67C-EB73-4BF8-B7E8-A53FDCEB919D} (.text.MMWave_mboxClose)
                  1023bfb0    00000288     {906FF67C-EB73-4BF8-B7E8-A53FDCEB919D} (.text.CLI_MMWaveChirpCfg)
                  1023c238    00000288     {906FF67C-EB73-4BF8-B7E8-A53FDCEB919D} (.text.MMWave_configBPM)
                  1023c4c0    00000286     enet-cpsw.awr294x.r5f.ti-arm-clang.debug.lib : csl_cpsw.obj (.text.CSL_CPSW_getAlePolicerEntry)
                  1023c746    0000000a     {906FF67C-EB73-4BF8-B7E8-A53FDCEB919D} (.text.OUTLINED_FUNCTION_119)
                  1023c750    00000282     enet-cpsw.awr294x.r5f.ti-arm-clang.debug.lib : cpsw_ale.obj (.text.CpswAle_findVlan)
                  1023c9d2    0000000e     {906FF67C-EB73-4BF8-B7E8-A53FDCEB919D} (.text.OUTLINED_FUNCTION_128)
                  1023c9e0    00000282     drivers.awr294x.r5f.ti-arm-clang.debug.lib : edma.obj (.text.EDMA_open)
                  1023cc62    0000000e     {906FF67C-EB73-4BF8-B7E8-A53FDCEB919D} (.text.OUTLINED_FUNCTION_46)
                  1023cc70    00000276     board.awr294x.r5f.ti-arm-clang.debug.lib : flash_nor_qspi.obj (.text.Flash_norQspiSetQeBit)
                  1023cee6    00000002     --HOLE-- [fill = 0]
                  1023cee8    00000270     {906FF67C-EB73-4BF8-B7E8-A53FDCEB919D} (.text._pconv_a)
                  1023d158    00000008     {906FF67C-EB73-4BF8-B7E8-A53FDCEB919D} (.text.OUTLINED_FUNCTION_40)
                  1023d160    0000026e     enet-cpsw.awr294x.r5f.ti-arm-clang.debug.lib : enetphy.obj (.text.EnetPhy_enableState)
                  1023d3ce    00000002     --HOLE-- [fill = 0]
                  1023d3d0    0000026c     {906FF67C-EB73-4BF8-B7E8-A53FDCEB919D} (.text.CLI_MMWaveProfileCfg)
                  1023d63c    0000026c     libhsiheader_awr2944.aer5f : hsiheader.oer5f (.text.HSIHeader_createHeader)
                  1023d8a8    0000026c     {906FF67C-EB73-4BF8-B7E8-A53FDCEB919D} (.text.MmwDemo_DPC_ObjectDetection_reportFxn)
                  1023db14    0000000c     {906FF67C-EB73-4BF8-B7E8-A53FDCEB919D} (.text.OUTLINED_FUNCTION_104)
                  1023db20    00000268     enet-cpsw.awr294x.r5f.ti-arm-clang.debug.lib : cpsw.obj (.text.Cpsw_ioctl)
                  1023dd88    00000008     {906FF67C-EB73-4BF8-B7E8-A53FDCEB919D} (.text.OUTLINED_FUNCTION_5)
                  1023dd90    00000266     lwip-freertos.awr294x.r5f.ti-arm-clang.debug.lib : api_msg.obj (.text.err_tcp)
                  1023dff6    0000000a     {906FF67C-EB73-4BF8-B7E8-A53FDCEB919D} (.text.OUTLINED_FUNCTION_120)
                  1023e000    0000025a     lwip-freertos.awr294x.r5f.ti-arm-clang.debug.lib : ip4_frag.obj (.text.ip_reass_free_complete_datagram)
                  1023e25a    00000006     {906FF67C-EB73-4BF8-B7E8-A53FDCEB919D} (.text.OUTLINED_FUNCTION_133)
                  1023e260    00000254     lwip-freertos.awr294x.r5f.ti-arm-clang.debug.lib : igmp.obj (.text.igmp_input)
                  1023e4b4    0000000c     {906FF67C-EB73-4BF8-B7E8-A53FDCEB919D} (.text.OUTLINED_FUNCTION_107)
                  1023e4c0    00000250     drivers.awr294x.r5f.ti-arm-clang.debug.lib : edma.obj (.text.Alloc_resource)
                  1023e710    00000246     lwip-freertos.awr294x.r5f.ti-arm-clang.debug.lib : dns.obj (.text.dns_send)
                  1023e956    0000000a     {906FF67C-EB73-4BF8-B7E8-A53FDCEB919D} (.text.OUTLINED_FUNCTION_121)
                  1023e960    00000240     enet-cpsw.awr294x.r5f.ti-arm-clang.debug.lib : cpsw_cpts_ioctl.obj (.text.CpswCpts_handleEvents)
                  1023eba0    00000240     RadarSetup.o (.text.MmwDemo_startSensor)
                  1023ede0    0000023e     drivers.awr294x.r5f.ti-arm-clang.debug.lib : uart_sci.obj (.text.UART_controllerIsr)
                  1023f01e    00000002     --HOLE-- [fill = 0]
                  1023f020    0000023e     freertos.awr294x.r5f.ti-arm-clang.debug.lib : printf.obj (.text._ntoa_format)
                  1023f25e    00000002     --HOLE-- [fill = 0]
                  1023f260    0000023c     drivers.awr294x.r5f.ti-arm-clang.debug.lib : soc.obj (.text.SOC_phyToVirt)
                  1023f49c    00000004     {906FF67C-EB73-4BF8-B7E8-A53FDCEB919D} (.text.MMWave_waitIRQStatus)
                  1023f4a0    0000023c     freertos.awr294x.r5f.ti-arm-clang.debug.lib : queue.obj (.text.xQueueSemaphoreTake)
                  1023f6dc    00000230     ipc_notify_v1.o (.text.IpcNotify_isr)
                  1023f90c    00000004     TaskP_freertos.o (.text.TaskP_yield)
                  1023f910    0000022c     enet-cpsw.awr294x.r5f.ti-arm-clang.debug.lib : enet_cpdma_priv.obj (.text.EnetCpdma_memMgrInit)
                  1023fb3c    00000004     libclang_rt.builtins.a : aeabi_div0.c.obj (.text.__aeabi_idiv0)
                  1023fb40    0000022a     drivers.awr294x.r5f.ti-arm-clang.debug.lib : cbuff_transfer.obj (.text.CBUFF_setupTransfer)
                  1023fd6a    00000006     {906FF67C-EB73-4BF8-B7E8-A53FDCEB919D} (.text.OUTLINED_FUNCTION_13)
                  1023fd70    0000022a     lwipif-cpsw-freertos.awr294x.r5f.ti-arm-clang.debug.lib : lwip2lwipif.obj (.text.LWIPIF_LWIP_getChkSumInfo)
                  1023ff9a    00000006     {906FF67C-EB73-4BF8-B7E8-A53FDCEB919D} (.text.OUTLINED_FUNCTION_27)
                  1023ffa0    0000022a     lwip-freertos.awr294x.r5f.ti-arm-clang.debug.lib : dhcp.obj (.text.dhcp_select)
                  102401ca    00000006     {906FF67C-EB73-4BF8-B7E8-A53FDCEB919D} (.text.OUTLINED_FUNCTION_2)
                  102401d0    00000228     drivers.awr294x.r5f.ti-arm-clang.debug.lib : cbuff_lvds.obj (.text.CBUFF_initLVDS)
                  102403f8    00000228     {906FF67C-EB73-4BF8-B7E8-A53FDCEB919D} (.text._pconv_g)
                  10240620    00000226     freertos.awr294x.r5f.ti-arm-clang.debug.lib : queue.obj (.text.xQueueGenericSend)
                  10240846    0000000a     {906FF67C-EB73-4BF8-B7E8-A53FDCEB919D} (.text.OUTLINED_FUNCTION_122)
                  10240850    00000222     drivers.awr294x.r5f.ti-arm-clang.debug.lib : qspi_edma.obj (.text.QSPI_edmaTransfer)
                  10240a72    0000000e     {906FF67C-EB73-4BF8-B7E8-A53FDCEB919D} (.text.OUTLINED_FUNCTION_49)
                  10240a80    00000220     enet-cpsw.awr294x.r5f.ti-arm-clang.debug.lib : enet_cpdma.obj (.text.EnetDma_closeTxCh)
                  10240ca0    00000220                                                  : enet_rm_ioctl.obj (.text.EnetRm_allocMacAddr)
                  10240ec0    0000021a     drivers.awr294x.r5f.ti-arm-clang.debug.lib : esm_v0.obj (.text.ESM_processInterrupt)
                  102410da    00000006     {906FF67C-EB73-4BF8-B7E8-A53FDCEB919D} (.text.OUTLINED_FUNCTION_31)
                  102410e0    00000218     drivers.awr294x.r5f.ti-arm-clang.debug.lib : qspi.obj (.text.QSPI_spiMemMapRead)
                  102412f8    00000008     {906FF67C-EB73-4BF8-B7E8-A53FDCEB919D} (.text.OUTLINED_FUNCTION_60)
                  10241300    00000216     lwip-freertos.awr294x.r5f.ti-arm-clang.debug.lib : tcp_out.obj (.text.tcp_create_segment)
                  10241516    0000000a     {906FF67C-EB73-4BF8-B7E8-A53FDCEB919D} (.text.OUTLINED_FUNCTION_127)
                  10241520    00000210     enet-cpsw.awr294x.r5f.ti-arm-clang.debug.lib : enet_appmemutils.obj (.text.EnetMem_allocEthPkt)
                  10241730    0000020c     {906FF67C-EB73-4BF8-B7E8-A53FDCEB919D} (.text.CLI_task)
                  1024193c    00000004     libclang_rt.builtins.a : aeabi_div0.c.obj (.text.__aeabi_ldiv0)
                  10241940    0000020c     drivers.awr294x.r5f.ti-arm-clang.debug.lib : soc.obj (.text.SOC_controlModuleUnlockMMR)
                  10241b4c    00000004     libclang_rt.builtins.a : aeabi_memcpy.S.obj (.text.__aeabi_memcpy)
                  10241b50    0000020a     lwip-freertos.awr294x.r5f.ti-arm-clang.debug.lib : tcp.obj (.text.tcp_pcb_remove)
                  10241d5a    00000006     {906FF67C-EB73-4BF8-B7E8-A53FDCEB919D} (.text.OUTLINED_FUNCTION_33)
                  10241d60    00000206     enet-cpsw.awr294x.r5f.ti-arm-clang.debug.lib : enet_cpdma.obj (.text.EnetDma_closeRxCh)
                  10241f66    0000000a     {906FF67C-EB73-4BF8-B7E8-A53FDCEB919D} (.text.OUTLINED_FUNCTION_130)
                  10241f70    00000206     lwip-freertos.awr294x.r5f.ti-arm-clang.debug.lib : dhcp.obj (.text.dhcp_recv)
                  10242176    0000000a     {906FF67C-EB73-4BF8-B7E8-A53FDCEB919D} (.text.OUTLINED_FUNCTION_131)
                  10242180    00000206     lwip-freertos.awr294x.r5f.ti-arm-clang.debug.lib : api_msg.obj (.text.lwip_netconn_do_connect)
                  10242386    0000000a     {906FF67C-EB73-4BF8-B7E8-A53FDCEB919D} (.text.OUTLINED_FUNCTION_132)
                  10242390    00000200     enet-cpsw.awr294x.r5f.ti-arm-clang.debug.lib : enetphy.obj (.text.EnetPhy_bindDriver)
                  10242590    00000200     drivers.awr294x.r5f.ti-arm-clang.debug.lib : ipc_rpmsg.obj (.text.RPMessage_send)
                  10242790    000001fe     enet-cpsw.awr294x.r5f.ti-arm-clang.debug.lib : cpsw_stats_ioctl.obj (.text.CpswStats_readHostStats)
                  1024298e    00000002     --HOLE-- [fill = 0]
                  10242990    000001fe     lwip-freertos.awr294x.r5f.ti-arm-clang.debug.lib : pbuf.obj (.text.pbuf_free)
                  10242b8e    00000002     --HOLE-- [fill = 0]
                  10242b90    000001fc     enet-cpsw.awr294x.r5f.ti-arm-clang.debug.lib : cpsw_ioctl.obj (.text.Cpsw_openPortLink)
                  10242d8c    000001fc     mmw_lvds_stream.o (.text.MmwDemo_LVDSStreamInit)
                  10242f88    00000008     {906FF67C-EB73-4BF8-B7E8-A53FDCEB919D} (.text.OUTLINED_FUNCTION_63)
                  10242f90    000001fa     enet-cpsw.awr294x.r5f.ti-arm-clang.debug.lib : cpsw_ioctl.obj (.text.Cpsw_openPortLinkWithPhy)
                  1024318a    00000006     {906FF67C-EB73-4BF8-B7E8-A53FDCEB919D} (.text.OUTLINED_FUNCTION_3)
                  10243190    000001f6     lwip-freertos.awr294x.r5f.ti-arm-clang.debug.lib : dhcp.obj (.text.dhcp_create_msg)
                  10243386    00000002     --HOLE-- [fill = 0]
                  10243388    000001f0     {906FF67C-EB73-4BF8-B7E8-A53FDCEB919D} (.text.MmwDemo_CLISensorStart)
                  10243578    00000008     {906FF67C-EB73-4BF8-B7E8-A53FDCEB919D} (.text.OUTLINED_FUNCTION_66)
                  10243580    000001ec     enet-cpsw.awr294x.r5f.ti-arm-clang.debug.lib : cpsw_macport_ioctl.obj (.text.CpswMacPort_enablePort)
                  1024376c    00000004     {906FF67C-EB73-4BF8-B7E8-A53FDCEB919D} (.text._outc.104)
                  10243770    000001ec     libc.a : s_exp2.c.obj (.text.exp2)
                  1024395c    00000004     {906FF67C-EB73-4BF8-B7E8-A53FDCEB919D} (.text._outc.106)
                  10243960    000001ea     enet-cpsw.awr294x.r5f.ti-arm-clang.debug.lib : cpsw_hostport.obj (.text.CpswHostPort_open)
                  10243b4a    00000006     {906FF67C-EB73-4BF8-B7E8-A53FDCEB919D} (.text.OUTLINED_FUNCTION_42)
                  10243b50    000001ea     drivers.awr294x.r5f.ti-arm-clang.debug.lib : esm_v0.obj (.text.ESM_open)
                  10243d3a    00000006     {906FF67C-EB73-4BF8-B7E8-A53FDCEB919D} (.text.OUTLINED_FUNCTION_44)
                  10243d40    000001ea     lwip-freertos.awr294x.r5f.ti-arm-clang.debug.lib : tcp.obj (.text.tcp_abandon)
                  10243f2a    00000002     --HOLE-- [fill = 0]
                  10243f2c    000001e8     {906FF67C-EB73-4BF8-B7E8-A53FDCEB919D} (.text.MmwDemo_eventCallbackFxn)
                  10244114    0000000c     {906FF67C-EB73-4BF8-B7E8-A53FDCEB919D} (.text.OUTLINED_FUNCTION_111)
                  10244120    000001e8     lwip-freertos.awr294x.r5f.ti-arm-clang.debug.lib : api_msg.obj (.text.recv_tcp)
                  10244308    00000008     {906FF67C-EB73-4BF8-B7E8-A53FDCEB919D} (.text.OUTLINED_FUNCTION_83)
                  10244310    000001e6     enet-cpsw.awr294x.r5f.ti-arm-clang.debug.lib : cpsw_ale.obj (.text.CpswAle_setAleCfg)
                  102444f6    0000000a     {906FF67C-EB73-4BF8-B7E8-A53FDCEB919D} (.text.OUTLINED_FUNCTION_134)
                  10244500    000001e6     drivers.awr294x.r5f.ti-arm-clang.debug.lib : qspi_edma.obj (.text.QSPI_edmaChannelConfig)
                  102446e6    0000000a     {906FF67C-EB73-4BF8-B7E8-A53FDCEB919D} (.text.OUTLINED_FUNCTION_135)
                  102446f0    000001e2     lwip-freertos.awr294x.r5f.ti-arm-clang.debug.lib : pbuf.obj (.text.pbuf_realloc)
                  102448d2    0000000e     {906FF67C-EB73-4BF8-B7E8-A53FDCEB919D} (.text.OUTLINED_FUNCTION_50)
                  102448e0    000001e0     enet-cpsw.awr294x.r5f.ti-arm-clang.debug.lib : cpsw_stats_ioctl.obj (.text.CpswStats_readMacStats)
                  10244ac0    000001e0     lwip-freertos.awr294x.r5f.ti-arm-clang.debug.lib : dhcp.obj (.text.dhcp_bind)
                  10244ca0    000001de     freertos.awr294x.r5f.ti-arm-clang.debug.lib : queue.obj (.text.xQueueReceive)
                  10244e7e    00000002     --HOLE-- [fill = 0]
                  10244e80    000001dc     ti_enet_lwipif.o (.text.LwipifEnetApp_startSchedule)
                  1024505c    00000004     {906FF67C-EB73-4BF8-B7E8-A53FDCEB919D} (.text._outs.105)
                  10245060    000001dc     lwip-freertos.awr294x.r5f.ti-arm-clang.debug.lib : api_msg.obj (.text.recv_udp)
                  1024523c    00000004     {906FF67C-EB73-4BF8-B7E8-A53FDCEB919D} (.text._outs.107)
                  10245240    000001da     enet-cpsw.awr294x.r5f.ti-arm-clang.debug.lib : enet.obj (.text.Enet_validateIoctl)
                  1024541a    00000006     {906FF67C-EB73-4BF8-B7E8-A53FDCEB919D} (.text.OUTLINED_FUNCTION_45)
                  10245420    000001d8     drivers.awr294x.r5f.ti-arm-clang.debug.lib : cbuff.obj (.text.CBUFF_activateSession)
                  102455f8    00000008     {906FF67C-EB73-4BF8-B7E8-A53FDCEB919D} (.text.OUTLINED_FUNCTION_85)
                  10245600    000001d6     freertos.awr294x.r5f.ti-arm-clang.debug.lib : TimerP_rti.obj (.text.TimerP_setup)
                  102457d6    0000000a     {906FF67C-EB73-4BF8-B7E8-A53FDCEB919D} (.text.OUTLINED_FUNCTION_1)
                  102457e0    000001d4     enet-cpsw.awr294x.r5f.ti-arm-clang.debug.lib : cpsw_stats.obj (.text.CpswStats_open)
                  102459b4    0000000c     {906FF67C-EB73-4BF8-B7E8-A53FDCEB919D} (.text.OUTLINED_FUNCTION_36)
                  102459c0    000001d4     drivers.awr294x.r5f.ti-arm-clang.debug.lib : qspi.obj (.text.QSPI_open)
                  10245b94    0000000c     {906FF67C-EB73-4BF8-B7E8-A53FDCEB919D} (.text.OUTLINED_FUNCTION_38)
                  10245ba0    000001d0     drivers.awr294x.r5f.ti-arm-clang.debug.lib : cbuff_transfer.obj (.text.CBUFF_setupNonInterleaved_CP_ADC_CQ_USER)
                  10245d70    000001d0     libclang_rt.builtins.a : udivsi3.S.obj (.text.__udivsi3)
                  10245f40    000001d0     lwip-freertos.awr294x.r5f.ti-arm-clang.debug.lib : api_msg.obj (.text.lwip_netconn_do_write)
                  10246110    000001d0     {906FF67C-EB73-4BF8-B7E8-A53FDCEB919D} (.text.mmwDemo_mssDPMTask)
                  102462e0    000001d0     lwip-freertos.awr294x.r5f.ti-arm-clang.debug.lib : api_lib.obj (.text.netconn_write_vectors_partly)
                  102464b0    000001d0     {906FF67C-EB73-4BF8-B7E8-A53FDCEB919D} (.text.strtoll)
                  10246680    000001ce     enet-cpsw.awr294x.r5f.ti-arm-clang.debug.lib : cpsw_cpts.obj (.text.CpswCpts_open)
                  1024684e    00000002     --HOLE-- [fill = 0]
                  10246850    000001cc                                                  : enetphy.obj (.text.EnetPhy_open)
                  10246a1c    000001c8     {906FF67C-EB73-4BF8-B7E8-A53FDCEB919D} (.text.MMWave_configPhaseShift)
                  10246be4    0000000c     {906FF67C-EB73-4BF8-B7E8-A53FDCEB919D} (.text.OUTLINED_FUNCTION_59)
                  10246bf0    000001c8     drivers.awr294x.r5f.ti-arm-clang.debug.lib : soc.obj (.text.SOC_virtToPhy)
                  10246db8    00000008     {906FF67C-EB73-4BF8-B7E8-A53FDCEB919D} (.text.OUTLINED_FUNCTION_90)
                  10246dc0    000001c8     lwip-freertos.awr294x.r5f.ti-arm-clang.debug.lib : etharp.obj (.text.etharp_raw)
                  10246f88    00000008     {906FF67C-EB73-4BF8-B7E8-A53FDCEB919D} (.text.OUTLINED_FUNCTION_96)
                  10246f90    000001c6     enet-cpsw.awr294x.r5f.ti-arm-clang.debug.lib : enet_rm_ioctl.obj (.text.EnetRm_allocTxChNum)
                  10247156    00000002     --HOLE-- [fill = 0]
                  10247158    000001c4     ti_drivers_config.o (.text.System_init)
                  1024731c    00000004     {906FF67C-EB73-4BF8-B7E8-A53FDCEB919D} (.text.fclose)
                  10247320    000001c2     enet-cpsw.awr294x.r5f.ti-arm-clang.debug.lib : enet.obj (.text.Enet_validateGenericIoctl)
                  102474e2    0000000e     {906FF67C-EB73-4BF8-B7E8-A53FDCEB919D} (.text.OUTLINED_FUNCTION_74)
                  102474f0    000001c2     freertos.awr294x.r5f.ti-arm-clang.debug.lib : timers.obj (.text.prvProcessReceivedCommands)
                  102476b2    00000002     --HOLE-- [fill = 0]
                  102476b4    000001c0     {906FF67C-EB73-4BF8-B7E8-A53FDCEB919D} (.text.MMWave_configureProfileChirp)
                  10247874    0000000c     {906FF67C-EB73-4BF8-B7E8-A53FDCEB919D} (.text.OUTLINED_FUNCTION_64)
                  10247880    000001bc     drivers.awr294x.r5f.ti-arm-clang.debug.lib : soc.obj (.text.SOC_controlModuleLockMMR)
                  10247a3c    000001b4     enet_stream.o (.text.enetTask)
                  10247bf0    000001b4     lwip-freertos.awr294x.r5f.ti-arm-clang.debug.lib : api_msg.obj (.text.lwip_netconn_do_connected)
                  10247da4    0000000c     {906FF67C-EB73-4BF8-B7E8-A53FDCEB919D} (.text.OUTLINED_FUNCTION_69)
                  10247db0    000001b4     freertos.awr294x.r5f.ti-arm-clang.debug.lib : HeapP_internal.obj (.text.pvHeapMalloc)
                  10247f64    0000000c     {906FF67C-EB73-4BF8-B7E8-A53FDCEB919D} (.text.OUTLINED_FUNCTION_84)
                  10247f70    000001b4     lwip-freertos.awr294x.r5f.ti-arm-clang.debug.lib : tcp_out.obj (.text.tcp_write_checks)
                  10248124    0000000c     {906FF67C-EB73-4BF8-B7E8-A53FDCEB919D} (.text.OUTLINED_FUNCTION_86)
                  10248130    000001b2     lwip-freertos.awr294x.r5f.ti-arm-clang.debug.lib : ip4.obj (.text.ip4_forward)
                  102482e2    0000000e     {906FF67C-EB73-4BF8-B7E8-A53FDCEB919D} (.text.OUTLINED_FUNCTION_79)
                  102482f0    000001b0     enet-cpsw.awr294x.r5f.ti-arm-clang.debug.lib : cpsw_ale.obj (.text.CpswAle_delPolicerEntry)
                  102484a0    000001b0     lwip-freertos.awr294x.r5f.ti-arm-clang.debug.lib : dns.obj (.text.dns_call_found)
                  10248650    000001b0                                                      : tcp_out.obj (.text.tcp_pbuf_prealloc)
                  10248800    000001ac     drivers.awr294x.r5f.ti-arm-clang.debug.lib : edma.obj (.text.EDMA_transferCompletionMasterIsrFxn)
                  102489ac    00000004     ti_dpl_config.o (.text.putchar_)
                  102489b0    000001aa     enet-cpsw.awr294x.r5f.ti-arm-clang.debug.lib : mdio_ioctl.obj (.text.Mdio_readRegC45)
                  10248b5a    00000006     {906FF67C-EB73-4BF8-B7E8-A53FDCEB919D} (.text.OUTLINED_FUNCTION_4)
                  10248b60    000001aa     drivers.awr294x.r5f.ti-arm-clang.debug.lib : uart_sci.obj (.text.UART_close)
                  10248d0a    00000006     {906FF67C-EB73-4BF8-B7E8-A53FDCEB919D} (.text.OUTLINED_FUNCTION_51)
                  10248d10    000001aa     lwip-freertos.awr294x.r5f.ti-arm-clang.debug.lib : mem.obj (.text.mem_free)
                  10248eba    00000006     {906FF67C-EB73-4BF8-B7E8-A53FDCEB919D} (.text.OUTLINED_FUNCTION_56)
                  10248ec0    000001a8     enet-cpsw.awr294x.r5f.ti-arm-clang.debug.lib : enet_appmemutils.obj (.text.EnetDma_checkPktState)
                  10249068    00000006     {906FF67C-EB73-4BF8-B7E8-A53FDCEB919D} (.text.OUTLINED_FUNCTION_78)
                  1024906e    00000002     --HOLE-- [fill = 0]
                  10249070    000001a8     lwipif-cpsw-freertos.awr294x.r5f.ti-arm-clang.debug.lib : custom_pbuf.obj (.text.EnetDma_checkPktState)
                  10249218    00000006     {906FF67C-EB73-4BF8-B7E8-A53FDCEB919D} (.text.OUTLINED_FUNCTION_7)
                  1024921e    00000002     --HOLE-- [fill = 0]
                  10249220    000001a8     lwipif-cpsw-freertos.awr294x.r5f.ti-arm-clang.debug.lib : lwip2enet.obj (.text.EnetDma_checkPktState)
                  102493c8    00000006     {906FF67C-EB73-4BF8-B7E8-A53FDCEB919D} (.text.OUTLINED_FUNCTION_81)
                  102493ce    00000002     --HOLE-- [fill = 0]
                  102493d0    000001a6     drivers.awr294x.r5f.ti-arm-clang.debug.lib : cbuff_edma.obj (.text.CBUFF_closeEDMA)
                  10249576    0000000a     {906FF67C-EB73-4BF8-B7E8-A53FDCEB919D} (.text.OUTLINED_FUNCTION_30)
                  10249580    000001a2     lwip-freertos.awr294x.r5f.ti-arm-clang.debug.lib : api_msg.obj (.text.lwip_netconn_do_close)
                  10249722    0000000e     {906FF67C-EB73-4BF8-B7E8-A53FDCEB919D} (.text.OUTLINED_FUNCTION_80)
                  10249730    000001a2     lwip-freertos.awr294x.r5f.ti-arm-clang.debug.lib : api_lib.obj (.text.netconn_new_with_proto_and_callback)
                  102498d2    0000000e     libmathutils.aer5f : mathutils.oer5f (.text.mathUtils_pow2roundup)
                  102498e0    000001a0     lwip-freertos.awr294x.r5f.ti-arm-clang.debug.lib : pbuf.obj (.text.pbuf_take)
                  10249a80    0000019e     enet-cpsw.awr294x.r5f.ti-arm-clang.debug.lib : cpsw_ale_ioctl.obj (.text.CpswAle_addMcastAddr)
                  10249c1e    00000002     --HOLE-- [fill = 0]
                  10249c20    0000019a     lwip-freertos.awr294x.r5f.ti-arm-clang.debug.lib : dns.obj (.text.dns_check_entry)
                  10249dba    00000006     {906FF67C-EB73-4BF8-B7E8-A53FDCEB919D} (.text.OUTLINED_FUNCTION_82)
                  10249dc0    00000198     drivers.awr294x.r5f.ti-arm-clang.debug.lib : cbuff_transfer.obj (.text.CBUFF_setupNonInterleaved_CP_ADC_CQ)
                  10249f58    00000006     {906FF67C-EB73-4BF8-B7E8-A53FDCEB919D} (.text.OUTLINED_FUNCTION_93)
                  10249f5e    00000002     --HOLE-- [fill = 0]
                  10249f60    00000198     drivers.awr294x.r5f.ti-arm-clang.debug.lib : uart_sci.obj (.text.UART_configInstance)
                  1024a0f8    00000006     {906FF67C-EB73-4BF8-B7E8-A53FDCEB919D} (.text.OUTLINED_FUNCTION_94)
                  1024a0fe    00000002     --HOLE-- [fill = 0]
                  1024a100    00000196     lwip-freertos.awr294x.r5f.ti-arm-clang.debug.lib : dhcp.obj (.text.dhcp_reboot)
                  1024a296    0000000a     {906FF67C-EB73-4BF8-B7E8-A53FDCEB919D} (.text.OUTLINED_FUNCTION_48)
                  1024a2a0    00000194     drivers.awr294x.r5f.ti-arm-clang.debug.lib : ipc_rpmsg.obj (.text.RPMessage_init)
                  1024a434    0000000c     {906FF67C-EB73-4BF8-B7E8-A53FDCEB919D} (.text.OUTLINED_FUNCTION_87)
                  1024a440    00000194     drivers.awr294x.r5f.ti-arm-clang.debug.lib : soc_rcm.obj (.text.SOC_rcmGetHSDIVClkOutMuxClkSrc)
                  1024a5d4    0000000c     {906FF67C-EB73-4BF8-B7E8-A53FDCEB919D} (.text.OUTLINED_FUNCTION_89)
                  1024a5e0    00000192     drivers.awr294x.r5f.ti-arm-clang.debug.lib : cbuff_transfer.obj (.text.CBUFF_setupNonInterleaved_CP_ADC)
                  1024a772    0000000c     {906FF67C-EB73-4BF8-B7E8-A53FDCEB919D} (.text.OUTLINED_FUNCTION_8)
                  1024a77e    00000002     --HOLE-- [fill = 0]
                  1024a780    00000192     lwip-freertos.awr294x.r5f.ti-arm-clang.debug.lib : ethernet.obj (.text.ethernet_input)
                  1024a912    0000000c     {906FF67C-EB73-4BF8-B7E8-A53FDCEB919D} (.text.OUTLINED_FUNCTION_91)
                  1024a91e    00000002     --HOLE-- [fill = 0]
                  1024a920    00000192     lwip-freertos.awr294x.r5f.ti-arm-clang.debug.lib : tcp_out.obj (.text.tcp_zero_window_probe)
                  1024aab2    0000000c     {906FF67C-EB73-4BF8-B7E8-A53FDCEB919D} (.text.OUTLINED_FUNCTION_98)
                  1024aabe    00000002     --HOLE-- [fill = 0]
                  1024aac0    00000190     drivers.awr294x.r5f.ti-arm-clang.debug.lib : cbuff_transfer.obj (.text.CBUFF_setupNonInterleaved_ADC_CP)
                  1024ac50    00000190     RadarSetup.o (.text.MmwDemo_stopSensor)
                  1024ade0    00000190     lwip-freertos.awr294x.r5f.ti-arm-clang.debug.lib : etharp.obj (.text.etharp_update_arp_entry)
                  1024af70    0000018e     freertos.awr294x.r5f.ti-arm-clang.debug.lib : ClockP_freertos_r5.obj (.text.ClockP_init)
                  1024b0fe    00000002     --HOLE-- [fill = 0]
                  1024b100    0000018e     lwip-freertos.awr294x.r5f.ti-arm-clang.debug.lib : etharp.obj (.text.etharp_input)
                  1024b28e    00000002     --HOLE-- [fill = 0]
                  1024b290    0000018a                                                      : tcp.obj (.text.tcp_alloc)
                  1024b41a    00000006     {906FF67C-EB73-4BF8-B7E8-A53FDCEB919D} (.text.OUTLINED_FUNCTION_97)
                  1024b420    00000188     freertos.awr294x.r5f.ti-arm-clang.debug.lib : queue.obj (.text.xQueueGenericSendFromISR)
                  1024b5a8    00000006     TaskP_freertos.o (.text.TaskP_exit)
                  1024b5ae    00000002     --HOLE-- [fill = 0]
                  1024b5b0    00000186     drivers.awr294x.r5f.ti-arm-clang.debug.lib : crc.obj (.text.CRC_configure)
                  1024b736    0000000a     {906FF67C-EB73-4BF8-B7E8-A53FDCEB919D} (.text.OUTLINED_FUNCTION_53)
                  1024b740    00000186     lwip-freertos.awr294x.r5f.ti-arm-clang.debug.lib : acd.obj (.text.acd_tmr)
                  1024b8c6    00000002     --HOLE-- [fill = 0]
                  1024b8c8    00000184     {906FF67C-EB73-4BF8-B7E8-A53FDCEB919D} (.text.fopen)
                  1024ba4c    00000004     --HOLE-- [fill = 0]
                  1024ba50    00000182     drivers.awr294x.r5f.ti-arm-clang.debug.lib : cbuff_transfer.obj (.text.CBUFF_setupInterleaved_CP_ADC_CQ_USER)
                  1024bbd2    00000002     --HOLE-- [fill = 0]
                  1024bbd4    0000000c     libc.a : aeabi_portable.c.obj (.text.__aeabi_errno_addr)
                  1024bbe0    00000182     drivers.awr294x.r5f.ti-arm-clang.debug.lib : ipc_rpmsg_vring.obj (.text.RPMessage_vringResetInternal)
                  1024bd62    00000002     --HOLE-- [fill = 0]
                  1024bd64    00000180     ipc_notify_v1.o (.text.IpcNotify_sendMsg)
                  1024bee4    00000180     libc.a : memcpy32.S.obj (.text:memcpy)
                  1024c064    0000000c     libclang_rt.builtins.a : aeabi_memset.S.obj (.text.__aeabi_memclr)
                  1024c070    0000017c     enet-cpsw.awr294x.r5f.ti-arm-clang.debug.lib : enet_rm.obj (.text.EnetRm_initRxObj)
                  1024c1ec    0000017c     libc.a : fputs.c.obj (.text.fputs)
                  1024c368    00000006     {906FF67C-EB73-4BF8-B7E8-A53FDCEB919D} (.text.atof.881)
                  1024c36e    00000002     --HOLE-- [fill = 0]
                  1024c370    0000017a     drivers.awr294x.r5f.ti-arm-clang.debug.lib : adcbuf.obj (.text.ADCBUFCmdParamCheck)
                  1024c4ea    00000006     {906FF67C-EB73-4BF8-B7E8-A53FDCEB919D} (.text.atof)
                  1024c4f0    00000178     drivers.awr294x.r5f.ti-arm-clang.debug.lib : edma.obj (.text.EDMA_errorIsrFxn)
                  1024c668    00000178     TaskP_freertos.o (.text.TaskP_construct)
                  1024c7e0    00000178     lwip-freertos.awr294x.r5f.ti-arm-clang.debug.lib : sys_arch.obj (.text.sys_arch_mbox_fetch)
                  1024c958    00000008     {906FF67C-EB73-4BF8-B7E8-A53FDCEB919D} (.tramp.putchar.1)
                  1024c960    00000178     lwip-freertos.awr294x.r5f.ti-arm-clang.debug.lib : udp.obj (.text.udp_bind)
                  1024cad8    00000008     {906FF67C-EB73-4BF8-B7E8-A53FDCEB919D} (.tramp.strtod.1)
                  1024cae0    00000176     enet-cpsw.awr294x.r5f.ti-arm-clang.debug.lib : dp83867.obj (.text.Dp83867_config)
                  1024cc56    0000000a     {906FF67C-EB73-4BF8-B7E8-A53FDCEB919D} (.text.OUTLINED_FUNCTION_54)
                  1024cc60    00000176     lwip-freertos.awr294x.r5f.ti-arm-clang.debug.lib : dhcp.obj (.text.dhcp_discover)
                  1024cdd6    0000000a     {906FF67C-EB73-4BF8-B7E8-A53FDCEB919D} (.text.OUTLINED_FUNCTION_58)
                  1024cde0    00000176     lwip-freertos.awr294x.r5f.ti-arm-clang.debug.lib : sys_arch.obj (.text.sys_sem_new)
                  1024cf56    0000000a     {906FF67C-EB73-4BF8-B7E8-A53FDCEB919D} (.text.OUTLINED_FUNCTION_62)
                  1024cf60    00000174     drivers.awr294x.r5f.ti-arm-clang.debug.lib : ipc_rpmsg.obj (.text.RPMessage_recvHandler)
                  1024d0d4    0000000c     libc.a : memory.c.obj (.text.malloc)
                  1024d0e0    00000172     lwipif-cpsw-freertos.awr294x.r5f.ti-arm-clang.debug.lib : lwip2enet.obj (.text.Lwip2Enet_periodicFxn)
                  1024d252    00000002     --HOLE-- [fill = 0]
                  1024d254    0000000c     libc.a : rand.c.obj (.text.srand)
                  1024d260    00000172     drivers.awr294x.r5f.ti-arm-clang.debug.lib : uart_sci.obj (.text.UART_write)
                  1024d3d2    00000002     --HOLE-- [fill = 0]
                  1024d3d4    0000000c     tasks.o (.text.vTaskMissedYield)
                  1024d3e0    00000172     lwip-freertos.awr294x.r5f.ti-arm-clang.debug.lib : ip4.obj (.text.ip4_route)
                  1024d552    00000002     --HOLE-- [fill = 0]
                  1024d554    0000000c     tasks.o (.text.xTaskGetCurrentTaskHandle)
                  1024d560    00000170     drivers.awr294x.r5f.ti-arm-clang.debug.lib : adcbuf.obj (.text.ADCBuf_init)
                  1024d6d0    00000170     libc.a : memory.c.obj (.text.aligned_alloc)
                  1024d840    00000170     {906FF67C-EB73-4BF8-B7E8-A53FDCEB919D} (.text.computeSscFactCtrlVal)
                  1024d9b0    00000170     libc.a : memory.c.obj (.text.free)
                  1024db20    0000016e     lwipif-cpsw-freertos.awr294x.r5f.ti-arm-clang.debug.lib : lwip2enet.obj (.text.Lwip2Enet_close)
                  1024dc8e    00000002     --HOLE-- [fill = 0]
                  1024dc90    0000016e                                                             : custom_pbuf.obj (.text.custom_pbuf_free)
                  1024ddfe    00000002     --HOLE-- [fill = 0]
                  1024de00    0000016c     {906FF67C-EB73-4BF8-B7E8-A53FDCEB919D} (.text.MmwDemo_CLISSCConfig)
                  1024df6c    00000004     --HOLE-- [fill = 0]
                  1024df70    0000016c     lwip-freertos.awr294x.r5f.ti-arm-clang.debug.lib : etharp.obj (.text.etharp_output_to_arp_index)
                  1024e0dc    00000004     --HOLE-- [fill = 0]
                  1024e0e0    0000016c                                                      : udp.obj (.text.udp_sendto_chksum)
                  1024e24c    00000004     --HOLE-- [fill = 0]
                  1024e250    0000016a     drivers.awr294x.r5f.ti-arm-clang.debug.lib : adcbuf.obj (.text.ADCBuf_control)
                  1024e3ba    00000006     --HOLE-- [fill = 0]
                  1024e3c0    0000016a     enet-cpsw.awr294x.r5f.ti-arm-clang.debug.lib : enet_cpdma.obj (.text.EnetDma_openRxCh)
                  1024e52a    00000006     --HOLE-- [fill = 0]
                  1024e530    0000016a     drivers.awr294x.r5f.ti-arm-clang.debug.lib : qspi.obj (.text.QSPI_readCmd)
                  1024e69a    00000006     --HOLE-- [fill = 0]
                  1024e6a0    00000168     enet-cpsw.awr294x.r5f.ti-arm-clang.debug.lib : enet_cpdma.obj (.text.EnetCpdma_rxIsrProc)
                  1024e808    00000008     {906FF67C-EB73-4BF8-B7E8-A53FDCEB919D} (.tramp.atoi.1)
                  1024e810    00000166     enet-cpsw.awr294x.r5f.ti-arm-clang.debug.lib : enet_rm.obj (.text.EnetRm_open)
                  1024e976    0000000a     {906FF67C-EB73-4BF8-B7E8-A53FDCEB919D} (.text.OUTLINED_FUNCTION_75)
                  1024e980    00000166     lwip-freertos.awr294x.r5f.ti-arm-clang.debug.lib : mem.obj (.text.mem_malloc)
                  1024eae6    0000000a     {906FF67C-EB73-4BF8-B7E8-A53FDCEB919D} (.text.OUTLINED_FUNCTION_77)
                  1024eaf0    00000166     lwip-freertos.awr294x.r5f.ti-arm-clang.debug.lib : tcp_in.obj (.text.tcp_parseopt)
                  1024ec56    00000002     --HOLE-- [fill = 0]
                  1024ec58    00000008     libclang_rt.builtins.a : aeabi_uldivmod.S.obj (.tramp.__aeabi_uldivmod.1)
                  1024ec60    00000164     enet-cpsw.awr294x.r5f.ti-arm-clang.debug.lib : enet_phymdio_dflt.obj (.text.EnetPhyMdioDflt_writeC45)
                  1024edc4    0000000c     freertos.awr294x.r5f.ti-arm-clang.debug.lib : CpuId_armv7r_asm.obj (.text)
                  1024edd0    00000164     lwip-freertos.awr294x.r5f.ti-arm-clang.debug.lib : icmp.obj (.text.icmp_send_response)
                  1024ef34    00000164     tasks.o (.text.xTaskCreateStatic)
                  1024f098    00000008     libclang_rt.builtins.a : aeabi_memcpy.S.obj (.tramp.__aeabi_memcpy.1)
                  1024f0a0    00000160     enet-cpsw.awr294x.r5f.ti-arm-clang.debug.lib : csl_cpsw.obj (.text.CSL_CPSW_setAlePortControlReg)
                  1024f200    00000160                                                  : cpsw_hostport.obj (.text.CpswHostPort_ioctl)
                  1024f360    00000160                                                  : cpsw_stats.obj (.text.CpswStats_ioctl)
                  1024f4c0    00000160                                                  : enet_rm.obj (.text.EnetRm_initMacObj)
                  1024f620    00000160     ti_enet_lwipif.o (.text.LwipifEnetAppCb_getRxHandleInfo)
                  1024f780    00000160     drivers.awr294x.r5f.ti-arm-clang.debug.lib : qspi.obj (.text.QSPI_writeCmd)
                  1024f8e0    00000160     lwip-freertos.awr294x.r5f.ti-arm-clang.debug.lib : inet_chksum.obj (.text.inet_cksum_pseudo_partial_base)
                  1024fa40    00000160     {906FF67C-EB73-4BF8-B7E8-A53FDCEB919D} (.text.strtol)
                  1024fba0    00000160     lwip-freertos.awr294x.r5f.ti-arm-clang.debug.lib : sys_arch.obj (.text.sys_arch_sem_wait)
                  1024fd00    00000160                                                      : tcp_in.obj (.text.tcp_free_acked_segments)
                  1024fe60    0000015e     drivers.awr294x.r5f.ti-arm-clang.debug.lib : adcbuf.obj (.text.ADCBUFTestPatternConfig)
                  1024ffbe    00000002     --HOLE-- [fill = 0]
                  1024ffc0    0000015e     enet-cpsw.awr294x.r5f.ti-arm-clang.debug.lib : enet_cpdma.obj (.text.EnetDma_retrieveRxPktQ)
                  1025011e    00000002     --HOLE-- [fill = 0]
                  10250120    0000015e                                                  : enet_phymdio_dflt.obj (.text.EnetPhyMdioDflt_readC45)
                  1025027e    00000002     --HOLE-- [fill = 0]
                  10250280    0000015e     lwip-freertos.awr294x.r5f.ti-arm-clang.debug.lib : dhcp.obj (.text.dhcp_renew)
                  102503de    00000002     --HOLE-- [fill = 0]
                  102503e0    0000015e     freertos.awr294x.r5f.ti-arm-clang.debug.lib : queue.obj (.text.xQueueGiveFromISR)
                  1025053e    00000002     --HOLE-- [fill = 0]
                  10250540    0000015c     enet-cpsw.awr294x.r5f.ti-arm-clang.debug.lib : enet_cpdma.obj (.text.EnetCpdma_txIsr)
                  1025069c    00000004     --HOLE-- [fill = 0]
                  102506a0    0000015c     lwip-freertos.awr294x.r5f.ti-arm-clang.debug.lib : dhcp.obj (.text.dhcp_rebind)
                  102507fc    00000004     --HOLE-- [fill = 0]
                  10250800    0000015a     enet-cpsw.awr294x.r5f.ti-arm-clang.debug.lib : enet_cpdma.obj (.text.EnetCpdma_netChOpen)
                  1025095a    00000006     --HOLE-- [fill = 0]
                  10250960    0000015a     lwip-freertos.awr294x.r5f.ti-arm-clang.debug.lib : dhcp.obj (.text.dhcp_start)
                  10250aba    00000006     --HOLE-- [fill = 0]
                  10250ac0    00000158     enet-cpsw.awr294x.r5f.ti-arm-clang.debug.lib : cpsw_ale.obj (.text.CpswAle_initCfg)
                  10250c18    00000008     libclang_rt.builtins.a : aeabi_memset.S.obj (.tramp.__aeabi_memclr4.1)
                  10250c20    00000158     lwip-freertos.awr294x.r5f.ti-arm-clang.debug.lib : dhcp.obj (.text.dhcp_handle_ack)
                  10250d78    00000008     freertos.awr294x.r5f.ti-arm-clang.debug.lib : HwiP_armv7r_asm.obj (.tramp.HwiP_enable.1)
                  10250d80    00000158     lwip-freertos.awr294x.r5f.ti-arm-clang.debug.lib : etharp.obj (.text.etharp_tmr)
                  10250ed8    00000008     freertos.awr294x.r5f.ti-arm-clang.debug.lib : HwiP_armv7r_asm.obj (.tramp.HwiP_restore.1)
                  10250ee0    00000158     lwip-freertos.awr294x.r5f.ti-arm-clang.debug.lib : raw.obj (.text.raw_input)
                  10251038    00000008     --HOLE-- [fill = 0]
                  10251040    00000156     enet-cpsw.awr294x.r5f.ti-arm-clang.debug.lib : enet_cpdma.obj (.text.EnetDma_submitTxPktQ)
                  10251196    0000000a     --HOLE-- [fill = 0]
                  102511a0    00000156     drivers.awr294x.r5f.ti-arm-clang.debug.lib : uart_sci.obj (.text.UART_read)
                  102512f6    0000000a     --HOLE-- [fill = 0]
                  10251300    00000154     enet-cpsw.awr294x.r5f.ti-arm-clang.debug.lib : enet_cpdma.obj (.text.EnetDma_retrieveTxPktQ)
                  10251454    0000000c     --HOLE-- [fill = 0]
                  10251460    00000154                                                  : enet_phymdio_dflt.obj (.text.EnetPhyMdioDflt_writeC22)
                  102515b4    0000000c     --HOLE-- [fill = 0]
                  102515c0    00000154     drivers.awr294x.r5f.ti-arm-clang.debug.lib : ipc_notify_v1_cfg.obj (.text.IpcNotify_trigInterrupt_ack)
                  10251714    0000000c     --HOLE-- [fill = 0]
                  10251720    00000152                                                : cbuff_transfer.obj (.text.CBUFF_setupInterleaved_CP_ADC_CQ)
                  10251872    0000000e     --HOLE-- [fill = 0]
                  10251880    00000150     enet-cpsw.awr294x.r5f.ti-arm-clang.debug.lib : enet_rm.obj (.text.EnetRm_delCoreAttached)
                  102519d0    00000150     libc.a : s_scalbn.c.obj (.text.ldexp)
                  10251b20    0000014e     lwip-freertos.awr294x.r5f.ti-arm-clang.debug.lib : sys_arch.obj (.text.sys_arch_unprotect)
                  10251c6e    00000002     --HOLE-- [fill = 0]
                  10251c70    0000014c     {906FF67C-EB73-4BF8-B7E8-A53FDCEB919D} (.text.CLI_MMWaveVersion)
                  10251dbc    00000004     --HOLE-- [fill = 0]
                  10251dc0    0000014c     enet-cpsw.awr294x.r5f.ti-arm-clang.debug.lib : enet_cpdma.obj (.text.EnetDma_submitRxPktQ)
                  10251f0c    00000004     --HOLE-- [fill = 0]
                  10251f10    0000014c                                                  : enet_phymdio_dflt.obj (.text.EnetPhyMdioDflt_readC22)
                  1025205c    00000004     --HOLE-- [fill = 0]
                  10252060    0000014c     libc.a : s_floor.c.obj (.text.floor)
                  102521ac    00000004     --HOLE-- [fill = 0]
                  102521b0    0000014a     lwip-freertos.awr294x.r5f.ti-arm-clang.debug.lib : api_msg.obj (.text.pcb_new)
                  102522fa    00000006     --HOLE-- [fill = 0]
                  10252300    0000014a     freertos.awr294x.r5f.ti-arm-clang.debug.lib : queue.obj (.text.xQueueGenericCreateStatic)
                  1025244a    00000006     --HOLE-- [fill = 0]
                  10252450    00000148     lwip-freertos.awr294x.r5f.ti-arm-clang.debug.lib : netif.obj (.text.netif_set_addr)
                  10252598    00000008     --HOLE-- [fill = 0]
                  102525a0    00000148                                                      : tcp_in.obj (.text.tcp_timewait_input)
                  102526e8    00000008     --HOLE-- [fill = 0]
                  102526f0    00000146     drivers.awr294x.r5f.ti-arm-clang.debug.lib : cbuff_transfer.obj (.text.CBUFF_configUserBufferEDMA)
                  10252836    0000000a     --HOLE-- [fill = 0]
                  10252840    00000146     enet-cpsw.awr294x.r5f.ti-arm-clang.debug.lib : mdio.obj (.text.Mdio_ioctl)
                  10252986    0000000a     --HOLE-- [fill = 0]
                  10252990    00000146     drivers.awr294x.r5f.ti-arm-clang.debug.lib : soc_rcm.obj (.text.SOC_rcmGetDpllHSDivOutFreq)
                  10252ad6    0000000a     --HOLE-- [fill = 0]
                  10252ae0    00000146     lwip-freertos.awr294x.r5f.ti-arm-clang.debug.lib : udp.obj (.text.udp_input_local_match)
                  10252c26    00000002     --HOLE-- [fill = 0]
                  10252c28    00000144     {906FF67C-EB73-4BF8-B7E8-A53FDCEB919D} (.text.MmwDemo_RFParser_setAoAParamsTDM)
                  10252d6c    00000144     {906FF67C-EB73-4BF8-B7E8-A53FDCEB919D} (.text.strtoull)
                  10252eb0    00000144     lwip-freertos.awr294x.r5f.ti-arm-clang.debug.lib : tcp.obj (.text.tcp_close_shutdown_fin)
                  10252ff4    0000000c     --HOLE-- [fill = 0]
                  10253000    00000142     enet-cpsw.awr294x.r5f.ti-arm-clang.debug.lib : cpsw_ale_ioctl.obj (.text.CpswAle_delPortUcastEntries)
                  10253142    0000000e     --HOLE-- [fill = 0]
                  10253150    00000142                                                  : cpsw_ale.obj (.text.CpswAle_getVlanMaskMuxFreeEntry)
                  10253292    0000000e     --HOLE-- [fill = 0]
                  102532a0    00000142                                                  : cpsw_ioctl.obj (.text.Cpsw_closePortLink)
                  102533e2    0000000e     --HOLE-- [fill = 0]
                  102533f0    00000142                                                  : enet_cpdma.obj (.text.EnetDma_openTxCh)
                  10253532    0000000e     --HOLE-- [fill = 0]
                  10253540    00000142     lwip-freertos.awr294x.r5f.ti-arm-clang.debug.lib : igmp.obj (.text.igmp_lookup_group)
                  10253682    00000006     --HOLE-- [fill = 0]
                  10253688    00000140     {906FF67C-EB73-4BF8-B7E8-A53FDCEB919D} (.text.fcvt)
                  102537c8    00000008     --HOLE-- [fill = 0]
                  102537d0    0000013e     drivers.awr294x.r5f.ti-arm-clang.debug.lib : cbuff.obj (.text.CBUFF_deactivateSession)
                  1025390e    00000002     --HOLE-- [fill = 0]
                  10253910    0000013e     lwip-freertos.awr294x.r5f.ti-arm-clang.debug.lib : pbuf.obj (.text.pbuf_copy_partial)
                  10253a4e    00000002     --HOLE-- [fill = 0]
                  10253a50    0000013c     drivers.awr294x.r5f.ti-arm-clang.debug.lib : cbuff_transfer.obj (.text.CBUFF_displayLinkedList)
                  10253b8c    00000004     --HOLE-- [fill = 0]
                  10253b90    0000013c     enet-cpsw.awr294x.r5f.ti-arm-clang.debug.lib : csl_cpsw_ale_4g_tblcfg.obj (.text.CSL_CPSW_setAleVlanUnicastAddrEntry)
                  10253ccc    00000004     --HOLE-- [fill = 0]
                  10253cd0    0000013c     drivers.awr294x.r5f.ti-arm-clang.debug.lib : ipc_notify_v1_cfg.obj (.text.IpcNotify_trigInterrupt)
                  10253e0c    0000013c     mmw_lvds_stream.o (.text.MmwDemo_LVDSStreamHwConfig)
                  10253f48    00000008     --HOLE-- [fill = 0]
                  10253f50    0000013a     enet-cpsw.awr294x.r5f.ti-arm-clang.debug.lib : enet.obj (.text.Enet_ioctl)
                  1025408a    00000006     --HOLE-- [fill = 0]
                  10254090    0000013a     drivers.awr294x.r5f.ti-arm-clang.debug.lib : uart_sci_edma.obj (.text.UART_readDma)
                  102541ca    00000006     --HOLE-- [fill = 0]
                  102541d0    0000013a                                                : uart_sci_edma.obj (.text.UART_writeDma)
                  1025430a    00000006     --HOLE-- [fill = 0]
                  10254310    0000013a     lwip-freertos.awr294x.r5f.ti-arm-clang.debug.lib : dhcp.obj (.text.dhcp_release_and_stop)
                  1025444a    00000006     --HOLE-- [fill = 0]
                  10254450    0000013a     freertos.awr294x.r5f.ti-arm-clang.debug.lib : queue.obj (.text.xQueueReceiveFromISR)
                  1025458a    00000006     --HOLE-- [fill = 0]
                  10254590    00000138     enet-cpsw.awr294x.r5f.ti-arm-clang.debug.lib : enet_rm.obj (.text.EnetRm_validateResPartInfo)
                  102546c8    00000008     --HOLE-- [fill = 0]
                  102546d0    00000138     freertos.awr294x.r5f.ti-arm-clang.debug.lib : printf.obj (.text._ntoa_long_long)
                  10254808    00000138     {906FF67C-EB73-4BF8-B7E8-A53FDCEB919D} (.text._pconv_e)
                  10254940    00000136     drivers.awr294x.r5f.ti-arm-clang.debug.lib : edma.obj (.text.EDMA_isDmaChannelAllocated)
                  10254a76    0000000a     --HOLE-- [fill = 0]
                  10254a80    00000136     enet-cpsw.awr294x.r5f.ti-arm-clang.debug.lib : enet_appmemutils.obj (.text.EnetMem_initMemObjs)
                  10254bb6    0000000a     --HOLE-- [fill = 0]
                  10254bc0    00000136                                                  : enet_phymdio_dflt.obj (.text.EnetPhyMdioDflt_isAlive)
                  10254cf6    0000000a     --HOLE-- [fill = 0]
                  10254d00    00000136                                                  : enet_phymdio_dflt.obj (.text.EnetPhyMdioDflt_isLinked)
                  10254e36    0000000a     --HOLE-- [fill = 0]
                  10254e40    00000134                                                  : cpsw.obj (.text.Cpsw_dmaMiscIsr)
                  10254f74    0000000c     --HOLE-- [fill = 0]
                  10254f80    00000134     drivers.awr294x.r5f.ti-arm-clang.debug.lib : ipc_rpmsg_vring.obj (.text.RPMessage_vringReset)
                  102550b4    0000000c     --HOLE-- [fill = 0]
                  102550c0    00000134     lwip-freertos.awr294x.r5f.ti-arm-clang.debug.lib : tcp_out.obj (.text.tcp_rst_common)
                  102551f4    0000000c     --HOLE-- [fill = 0]
                  10255200    00000132     enet-cpsw.awr294x.r5f.ti-arm-clang.debug.lib : enet_osal_dflt.obj (.text.EnetOsalDflt_registerIntr)
                  10255332    0000000e     --HOLE-- [fill = 0]
                  10255340    00000130     drivers.awr294x.r5f.ti-arm-clang.debug.lib : adcbuf.obj (.text.ADCBUF_MMWave_open)
                  10255470    00000130     enet-cpsw.awr294x.r5f.ti-arm-clang.debug.lib : csl_cpsw_ale_4g_tblcfg.obj (.text.CSL_CPSW_setAleVlanMcastAddrEntry)
                  102555a0    00000130                                                  : enet.obj (.text.EnetMod_open)
                  102556d0    00000130                                                  : enet.obj (.text.EnetPer_open)
                  10255800    00000130     lwip-freertos.awr294x.r5f.ti-arm-clang.debug.lib : tcp_in.obj (.text.tcp_oos_insert_segment)
                  10255930    00000130                                                      : udp.obj (.text.udp_sendto_if_chksum)
                  10255a60    0000012e     enet-cpsw.awr294x.r5f.ti-arm-clang.debug.lib : csl_cpsw_ale_4g_tblcfg.obj (.text.CSL_CPSW_setAleUnicastAddrEntry)
                  10255b8e    00000002     --HOLE-- [fill = 0]
                  10255b90    0000012e     lwip-freertos.awr294x.r5f.ti-arm-clang.debug.lib : igmp.obj (.text.igmp_send)
                  10255cbe    00000002     --HOLE-- [fill = 0]
                  10255cc0    0000012c     drivers.awr294x.r5f.ti-arm-clang.debug.lib : cbuff_transfer.obj (.text.CBUFF_setupNonInterleaved_ADC)
                  10255dec    0000012c     enet_apputils.o (.text.EnetAppUtils_initResourceConfig)
                  10255f18    00000008     --HOLE-- [fill = 0]
                  10255f20    0000012a     drivers.awr294x.r5f.ti-arm-clang.debug.lib : cbuff_transfer.obj (.text.CBUFF_setupNonInterleaved_ADC_USER)
                  1025604a    00000006     --HOLE-- [fill = 0]
                  10256050    0000012a     enet-cpsw.awr294x.r5f.ti-arm-clang.debug.lib : enet_utils.obj (.text.EnetUtils_macToPhyMii)
                  1025617a    00000002     --HOLE-- [fill = 0]
                  1025617c    00000128     {906FF67C-EB73-4BF8-B7E8-A53FDCEB919D} (.text.DPM_msgResultHandler)
                  102562a4    0000000c     --HOLE-- [fill = 0]
                  102562b0    00000128     freertos.awr294x.r5f.ti-arm-clang.debug.lib : port.obj (.text.pxPortInitialiseStack)
                  102563d8    00000008     --HOLE-- [fill = 0]
                  102563e0    00000126     enet-cpsw.awr294x.r5f.ti-arm-clang.debug.lib : cpsw_macport.obj (.text.CpswMacPort_ioctl)
                  10256506    0000000a     --HOLE-- [fill = 0]
                  10256510    00000126     board.awr294x.r5f.ti-arm-clang.debug.lib : flash_nor_qspi.obj (.text.Flash_norQspiWrite)
                  10256636    0000000a     --HOLE-- [fill = 0]
                  10256640    00000126     lwip-freertos.awr294x.r5f.ti-arm-clang.debug.lib : pbuf.obj (.text.pbuf_take_at)
                  10256766    0000000a     --HOLE-- [fill = 0]
                  10256770    00000126                                                      : timeouts.obj (.text.sys_timeout_abs)
                  10256896    0000000a     --HOLE-- [fill = 0]
                  102568a0    00000126                                                      : tcp_out.obj (.text.tcp_rexmit)
                  102569c6    0000000a     --HOLE-- [fill = 0]
                  102569d0    00000124     enet-cpsw.awr294x.r5f.ti-arm-clang.debug.lib : cpsw_ale.obj (.text.CpswAle_setIoctlHandlerFxn)
                  10256af4    0000000c     --HOLE-- [fill = 0]
                  10256b00    00000124                                                  : cpsw_cpts.obj (.text.CpswCpts_setIoctlHandlerFxn)
                  10256c24    0000000c     --HOLE-- [fill = 0]
                  10256c30    00000124                                                  : cpsw_hostport.obj (.text.CpswHostPort_setIoctlHandlerFxn)
                  10256d54    0000000c     --HOLE-- [fill = 0]
                  10256d60    00000124                                                  : cpsw_macport.obj (.text.CpswMacPort_setIoctlHandlerFxn)
                  10256e84    0000000c     --HOLE-- [fill = 0]
                  10256e90    00000124                                                  : cpsw_stats.obj (.text.CpswStats_setIoctlHandlerFxn)
                  10256fb4    0000000c     --HOLE-- [fill = 0]
                  10256fc0    00000124                                                  : cpsw.obj (.text.Cpsw_initCfg)
                  102570e4    0000000c     --HOLE-- [fill = 0]
                  102570f0    00000124                                                  : cpsw.obj (.text.Cpsw_setIoctlHandlerFxn)
                  10257214    0000000c     --HOLE-- [fill = 0]
                  10257220    00000124                                                  : enet_phymdio_dflt.obj (.text.EnetPhyMdioDflt_setIoctlHandlerFxn)
                  10257344    0000000c     --HOLE-- [fill = 0]
                  10257350    00000124                                                  : enet_rm.obj (.text.EnetRm_setIoctlHandlerFxn)
                  10257474    0000000c     --HOLE-- [fill = 0]
                  10257480    00000124                                                  : mdio_manual_ioctl.obj (.text.Mdio_manualModePhyRegRead22)
                  102575a4    0000000c     --HOLE-- [fill = 0]
                  102575b0    00000124                                                  : mdio.obj (.text.Mdio_setIoctlHandlerFxn)
                  102576d4    0000000c     --HOLE-- [fill = 0]
                  102576e0    00000122                                                  : csl_cpsw_ale_4g_tblcfg.obj (.text.CSL_CPSW_setAleMcastAddrEntry)
                  10257802    0000000e     --HOLE-- [fill = 0]
                  10257810    00000122                                                  : cpsw_ale_ioctl.obj (.text.CpswAle_addUcastAddr)
                  10257932    0000000e     --HOLE-- [fill = 0]
                  10257940    00000122                                                  : enet_cpdmautils.obj (.text.EnetAppUtils_isDescCached)
                  10257a62    0000000e     --HOLE-- [fill = 0]
                  10257a70    00000122                                                  : mdio_manual_ioctl.obj (.text.Mdio_manualModePhyRegValReadC45)
                  10257b92    0000000e     --HOLE-- [fill = 0]
                  10257ba0    00000122     lwip-freertos.awr294x.r5f.ti-arm-clang.debug.lib : api_msg.obj (.text.netconn_alloc)
                  10257cc2    0000000e     --HOLE-- [fill = 0]
                  10257cd0    00000120     drivers.awr294x.r5f.ti-arm-clang.debug.lib : cbuff_transfer.obj (.text.CBUFF_setupInterleaved_ADC_CP)
                  10257df0    00000120                                                : cbuff_transfer.obj (.text.CBUFF_setupInterleaved_CP_ADC)
                  10257f10    00000120     enet-cpsw.awr294x.r5f.ti-arm-clang.debug.lib : enet_rm_ioctl.obj (.text.EnetRm_allocInternalRxFlowIdx)
                  10258030    0000011e     drivers.awr294x.r5f.ti-arm-clang.debug.lib : soc_rcm.obj (.text.SOC_rcmGetApllHSDivOutFreq)
                  1025814e    00000002     --HOLE-- [fill = 0]
                  10258150    0000011e     lwip-freertos.awr294x.r5f.ti-arm-clang.debug.lib : pbuf.obj (.text.pbuf_add_header_impl)
                  1025826e    00000002     --HOLE-- [fill = 0]
                  10258270    0000011c     drivers.awr294x.r5f.ti-arm-clang.debug.lib : cbuff.obj (.text.CBUFF_setVC)
                  1025838c    00000004     --HOLE-- [fill = 0]
                  10258390    0000011c     enet-cpsw.awr294x.r5f.ti-arm-clang.debug.lib : enet_cpdma.obj (.text.EnetCpdma_setSOPInfo)
                  102584ac    00000004     --HOLE-- [fill = 0]
                  102584b0    0000011c                                                  : enet_queue.obj (.text.EnetQueue_append)
                  102585cc    00000004     --HOLE-- [fill = 0]
                  102585d0    0000011c                                                  : enet_utils.obj (.text.EnetUtils_delayNs)
                  102586ec    00000004     --HOLE-- [fill = 0]
                  102586f0    0000011c                                                  : mdio_ioctl.obj (.text.Mdio_writeRegC45)
                  1025880c    00000004     --HOLE-- [fill = 0]
                  10258810    0000011c     lwip-freertos.awr294x.r5f.ti-arm-clang.debug.lib : api_msg.obj (.text.recv_raw)
                  1025892c    00000004     --HOLE-- [fill = 0]
                  10258930    0000011c                                                      : tcp_out.obj (.text.tcp_rexmit_rto_prepare)
                  10258a4c    00000004     --HOLE-- [fill = 0]
                  10258a50    0000011a     enet-cpsw.awr294x.r5f.ti-arm-clang.debug.lib : csl_cpsw.obj (.text.CSL_CPSW_setCpswControlReg)
                  10258b6a    00000006     --HOLE-- [fill = 0]
                  10258b70    0000011a                                                  : enetphy.obj (.text.EnetPhy_resetWaitState)
                  10258c8a    00000006     --HOLE-- [fill = 0]
                  10258c90    0000011a                                                  : enetphy.obj (.text.EnetPhy_setupManual)
                  10258daa    00000006     --HOLE-- [fill = 0]
                  10258db0    0000011a     drivers.awr294x.r5f.ti-arm-clang.debug.lib : qspi.obj (.text.QSPI_programInstance)
                  10258eca    00000006     --HOLE-- [fill = 0]
                  10258ed0    00000118     enet-cpsw.awr294x.r5f.ti-arm-clang.debug.lib : enetphy.obj (.text.EnetPhy_setupNway)
                  10258fe8    00000008     --HOLE-- [fill = 0]
                  10258ff0    00000118     lwip-freertos.awr294x.r5f.ti-arm-clang.debug.lib : sys_arch.obj (.text.sys_mbox_trypost)
                  10259108    00000118     libclang_rt.builtins.a : udivmoddi4.S.obj (.text)
                  10259220    00000116     drivers.awr294x.r5f.ti-arm-clang.debug.lib : adcbuf.obj (.text.ADCBuf_getChanBufAddr)
                  10259336    0000000a     --HOLE-- [fill = 0]
                  10259340    00000116     enet-cpsw.awr294x.r5f.ti-arm-clang.debug.lib : mdio_ioctl.obj (.text.Mdio_handleIntr)
                  10259456    0000000a     --HOLE-- [fill = 0]
                  10259460    00000116     lwip-freertos.awr294x.r5f.ti-arm-clang.debug.lib : sys_arch.obj (.text.sys_mbox_free)
                  10259576    0000000a     --HOLE-- [fill = 0]
                  10259580    00000116                                                      : tcp.obj (.text.tcp_process_refused_data)
                  10259696    0000000a     --HOLE-- [fill = 0]
                  102596a0    00000116                                                      : tcp.obj (.text.tcp_update_rcv_ann_wnd)
                  102597b6    00000002     --HOLE-- [fill = 0]
                  102597b8    00000114     {906FF67C-EB73-4BF8-B7E8-A53FDCEB919D} (.text.CLI_MMWaveFlushCfg)
                  102598cc    00000114     ti_enet_open_close.o (.text.EnetApp_closeTxDma)
                  102599e0    00000114     freertos.awr294x.r5f.ti-arm-clang.debug.lib : printf.obj (.text._ntoa_long)
                  10259af4    0000000c     --HOLE-- [fill = 0]
                  10259b00    00000112     drivers.awr294x.r5f.ti-arm-clang.debug.lib : cbuff.obj (.text.CBUFF_close)
                  10259c12    0000000e     --HOLE-- [fill = 0]
                  10259c20    00000112                                                : edma.obj (.text.EDMA_isTccAllocated)
                  10259d32    0000000e     --HOLE-- [fill = 0]
                  10259d40    00000112     enet-cpsw.awr294x.r5f.ti-arm-clang.debug.lib : enetphy.obj (.text.EnetPhy_tick)
                  10259e52    0000000e     --HOLE-- [fill = 0]
                  10259e60    00000112     board.awr294x.r5f.ti-arm-clang.debug.lib : flash_nor_qspi.obj (.text.Flash_norQspiReset)
                  10259f72    0000000e     --HOLE-- [fill = 0]
                  10259f80    00000112     lwip-freertos.awr294x.r5f.ti-arm-clang.debug.lib : sys_arch.obj (.text.sys_arch_mbox_tryfetch)
                  1025a092    0000000e     --HOLE-- [fill = 0]
                  1025a0a0    00000110     enet-cpsw.awr294x.r5f.ti-arm-clang.debug.lib : cpsw_ale.obj (.text.CpswAle_ioctl)
                  1025a1b0    00000110                                                  : cpsw_cpts.obj (.text.CpswCpts_ioctl)
                  1025a2c0    0000010e                                                  : enet_cpdma.obj (.text.EnetCpdma_initRxChannel)
                  1025a3ce    00000002     --HOLE-- [fill = 0]
                  1025a3d0    0000010e     lwip-freertos.awr294x.r5f.ti-arm-clang.debug.lib : netif.obj (.text.netif_do_set_ipaddr)
                  1025a4de    00000002     --HOLE-- [fill = 0]
[...]
10280961  CpswStats_close                                            
10280981  EnetOsal_disableAllIntr                                    
10280991  sys_now                                                    
102809e1  ESM_init                                                   
102809f1  mem_init                                                   
10280a01  netif_init                                                 
10280a11  vPortConfigTimerForRunTimeStats                            
10280a21  vPortValidateInterruptPriority                             
102820d0  __aeabi_ctype_table_                                       
102820d0  __aeabi_ctype_table_C                                      
10283aec  gMpuRegionSizeInBytes                                      
10284b08  gCacheConfig                                               
10284b10  gMpuConfig                                                 
10284b1c  gMpuRegionConfig                                           
102858d4  memp_pools                                                 
10286f1c  gCacheL1dCacheLineSize                                     
10287e20  lwip_cyclic_timers                                         
10294ecc  gADCBufDefaultParams                                       
10294ee0  memp_ALTCP_PCB                                             
10294ef4  memp_ARP_QUEUE                                             
10294f08  memp_FRAG_PBUF                                             
10294f1c  memp_IGMP_GROUP                                            
10294f30  memp_NETBUF                                                
10294f44  memp_NETCONN                                               
10294f58  memp_NETDB                                                 
10294f6c  memp_PBUF                                                  
10294f80  memp_PBUF_POOL                                             
10294f94  memp_POOL_128                                              
10294fa8  memp_POOL_1792                                             
10294fbc  memp_POOL_4096                                             
10294fd0  memp_RAW_PCB                                               
10294fe4  memp_REASSDATA                                             
10294ff8  memp_RX_POOL                                               
1029500c  memp_SYS_MBOX                                              
10295020  memp_SYS_TIMEOUT                                           
10295034  memp_TCPIP_MSG_API                                         
10295048  memp_TCPIP_MSG_INPKT                                       
1029505c  memp_TCP_PCB                                               
10295070  memp_TCP_PCB_LISTEN                                        
10295084  memp_TCP_SEG                                               
10295098  memp_UDP_PCB                                               
10296708  tcp_pcb_lists                                              
10297204  gCacheL1pCacheLineSize                                     
10297678  gEnetPhyDrvTbl                                             
102977b8  ethbroadcast                                               
102977be  ethzero                                                    
102978e0  ip_addr_any                                                
102978e4  ip_addr_broadcast                                          
10297904  uxTopUsedPriority                                          
10297980  __BSS_START                                                
10297980  gMmwCtrlTskStack                                           
1029a980  gDpmTskStack                                               
102a0980  gUartTskStack                                              
102a4980  gAppMainTskStack                                           
102a8980  gLedTskStack                                               
102a9980  gMotionTskStack                                            
102ae980  gMmwEnetTskStack                                           
102b4980  gEnetStreamObjData                                         
102b83a8  gMmwMssMCB                                                 
102b93c8  gHwiCtrl                                                   
102bc2d0  gFlashObject_GD25B64C                                      
102bda80  memp_memory_RX_POOL_base                                   
102bea20  gIpcRpmsgCtrl                                              
102bf6b8  gCalibDataStorage                                          
102c1550  gFreePbufArr                                               
102c1750  lwip_stats                                                 
102c18a0  gUserDataHeader                                            
102c18c0  gHwDataHeader                                              
102c19c0  _CIOBUF_                                                   
102c19c0  __CIOBUF_                                                  
102c1cf4  xQueueRegistry                                             
102c1df4  gEnetUtilsObj                                              
102c2110  gTaskP_ctrl                                                
102c2694  gCbuffObject                                               
102c2764  gRovDummyQueue                                             
102c27fc  gEnetOsalObj                                               
102c2838  gClockCtrl                                                 
102c2870  objDetInitParams                                           
102c28cd  errorLevel                                                 
102c28ce  mmWaveErrorCode                                            
102c28f4  dpmInitCfg                                                 
102c290c  initCfg                                                    
102c294c  virtToPhymap                                               
102c2964  errCode                                                    
102c2968  gFlashHandle                                               
102c296c  i                                                          
102c2970  subsysErrorCode                                            
102c2980  __BSS_END                                                  
102c5980  gCbuffSession                                              
102c8480  gEnetSoc_dmaObj                                            
102c9f64  __aeabi_errno                                              
102c9f68  gEnetSoc_cpsw2g                                            
102cbdd0  gIpcNotifyMailboxConfig                                    
102cc840  gIpcNotifyCtrl                                             
102ccd88  gMailboxRemoteCoreObj_c66ss0_to_rss_r4                     
102cce48  gMailboxRemoteCoreObj_r5ss0_0_to_rss_r4                    
102cd4f4  gFlashDevCfg_GD25B64C                                      
102cd578  gCbuffAttrs                                                
102cd6e8  gEnetSoc_cpsw2gMacObj                                      
102cd7ec  gFlashConfig                                               
102cd818  gFlashAttrs_GD25B64C                                       
102cd8d0  __TI_dtors_ptr                                             
102cd8d4  __TI_cleanup_ptr                                           
102cd8dc  pxCurrentTCB                                               
102cd8e0  FreeRTOS_errno                                             
102cd920  gFlashParams                                               
102cda88  gIpcNotifyInterruptConfig_r5fss0_0                         
102cdf5c  gCBUFFInterfaceFxn                                         
102cdf94  gADCBufConfigNum                                           
102cdf98  gEnetSoc_cpsw2gSocCfg                                      
102ce070  gEnetMacAddrPool                                           
102ce0c8  gEnetPhyDrvDp83867                                         
102ce0f0  gEnetPhyDrvGeneric                                         
102ce118  gFlashNorQspiFxns                                          
102ce134  gClockConfig                                               
102ce20c  gInterleavedTransferFxn                                    
102ce23c  gMultipleChirpNonInterleavedTransferFxn                    
102ce254  gNonInterleavedTransferFxn                                 
102ce26c  Cpsw_gSpeedNames                                           
102ce28c  gEdmaConfig                                                
102ce29c  gFlashToSpiProtocolMap                                     
102ce2ac  gIpcNotifyCoreIntrBitPos                                   
102ce2cc  gUartConfig                                                
102ce2dc  Cpsw_gDuplexNames                                          
102ce2f4  gEnetSoc_perObj                                            
102ce300  gADCBufConfig                                              
102ce308  gEsmConfig                                                 
102ce310  gQspiConfig                                                
102ce328  gCbuffObjectPtr                                            
102ce334  gDebugLogZone                                              
102ce338  gEdmaConfigNum                                             
102ce33c  gEnetOsalHwiAllocCnt                                       
102ce340  gEnetOsalHwiPeak                                           
102ce344  gEnetOsalSemAllocCnt                                       
102ce348  gEnetOsalSemPeak                                           
102ce34c  gEsmConfigNum                                              
102ce350  gFlashConfigNum                                            
102ce354  gHwiConfig                                                 
102ce358  gIpcNotifyInterruptConfigNum_r5fss0_0                      
102ce35c  gQspiConfigNum                                             
102ce360  gUartConfigNum                                             
102ce378  transmitStartTime                                          
102ce37c  ulPortInterruptNesting                                     
102ce380  ulPortSchedularRunning                                     
102ce384  ulPortTaskHasFPUContext                                    
102ce388  ulPortYieldRequired                                        
102ce3b1  gEnetTrace_runtimeLevel                                    
102ce3b4  isMapAvailable                                             
102ce3c1  HwiP_enableInt                                             
102ce401  HwiP_disableInt                                            
102ce461  HwiP_restoreInt                                            
102ce491  HwiP_clearInt                                              
102ce4d1  HwiP_post                                                  
102ce511  HwiP_Params_init                                           
102ce541  HwiP_construct                                             
102ce741  HwiP_destruct                                              
102ce7b1  HwiP_init                                                  
102ce961  HwiP_inISR                                                 
102ce991  HwiP_irq_handler_c                                         
102cead1  HwiP_fiq_handler                                           
102cec41  HwiP_reserved_handler                                      
102cec81  HwiP_undefined_handler_c                                   
102ceca1  HwiP_user_undefined_handler_c                              
102cecc1  HwiP_prefetch_abort_handler_c                              
102ced61  HwiP_user_prefetch_abort_handler_c                         
102ceda1  HwiP_data_abort_handler_c                                  
102cee61  HwiP_user_data_abort_handler_c                             
102cee9c  vPortRestoreTaskContext                                    
102ceed4  HwiP_svc_handler                                           
102cef44  HwiP_irq_handler                                           
102cf088  HwiP_data_abort_handler                                    
102cf0cc  HwiP_prefetch_abort_handler                                
102cf118  HwiP_undefined_handler                                     
102cf148  GET_DFSR                                                   
102cf150  GET_ADFSR                                                  
102cf158  GET_DFAR                                                   
102cf160  GET_IFSR                                                   
102cf168  GET_AIFSR                                                  
102cf170  GET_IFAR                                                   
102cf178  GET_SPSR                                                   
102cf18c  HwiP_disable                                               
102cf19c  HwiP_disableFIQ                                            
102cf1ac  HwiP_enable                                                
102cf1bc  HwiP_enableFIQ                                             
102cf1cc  HwiP_restore                                               
102cf1d4  HwiP_enableVIC                                             
102cf1e4  HwiP_disableVIC                                            
102cf1f4  HwiP_getCPSR                                               
102cf200  CacheP_disableL1d                                          
102cf228  CacheP_disableL1p                                          
102cf240  CacheP_enableL1d                                           
102cf258  CacheP_enableL1p                                           
102cf270  CacheP_invL1d                                              
102cf2a8  CacheP_invL1p                                              
102cf2e4  CacheP_invL1dAll                                           
102cf2ec  CacheP_invL1pAll                                           
102cf2f4  CacheP_wb                                                  
102cf330  CacheP_wbInv                                               
102cf36c  CacheP_wbAll                                               
102cf414  CacheP_wbInvAll                                            
102cf42c  CacheP_wbInvAllAsm                                         
102cf4cc  CacheP_getEnabled                                          
102cf504  CacheP_getCacheLevelInfo                                   
102cf510  CacheP_configForceWrThru                                   
102cf530  CacheP_setDLFO                                             
102cf541  CacheP_init                                                
102cf5d1  CacheP_disable                                             
102cf621  CacheP_enable                                              
102cf661  CacheP_inv                                                 
102cf6a1  MpuP_RegionAttrs_init                                      
102cf6d1  MpuP_setRegion                                             
102cf7c1  MpuP_isEnable                                              
102cf7d1  MpuP_disable                                               
102cf811  MpuP_enable                                                
102cf851  MpuP_init                                                  
102cf8e8  MpuP_disableAsm                                            
102cf900  MpuP_disableBRAsm                                          
102cf910  MpuP_enableAsm                                             
102cf928  MpuP_enableBRAsm                                           
102cf938  MpuP_isEnableAsm                                           
102cf94c  MpuP_setRegionAsm                                          
102cf960  _c_int00_sbl                                               
102cf984  _c_int00                                                   
102cfa61  _DebugP_assertNoLog                                        
102cfa91  _system_pre_init                                           
102cfab5  __mpu_init                                                 
102cfad0  abort                                                      
102cfad8  __IRQ_STACK_START                                          
102d06d8  __FIQ_STACK_START                                          
102d06d8  __IRQ_STACK_END                                            
102d07d8  __FIQ_STACK_END                                            
102d07d8  __SVC_STACK_START                                          
102d17d8  __ABORT_STACK_START                                        
102d17d8  __SVC_STACK_END                                            
102d18d8  __ABORT_STACK_END                                          
102d18d8  __UNDEFINED_STACK_START                                    
102d19d8  __UNDEFINED_STACK_END                                      
880001cc  pfreeQ                                                     
880001d8  memp_memory_POOL_1792_base                                 
8808e9f7  memp_memory_POOL_4096_base                                 
88092a96  memp_memory_POOL_128_base                                  
88096935  memp_memory_NETBUF_base                                    
88097954  memp_memory_PBUF_base                                      
88098973  memp_memory_TCPIP_MSG_API_base                             
88099992  memp_memory_TCPIP_MSG_INPKT_base                           
8809a9b1  memp_memory_TCP_SEG_base                                   
8809b9d0  memp_memory_SYS_MBOX_base                                  
8809c930  memp_memory_ARP_QUEUE_base                                 
8809cd0f  memp_memory_TCP_PCB_base                                   
8809d04e  memp_memory_NETCONN_base                                   
8809d2ed  memp_memory_SYS_TIMEOUT_base                               
8809d52c  memp_memory_FRAG_PBUF_base                                 
8809d72b  memp_memory_ALTCP_PCB_base                                 
8809d88a  memp_memory_NETDB_base                                     
8809d9e9  memp_memory_REASSDATA_base                                 
8809db48  memp_memory_IGMP_GROUP_base                                
8809dc67  memp_memory_TCP_PCB_LISTEN_base                            
8809dd86  memp_memory_UDP_PCB_base                                   
8809df98  memp_memory_RAW_PCB_base                                   
8809e070  memp_memory_PBUF_POOL_base                                 
8809e090  ip_data                                                    
8809e14c  lock_tcpip_core                                            
8809e150  netif_default                                              
8809e154  netif_list                                                 
8809e158  tcp_active_pcbs                                            
8809e15c  tcp_bound_pcbs                                             
8809e160  tcp_input_pcb                                              
8809e164  tcp_listen_pcbs                                            
8809e168  tcp_ticks                                                  
8809e16c  tcp_tw_pcbs                                                
8809e170  udp_pcbs                                                   
8809e182  pbuf_free_ooseq_pending                                    
8809e183  tcp_active_pcbs_changed                                    
8809e188  _sys_memory                                                
c5000200  gIpcSharedMem                                              
ffffffff  __TI_pprof_out_hndl                                        
ffffffff  __TI_prof_data_size                                        
ffffffff  __TI_prof_data_start                                       
ffffffff  __binit__                                                  
ffffffff  binit                                                      
UNDEFED   __TI_CINIT_Base                                            
UNDEFED   __TI_CINIT_Limit                                           
UNDEFED   __TI_Handler_Table_Base                                    
UNDEFED   __TI_Handler_Table_Limit                                   
UNDEFED   _system_post_cinit                                         

[1402 symbols]
