<?xml version="1.0"?>
<link_info>
   <banner>TMS320C6x Linker PC v7.4.2</banner>
   <copyright>Copyright (c) 1996-2012 Texas Instruments Incorporated</copyright>
   <link_time>0x573abf68</link_time>
   <output_file>cossp_66_LE_COFF.out</output_file>
   <entry_point>
      <name>_c_int00</name>
      <address>0x826520</address>
   </entry_point>
   <input_file_list>
      <input_file id="fl-2">
         <path>.\</path>
         <kind>object</kind>
         <file>drvsp.obj</file>
         <name>drvsp.obj</name>
      </input_file>
      <input_file id="fl-3">
         <path>.\</path>
         <kind>object</kind>
         <file>driver.obj</file>
         <name>driver.obj</name>
      </input_file>
      <input_file id="fl-4">
         <path>.\</path>
         <kind>object</kind>
         <file>cossp_d.obj</file>
         <name>cossp_d.obj</name>
      </input_file>
      <input_file id="fl-e">
         <path>..\..\..\..\..\lib\</path>
         <kind>archive</kind>
         <file>mathlib.a66</file>
         <name>cossp.o66</name>
      </input_file>
      <input_file id="fl-f">
         <path>..\..\..\..\..\lib\</path>
         <kind>archive</kind>
         <file>mathlib.a66</file>
         <name>cossp_c.o66</name>
      </input_file>
      <input_file id="fl-10">
         <path>..\..\..\..\..\lib\</path>
         <kind>archive</kind>
         <file>mathlib.a66</file>
         <name>cossp_v.o66</name>
      </input_file>
      <input_file id="fl-88">
         <path>C:\MATHLIB_Tools\CCSV5_5_0\ccsv5\tools\compiler\c6000_7.4.2\lib\</path>
         <kind>archive</kind>
         <file>rts6600_coff.lib</file>
         <name>boot.obj</name>
      </input_file>
      <input_file id="fl-89">
         <path>C:\MATHLIB_Tools\CCSV5_5_0\ccsv5\tools\compiler\c6000_7.4.2\lib\</path>
         <kind>archive</kind>
         <file>rts6600_coff.lib</file>
         <name>cos.obj</name>
      </input_file>
      <input_file id="fl-8a">
         <path>C:\MATHLIB_Tools\CCSV5_5_0\ccsv5\tools\compiler\c6000_7.4.2\lib\</path>
         <kind>archive</kind>
         <file>rts6600_coff.lib</file>
         <name>cosf.obj</name>
      </input_file>
      <input_file id="fl-8b">
         <path>C:\MATHLIB_Tools\CCSV5_5_0\ccsv5\tools\compiler\c6000_7.4.2\lib\</path>
         <kind>archive</kind>
         <file>rts6600_coff.lib</file>
         <name>divd.obj</name>
      </input_file>
      <input_file id="fl-8c">
         <path>C:\MATHLIB_Tools\CCSV5_5_0\ccsv5\tools\compiler\c6000_7.4.2\lib\</path>
         <kind>archive</kind>
         <file>rts6600_coff.lib</file>
         <name>divf.obj</name>
      </input_file>
      <input_file id="fl-8d">
         <path>C:\MATHLIB_Tools\CCSV5_5_0\ccsv5\tools\compiler\c6000_7.4.2\lib\</path>
         <kind>archive</kind>
         <file>rts6600_coff.lib</file>
         <name>exit.obj</name>
      </input_file>
      <input_file id="fl-8e">
         <path>C:\MATHLIB_Tools\CCSV5_5_0\ccsv5\tools\compiler\c6000_7.4.2\lib\</path>
         <kind>archive</kind>
         <file>rts6600_coff.lib</file>
         <name>fclose.obj</name>
      </input_file>
      <input_file id="fl-8f">
         <path>C:\MATHLIB_Tools\CCSV5_5_0\ccsv5\tools\compiler\c6000_7.4.2\lib\</path>
         <kind>archive</kind>
         <file>rts6600_coff.lib</file>
         <name>fflush.obj</name>
      </input_file>
      <input_file id="fl-90">
         <path>C:\MATHLIB_Tools\CCSV5_5_0\ccsv5\tools\compiler\c6000_7.4.2\lib\</path>
         <kind>archive</kind>
         <file>rts6600_coff.lib</file>
         <name>fixdlli.obj</name>
      </input_file>
      <input_file id="fl-91">
         <path>C:\MATHLIB_Tools\CCSV5_5_0\ccsv5\tools\compiler\c6000_7.4.2\lib\</path>
         <kind>archive</kind>
         <file>rts6600_coff.lib</file>
         <name>fltllif.obj</name>
      </input_file>
      <input_file id="fl-92">
         <path>C:\MATHLIB_Tools\CCSV5_5_0\ccsv5\tools\compiler\c6000_7.4.2\lib\</path>
         <kind>archive</kind>
         <file>rts6600_coff.lib</file>
         <name>fopen.obj</name>
      </input_file>
      <input_file id="fl-93">
         <path>C:\MATHLIB_Tools\CCSV5_5_0\ccsv5\tools\compiler\c6000_7.4.2\lib\</path>
         <kind>archive</kind>
         <file>rts6600_coff.lib</file>
         <name>fprintf.obj</name>
      </input_file>
      <input_file id="fl-94">
         <path>C:\MATHLIB_Tools\CCSV5_5_0\ccsv5\tools\compiler\c6000_7.4.2\lib\</path>
         <kind>archive</kind>
         <file>rts6600_coff.lib</file>
         <name>fputc.obj</name>
      </input_file>
      <input_file id="fl-95">
         <path>C:\MATHLIB_Tools\CCSV5_5_0\ccsv5\tools\compiler\c6000_7.4.2\lib\</path>
         <kind>archive</kind>
         <file>rts6600_coff.lib</file>
         <name>fputs.obj</name>
      </input_file>
      <input_file id="fl-96">
         <path>C:\MATHLIB_Tools\CCSV5_5_0\ccsv5\tools\compiler\c6000_7.4.2\lib\</path>
         <kind>archive</kind>
         <file>rts6600_coff.lib</file>
         <name>frcmpyd_div.obj</name>
      </input_file>
      <input_file id="fl-97">
         <path>C:\MATHLIB_Tools\CCSV5_5_0\ccsv5\tools\compiler\c6000_7.4.2\lib\</path>
         <kind>archive</kind>
         <file>rts6600_coff.lib</file>
         <name>isinff.obj</name>
      </input_file>
      <input_file id="fl-98">
         <path>C:\MATHLIB_Tools\CCSV5_5_0\ccsv5\tools\compiler\c6000_7.4.2\lib\</path>
         <kind>archive</kind>
         <file>rts6600_coff.lib</file>
         <name>llshift.obj</name>
      </input_file>
      <input_file id="fl-99">
         <path>C:\MATHLIB_Tools\CCSV5_5_0\ccsv5\tools\compiler\c6000_7.4.2\lib\</path>
         <kind>archive</kind>
         <file>rts6600_coff.lib</file>
         <name>lowlev.obj</name>
      </input_file>
      <input_file id="fl-9a">
         <path>C:\MATHLIB_Tools\CCSV5_5_0\ccsv5\tools\compiler\c6000_7.4.2\lib\</path>
         <kind>archive</kind>
         <file>rts6600_coff.lib</file>
         <name>memcpy64.obj</name>
      </input_file>
      <input_file id="fl-9b">
         <path>C:\MATHLIB_Tools\CCSV5_5_0\ccsv5\tools\compiler\c6000_7.4.2\lib\</path>
         <kind>archive</kind>
         <file>rts6600_coff.lib</file>
         <name>memory.obj</name>
      </input_file>
      <input_file id="fl-9c">
         <path>C:\MATHLIB_Tools\CCSV5_5_0\ccsv5\tools\compiler\c6000_7.4.2\lib\</path>
         <kind>archive</kind>
         <file>rts6600_coff.lib</file>
         <name>memset.obj</name>
      </input_file>
      <input_file id="fl-9d">
         <path>C:\MATHLIB_Tools\CCSV5_5_0\ccsv5\tools\compiler\c6000_7.4.2\lib\</path>
         <kind>archive</kind>
         <file>rts6600_coff.lib</file>
         <name>modf.obj</name>
      </input_file>
      <input_file id="fl-9e">
         <path>C:\MATHLIB_Tools\CCSV5_5_0\ccsv5\tools\compiler\c6000_7.4.2\lib\</path>
         <kind>archive</kind>
         <file>rts6600_coff.lib</file>
         <name>modff.obj</name>
      </input_file>
      <input_file id="fl-9f">
         <path>C:\MATHLIB_Tools\CCSV5_5_0\ccsv5\tools\compiler\c6000_7.4.2\lib\</path>
         <kind>archive</kind>
         <file>rts6600_coff.lib</file>
         <name>negll.obj</name>
      </input_file>
      <input_file id="fl-a0">
         <path>C:\MATHLIB_Tools\CCSV5_5_0\ccsv5\tools\compiler\c6000_7.4.2\lib\</path>
         <kind>archive</kind>
         <file>rts6600_coff.lib</file>
         <name>printf.obj</name>
      </input_file>
      <input_file id="fl-a1">
         <path>C:\MATHLIB_Tools\CCSV5_5_0\ccsv5\tools\compiler\c6000_7.4.2\lib\</path>
         <kind>archive</kind>
         <file>rts6600_coff.lib</file>
         <name>rand.obj</name>
      </input_file>
      <input_file id="fl-a2">
         <path>C:\MATHLIB_Tools\CCSV5_5_0\ccsv5\tools\compiler\c6000_7.4.2\lib\</path>
         <kind>archive</kind>
         <file>rts6600_coff.lib</file>
         <name>remove.obj</name>
      </input_file>
      <input_file id="fl-a3">
         <path>C:\MATHLIB_Tools\CCSV5_5_0\ccsv5\tools\compiler\c6000_7.4.2\lib\</path>
         <kind>archive</kind>
         <file>rts6600_coff.lib</file>
         <name>round.obj</name>
      </input_file>
      <input_file id="fl-a4">
         <path>C:\MATHLIB_Tools\CCSV5_5_0\ccsv5\tools\compiler\c6000_7.4.2\lib\</path>
         <kind>archive</kind>
         <file>rts6600_coff.lib</file>
         <name>roundf.obj</name>
      </input_file>
      <input_file id="fl-a5">
         <path>C:\MATHLIB_Tools\CCSV5_5_0\ccsv5\tools\compiler\c6000_7.4.2\lib\</path>
         <kind>archive</kind>
         <file>rts6600_coff.lib</file>
         <name>trgdrv.obj</name>
      </input_file>
      <input_file id="fl-a6">
         <path>C:\MATHLIB_Tools\CCSV5_5_0\ccsv5\tools\compiler\c6000_7.4.2\lib\</path>
         <kind>archive</kind>
         <file>rts6600_coff.lib</file>
         <name>trgmsg.obj</name>
      </input_file>
      <input_file id="fl-a7">
         <path>C:\MATHLIB_Tools\CCSV5_5_0\ccsv5\tools\compiler\c6000_7.4.2\lib\</path>
         <kind>archive</kind>
         <file>rts6600_coff.lib</file>
         <name>trunc.obj</name>
      </input_file>
      <input_file id="fl-a8">
         <path>C:\MATHLIB_Tools\CCSV5_5_0\ccsv5\tools\compiler\c6000_7.4.2\lib\</path>
         <kind>archive</kind>
         <file>rts6600_coff.lib</file>
         <name>truncf.obj</name>
      </input_file>
      <input_file id="fl-a9">
         <path>C:\MATHLIB_Tools\CCSV5_5_0\ccsv5\tools\compiler\c6000_7.4.2\lib\</path>
         <kind>archive</kind>
         <file>rts6600_coff.lib</file>
         <name>_io_perm.obj</name>
      </input_file>
      <input_file id="fl-aa">
         <path>C:\MATHLIB_Tools\CCSV5_5_0\ccsv5\tools\compiler\c6000_7.4.2\lib\</path>
         <kind>archive</kind>
         <file>rts6600_coff.lib</file>
         <name>_lock.obj</name>
      </input_file>
      <input_file id="fl-ab">
         <path>C:\MATHLIB_Tools\CCSV5_5_0\ccsv5\tools\compiler\c6000_7.4.2\lib\</path>
         <kind>archive</kind>
         <file>rts6600_coff.lib</file>
         <name>_printfi.obj</name>
      </input_file>
      <input_file id="fl-ac">
         <path>C:\MATHLIB_Tools\CCSV5_5_0\ccsv5\tools\compiler\c6000_7.4.2\lib\</path>
         <kind>archive</kind>
         <file>rts6600_coff.lib</file>
         <name>args_main.obj</name>
      </input_file>
      <input_file id="fl-ad">
         <path>C:\MATHLIB_Tools\CCSV5_5_0\ccsv5\tools\compiler\c6000_7.4.2\lib\</path>
         <kind>archive</kind>
         <file>rts6600_coff.lib</file>
         <name>atoi.obj</name>
      </input_file>
      <input_file id="fl-ae">
         <path>C:\MATHLIB_Tools\CCSV5_5_0\ccsv5\tools\compiler\c6000_7.4.2\lib\</path>
         <kind>archive</kind>
         <file>rts6600_coff.lib</file>
         <name>autoinit.obj</name>
      </input_file>
      <input_file id="fl-af">
         <path>C:\MATHLIB_Tools\CCSV5_5_0\ccsv5\tools\compiler\c6000_7.4.2\lib\</path>
         <kind>archive</kind>
         <file>rts6600_coff.lib</file>
         <name>cpp_init.obj</name>
      </input_file>
      <input_file id="fl-b0">
         <path>C:\MATHLIB_Tools\CCSV5_5_0\ccsv5\tools\compiler\c6000_7.4.2\lib\</path>
         <kind>archive</kind>
         <file>rts6600_coff.lib</file>
         <name>cpy_tbl.obj</name>
      </input_file>
      <input_file id="fl-b1">
         <path>C:\MATHLIB_Tools\CCSV5_5_0\ccsv5\tools\compiler\c6000_7.4.2\lib\</path>
         <kind>archive</kind>
         <file>rts6600_coff.lib</file>
         <name>ctype.obj</name>
      </input_file>
      <input_file id="fl-b2">
         <path>C:\MATHLIB_Tools\CCSV5_5_0\ccsv5\tools\compiler\c6000_7.4.2\lib\</path>
         <kind>archive</kind>
         <file>rts6600_coff.lib</file>
         <name>defs.obj</name>
      </input_file>
      <input_file id="fl-b3">
         <path>C:\MATHLIB_Tools\CCSV5_5_0\ccsv5\tools\compiler\c6000_7.4.2\lib\</path>
         <kind>archive</kind>
         <file>rts6600_coff.lib</file>
         <name>divu.obj</name>
      </input_file>
      <input_file id="fl-b4">
         <path>C:\MATHLIB_Tools\CCSV5_5_0\ccsv5\tools\compiler\c6000_7.4.2\lib\</path>
         <kind>archive</kind>
         <file>rts6600_coff.lib</file>
         <name>fixdli.obj</name>
      </input_file>
      <input_file id="fl-b5">
         <path>C:\MATHLIB_Tools\CCSV5_5_0\ccsv5\tools\compiler\c6000_7.4.2\lib\</path>
         <kind>archive</kind>
         <file>rts6600_coff.lib</file>
         <name>fltlid.obj</name>
      </input_file>
      <input_file id="fl-b6">
         <path>C:\MATHLIB_Tools\CCSV5_5_0\ccsv5\tools\compiler\c6000_7.4.2\lib\</path>
         <kind>archive</kind>
         <file>rts6600_coff.lib</file>
         <name>fseek.obj</name>
      </input_file>
      <input_file id="fl-b7">
         <path>C:\MATHLIB_Tools\CCSV5_5_0\ccsv5\tools\compiler\c6000_7.4.2\lib\</path>
         <kind>archive</kind>
         <file>rts6600_coff.lib</file>
         <name>imath40.obj</name>
      </input_file>
      <input_file id="fl-b8">
         <path>C:\MATHLIB_Tools\CCSV5_5_0\ccsv5\tools\compiler\c6000_7.4.2\lib\</path>
         <kind>archive</kind>
         <file>rts6600_coff.lib</file>
         <name>imath64.obj</name>
      </input_file>
      <input_file id="fl-b9">
         <path>C:\MATHLIB_Tools\CCSV5_5_0\ccsv5\tools\compiler\c6000_7.4.2\lib\</path>
         <kind>archive</kind>
         <file>rts6600_coff.lib</file>
         <name>isinf.obj</name>
      </input_file>
      <input_file id="fl-ba">
         <path>C:\MATHLIB_Tools\CCSV5_5_0\ccsv5\tools\compiler\c6000_7.4.2\lib\</path>
         <kind>archive</kind>
         <file>rts6600_coff.lib</file>
         <name>ltoa.obj</name>
      </input_file>
      <input_file id="fl-bb">
         <path>C:\MATHLIB_Tools\CCSV5_5_0\ccsv5\tools\compiler\c6000_7.4.2\lib\</path>
         <kind>archive</kind>
         <file>rts6600_coff.lib</file>
         <name>memccpy.obj</name>
      </input_file>
      <input_file id="fl-bc">
         <path>C:\MATHLIB_Tools\CCSV5_5_0\ccsv5\tools\compiler\c6000_7.4.2\lib\</path>
         <kind>archive</kind>
         <file>rts6600_coff.lib</file>
         <name>setvbuf.obj</name>
      </input_file>
      <input_file id="fl-bd">
         <path>C:\MATHLIB_Tools\CCSV5_5_0\ccsv5\tools\compiler\c6000_7.4.2\lib\</path>
         <kind>archive</kind>
         <file>rts6600_coff.lib</file>
         <name>abs.obj</name>
      </input_file>
   </input_file_list>
   <object_component_list>
      <object_component id="oc-f1">
         <name>.text:optvec</name>
         <load_address>0x82f4c0</load_address>
         <run_address>0x82f4c0</run_address>
         <size>0x5a0</size>
         <input_file_ref idref="fl-10"/>
      </object_component>
      <object_component id="oc-ef">
         <name>.text:optci</name>
         <load_address>0x82fa60</load_address>
         <run_address>0x82fa60</run_address>
         <size>0x120</size>
         <input_file_ref idref="fl-e"/>
      </object_component>
      <object_component id="oc-f0">
         <name>.text:optci</name>
         <load_address>0x82fb80</load_address>
         <run_address>0x82fb80</run_address>
         <size>0x120</size>
         <input_file_ref idref="fl-f"/>
      </object_component>
      <object_component id="oc-e9">
         <name>.text</name>
         <load_address>0x81e1e0</load_address>
         <run_address>0x81e1e0</run_address>
         <size>0x1200</size>
         <input_file_ref idref="fl-4"/>
      </object_component>
      <object_component id="oc-ed">
         <name>.text</name>
         <load_address>0x81f3e0</load_address>
         <run_address>0x81f3e0</run_address>
         <size>0x660</size>
         <input_file_ref idref="fl-3"/>
      </object_component>
      <object_component id="oc-ff">
         <name>.text:__divd</name>
         <load_address>0x81fa40</load_address>
         <run_address>0x81fa40</run_address>
         <size>0x5c0</size>
         <input_file_ref idref="fl-8b"/>
      </object_component>
      <object_component id="oc-131">
         <name>.text:__getarg_diouxp</name>
         <load_address>0x820000</load_address>
         <run_address>0x820000</run_address>
         <size>0x560</size>
         <input_file_ref idref="fl-ab"/>
      </object_component>
      <object_component id="oc-109">
         <name>.text:__printfi</name>
         <load_address>0x820560</load_address>
         <run_address>0x820560</run_address>
         <size>0x440</size>
         <input_file_ref idref="fl-ab"/>
      </object_component>
      <object_component id="oc-114">
         <name>.text:__setfield</name>
         <load_address>0x8209a0</load_address>
         <run_address>0x8209a0</run_address>
         <size>0x440</size>
         <input_file_ref idref="fl-ab"/>
      </object_component>
      <object_component id="oc-111">
         <name>.text:_fputs</name>
         <load_address>0x820de0</load_address>
         <run_address>0x820de0</run_address>
         <size>0x3a0</size>
         <input_file_ref idref="fl-95"/>
      </object_component>
      <object_component id="oc-f2">
         <name>.text</name>
         <load_address>0x821180</load_address>
         <run_address>0x821180</run_address>
         <size>0x340</size>
         <input_file_ref idref="fl-2"/>
      </object_component>
      <object_component id="oc-121">
         <name>.text:__pproc_fge</name>
         <load_address>0x8214c0</load_address>
         <run_address>0x8214c0</run_address>
         <size>0x320</size>
         <input_file_ref idref="fl-ab"/>
      </object_component>
      <object_component id="oc-113">
         <name>.text:__pproc_fwp</name>
         <load_address>0x8217e0</load_address>
         <run_address>0x8217e0</run_address>
         <size>0x2c0</size>
         <input_file_ref idref="fl-ab"/>
      </object_component>
      <object_component id="oc-f3">
         <name>.text:_cos</name>
         <load_address>0x821aa0</load_address>
         <run_address>0x821aa0</run_address>
         <size>0x2c0</size>
         <input_file_ref idref="fl-89"/>
      </object_component>
      <object_component id="oc-101">
         <name>.text:__divf</name>
         <load_address>0x821d60</load_address>
         <run_address>0x821d60</run_address>
         <size>0x280</size>
         <input_file_ref idref="fl-8c"/>
      </object_component>
      <object_component id="oc-136">
         <name>.text:_ecvt</name>
         <load_address>0x821fe0</load_address>
         <run_address>0x821fe0</run_address>
         <size>0x280</size>
         <input_file_ref idref="fl-ab"/>
      </object_component>
      <object_component id="oc-139">
         <name>.text:_fcvt</name>
         <load_address>0x822260</load_address>
         <run_address>0x822260</run_address>
         <size>0x280</size>
         <input_file_ref idref="fl-ab"/>
      </object_component>
      <object_component id="oc-11b">
         <name>.text:_free</name>
         <load_address>0x8224e0</load_address>
         <run_address>0x8224e0</run_address>
         <size>0x280</size>
         <input_file_ref idref="fl-9b"/>
      </object_component>
      <object_component id="oc-141">
         <name>.text:__divull</name>
         <load_address>0x822760</load_address>
         <run_address>0x822760</run_address>
         <size>0x240</size>
         <input_file_ref idref="fl-b8"/>
      </object_component>
      <object_component id="oc-130">
         <name>.text:__pconv_e</name>
         <load_address>0x8229a0</load_address>
         <run_address>0x8229a0</run_address>
         <size>0x240</size>
         <input_file_ref idref="fl-ab"/>
      </object_component>
      <object_component id="oc-122">
         <name>.text:__pproc_diouxp</name>
         <load_address>0x822be0</load_address>
         <run_address>0x822be0</run_address>
         <size>0x240</size>
         <input_file_ref idref="fl-ab"/>
      </object_component>
      <object_component id="oc-ee">
         <name>.text:_cosf</name>
         <load_address>0x822e20</load_address>
         <run_address>0x822e20</run_address>
         <size>0x240</size>
         <input_file_ref idref="fl-8a"/>
      </object_component>
      <object_component id="oc-115">
         <name>.text:__pproc_str</name>
         <load_address>0x823060</load_address>
         <run_address>0x823060</run_address>
         <size>0x220</size>
         <input_file_ref idref="fl-ab"/>
      </object_component>
      <object_component id="oc-116">
         <name>.text:_fputc</name>
         <load_address>0x823280</load_address>
         <run_address>0x823280</run_address>
         <size>0x220</size>
         <input_file_ref idref="fl-94"/>
      </object_component>
      <object_component id="oc-12e">
         <name>.text:__pconv_g</name>
         <load_address>0x8234a0</load_address>
         <run_address>0x8234a0</run_address>
         <size>0x200</size>
         <input_file_ref idref="fl-ab"/>
      </object_component>
      <object_component id="oc-12a">
         <name>.text:_setvbuf</name>
         <load_address>0x8236a0</load_address>
         <run_address>0x8236a0</run_address>
         <size>0x200</size>
         <input_file_ref idref="fl-bc"/>
      </object_component>
      <object_component id="oc-138">
         <name>.text:__mcpy</name>
         <load_address>0x8238a0</load_address>
         <run_address>0x8238a0</run_address>
         <size>0x1c0</size>
         <input_file_ref idref="fl-ab"/>
      </object_component>
      <object_component id="oc-10c">
         <name>.text:__openfile</name>
         <load_address>0x823a60</load_address>
         <run_address>0x823a60</run_address>
         <size>0x1c0</size>
         <input_file_ref idref="fl-92"/>
      </object_component>
      <object_component id="oc-e4">
         <name>.text:_HOSTrename</name>
         <load_address>0x823c20</load_address>
         <run_address>0x823c20</run_address>
         <size>0x1a0</size>
         <input_file_ref idref="fl-a5"/>
      </object_component>
      <object_component id="oc-140">
         <name>.text:__divul</name>
         <load_address>0x823dc0</load_address>
         <run_address>0x823dc0</run_address>
         <size>0x1a0</size>
         <input_file_ref idref="fl-b7"/>
      </object_component>
      <object_component id="oc-135">
         <name>.text:_malloc</name>
         <load_address>0x823f60</load_address>
         <run_address>0x823f60</run_address>
         <size>0x180</size>
         <input_file_ref idref="fl-9b"/>
      </object_component>
      <object_component id="oc-119">
         <name>.text:_open</name>
         <load_address>0x8240e0</load_address>
         <run_address>0x8240e0</run_address>
         <size>0x180</size>
         <input_file_ref idref="fl-99"/>
      </object_component>
      <object_component id="oc-112">
         <name>.text:__pproc_fflags</name>
         <load_address>0x824260</load_address>
         <run_address>0x824260</run_address>
         <size>0x140</size>
         <input_file_ref idref="fl-ab"/>
      </object_component>
      <object_component id="oc-125">
         <name>.text:_getdevice</name>
         <load_address>0x8243a0</load_address>
         <run_address>0x8243a0</run_address>
         <size>0x140</size>
         <input_file_ref idref="fl-99"/>
      </object_component>
      <object_component id="oc-10f">
         <name>.text:__closefile</name>
         <load_address>0x8244e0</load_address>
         <run_address>0x8244e0</run_address>
         <size>0x120</size>
         <input_file_ref idref="fl-8e"/>
      </object_component>
      <object_component id="oc-132">
         <name>.text:__ltostr</name>
         <load_address>0x824600</load_address>
         <run_address>0x824600</run_address>
         <size>0x120</size>
         <input_file_ref idref="fl-ab"/>
      </object_component>
      <object_component id="oc-10b">
         <name>.text:__search_fp</name>
         <load_address>0x824720</load_address>
         <run_address>0x824720</run_address>
         <size>0x120</size>
         <input_file_ref idref="fl-92"/>
      </object_component>
      <object_component id="oc-129">
         <name>.text:_fseek</name>
         <load_address>0x824840</load_address>
         <run_address>0x824840</run_address>
         <size>0x120</size>
         <input_file_ref idref="fl-b6"/>
      </object_component>
      <object_component id="oc-e2">
         <name>.text:_HOSTlseek</name>
         <load_address>0x824960</load_address>
         <run_address>0x824960</run_address>
         <size>0x100</size>
         <input_file_ref idref="fl-a5"/>
      </object_component>
      <object_component id="oc-f5">
         <name>.text:__fixdlli</name>
         <load_address>0x824a60</load_address>
         <run_address>0x824a60</run_address>
         <size>0x100</size>
         <input_file_ref idref="fl-90"/>
      </object_component>
      <object_component id="oc-11e">
         <name>.text:__wrt_ok</name>
         <load_address>0x824b60</load_address>
         <run_address>0x824b60</run_address>
         <size>0x100</size>
         <input_file_ref idref="fl-a9"/>
      </object_component>
      <object_component id="oc-f9">
         <name>.text:_fprintf</name>
         <load_address>0x824c60</load_address>
         <run_address>0x824c60</run_address>
         <size>0x100</size>
         <input_file_ref idref="fl-93"/>
      </object_component>
      <object_component id="oc-de">
         <name>.text:_HOSTopen</name>
         <load_address>0x824d60</load_address>
         <run_address>0x824d60</run_address>
         <size>0xe0</size>
         <input_file_ref idref="fl-a5"/>
      </object_component>
      <object_component id="oc-13b">
         <name>.text:__div</name>
         <load_address>0x824e40</load_address>
         <run_address>0x824e40</run_address>
         <size>0xe0</size>
         <input_file_ref idref="fl-ab"/>
      </object_component>
      <object_component id="oc-f4">
         <name>.text:__fltllif</name>
         <load_address>0x824f20</load_address>
         <run_address>0x824f20</run_address>
         <size>0xe0</size>
         <input_file_ref idref="fl-91"/>
      </object_component>
      <object_component id="oc-120">
         <name>.text:_atoi</name>
         <load_address>0x825000</load_address>
         <run_address>0x825000</run_address>
         <size>0xe0</size>
         <input_file_ref idref="fl-ad"/>
      </object_component>
      <object_component id="oc-11c">
         <name>.text:_close</name>
         <load_address>0x8250e0</load_address>
         <run_address>0x8250e0</run_address>
         <size>0xe0</size>
         <input_file_ref idref="fl-99"/>
      </object_component>
      <object_component id="oc-13d">
         <name>.text:_ltoa</name>
         <load_address>0x8251c0</load_address>
         <run_address>0x8251c0</run_address>
         <size>0xe0</size>
         <input_file_ref idref="fl-ba"/>
      </object_component>
      <object_component id="oc-117">
         <name>.text:_memset</name>
         <load_address>0x8252a0</load_address>
         <run_address>0x8252a0</run_address>
         <size>0xe0</size>
         <input_file_ref idref="fl-9c"/>
      </object_component>
      <object_component id="oc-f6">
         <name>.text:_printf</name>
         <load_address>0x825380</load_address>
         <run_address>0x825380</run_address>
         <size>0xe0</size>
         <input_file_ref idref="fl-a0"/>
      </object_component>
      <object_component id="oc-e0">
         <name>.text:_HOSTread</name>
         <load_address>0x825460</load_address>
         <run_address>0x825460</run_address>
         <size>0xc0</size>
         <input_file_ref idref="fl-a5"/>
      </object_component>
      <object_component id="oc-e3">
         <name>.text:_HOSTunlink</name>
         <load_address>0x825520</load_address>
         <run_address>0x825520</run_address>
         <size>0xc0</size>
         <input_file_ref idref="fl-a5"/>
      </object_component>
      <object_component id="oc-e1">
         <name>.text:_HOSTwrite</name>
         <load_address>0x8255e0</load_address>
         <run_address>0x8255e0</run_address>
         <size>0xc0</size>
         <input_file_ref idref="fl-a5"/>
      </object_component>
      <object_component id="oc-db">
         <name>.text:__auto_init</name>
         <load_address>0x8256a0</load_address>
         <run_address>0x8256a0</run_address>
         <size>0xc0</size>
         <input_file_ref idref="fl-ae"/>
      </object_component>
      <object_component id="oc-13f">
         <name>.text:__divu</name>
         <load_address>0x825760</load_address>
         <run_address>0x825760</run_address>
         <size>0xc0</size>
         <input_file_ref idref="fl-b3"/>
      </object_component>
      <object_component id="oc-11a">
         <name>.text:__doflush</name>
         <load_address>0x825820</load_address>
         <run_address>0x825820</run_address>
         <size>0xc0</size>
         <input_file_ref idref="fl-8f"/>
      </object_component>
      <object_component id="oc-dd">
         <name>.text:_exit</name>
         <load_address>0x8258e0</load_address>
         <run_address>0x8258e0</run_address>
         <size>0xc0</size>
         <input_file_ref idref="fl-8d"/>
      </object_component>
      <object_component id="oc-df">
         <name>.text:_HOSTclose</name>
         <load_address>0x8259a0</load_address>
         <run_address>0x8259a0</run_address>
         <size>0xa0</size>
         <input_file_ref idref="fl-a5"/>
      </object_component>
      <object_component id="oc-118">
         <name>.text:__cleanup</name>
         <load_address>0x825a40</load_address>
         <run_address>0x825a40</run_address>
         <size>0xa0</size>
         <input_file_ref idref="fl-92"/>
      </object_component>
      <object_component id="oc-143">
         <name>.text:__divli</name>
         <load_address>0x825ae0</load_address>
         <run_address>0x825ae0</run_address>
         <size>0xa0</size>
         <input_file_ref idref="fl-b7"/>
      </object_component>
      <object_component id="oc-137">
         <name>.text:__ecpy</name>
         <load_address>0x825b80</load_address>
         <run_address>0x825b80</run_address>
         <size>0xa0</size>
         <input_file_ref idref="fl-ab"/>
      </object_component>
      <object_component id="oc-13a">
         <name>.text:__fcpy</name>
         <load_address>0x825c20</load_address>
         <run_address>0x825c20</run_address>
         <size>0xa0</size>
         <input_file_ref idref="fl-ab"/>
      </object_component>
      <object_component id="oc-13c">
         <name>.text:__fixdli</name>
         <load_address>0x825cc0</load_address>
         <run_address>0x825cc0</run_address>
         <size>0xa0</size>
         <input_file_ref idref="fl-b4"/>
      </object_component>
      <object_component id="oc-103">
         <name>.text:__nround</name>
         <load_address>0x825d60</load_address>
         <run_address>0x825d60</run_address>
         <size>0xa0</size>
         <input_file_ref idref="fl-a3"/>
      </object_component>
      <object_component id="oc-12f">
         <name>.text:__pconv_f</name>
         <load_address>0x825e00</load_address>
         <run_address>0x825e00</run_address>
         <size>0xa0</size>
         <input_file_ref idref="fl-ab"/>
      </object_component>
      <object_component id="oc-e6">
         <name>.text:_copy_in</name>
         <load_address>0x825ea0</load_address>
         <run_address>0x825ea0</run_address>
         <size>0xa0</size>
         <input_file_ref idref="fl-b0"/>
      </object_component>
      <object_component id="oc-133">
         <name>.text:_finddevice</name>
         <load_address>0x825f40</load_address>
         <run_address>0x825f40</run_address>
         <size>0xa0</size>
         <input_file_ref idref="fl-99"/>
      </object_component>
      <object_component id="oc-134">
         <name>.text:_lseek</name>
         <load_address>0x825fe0</load_address>
         <run_address>0x825fe0</run_address>
         <size>0xa0</size>
         <input_file_ref idref="fl-99"/>
      </object_component>
      <object_component id="oc-e7">
         <name>.text:_memcpy</name>
         <load_address>0x826080</load_address>
         <run_address>0x826080</run_address>
         <size>0xa0</size>
         <input_file_ref idref="fl-9a"/>
      </object_component>
      <object_component id="oc-127">
         <name>.text:_minsert</name>
         <load_address>0x826120</load_address>
         <run_address>0x826120</run_address>
         <size>0xa0</size>
         <input_file_ref idref="fl-9b"/>
      </object_component>
      <object_component id="oc-104">
         <name>.text:_modf</name>
         <load_address>0x8261c0</load_address>
         <run_address>0x8261c0</run_address>
         <size>0xa0</size>
         <input_file_ref idref="fl-9d"/>
      </object_component>
      <object_component id="oc-126">
         <name>.text:_mremove</name>
         <load_address>0x826260</load_address>
         <run_address>0x826260</run_address>
         <size>0xa0</size>
         <input_file_ref idref="fl-9b"/>
      </object_component>
      <object_component id="oc-11f">
         <name>.text:_write</name>
         <load_address>0x826300</load_address>
         <run_address>0x826300</run_address>
         <size>0xa0</size>
         <input_file_ref idref="fl-99"/>
      </object_component>
      <object_component id="oc-13e">
         <name>.text:__fltlid</name>
         <load_address>0x8263a0</load_address>
         <run_address>0x8263a0</run_address>
         <size>0x80</size>
         <input_file_ref idref="fl-b5"/>
      </object_component>
      <object_component id="oc-106">
         <name>.text:__llshl</name>
         <load_address>0x826420</load_address>
         <run_address>0x826420</run_address>
         <size>0x80</size>
         <input_file_ref idref="fl-98"/>
      </object_component>
      <object_component id="oc-fd">
         <name>.text:__roundf</name>
         <load_address>0x8264a0</load_address>
         <run_address>0x8264a0</run_address>
         <size>0x80</size>
         <input_file_ref idref="fl-a4"/>
      </object_component>
      <object_component id="oc-1b">
         <name>.text:_c_int00</name>
         <load_address>0x826520</load_address>
         <run_address>0x826520</run_address>
         <size>0x80</size>
         <input_file_ref idref="fl-88"/>
      </object_component>
      <object_component id="oc-f7">
         <name>.text:_rand</name>
         <load_address>0x8265a0</load_address>
         <run_address>0x8265a0</run_address>
         <size>0x80</size>
         <input_file_ref idref="fl-a1"/>
      </object_component>
      <object_component id="oc-ec">
         <name>.text:_readmsg</name>
         <load_address>0x826620</load_address>
         <run_address>0x826620</run_address>
         <size>0x80</size>
         <input_file_ref idref="fl-a6"/>
      </object_component>
      <object_component id="oc-128">
         <name>.text:_unlink</name>
         <load_address>0x8266a0</load_address>
         <run_address>0x8266a0</run_address>
         <size>0x80</size>
         <input_file_ref idref="fl-99"/>
      </object_component>
      <object_component id="oc-e8">
         <name>.text:___TI_cpp_init</name>
         <load_address>0x826720</load_address>
         <run_address>0x826720</run_address>
         <size>0x60</size>
         <input_file_ref idref="fl-af"/>
      </object_component>
      <object_component id="oc-110">
         <name>.text:__frcmpyd_div</name>
         <load_address>0x826780</load_address>
         <run_address>0x826780</run_address>
         <size>0x60</size>
         <input_file_ref idref="fl-96"/>
      </object_component>
      <object_component id="oc-107">
         <name>.text:__llshru</name>
         <load_address>0x8267e0</load_address>
         <run_address>0x8267e0</run_address>
         <size>0x60</size>
         <input_file_ref idref="fl-98"/>
      </object_component>
      <object_component id="oc-144">
         <name>.text:__subcull</name>
         <load_address>0x826840</load_address>
         <run_address>0x826840</run_address>
         <size>0x60</size>
         <input_file_ref idref="fl-b8"/>
      </object_component>
      <object_component id="oc-fa">
         <name>.text:_fclose</name>
         <load_address>0x8268a0</load_address>
         <run_address>0x8268a0</run_address>
         <size>0x60</size>
         <input_file_ref idref="fl-8e"/>
      </object_component>
      <object_component id="oc-f8">
         <name>.text:_fopen</name>
         <load_address>0x826900</load_address>
         <run_address>0x826900</run_address>
         <size>0x60</size>
         <input_file_ref idref="fl-92"/>
      </object_component>
      <object_component id="oc-123">
         <name>.text:_memccpy</name>
         <load_address>0x826960</load_address>
         <run_address>0x826960</run_address>
         <size>0x60</size>
         <input_file_ref idref="fl-bb"/>
      </object_component>
      <object_component id="oc-fe">
         <name>.text:_modff</name>
         <load_address>0x8269c0</load_address>
         <run_address>0x8269c0</run_address>
         <size>0x60</size>
         <input_file_ref idref="fl-9e"/>
      </object_component>
      <object_component id="oc-fb">
         <name>.text:_srand</name>
         <load_address>0x826a20</load_address>
         <run_address>0x826a20</run_address>
         <size>0x60</size>
         <input_file_ref idref="fl-a1"/>
      </object_component>
      <object_component id="oc-124">
         <name>.text:_tabinit</name>
         <load_address>0x826a80</load_address>
         <run_address>0x826a80</run_address>
         <size>0x60</size>
         <input_file_ref idref="fl-99"/>
      </object_component>
      <object_component id="oc-eb">
         <name>.text:_writemsg</name>
         <load_address>0x826ae0</load_address>
         <run_address>0x826ae0</run_address>
         <size>0x60</size>
         <input_file_ref idref="fl-a6"/>
      </object_component>
      <object_component id="oc-12d">
         <name>.text:___isinf</name>
         <load_address>0x826b40</load_address>
         <run_address>0x826b40</run_address>
         <size>0x40</size>
         <input_file_ref idref="fl-b9"/>
      </object_component>
      <object_component id="oc-12c">
         <name>.text:___isnan</name>
         <load_address>0x826b80</load_address>
         <run_address>0x826b80</run_address>
         <size>0x40</size>
         <input_file_ref idref="fl-ab"/>
      </object_component>
      <object_component id="oc-dc">
         <name>.text:__args_main</name>
         <load_address>0x826bc0</load_address>
         <run_address>0x826bc0</run_address>
         <size>0x40</size>
         <input_file_ref idref="fl-ac"/>
      </object_component>
      <object_component id="oc-142">
         <name>.text:__remli</name>
         <load_address>0x826c00</load_address>
         <run_address>0x826c00</run_address>
         <size>0x40</size>
         <input_file_ref idref="fl-b7"/>
      </object_component>
      <object_component id="oc-100">
         <name>.text:___isinff</name>
         <load_address>0x826c40</load_address>
         <run_address>0x826c40</run_address>
         <size>0x20</size>
         <input_file_ref idref="fl-97"/>
      </object_component>
      <object_component id="oc-105">
         <name>.text:__negll</name>
         <load_address>0x826c60</load_address>
         <run_address>0x826c60</run_address>
         <size>0x20</size>
         <input_file_ref idref="fl-9f"/>
      </object_component>
      <object_component id="oc-e5">
         <name>.text:__nop</name>
         <load_address>0x826c80</load_address>
         <run_address>0x826c80</run_address>
         <size>0x20</size>
         <input_file_ref idref="fl-aa"/>
      </object_component>
      <object_component id="oc-10e">
         <name>.text:__outc</name>
         <load_address>0x826ca0</load_address>
         <run_address>0x826ca0</run_address>
         <size>0x20</size>
         <input_file_ref idref="fl-93"/>
      </object_component>
      <object_component id="oc-10a">
         <name>.text:__outc</name>
         <load_address>0x826cc0</load_address>
         <run_address>0x826cc0</run_address>
         <size>0x20</size>
         <input_file_ref idref="fl-a0"/>
      </object_component>
      <object_component id="oc-10d">
         <name>.text:__outs</name>
         <load_address>0x826ce0</load_address>
         <run_address>0x826ce0</run_address>
         <size>0x20</size>
         <input_file_ref idref="fl-93"/>
      </object_component>
      <object_component id="oc-108">
         <name>.text:__outs</name>
         <load_address>0x826d00</load_address>
         <run_address>0x826d00</run_address>
         <size>0x20</size>
         <input_file_ref idref="fl-a0"/>
      </object_component>
      <object_component id="oc-102">
         <name>.text:__trunc</name>
         <load_address>0x826d20</load_address>
         <run_address>0x826d20</run_address>
         <size>0x20</size>
         <input_file_ref idref="fl-a7"/>
      </object_component>
      <object_component id="oc-fc">
         <name>.text:__truncf</name>
         <load_address>0x826d40</load_address>
         <run_address>0x826d40</run_address>
         <size>0x20</size>
         <input_file_ref idref="fl-a8"/>
      </object_component>
      <object_component id="oc-ea">
         <name>.text:_abort</name>
         <load_address>0x826d60</load_address>
         <run_address>0x826d60</run_address>
         <size>0x20</size>
         <input_file_ref idref="fl-8d"/>
      </object_component>
      <object_component id="oc-11d">
         <name>.text:_remove</name>
         <load_address>0x826d80</load_address>
         <run_address>0x826d80</run_address>
         <size>0x20</size>
         <input_file_ref idref="fl-a2"/>
      </object_component>
      <object_component id="oc-165">
         <name>$Tramp$S$$_cossp_v</name>
         <load_address>0x826da0</load_address>
         <run_address>0x826da0</run_address>
         <size>0x10</size>
         <input_file_ref idref="fl-10"/>
      </object_component>
      <object_component id="oc-164">
         <name>$Tramp$S$$_cossp_c</name>
         <load_address>0x826db0</load_address>
         <run_address>0x826db0</run_address>
         <size>0x10</size>
         <input_file_ref idref="fl-f"/>
      </object_component>
      <object_component id="oc-163">
         <name>$Tramp$S$$_cossp</name>
         <load_address>0x826dc0</load_address>
         <run_address>0x826dc0</run_address>
         <size>0x10</size>
         <input_file_ref idref="fl-e"/>
      </object_component>
      <object_component id="oc-1d">
         <name>.far</name>
         <uninitialized>true</uninitialized>
         <run_address>0x800000</run_address>
         <size>0x11c80</size>
         <input_file_ref idref="fl-2"/>
      </object_component>
      <object_component id="oc-b8">
         <name>.far</name>
         <uninitialized>true</uninitialized>
         <run_address>0x811c80</run_address>
         <size>0x324</size>
         <input_file_ref idref="fl-b2"/>
      </object_component>
      <object_component id="oc-4a">
         <name>.far</name>
         <uninitialized>true</uninitialized>
         <run_address>0x811fa4</run_address>
         <size>0x4</size>
         <input_file_ref idref="fl-92"/>
      </object_component>
      <object_component id="oc-62">
         <name>.far</name>
         <uninitialized>true</uninitialized>
         <run_address>0x811fa8</run_address>
         <size>0x11c</size>
         <input_file_ref idref="fl-99"/>
      </object_component>
      <object_component id="oc-1e">
         <name>.far</name>
         <uninitialized>true</uninitialized>
         <run_address>0x8120c8</run_address>
         <size>0x60</size>
         <input_file_ref idref="fl-3"/>
      </object_component>
      <object_component id="oc-29">
         <name>.far</name>
         <uninitialized>true</uninitialized>
         <run_address>0x812128</run_address>
         <size>0x40</size>
         <input_file_ref idref="fl-89"/>
      </object_component>
      <object_component id="oc-21">
         <name>.far</name>
         <uninitialized>true</uninitialized>
         <run_address>0x812168</run_address>
         <size>0x28</size>
         <input_file_ref idref="fl-4"/>
      </object_component>
      <object_component id="oc-2e">
         <name>.far</name>
         <uninitialized>true</uninitialized>
         <run_address>0x812190</run_address>
         <size>0x10</size>
         <input_file_ref idref="fl-8a"/>
      </object_component>
      <object_component id="oc-39">
         <name>.far</name>
         <uninitialized>true</uninitialized>
         <run_address>0x8121a0</run_address>
         <size>0xc</size>
         <input_file_ref idref="fl-8d"/>
      </object_component>
      <object_component id="oc-9e">
         <name>.far</name>
         <uninitialized>true</uninitialized>
         <run_address>0x8121ac</run_address>
         <size>0x8</size>
         <input_file_ref idref="fl-aa"/>
      </object_component>
      <object_component id="oc-6a">
         <name>.far</name>
         <uninitialized>true</uninitialized>
         <run_address>0x8121b4</run_address>
         <size>0x8</size>
         <input_file_ref idref="fl-9b"/>
      </object_component>
      <object_component id="oc-7f">
         <name>.far</name>
         <uninitialized>true</uninitialized>
         <run_address>0x8121c0</run_address>
         <size>0x8</size>
         <input_file_ref idref="fl-a1"/>
      </object_component>
      <object_component id="oc-8c">
         <name>.far</name>
         <uninitialized>true</uninitialized>
         <run_address>0x8121c8</run_address>
         <size>0x8</size>
         <input_file_ref idref="fl-a5"/>
      </object_component>
      <object_component id="oc-24">
         <name>.stack</name>
         <uninitialized>true</uninitialized>
         <run_address>0x8121d0</run_address>
         <size>0x8</size>
         <input_file_ref idref="fl-88"/>
      </object_component>
      <object_component id="oc-161">
         <name>.stack</name>
         <uninitialized>true</uninitialized>
         <run_address>0x8121d0</run_address>
         <size>0x0</size>
      </object_component>
      <object_component id="oc-6b">
         <name>.sysmem</name>
         <uninitialized>true</uninitialized>
         <run_address>0x826de0</run_address>
         <size>0x8</size>
         <input_file_ref idref="fl-9b"/>
      </object_component>
      <object_component id="oc-162">
         <name>.sysmem</name>
         <uninitialized>true</uninitialized>
         <run_address>0x826de0</run_address>
         <size>0x0</size>
      </object_component>
      <object_component id="oc-b7">
         <name>.cinit</name>
         <load_address>0x82f168</load_address>
         <run_address>0x82f168</run_address>
         <size>0x5c</size>
         <input_file_ref idref="fl-b2"/>
      </object_component>
      <object_component id="oc-61">
         <name>.cinit</name>
         <load_address>0x82f1c8</load_address>
         <run_address>0x82f1c8</run_address>
         <size>0x5c</size>
         <input_file_ref idref="fl-99"/>
      </object_component>
      <object_component id="oc-28">
         <name>.cinit</name>
         <load_address>0x82f228</load_address>
         <run_address>0x82f228</run_address>
         <size>0x48</size>
         <input_file_ref idref="fl-89"/>
      </object_component>
      <object_component id="oc-20">
         <name>.cinit</name>
         <load_address>0x82f270</load_address>
         <run_address>0x82f270</run_address>
         <size>0x30</size>
         <input_file_ref idref="fl-4"/>
      </object_component>
      <object_component id="oc-1c">
         <name>.cinit</name>
         <load_address>0x82f2a0</load_address>
         <run_address>0x82f2a0</run_address>
         <size>0x30</size>
         <input_file_ref idref="fl-2"/>
      </object_component>
      <object_component id="oc-38">
         <name>.cinit</name>
         <load_address>0x82f2d0</load_address>
         <run_address>0x82f2d0</run_address>
         <size>0x2c</size>
         <input_file_ref idref="fl-8d"/>
      </object_component>
      <object_component id="oc-69">
         <name>.cinit</name>
         <load_address>0x82f300</load_address>
         <run_address>0x82f300</run_address>
         <size>0x2c</size>
         <input_file_ref idref="fl-9b"/>
      </object_component>
      <object_component id="oc-9d">
         <name>.cinit</name>
         <load_address>0x82f330</load_address>
         <run_address>0x82f330</run_address>
         <size>0x1c</size>
         <input_file_ref idref="fl-aa"/>
      </object_component>
      <object_component id="oc-2d">
         <name>.cinit</name>
         <load_address>0x82f350</load_address>
         <run_address>0x82f350</run_address>
         <size>0x18</size>
         <input_file_ref idref="fl-8a"/>
      </object_component>
      <object_component id="oc-7e">
         <name>.cinit</name>
         <load_address>0x82f368</load_address>
         <run_address>0x82f368</run_address>
         <size>0x10</size>
         <input_file_ref idref="fl-a1"/>
      </object_component>
      <object_component id="oc-49">
         <name>.cinit</name>
         <load_address>0x82f378</load_address>
         <run_address>0x82f378</run_address>
         <size>0xc</size>
         <input_file_ref idref="fl-92"/>
      </object_component>
      <object_component id="oc-1f">
         <name>.const:.string</name>
         <load_address>0x82ede0</load_address>
         <run_address>0x82ede0</run_address>
         <size>0x203</size>
         <input_file_ref idref="fl-3"/>
      </object_component>
      <object_component id="oc-54">
         <name>.const:.string</name>
         <load_address>0x82efe3</load_address>
         <run_address>0x82efe3</run_address>
         <size>0x2</size>
         <input_file_ref idref="fl-95"/>
      </object_component>
      <object_component id="oc-12b">
         <name>.const:.string:__ctypes_</name>
         <load_address>0x82efe8</load_address>
         <run_address>0x82efe8</run_address>
         <size>0x101</size>
         <input_file_ref idref="fl-b1"/>
      </object_component>
      <object_component id="oc-22">
         <name>.const:.string</name>
         <load_address>0x82f0e9</load_address>
         <run_address>0x82f0e9</run_address>
         <size>0x59</size>
         <input_file_ref idref="fl-4"/>
      </object_component>
      <object_component id="oc-a2">
         <name>.const:.string</name>
         <load_address>0x82f142</load_address>
         <run_address>0x82f142</run_address>
         <size>0x23</size>
         <input_file_ref idref="fl-ab"/>
      </object_component>
      <object_component id="oc-90">
         <name>.cio</name>
         <uninitialized>true</uninitialized>
         <run_address>0x82f38c</run_address>
         <size>0x120</size>
         <input_file_ref idref="fl-a6"/>
      </object_component>
      <object_component id="oc-23">
         <name>.debug_info</name>
         <load_address>0x0</load_address>
         <run_address>0x0</run_address>
         <size>0x70a</size>
         <input_file_ref idref="fl-88"/>
      </object_component>
      <object_component id="oc-27">
         <name>.debug_info</name>
         <load_address>0x70a</load_address>
         <run_address>0x70a</run_address>
         <size>0x70d</size>
         <input_file_ref idref="fl-89"/>
      </object_component>
      <object_component id="oc-2c">
         <name>.debug_info</name>
         <load_address>0xe17</load_address>
         <run_address>0xe17</run_address>
         <size>0x6b5</size>
         <input_file_ref idref="fl-8a"/>
      </object_component>
      <object_component id="oc-31">
         <name>.debug_info</name>
         <load_address>0x14cc</load_address>
         <run_address>0x14cc</run_address>
         <size>0x982</size>
         <input_file_ref idref="fl-8b"/>
      </object_component>
      <object_component id="oc-34">
         <name>.debug_info</name>
         <load_address>0x1e4e</load_address>
         <run_address>0x1e4e</run_address>
         <size>0x8cd</size>
         <input_file_ref idref="fl-8c"/>
      </object_component>
      <object_component id="oc-37">
         <name>.debug_info</name>
         <load_address>0x271b</load_address>
         <run_address>0x271b</run_address>
         <size>0x7f1</size>
         <input_file_ref idref="fl-8d"/>
      </object_component>
      <object_component id="oc-3c">
         <name>.debug_info</name>
         <load_address>0x2f0c</load_address>
         <run_address>0x2f0c</run_address>
         <size>0x87f</size>
         <input_file_ref idref="fl-8e"/>
      </object_component>
      <object_component id="oc-3f">
         <name>.debug_info</name>
         <load_address>0x378b</load_address>
         <run_address>0x378b</run_address>
         <size>0x780</size>
         <input_file_ref idref="fl-8f"/>
      </object_component>
      <object_component id="oc-42">
         <name>.debug_info</name>
         <load_address>0x3f0b</load_address>
         <run_address>0x3f0b</run_address>
         <size>0x6b6</size>
         <input_file_ref idref="fl-90"/>
      </object_component>
      <object_component id="oc-45">
         <name>.debug_info</name>
         <load_address>0x45c1</load_address>
         <run_address>0x45c1</run_address>
         <size>0x68e</size>
         <input_file_ref idref="fl-91"/>
      </object_component>
      <object_component id="oc-48">
         <name>.debug_info</name>
         <load_address>0x4c4f</load_address>
         <run_address>0x4c4f</run_address>
         <size>0xaf8</size>
         <input_file_ref idref="fl-92"/>
      </object_component>
      <object_component id="oc-4d">
         <name>.debug_info</name>
         <load_address>0x5747</load_address>
         <run_address>0x5747</run_address>
         <size>0x8f7</size>
         <input_file_ref idref="fl-93"/>
      </object_component>
      <object_component id="oc-50">
         <name>.debug_info</name>
         <load_address>0x603e</load_address>
         <run_address>0x603e</run_address>
         <size>0x829</size>
         <input_file_ref idref="fl-94"/>
      </object_component>
      <object_component id="oc-53">
         <name>.debug_info</name>
         <load_address>0x6867</load_address>
         <run_address>0x6867</run_address>
         <size>0xb85</size>
         <input_file_ref idref="fl-95"/>
      </object_component>
      <object_component id="oc-57">
         <name>.debug_info</name>
         <load_address>0x73ec</load_address>
         <run_address>0x73ec</run_address>
         <size>0x66b</size>
         <input_file_ref idref="fl-96"/>
      </object_component>
      <object_component id="oc-5a">
         <name>.debug_info</name>
         <load_address>0x7a57</load_address>
         <run_address>0x7a57</run_address>
         <size>0x81a</size>
         <input_file_ref idref="fl-97"/>
      </object_component>
      <object_component id="oc-5d">
         <name>.debug_info</name>
         <load_address>0x8271</load_address>
         <run_address>0x8271</run_address>
         <size>0x700</size>
         <input_file_ref idref="fl-98"/>
      </object_component>
      <object_component id="oc-60">
         <name>.debug_info</name>
         <load_address>0x8971</load_address>
         <run_address>0x8971</run_address>
         <size>0x1161</size>
         <input_file_ref idref="fl-99"/>
      </object_component>
      <object_component id="oc-65">
         <name>.debug_info</name>
         <load_address>0x9ad2</load_address>
         <run_address>0x9ad2</run_address>
         <size>0xe4</size>
         <input_file_ref idref="fl-9a"/>
      </object_component>
      <object_component id="oc-68">
         <name>.debug_info</name>
         <load_address>0x9bb6</load_address>
         <run_address>0x9bb6</run_address>
         <size>0xb3f</size>
         <input_file_ref idref="fl-9b"/>
      </object_component>
      <object_component id="oc-6e">
         <name>.debug_info</name>
         <load_address>0xa6f5</load_address>
         <run_address>0xa6f5</run_address>
         <size>0x7cf</size>
         <input_file_ref idref="fl-9c"/>
      </object_component>
      <object_component id="oc-71">
         <name>.debug_info</name>
         <load_address>0xaec4</load_address>
         <run_address>0xaec4</run_address>
         <size>0x67f</size>
         <input_file_ref idref="fl-9d"/>
      </object_component>
      <object_component id="oc-74">
         <name>.debug_info</name>
         <load_address>0xb543</load_address>
         <run_address>0xb543</run_address>
         <size>0x66d</size>
         <input_file_ref idref="fl-9e"/>
      </object_component>
      <object_component id="oc-77">
         <name>.debug_info</name>
         <load_address>0xbbb0</load_address>
         <run_address>0xbbb0</run_address>
         <size>0x617</size>
         <input_file_ref idref="fl-9f"/>
      </object_component>
      <object_component id="oc-7a">
         <name>.debug_info</name>
         <load_address>0xc1c7</load_address>
         <run_address>0xc1c7</run_address>
         <size>0x901</size>
         <input_file_ref idref="fl-a0"/>
      </object_component>
      <object_component id="oc-7d">
         <name>.debug_info</name>
         <load_address>0xcac8</load_address>
         <run_address>0xcac8</run_address>
         <size>0x6c6</size>
         <input_file_ref idref="fl-a1"/>
      </object_component>
      <object_component id="oc-82">
         <name>.debug_info</name>
         <load_address>0xd18e</load_address>
         <run_address>0xd18e</run_address>
         <size>0x663</size>
         <input_file_ref idref="fl-a2"/>
      </object_component>
      <object_component id="oc-85">
         <name>.debug_info</name>
         <load_address>0xd7f1</load_address>
         <run_address>0xd7f1</run_address>
         <size>0x652</size>
         <input_file_ref idref="fl-a3"/>
      </object_component>
      <object_component id="oc-88">
         <name>.debug_info</name>
         <load_address>0xde43</load_address>
         <run_address>0xde43</run_address>
         <size>0x658</size>
         <input_file_ref idref="fl-a4"/>
      </object_component>
      <object_component id="oc-8b">
         <name>.debug_info</name>
         <load_address>0xe49b</load_address>
         <run_address>0xe49b</run_address>
         <size>0xf13</size>
         <input_file_ref idref="fl-a5"/>
      </object_component>
      <object_component id="oc-8f">
         <name>.debug_info</name>
         <load_address>0xf3ae</load_address>
         <run_address>0xf3ae</run_address>
         <size>0x8d0</size>
         <input_file_ref idref="fl-a6"/>
      </object_component>
      <object_component id="oc-93">
         <name>.debug_info</name>
         <load_address>0xfc7e</load_address>
         <run_address>0xfc7e</run_address>
         <size>0x650</size>
         <input_file_ref idref="fl-a7"/>
      </object_component>
      <object_component id="oc-96">
         <name>.debug_info</name>
         <load_address>0x102ce</load_address>
         <run_address>0x102ce</run_address>
         <size>0x658</size>
         <input_file_ref idref="fl-a8"/>
      </object_component>
      <object_component id="oc-99">
         <name>.debug_info</name>
         <load_address>0x10926</load_address>
         <run_address>0x10926</run_address>
         <size>0x759</size>
         <input_file_ref idref="fl-a9"/>
      </object_component>
      <object_component id="oc-9c">
         <name>.debug_info</name>
         <load_address>0x1107f</load_address>
         <run_address>0x1107f</run_address>
         <size>0x64b</size>
         <input_file_ref idref="fl-aa"/>
      </object_component>
      <object_component id="oc-a1">
         <name>.debug_info</name>
         <load_address>0x116ca</load_address>
         <run_address>0x116ca</run_address>
         <size>0x2bb9</size>
         <input_file_ref idref="fl-ab"/>
      </object_component>
      <object_component id="oc-a5">
         <name>.debug_info</name>
         <load_address>0x14283</load_address>
         <run_address>0x14283</run_address>
         <size>0x6e0</size>
         <input_file_ref idref="fl-ac"/>
      </object_component>
      <object_component id="oc-a8">
         <name>.debug_info</name>
         <load_address>0x14963</load_address>
         <run_address>0x14963</run_address>
         <size>0x721</size>
         <input_file_ref idref="fl-ad"/>
      </object_component>
      <object_component id="oc-ab">
         <name>.debug_info</name>
         <load_address>0x15084</load_address>
         <run_address>0x15084</run_address>
         <size>0x870</size>
         <input_file_ref idref="fl-ae"/>
      </object_component>
      <object_component id="oc-ae">
         <name>.debug_info</name>
         <load_address>0x158f4</load_address>
         <run_address>0x158f4</run_address>
         <size>0x6e8</size>
         <input_file_ref idref="fl-af"/>
      </object_component>
      <object_component id="oc-b1">
         <name>.debug_info</name>
         <load_address>0x15fdc</load_address>
         <run_address>0x15fdc</run_address>
         <size>0x7de</size>
         <input_file_ref idref="fl-b0"/>
      </object_component>
      <object_component id="oc-b4">
         <name>.debug_info</name>
         <load_address>0x167ba</load_address>
         <run_address>0x167ba</run_address>
         <size>0x5f9</size>
         <input_file_ref idref="fl-b1"/>
      </object_component>
      <object_component id="oc-b6">
         <name>.debug_info</name>
         <load_address>0x16db3</load_address>
         <run_address>0x16db3</run_address>
         <size>0x6e6</size>
         <input_file_ref idref="fl-b2"/>
      </object_component>
      <object_component id="oc-ba">
         <name>.debug_info</name>
         <load_address>0x17499</load_address>
         <run_address>0x17499</run_address>
         <size>0xd5</size>
         <input_file_ref idref="fl-b3"/>
      </object_component>
      <object_component id="oc-bd">
         <name>.debug_info</name>
         <load_address>0x1756e</load_address>
         <run_address>0x1756e</run_address>
         <size>0x690</size>
         <input_file_ref idref="fl-b4"/>
      </object_component>
      <object_component id="oc-c0">
         <name>.debug_info</name>
         <load_address>0x17bfe</load_address>
         <run_address>0x17bfe</run_address>
         <size>0x6a9</size>
         <input_file_ref idref="fl-b5"/>
      </object_component>
      <object_component id="oc-c3">
         <name>.debug_info</name>
         <load_address>0x182a7</load_address>
         <run_address>0x182a7</run_address>
         <size>0x7b8</size>
         <input_file_ref idref="fl-b6"/>
      </object_component>
      <object_component id="oc-c6">
         <name>.debug_info</name>
         <load_address>0x18a5f</load_address>
         <run_address>0x18a5f</run_address>
         <size>0x7bc</size>
         <input_file_ref idref="fl-b7"/>
      </object_component>
      <object_component id="oc-c9">
         <name>.debug_info</name>
         <load_address>0x1921b</load_address>
         <run_address>0x1921b</run_address>
         <size>0x7b7</size>
         <input_file_ref idref="fl-b8"/>
      </object_component>
      <object_component id="oc-cc">
         <name>.debug_info</name>
         <load_address>0x199d2</load_address>
         <run_address>0x199d2</run_address>
         <size>0x815</size>
         <input_file_ref idref="fl-b9"/>
      </object_component>
      <object_component id="oc-cf">
         <name>.debug_info</name>
         <load_address>0x1a1e7</load_address>
         <run_address>0x1a1e7</run_address>
         <size>0x748</size>
         <input_file_ref idref="fl-ba"/>
      </object_component>
      <object_component id="oc-d2">
         <name>.debug_info</name>
         <load_address>0x1a92f</load_address>
         <run_address>0x1a92f</run_address>
         <size>0x6eb</size>
         <input_file_ref idref="fl-bb"/>
      </object_component>
      <object_component id="oc-d5">
         <name>.debug_info</name>
         <load_address>0x1b01a</load_address>
         <run_address>0x1b01a</run_address>
         <size>0x80b</size>
         <input_file_ref idref="fl-bc"/>
      </object_component>
      <object_component id="oc-d8">
         <name>.debug_info</name>
         <load_address>0x1b825</load_address>
         <run_address>0x1b825</run_address>
         <size>0x5cb</size>
         <input_file_ref idref="fl-bd"/>
      </object_component>
      <object_component id="oc-16a">
         <name>.debug_info</name>
         <load_address>0x1bdf0</load_address>
         <run_address>0x1bdf0</run_address>
         <size>0x100</size>
      </object_component>
      <object_component id="oc-25">
         <name>.debug_line</name>
         <load_address>0x0</load_address>
         <run_address>0x0</run_address>
         <size>0x3d</size>
         <input_file_ref idref="fl-88"/>
      </object_component>
      <object_component id="oc-2a">
         <name>.debug_line</name>
         <load_address>0x3d</load_address>
         <run_address>0x3d</run_address>
         <size>0x54</size>
         <input_file_ref idref="fl-89"/>
      </object_component>
      <object_component id="oc-2f">
         <name>.debug_line</name>
         <load_address>0x91</load_address>
         <run_address>0x91</run_address>
         <size>0x3c</size>
         <input_file_ref idref="fl-8a"/>
      </object_component>
      <object_component id="oc-32">
         <name>.debug_line</name>
         <load_address>0xcd</load_address>
         <run_address>0xcd</run_address>
         <size>0x3c</size>
         <input_file_ref idref="fl-8b"/>
      </object_component>
      <object_component id="oc-35">
         <name>.debug_line</name>
         <load_address>0x109</load_address>
         <run_address>0x109</run_address>
         <size>0x3c</size>
         <input_file_ref idref="fl-8c"/>
      </object_component>
      <object_component id="oc-3a">
         <name>.debug_line</name>
         <load_address>0x145</load_address>
         <run_address>0x145</run_address>
         <size>0x4f</size>
         <input_file_ref idref="fl-8d"/>
      </object_component>
      <object_component id="oc-3d">
         <name>.debug_line</name>
         <load_address>0x194</load_address>
         <run_address>0x194</run_address>
         <size>0x53</size>
         <input_file_ref idref="fl-8e"/>
      </object_component>
      <object_component id="oc-40">
         <name>.debug_line</name>
         <load_address>0x1e7</load_address>
         <run_address>0x1e7</run_address>
         <size>0x3e</size>
         <input_file_ref idref="fl-8f"/>
      </object_component>
      <object_component id="oc-43">
         <name>.debug_line</name>
         <load_address>0x225</load_address>
         <run_address>0x225</run_address>
         <size>0x3d</size>
         <input_file_ref idref="fl-90"/>
      </object_component>
      <object_component id="oc-46">
         <name>.debug_line</name>
         <load_address>0x262</load_address>
         <run_address>0x262</run_address>
         <size>0x3d</size>
         <input_file_ref idref="fl-91"/>
      </object_component>
      <object_component id="oc-4b">
         <name>.debug_line</name>
         <load_address>0x29f</load_address>
         <run_address>0x29f</run_address>
         <size>0x92</size>
         <input_file_ref idref="fl-92"/>
      </object_component>
      <object_component id="oc-4e">
         <name>.debug_line</name>
         <load_address>0x331</load_address>
         <run_address>0x331</run_address>
         <size>0x6b</size>
         <input_file_ref idref="fl-93"/>
      </object_component>
      <object_component id="oc-51">
         <name>.debug_line</name>
         <load_address>0x39c</load_address>
         <run_address>0x39c</run_address>
         <size>0x3f</size>
         <input_file_ref idref="fl-94"/>
      </object_component>
      <object_component id="oc-55">
         <name>.debug_line</name>
         <load_address>0x3db</load_address>
         <run_address>0x3db</run_address>
         <size>0xaf</size>
         <input_file_ref idref="fl-95"/>
      </object_component>
      <object_component id="oc-58">
         <name>.debug_line</name>
         <load_address>0x48a</load_address>
         <run_address>0x48a</run_address>
         <size>0x3e</size>
         <input_file_ref idref="fl-96"/>
      </object_component>
      <object_component id="oc-5b">
         <name>.debug_line</name>
         <load_address>0x4c8</load_address>
         <run_address>0x4c8</run_address>
         <size>0x39</size>
         <input_file_ref idref="fl-97"/>
      </object_component>
      <object_component id="oc-5e">
         <name>.debug_line</name>
         <load_address>0x501</load_address>
         <run_address>0x501</run_address>
         <size>0x56</size>
         <input_file_ref idref="fl-98"/>
      </object_component>
      <object_component id="oc-63">
         <name>.debug_line</name>
         <load_address>0x557</load_address>
         <run_address>0x557</run_address>
         <size>0x14a</size>
         <input_file_ref idref="fl-99"/>
      </object_component>
      <object_component id="oc-66">
         <name>.debug_line</name>
         <load_address>0x6a1</load_address>
         <run_address>0x6a1</run_address>
         <size>0x4a</size>
         <input_file_ref idref="fl-9a"/>
      </object_component>
      <object_component id="oc-6c">
         <name>.debug_line</name>
         <load_address>0x6eb</load_address>
         <run_address>0x6eb</run_address>
         <size>0xa7</size>
         <input_file_ref idref="fl-9b"/>
      </object_component>
      <object_component id="oc-6f">
         <name>.debug_line</name>
         <load_address>0x792</load_address>
         <run_address>0x792</run_address>
         <size>0x46</size>
         <input_file_ref idref="fl-9c"/>
      </object_component>
      <object_component id="oc-72">
         <name>.debug_line</name>
         <load_address>0x7d8</load_address>
         <run_address>0x7d8</run_address>
         <size>0x37</size>
         <input_file_ref idref="fl-9d"/>
      </object_component>
      <object_component id="oc-75">
         <name>.debug_line</name>
         <load_address>0x80f</load_address>
         <run_address>0x80f</run_address>
         <size>0x38</size>
         <input_file_ref idref="fl-9e"/>
      </object_component>
      <object_component id="oc-78">
         <name>.debug_line</name>
         <load_address>0x847</load_address>
         <run_address>0x847</run_address>
         <size>0x39</size>
         <input_file_ref idref="fl-9f"/>
      </object_component>
      <object_component id="oc-7b">
         <name>.debug_line</name>
         <load_address>0x880</load_address>
         <run_address>0x880</run_address>
         <size>0x6a</size>
         <input_file_ref idref="fl-a0"/>
      </object_component>
      <object_component id="oc-80">
         <name>.debug_line</name>
         <load_address>0x8ea</load_address>
         <run_address>0x8ea</run_address>
         <size>0x51</size>
         <input_file_ref idref="fl-a1"/>
      </object_component>
      <object_component id="oc-83">
         <name>.debug_line</name>
         <load_address>0x93b</load_address>
         <run_address>0x93b</run_address>
         <size>0x39</size>
         <input_file_ref idref="fl-a2"/>
      </object_component>
      <object_component id="oc-86">
         <name>.debug_line</name>
         <load_address>0x974</load_address>
         <run_address>0x974</run_address>
         <size>0x38</size>
         <input_file_ref idref="fl-a3"/>
      </object_component>
      <object_component id="oc-89">
         <name>.debug_line</name>
         <load_address>0x9ac</load_address>
         <run_address>0x9ac</run_address>
         <size>0x39</size>
         <input_file_ref idref="fl-a4"/>
      </object_component>
      <object_component id="oc-8d">
         <name>.debug_line</name>
         <load_address>0x9e5</load_address>
         <run_address>0x9e5</run_address>
         <size>0x140</size>
         <input_file_ref idref="fl-a5"/>
      </object_component>
      <object_component id="oc-91">
         <name>.debug_line</name>
         <load_address>0xb25</load_address>
         <run_address>0xb25</run_address>
         <size>0x66</size>
         <input_file_ref idref="fl-a6"/>
      </object_component>
      <object_component id="oc-94">
         <name>.debug_line</name>
         <load_address>0xb8b</load_address>
         <run_address>0xb8b</run_address>
         <size>0x38</size>
         <input_file_ref idref="fl-a7"/>
      </object_component>
      <object_component id="oc-97">
         <name>.debug_line</name>
         <load_address>0xbc3</load_address>
         <run_address>0xbc3</run_address>
         <size>0x39</size>
         <input_file_ref idref="fl-a8"/>
      </object_component>
      <object_component id="oc-9a">
         <name>.debug_line</name>
         <load_address>0xbfc</load_address>
         <run_address>0xbfc</run_address>
         <size>0x40</size>
         <input_file_ref idref="fl-a9"/>
      </object_component>
      <object_component id="oc-9f">
         <name>.debug_line</name>
         <load_address>0xc3c</load_address>
         <run_address>0xc3c</run_address>
         <size>0x35</size>
         <input_file_ref idref="fl-aa"/>
      </object_component>
      <object_component id="oc-a3">
         <name>.debug_line</name>
         <load_address>0xc71</load_address>
         <run_address>0xc71</run_address>
         <size>0x34e</size>
         <input_file_ref idref="fl-ab"/>
      </object_component>
      <object_component id="oc-a6">
         <name>.debug_line</name>
         <load_address>0xfbf</load_address>
         <run_address>0xfbf</run_address>
         <size>0x3f</size>
         <input_file_ref idref="fl-ac"/>
      </object_component>
      <object_component id="oc-a9">
         <name>.debug_line</name>
         <load_address>0xffe</load_address>
         <run_address>0xffe</run_address>
         <size>0x45</size>
         <input_file_ref idref="fl-ad"/>
      </object_component>
      <object_component id="oc-ac">
         <name>.debug_line</name>
         <load_address>0x1043</load_address>
         <run_address>0x1043</run_address>
         <size>0x49</size>
         <input_file_ref idref="fl-ae"/>
      </object_component>
      <object_component id="oc-af">
         <name>.debug_line</name>
         <load_address>0x108c</load_address>
         <run_address>0x108c</run_address>
         <size>0x45</size>
         <input_file_ref idref="fl-af"/>
      </object_component>
      <object_component id="oc-b2">
         <name>.debug_line</name>
         <load_address>0x10d1</load_address>
         <run_address>0x10d1</run_address>
         <size>0x44</size>
         <input_file_ref idref="fl-b0"/>
      </object_component>
      <object_component id="oc-bb">
         <name>.debug_line</name>
         <load_address>0x1115</load_address>
         <run_address>0x1115</run_address>
         <size>0x44</size>
         <input_file_ref idref="fl-b3"/>
      </object_component>
      <object_component id="oc-be">
         <name>.debug_line</name>
         <load_address>0x1159</load_address>
         <run_address>0x1159</run_address>
         <size>0x3d</size>
         <input_file_ref idref="fl-b4"/>
      </object_component>
      <object_component id="oc-c1">
         <name>.debug_line</name>
         <load_address>0x1196</load_address>
         <run_address>0x1196</run_address>
         <size>0x3d</size>
         <input_file_ref idref="fl-b5"/>
      </object_component>
      <object_component id="oc-c4">
         <name>.debug_line</name>
         <load_address>0x11d3</load_address>
         <run_address>0x11d3</run_address>
         <size>0x3c</size>
         <input_file_ref idref="fl-b6"/>
      </object_component>
      <object_component id="oc-c7">
         <name>.debug_line</name>
         <load_address>0x120f</load_address>
         <run_address>0x120f</run_address>
         <size>0x71</size>
         <input_file_ref idref="fl-b7"/>
      </object_component>
      <object_component id="oc-ca">
         <name>.debug_line</name>
         <load_address>0x1280</load_address>
         <run_address>0x1280</run_address>
         <size>0x5e</size>
         <input_file_ref idref="fl-b8"/>
      </object_component>
      <object_component id="oc-cd">
         <name>.debug_line</name>
         <load_address>0x12de</load_address>
         <run_address>0x12de</run_address>
         <size>0x38</size>
         <input_file_ref idref="fl-b9"/>
      </object_component>
      <object_component id="oc-d0">
         <name>.debug_line</name>
         <load_address>0x1316</load_address>
         <run_address>0x1316</run_address>
         <size>0x40</size>
         <input_file_ref idref="fl-ba"/>
      </object_component>
      <object_component id="oc-d3">
         <name>.debug_line</name>
         <load_address>0x1356</load_address>
         <run_address>0x1356</run_address>
         <size>0x3f</size>
         <input_file_ref idref="fl-bb"/>
      </object_component>
      <object_component id="oc-d6">
         <name>.debug_line</name>
         <load_address>0x1395</load_address>
         <run_address>0x1395</run_address>
         <size>0x3f</size>
         <input_file_ref idref="fl-bc"/>
      </object_component>
      <object_component id="oc-d9">
         <name>.debug_line</name>
         <load_address>0x13d4</load_address>
         <run_address>0x13d4</run_address>
         <size>0x23</size>
         <input_file_ref idref="fl-bd"/>
      </object_component>
      <object_component id="oc-26">
         <name>.debug_abbrev</name>
         <load_address>0x0</load_address>
         <run_address>0x0</run_address>
         <size>0xfe</size>
         <input_file_ref idref="fl-88"/>
      </object_component>
      <object_component id="oc-2b">
         <name>.debug_abbrev</name>
         <load_address>0xfe</load_address>
         <run_address>0xfe</run_address>
         <size>0xcc</size>
         <input_file_ref idref="fl-89"/>
      </object_component>
      <object_component id="oc-30">
         <name>.debug_abbrev</name>
         <load_address>0x1ca</load_address>
         <run_address>0x1ca</run_address>
         <size>0xaf</size>
         <input_file_ref idref="fl-8a"/>
      </object_component>
      <object_component id="oc-33">
         <name>.debug_abbrev</name>
         <load_address>0x279</load_address>
         <run_address>0x279</run_address>
         <size>0xf5</size>
         <input_file_ref idref="fl-8b"/>
      </object_component>
      <object_component id="oc-36">
         <name>.debug_abbrev</name>
         <load_address>0x36e</load_address>
         <run_address>0x36e</run_address>
         <size>0xe7</size>
         <input_file_ref idref="fl-8c"/>
      </object_component>
      <object_component id="oc-3b">
         <name>.debug_abbrev</name>
         <load_address>0x455</load_address>
         <run_address>0x455</run_address>
         <size>0x119</size>
         <input_file_ref idref="fl-8d"/>
      </object_component>
      <object_component id="oc-3e">
         <name>.debug_abbrev</name>
         <load_address>0x56e</load_address>
         <run_address>0x56e</run_address>
         <size>0x130</size>
         <input_file_ref idref="fl-8e"/>
      </object_component>
      <object_component id="oc-41">
         <name>.debug_abbrev</name>
         <load_address>0x69e</load_address>
         <run_address>0x69e</run_address>
         <size>0x12d</size>
[...]
         <value>0xffffffff</value>
      </symbol>
      <symbol id="sm-c">
         <name>__STACK_SIZE</name>
         <value>0xc000</value>
      </symbol>
      <symbol id="sm-d">
         <name>__STACK_END</name>
         <value>0x81e1d0</value>
      </symbol>
      <symbol id="sm-e">
         <name>__SYSMEM_SIZE</name>
         <value>0x8000</value>
      </symbol>
      <symbol id="sm-f">
         <name>___c_args__</name>
         <value>0xffffffff</value>
      </symbol>
      <symbol id="sm-10">
         <name>.text</name>
         <value>0xffffffff</value>
      </symbol>
      <symbol id="sm-11">
         <name>___text__</name>
         <value>0xffffffff</value>
      </symbol>
      <symbol id="sm-12">
         <name>etext</name>
         <value>0xffffffff</value>
      </symbol>
      <symbol id="sm-13">
         <name>___etext__</name>
         <value>0xffffffff</value>
      </symbol>
      <symbol id="sm-14">
         <name>.data</name>
         <value>0xffffffff</value>
      </symbol>
      <symbol id="sm-15">
         <name>___data__</name>
         <value>0xffffffff</value>
      </symbol>
      <symbol id="sm-16">
         <name>edata</name>
         <value>0xffffffff</value>
      </symbol>
      <symbol id="sm-17">
         <name>___edata__</name>
         <value>0xffffffff</value>
      </symbol>
      <symbol id="sm-18">
         <name>.bss</name>
         <value>0x800000</value>
      </symbol>
      <symbol id="sm-19">
         <name>___bss__</name>
         <value>0x800000</value>
      </symbol>
      <symbol id="sm-1a">
         <name>end</name>
         <value>0x800000</value>
      </symbol>
      <symbol id="sm-1b">
         <name>___end__</name>
         <value>0x800000</value>
      </symbol>
      <symbol id="sm-1c">
         <name>___TI_pprof_out_hndl</name>
         <value>0xffffffff</value>
      </symbol>
      <symbol id="sm-1d">
         <name>___TI_prof_data_start</name>
         <value>0xffffffff</value>
      </symbol>
      <symbol id="sm-1e">
         <name>___TI_prof_data_size</name>
         <value>0xffffffff</value>
      </symbol>
      <symbol id="sm-1f">
         <name>$bss</name>
         <value>0x800000</value>
      </symbol>
      <symbol id="sm-6d">
         <name>_input_data</name>
         <value>0x80ddf8</value>
         <object_component_ref idref="oc-1d"/>
      </symbol>
      <symbol id="sm-6e">
         <name>_output_data</name>
         <value>0x8041a0</value>
         <object_component_ref idref="oc-1d"/>
      </symbol>
      <symbol id="sm-6f">
         <name>_b_sc</name>
         <value>0x804010</value>
         <object_component_ref idref="oc-1d"/>
      </symbol>
      <symbol id="sm-70">
         <name>_a_sc</name>
         <value>0x803e80</value>
         <object_component_ref idref="oc-1d"/>
      </symbol>
      <symbol id="sm-71">
         <name>_a_ext</name>
         <value>0x800000</value>
         <object_component_ref idref="oc-1d"/>
      </symbol>
      <symbol id="sm-72">
         <name>_b_ext</name>
         <value>0x801f40</value>
         <object_component_ref idref="oc-1d"/>
      </symbol>
      <symbol id="sm-73">
         <name>_output</name>
         <value>0x80dde0</value>
         <object_component_ref idref="oc-1d"/>
      </symbol>
      <symbol id="sm-74">
         <name>_isequal</name>
         <value>0x8211a4</value>
         <object_component_ref idref="oc-f2"/>
      </symbol>
      <symbol id="sm-75">
         <name>_input</name>
         <value>0x811c78</value>
         <object_component_ref idref="oc-1d"/>
      </symbol>
      <symbol id="sm-76">
         <name>_gimme_random</name>
         <value>0x821484</value>
         <object_component_ref idref="oc-f2"/>
      </symbol>
      <symbol id="sm-b8">
         <name>_print_test_results</name>
         <value>0x81f3e0</value>
         <object_component_ref idref="oc-ed"/>
      </symbol>
      <symbol id="sm-b9">
         <name>_fcn_pass</name>
         <value>0x812110</value>
         <object_component_ref idref="oc-1e"/>
      </symbol>
      <symbol id="sm-ba">
         <name>_print_memory_results</name>
         <value>0x81f8ac</value>
         <object_component_ref idref="oc-ed"/>
      </symbol>
      <symbol id="sm-bb">
         <name>_driver_init</name>
         <value>0x81f98c</value>
         <object_component_ref idref="oc-ed"/>
      </symbol>
      <symbol id="sm-bc">
         <name>_fp</name>
         <value>0x8120cc</value>
         <object_component_ref idref="oc-1e"/>
      </symbol>
      <symbol id="sm-bd">
         <name>_print_profile_results</name>
         <value>0x81f78c</value>
         <object_component_ref idref="oc-ed"/>
      </symbol>
      <symbol id="sm-be">
         <name>_all_pass</name>
         <value>0x812124</value>
         <object_component_ref idref="oc-1e"/>
      </symbol>
      <symbol id="sm-bf">
         <name>_t_stop</name>
         <value>0x8120d8</value>
         <object_component_ref idref="oc-1e"/>
      </symbol>
      <symbol id="sm-c0">
         <name>_t_offset</name>
         <value>0x8120e0</value>
         <object_component_ref idref="oc-1e"/>
      </symbol>
      <symbol id="sm-c1">
         <name>_seed</name>
         <value>0x8120c8</value>
         <object_component_ref idref="oc-1e"/>
      </symbol>
      <symbol id="sm-c2">
         <name>_cycle_counts</name>
         <value>0x8120e8</value>
         <object_component_ref idref="oc-1e"/>
      </symbol>
      <symbol id="sm-c3">
         <name>_t_start</name>
         <value>0x8120d0</value>
         <object_component_ref idref="oc-1e"/>
      </symbol>
      <symbol id="sm-f3">
         <name>_main</name>
         <value>0x81e1e0</value>
         <object_component_ref idref="oc-e9"/>
      </symbol>
      <symbol id="sm-f4">
         <name>_a</name>
         <value>0x812168</value>
         <object_component_ref idref="oc-21"/>
      </symbol>
      <symbol id="sm-f9">
         <name>_cossp</name>
         <value>0x82fa60</value>
         <object_component_ref idref="oc-ef"/>
      </symbol>
      <symbol id="sm-ff">
         <name>_cossp_c</name>
         <value>0x82fb80</value>
         <object_component_ref idref="oc-f0"/>
      </symbol>
      <symbol id="sm-108">
         <name>_cossp_v</name>
         <value>0x82f4c0</value>
         <object_component_ref idref="oc-f1"/>
      </symbol>
      <symbol id="sm-118">
         <name>_c_int00</name>
         <value>0x826520</value>
         <object_component_ref idref="oc-1b"/>
      </symbol>
      <symbol id="sm-119">
         <name>__stack</name>
         <value>0x8121d0</value>
         <object_component_ref idref="oc-24"/>
      </symbol>
      <symbol id="sm-12e">
         <name>_cos</name>
         <value>0x821aa0</value>
         <object_component_ref idref="oc-f3"/>
      </symbol>
      <symbol id="sm-143">
         <name>_cosf</name>
         <value>0x822e20</value>
         <object_component_ref idref="oc-ee"/>
      </symbol>
      <symbol id="sm-154">
         <name>__divd</name>
         <value>0x81fa40</value>
         <object_component_ref idref="oc-ff"/>
      </symbol>
      <symbol id="sm-164">
         <name>__divf</name>
         <value>0x821d60</value>
         <object_component_ref idref="oc-101"/>
      </symbol>
      <symbol id="sm-17b">
         <name>C$$EXIT</name>
         <value>0x826d60</value>
         <object_component_ref idref="oc-ea"/>
      </symbol>
      <symbol id="sm-17c">
         <name>_exit</name>
         <value>0x8258e0</value>
         <object_component_ref idref="oc-dd"/>
      </symbol>
      <symbol id="sm-17d">
         <name>___TI_enable_exit_profile_output</name>
         <value>0x8121a8</value>
         <object_component_ref idref="oc-39"/>
      </symbol>
      <symbol id="sm-17e">
         <name>_abort</name>
         <value>0x826d60</value>
         <object_component_ref idref="oc-ea"/>
      </symbol>
      <symbol id="sm-17f">
         <name>__cleanup_ptr</name>
         <value>0x8121a0</value>
         <object_component_ref idref="oc-39"/>
      </symbol>
      <symbol id="sm-180">
         <name>__dtors_ptr</name>
         <value>0x8121a4</value>
         <object_component_ref idref="oc-39"/>
      </symbol>
      <symbol id="sm-196">
         <name>__closefile</name>
         <value>0x8244e0</value>
         <object_component_ref idref="oc-10f"/>
      </symbol>
      <symbol id="sm-197">
         <name>_fclose</name>
         <value>0x8268a0</value>
         <object_component_ref idref="oc-fa"/>
      </symbol>
      <symbol id="sm-1a4">
         <name>__doflush</name>
         <value>0x825820</value>
         <object_component_ref idref="oc-11a"/>
      </symbol>
      <symbol id="sm-1b4">
         <name>__fixdlli</name>
         <value>0x824a60</value>
         <object_component_ref idref="oc-f5"/>
      </symbol>
      <symbol id="sm-1c2">
         <name>__fltllif</name>
         <value>0x824f20</value>
         <object_component_ref idref="oc-f4"/>
      </symbol>
      <symbol id="sm-1eb">
         <name>__cleanup</name>
         <value>0x825a40</value>
         <object_component_ref idref="oc-118"/>
      </symbol>
      <symbol id="sm-1ec">
         <name>_fopen</name>
         <value>0x826900</value>
         <object_component_ref idref="oc-f8"/>
      </symbol>
      <symbol id="sm-201">
         <name>_fprintf</name>
         <value>0x824c60</value>
         <object_component_ref idref="oc-f9"/>
      </symbol>
      <symbol id="sm-21c">
         <name>_putc</name>
         <value>0x823280</value>
         <object_component_ref idref="oc-116"/>
      </symbol>
      <symbol id="sm-21d">
         <name>_fputc</name>
         <value>0x823280</value>
         <object_component_ref idref="oc-116"/>
      </symbol>
      <symbol id="sm-23f">
         <name>_fputs</name>
         <value>0x820de0</value>
         <object_component_ref idref="oc-111"/>
      </symbol>
      <symbol id="sm-249">
         <name>__frcmpyd_div</name>
         <value>0x826780</value>
         <object_component_ref idref="oc-110"/>
      </symbol>
      <symbol id="sm-253">
         <name>___isinff</name>
         <value>0x826c40</value>
         <object_component_ref idref="oc-100"/>
      </symbol>
      <symbol id="sm-261">
         <name>__llshl</name>
         <value>0x826420</value>
         <object_component_ref idref="oc-106"/>
      </symbol>
      <symbol id="sm-262">
         <name>__llshru</name>
         <value>0x8267e0</value>
         <object_component_ref idref="oc-107"/>
      </symbol>
      <symbol id="sm-2b0">
         <name>_unlink</name>
         <value>0x8266a0</value>
         <object_component_ref idref="oc-128"/>
      </symbol>
      <symbol id="sm-2b1">
         <name>_open</name>
         <value>0x8240e0</value>
         <object_component_ref idref="oc-119"/>
      </symbol>
      <symbol id="sm-2b2">
         <name>_lseek</name>
         <value>0x825fe0</value>
         <object_component_ref idref="oc-134"/>
      </symbol>
      <symbol id="sm-2b3">
         <name>_close</name>
         <value>0x8250e0</value>
         <object_component_ref idref="oc-11c"/>
      </symbol>
      <symbol id="sm-2b4">
         <name>_write</name>
         <value>0x826300</value>
         <object_component_ref idref="oc-11f"/>
      </symbol>
      <symbol id="sm-2bc">
         <name>_memcpy</name>
         <value>0x826080</value>
         <object_component_ref idref="oc-e7"/>
      </symbol>
      <symbol id="sm-2f5">
         <name>__sys_memory</name>
         <value>0x826de0</value>
         <object_component_ref idref="oc-6b"/>
      </symbol>
      <symbol id="sm-2f6">
         <name>_free</name>
         <value>0x8224e0</value>
         <object_component_ref idref="oc-11b"/>
      </symbol>
      <symbol id="sm-2f7">
         <name>_malloc</name>
         <value>0x823f60</value>
         <object_component_ref idref="oc-135"/>
      </symbol>
      <symbol id="sm-302">
         <name>_memset</name>
         <value>0x8252a0</value>
         <object_component_ref idref="oc-117"/>
      </symbol>
      <symbol id="sm-30e">
         <name>_modf</name>
         <value>0x8261c0</value>
         <object_component_ref idref="oc-104"/>
      </symbol>
      <symbol id="sm-319">
         <name>_modff</name>
         <value>0x8269c0</value>
         <object_component_ref idref="oc-fe"/>
      </symbol>
      <symbol id="sm-323">
         <name>__negll</name>
         <value>0x826c60</value>
         <object_component_ref idref="oc-105"/>
      </symbol>
      <symbol id="sm-338">
         <name>_printf</name>
         <value>0x825380</value>
         <object_component_ref idref="oc-f6"/>
      </symbol>
      <symbol id="sm-34d">
         <name>_rand</name>
         <value>0x8265a0</value>
         <object_component_ref idref="oc-f7"/>
      </symbol>
      <symbol id="sm-34e">
         <name>_srand</name>
         <value>0x826a20</value>
         <object_component_ref idref="oc-fb"/>
      </symbol>
      <symbol id="sm-358">
         <name>_remove</name>
         <value>0x826d80</value>
         <object_component_ref idref="oc-11d"/>
      </symbol>
      <symbol id="sm-362">
         <name>__nround</name>
         <value>0x825d60</value>
         <object_component_ref idref="oc-103"/>
      </symbol>
      <symbol id="sm-36c">
         <name>__roundf</name>
         <value>0x8264a0</value>
         <object_component_ref idref="oc-fd"/>
      </symbol>
      <symbol id="sm-395">
         <name>_HOSTopen</name>
         <value>0x824d60</value>
         <object_component_ref idref="oc-de"/>
      </symbol>
      <symbol id="sm-396">
         <name>_HOSTread</name>
         <value>0x825460</value>
         <object_component_ref idref="oc-e0"/>
      </symbol>
      <symbol id="sm-397">
         <name>_HOSTrename</name>
         <value>0x823c20</value>
         <object_component_ref idref="oc-e4"/>
      </symbol>
      <symbol id="sm-398">
         <name>_HOSTwrite</name>
         <value>0x8255e0</value>
         <object_component_ref idref="oc-e1"/>
      </symbol>
      <symbol id="sm-399">
         <name>_HOSTlseek</name>
         <value>0x824960</value>
         <object_component_ref idref="oc-e2"/>
      </symbol>
      <symbol id="sm-39a">
         <name>_HOSTunlink</name>
         <value>0x825520</value>
         <object_component_ref idref="oc-e3"/>
      </symbol>
      <symbol id="sm-39b">
         <name>_HOSTclose</name>
         <value>0x8259a0</value>
         <object_component_ref idref="oc-df"/>
      </symbol>
      <symbol id="sm-3ab">
         <name>C$$IO$$</name>
         <value>0x826b38</value>
         <object_component_ref idref="oc-eb"/>
      </symbol>
      <symbol id="sm-3ac">
         <name>__CIOBUF_</name>
         <value>0x82f38c</value>
         <object_component_ref idref="oc-90"/>
      </symbol>
      <symbol id="sm-3ad">
         <name>_readmsg</name>
         <value>0x826620</value>
         <object_component_ref idref="oc-ec"/>
      </symbol>
      <symbol id="sm-3ae">
         <name>_writemsg</name>
         <value>0x826ae0</value>
         <object_component_ref idref="oc-eb"/>
      </symbol>
      <symbol id="sm-3b8">
         <name>__trunc</name>
         <value>0x826d20</value>
         <object_component_ref idref="oc-102"/>
      </symbol>
      <symbol id="sm-3c2">
         <name>__truncf</name>
         <value>0x826d40</value>
         <object_component_ref idref="oc-fc"/>
      </symbol>
      <symbol id="sm-3d1">
         <name>__wrt_ok</name>
         <value>0x824b60</value>
         <object_component_ref idref="oc-11e"/>
      </symbol>
      <symbol id="sm-3df">
         <name>__unlock</name>
         <value>0x8121b0</value>
         <object_component_ref idref="oc-9e"/>
      </symbol>
      <symbol id="sm-3e0">
         <name>__lock</name>
         <value>0x8121ac</value>
         <object_component_ref idref="oc-9e"/>
      </symbol>
      <symbol id="sm-3e1">
         <name>__nop</name>
         <value>0x826c80</value>
         <object_component_ref idref="oc-e5"/>
      </symbol>
      <symbol id="sm-4eb">
         <name>__printfi</name>
         <value>0x820560</value>
         <object_component_ref idref="oc-109"/>
      </symbol>
      <symbol id="sm-4f5">
         <name>__args_main</name>
         <value>0x826bc0</value>
         <object_component_ref idref="oc-dc"/>
      </symbol>
      <symbol id="sm-4f6">
         <name>__TI_args_main</name>
         <value>0x1</value>
      </symbol>
      <symbol id="sm-504">
         <name>_atoi</name>
         <value>0x825000</value>
         <object_component_ref idref="oc-120"/>
      </symbol>
      <symbol id="sm-513">
         <name>__auto_init</name>
         <value>0x8256a0</value>
         <object_component_ref idref="oc-db"/>
      </symbol>
      <symbol id="sm-520">
         <name>___TI_cpp_init</name>
         <value>0x826720</value>
         <object_component_ref idref="oc-e8"/>
      </symbol>
      <symbol id="sm-52e">
         <name>_copy_in</name>
         <value>0x825ea0</value>
         <object_component_ref idref="oc-e6"/>
      </symbol>
      <symbol id="sm-536">
         <name>__ctypes_</name>
         <value>0x82efe8</value>
         <object_component_ref idref="oc-12b"/>
      </symbol>
      <symbol id="sm-540">
         <name>__tmpnams</name>
         <value>0x811e60</value>
         <object_component_ref idref="oc-b8"/>
      </symbol>
      <symbol id="sm-541">
         <name>__ft_end</name>
         <value>0x811fa0</value>
         <object_component_ref idref="oc-b8"/>
      </symbol>
      <symbol id="sm-542">
         <name>__ftable</name>
         <value>0x811c80</value>
         <object_component_ref idref="oc-b8"/>
      </symbol>
      <symbol id="sm-54b">
         <name>__c6xabi_divu</name>
         <value>0x825760</value>
         <object_component_ref idref="oc-13f"/>
      </symbol>
      <symbol id="sm-54c">
         <name>__divu</name>
         <value>0x825760</value>
         <object_component_ref idref="oc-13f"/>
      </symbol>
      <symbol id="sm-559">
         <name>__fixdli</name>
         <value>0x825cc0</value>
         <object_component_ref idref="oc-13c"/>
      </symbol>
      <symbol id="sm-564">
         <name>__fltlid</name>
         <value>0x8263a0</value>
         <object_component_ref idref="oc-13e"/>
      </symbol>
      <symbol id="sm-575">
         <name>_fseek</name>
         <value>0x824840</value>
         <object_component_ref idref="oc-129"/>
      </symbol>
      <symbol id="sm-585">
         <name>__divul</name>
         <value>0x823dc0</value>
         <object_component_ref idref="oc-140"/>
      </symbol>
      <symbol id="sm-586">
         <name>__remli</name>
         <value>0x826c00</value>
         <object_component_ref idref="oc-142"/>
      </symbol>
      <symbol id="sm-587">
         <name>__divli</name>
         <value>0x825ae0</value>
         <object_component_ref idref="oc-143"/>
      </symbol>
      <symbol id="sm-59a">
         <name>__subcull</name>
         <value>0x826840</value>
         <object_component_ref idref="oc-144"/>
      </symbol>
      <symbol id="sm-59b">
         <name>__divull</name>
         <value>0x822760</value>
         <object_component_ref idref="oc-141"/>
      </symbol>
      <symbol id="sm-5a5">
         <name>___isinf</name>
         <value>0x826b40</value>
         <object_component_ref idref="oc-12d"/>
      </symbol>
      <symbol id="sm-5b2">
         <name>_ltoa</name>
         <value>0x8251c0</value>
         <object_component_ref idref="oc-13d"/>
      </symbol>
      <symbol id="sm-5bf">
         <name>_memccpy</name>
         <value>0x826960</value>
         <object_component_ref idref="oc-123"/>
      </symbol>
      <symbol id="sm-5d5">
         <name>_setvbuf</name>
         <value>0x8236a0</value>
         <object_component_ref idref="oc-12a"/>
      </symbol>
   </symbol_table>
</link_info>
