******************************************************************************
               TMS320C6x Linker PC v7.4.2                      
******************************************************************************
>> Linked Tue May 17 02:51:20 2016

OUTPUT FILE NAME:   <cossp_66_LE_COFF.out>
ENTRY POINT SYMBOL: "_c_int00"  address: 00826520


MEMORY CONFIGURATION

         name            origin    length      used     unused   attr    fill
----------------------  --------  ---------  --------  --------  ----  --------
  L2SRAM                00800000   00080000  0002fc79  00050387  RW X
  MSMCSRAM              0c000000   00200000  00000000  00200000  RW X


SECTION ALLOCATION MAP

 output                                  attributes/
section   page    origin      length       input sections
--------  ----  ----------  ----------   ----------------
.pinit     0    00800000    00000000     UNINITIALIZED

.kernel_asm 
*          0    00800000    00000000     UNINITIALIZED

.neardata 
*          0    00800000    00000000     UNINITIALIZED

.rodata    0    00800000    00000000     UNINITIALIZED

.bss       0    00800000    00000000     UNINITIALIZED

.data      0    00800000    00000000     UNINITIALIZED

xdc.meta   0    00800000    00000000     COPY SECTION

.far       0    00800000    000121d0     UNINITIALIZED
                  00800000    00011c80     drvsp.obj (.far)
                  00811c80    00000324     rts6600_coff.lib : defs.obj (.far)
                  00811fa4    00000004                      : fopen.obj (.far)
                  00811fa8    0000011c                      : lowlev.obj (.far)
                  008120c4    00000004     --HOLE--
                  008120c8    00000060     driver.obj (.far)
                  00812128    00000040     rts6600_coff.lib : cos.obj (.far)
                  00812168    00000028     cossp_d.obj (.far)
                  00812190    00000010     rts6600_coff.lib : cosf.obj (.far)
                  008121a0    0000000c                      : exit.obj (.far)
                  008121ac    00000008                      : _lock.obj (.far)
                  008121b4    00000008                      : memory.obj (.far)
                  008121bc    00000004     --HOLE--
                  008121c0    00000008                      : rand.obj (.far)
                  008121c8    00000008                      : trgdrv.obj (.far)

.stack     0    008121d0    0000c000     UNINITIALIZED
                  008121d0    00000008     rts6600_coff.lib : boot.obj (.stack)
                  008121d8    0000bff8     --HOLE--

.text      0    0081e1e0    00008c00     
                  0081e1e0    00001200     cossp_d.obj (.text)
                  0081f3e0    00000660     driver.obj (.text)
                  0081fa40    000005c0     rts6600_coff.lib : divd.obj (.text:__divd)
                  00820000    00000560                      : _printfi.obj (.text:__getarg_diouxp)
                  00820560    00000440                      : _printfi.obj (.text:__printfi)
                  008209a0    00000440                      : _printfi.obj (.text:__setfield)
                  00820de0    000003a0                      : fputs.obj (.text:_fputs)
                  00821180    00000340     drvsp.obj (.text)
                  008214c0    00000320     rts6600_coff.lib : _printfi.obj (.text:__pproc_fge)
                  008217e0    000002c0                      : _printfi.obj (.text:__pproc_fwp)
                  00821aa0    000002c0                      : cos.obj (.text:_cos)
                  00821d60    00000280                      : divf.obj (.text:__divf)
                  00821fe0    00000280                      : _printfi.obj (.text:_ecvt)
                  00822260    00000280                      : _printfi.obj (.text:_fcvt)
                  008224e0    00000280                      : memory.obj (.text:_free)
                  00822760    00000240                      : imath64.obj (.text:__divull)
                  008229a0    00000240                      : _printfi.obj (.text:__pconv_e)
                  00822be0    00000240                      : _printfi.obj (.text:__pproc_diouxp)
                  00822e20    00000240                      : cosf.obj (.text:_cosf)
                  00823060    00000220                      : _printfi.obj (.text:__pproc_str)
                  00823280    00000220                      : fputc.obj (.text:_fputc)
                  008234a0    00000200                      : _printfi.obj (.text:__pconv_g)
                  008236a0    00000200                      : setvbuf.obj (.text:_setvbuf)
                  008238a0    000001c0                      : _printfi.obj (.text:__mcpy)
                  00823a60    000001c0                      : fopen.obj (.text:__openfile)
                  00823c20    000001a0                      : trgdrv.obj (.text:_HOSTrename)
                  00823dc0    000001a0                      : imath40.obj (.text:__divul)
                  00823f60    00000180                      : memory.obj (.text:_malloc)
                  008240e0    00000180                      : lowlev.obj (.text:_open)
                  00824260    00000140                      : _printfi.obj (.text:__pproc_fflags)
                  008243a0    00000140                      : lowlev.obj (.text:_getdevice)
                  008244e0    00000120                      : fclose.obj (.text:__closefile)
                  00824600    00000120                      : _printfi.obj (.text:__ltostr)
                  00824720    00000120                      : fopen.obj (.text:__search_fp)
                  00824840    00000120                      : fseek.obj (.text:_fseek)
                  00824960    00000100                      : trgdrv.obj (.text:_HOSTlseek)
                  00824a60    00000100                      : fixdlli.obj (.text:__fixdlli)
                  00824b60    00000100                      : _io_perm.obj (.text:__wrt_ok)
                  00824c60    00000100                      : fprintf.obj (.text:_fprintf)
                  00824d60    000000e0                      : trgdrv.obj (.text:_HOSTopen)
                  00824e40    000000e0                      : _printfi.obj (.text:__div)
                  00824f20    000000e0                      : fltllif.obj (.text:__fltllif)
                  00825000    000000e0                      : atoi.obj (.text:_atoi)
                  008250e0    000000e0                      : lowlev.obj (.text:_close)
                  008251c0    000000e0                      : ltoa.obj (.text:_ltoa)
                  008252a0    000000e0                      : memset.obj (.text:_memset)
                  00825380    000000e0                      : printf.obj (.text:_printf)
                  00825460    000000c0                      : trgdrv.obj (.text:_HOSTread)
                  00825520    000000c0                      : trgdrv.obj (.text:_HOSTunlink)
                  008255e0    000000c0                      : trgdrv.obj (.text:_HOSTwrite)
                  008256a0    000000c0                      : autoinit.obj (.text:__auto_init)
                  00825760    000000c0                      : divu.obj (.text:__divu)
                  00825820    000000c0                      : fflush.obj (.text:__doflush)
                  008258e0    000000c0                      : exit.obj (.text:_exit)
                  008259a0    000000a0                      : trgdrv.obj (.text:_HOSTclose)
                  00825a40    000000a0                      : fopen.obj (.text:__cleanup)
                  00825ae0    000000a0                      : imath40.obj (.text:__divli)
                  00825b80    000000a0                      : _printfi.obj (.text:__ecpy)
                  00825c20    000000a0                      : _printfi.obj (.text:__fcpy)
                  00825cc0    000000a0                      : fixdli.obj (.text:__fixdli)
                  00825d60    000000a0                      : round.obj (.text:__nround)
                  00825e00    000000a0                      : _printfi.obj (.text:__pconv_f)
                  00825ea0    000000a0                      : cpy_tbl.obj (.text:_copy_in)
                  00825f40    000000a0                      : lowlev.obj (.text:_finddevice)
                  00825fe0    000000a0                      : lowlev.obj (.text:_lseek)
                  00826080    000000a0                      : memcpy64.obj (.text:_memcpy)
                  00826120    000000a0                      : memory.obj (.text:_minsert)
                  008261c0    000000a0                      : modf.obj (.text:_modf)
                  00826260    000000a0                      : memory.obj (.text:_mremove)
                  00826300    000000a0                      : lowlev.obj (.text:_write)
                  008263a0    00000080                      : fltlid.obj (.text:__fltlid)
                  00826420    00000080                      : llshift.obj (.text:__llshl)
                  008264a0    00000080                      : roundf.obj (.text:__roundf)
                  00826520    00000080                      : boot.obj (.text:_c_int00)
                  008265a0    00000080                      : rand.obj (.text:_rand)
                  00826620    00000080                      : trgmsg.obj (.text:_readmsg)
                  008266a0    00000080                      : lowlev.obj (.text:_unlink)
                  00826720    00000060                      : cpp_init.obj (.text:___TI_cpp_init)
                  00826780    00000060                      : frcmpyd_div.obj (.text:__frcmpyd_div)
                  008267e0    00000060                      : llshift.obj (.text:__llshru)
                  00826840    00000060                      : imath64.obj (.text:__subcull)
                  008268a0    00000060                      : fclose.obj (.text:_fclose)
                  00826900    00000060                      : fopen.obj (.text:_fopen)
                  00826960    00000060                      : memccpy.obj (.text:_memccpy)
                  008269c0    00000060                      : modff.obj (.text:_modff)
                  00826a20    00000060                      : rand.obj (.text:_srand)
                  00826a80    00000060                      : lowlev.obj (.text:_tabinit)
                  00826ae0    00000060                      : trgmsg.obj (.text:_writemsg)
                  00826b40    00000040                      : isinf.obj (.text:___isinf)
                  00826b80    00000040                      : _printfi.obj (.text:___isnan)
                  00826bc0    00000040                      : args_main.obj (.text:__args_main)
                  00826c00    00000040                      : imath40.obj (.text:__remli)
                  00826c40    00000020                      : isinff.obj (.text:___isinff)
                  00826c60    00000020                      : negll.obj (.text:__negll)
                  00826c80    00000020                      : _lock.obj (.text:__nop)
                  00826ca0    00000020                      : fprintf.obj (.text:__outc)
                  00826cc0    00000020                      : printf.obj (.text:__outc)
                  00826ce0    00000020                      : fprintf.obj (.text:__outs)
                  00826d00    00000020                      : printf.obj (.text:__outs)
                  00826d20    00000020                      : trunc.obj (.text:__trunc)
                  00826d40    00000020                      : truncf.obj (.text:__truncf)
                  00826d60    00000020                      : exit.obj (.text:_abort)
                  00826d80    00000020                      : remove.obj (.text:_remove)
                  00826da0    00000010     mathlib.a66 : cossp_v.o66 ($Tramp$S$$_cossp_v)
                  00826db0    00000010                 : cossp_c.o66 ($Tramp$S$$_cossp_c)
                  00826dc0    00000010                 : cossp.o66 ($Tramp$S$$_cossp)
                  00826dd0    00000010     --HOLE-- [fill = 0]

.sysmem    0    00826de0    00008000     UNINITIALIZED
                  00826de0    00000008     rts6600_coff.lib : memory.obj (.sysmem)
                  00826de8    00007ff8     --HOLE--

.const     0    0082ede0    00000385     
                  0082ede0    00000203     driver.obj (.const:.string)
                  0082efe3    00000002     rts6600_coff.lib : fputs.obj (.const:.string)
                  0082efe5    00000003     --HOLE-- [fill = 0]
                  0082efe8    00000101                      : ctype.obj (.const:.string:__ctypes_)
                  0082f0e9    00000059     cossp_d.obj (.const:.string)
                  0082f142    00000023     rts6600_coff.lib : _printfi.obj (.const:.string)

.cinit     0    0082f168    00000224     
                  0082f168    0000005c     rts6600_coff.lib : defs.obj (.cinit)
                  0082f1c4    00000004     --HOLE-- [fill = 0]
                  0082f1c8    0000005c                      : lowlev.obj (.cinit)
                  0082f224    00000004     --HOLE-- [fill = 0]
                  0082f228    00000048                      : cos.obj (.cinit)
                  0082f270    00000030     cossp_d.obj (.cinit)
                  0082f2a0    00000030     drvsp.obj (.cinit)
                  0082f2d0    0000002c     rts6600_coff.lib : exit.obj (.cinit)
                  0082f2fc    00000004     --HOLE-- [fill = 0]
                  0082f300    0000002c                      : memory.obj (.cinit)
                  0082f32c    00000004     --HOLE-- [fill = 0]
                  0082f330    0000001c                      : _lock.obj (.cinit)
                  0082f34c    00000004     --HOLE-- [fill = 0]
                  0082f350    00000018                      : cosf.obj (.cinit)
                  0082f368    00000010                      : rand.obj (.cinit)
                  0082f378    0000000c                      : fopen.obj (.cinit)
                  0082f384    00000004     --HOLE-- [fill = 0]
                  0082f388    00000004     (.pad.cinit) [fill = 0]

.cio       0    0082f38c    00000120     UNINITIALIZED
                  0082f38c    00000120     rts6600_coff.lib : trgmsg.obj (.cio)

.kernel_vec 
*          0    0082f4c0    000005a0     
                  0082f4c0    000005a0     mathlib.a66 : cossp_v.o66 (.text:optvec)

.kernel_ci 
*          0    0082fa60    00000240     
                  0082fa60    00000120     mathlib.a66 : cossp.o66 (.text:optci)
                  0082fb80    00000120                 : cossp_c.o66 (.text:optci)


FAR CALL TRAMPOLINES

callee name               trampoline name
   callee addr  tramp addr   call addr  call info
--------------  -----------  ---------  ----------------
$.text:optvec:mathlib.a66<cossp_v.o66>$0x0  $Tramp$S$$_cossp_v
   0082f4c0     00826da0     0081e3ec   cossp_d.obj (.text)
                             0081e724   cossp_d.obj (.text)
                             0081ea54   cossp_d.obj (.text)
                             0081f1ec   cossp_d.obj (.text)
$.text:optci:mathlib.a66<cossp_c.o66>$0x0  $Tramp$S$$_cossp_c
   0082fb80     00826db0     0081e298   cossp_d.obj (.text)
                             0081e2cc   cossp_d.obj (.text)
                             0081e5ec   cossp_d.obj (.text)
                             0081e8f4   cossp_d.obj (.text)
                             0081f0c8   cossp_d.obj (.text)
                             0081f104   cossp_d.obj (.text)
$.text:optci:mathlib.a66<cossp.o66>$0x0  $Tramp$S$$_cossp
   0082fa60     00826dc0     0081e260   cossp_d.obj (.text)
                             0081e288   cossp_d.obj (.text)
                             0081e5cc   cossp_d.obj (.text)
                             0081e8d8   cossp_d.obj (.text)
                             0081ef98   cossp_d.obj (.text)
                             0081efd0   cossp_d.obj (.text)

[3 trampolines]
[16 trampoline calls]


GLOBAL SYMBOLS: SORTED ALPHABETICALLY BY Name 

address    name
--------   ----
00800000   $bss
00800000   .bss
ffffffff   .data
ffffffff   .text
00826d60   C$$EXIT
00826b38   C$$IO$$
008259a0   _HOSTclose
00824960   _HOSTlseek
00824d60   _HOSTopen
00825460   _HOSTread
00823c20   _HOSTrename
00825520   _HOSTunlink
008255e0   _HOSTwrite
0082f38c   __CIOBUF_
0081e1d0   __STACK_END
0000c000   __STACK_SIZE
00008000   __SYSMEM_SIZE
00000001   __TI_args_main
00826720   ___TI_cpp_init
008121a8   ___TI_enable_exit_profile_output
ffffffff   ___TI_pprof_out_hndl
ffffffff   ___TI_prof_data_size
ffffffff   ___TI_prof_data_start
ffffffff   ___binit__
00800000   ___bss__
ffffffff   ___c_args__
0082f168   ___cinit__
ffffffff   ___data__
ffffffff   ___edata__
00800000   ___end__
ffffffff   ___etext__
00826b40   ___isinf
00826c40   ___isinff
ffffffff   ___pinit__
ffffffff   ___text__
00826bc0   __args_main
008256a0   __auto_init
00825760   __c6xabi_divu
00825a40   __cleanup
008121a0   __cleanup_ptr
008244e0   __closefile
0082efe8   __ctypes_
0081fa40   __divd
00821d60   __divf
00825ae0   __divli
00825760   __divu
00823dc0   __divul
00822760   __divull
00825820   __doflush
008121a4   __dtors_ptr
00825cc0   __fixdli
00824a60   __fixdlli
008263a0   __fltlid
00824f20   __fltllif
00826780   __frcmpyd_div
00811fa0   __ft_end
00811c80   __ftable
00826420   __llshl
008267e0   __llshru
008121ac   __lock
00826c60   __negll
00826c80   __nop
00825d60   __nround
00820560   __printfi
00826c00   __remli
008264a0   __roundf
008121d0   __stack
00826840   __subcull
00826de0   __sys_memory
00811e60   __tmpnams
00826d20   __trunc
00826d40   __truncf
008121b0   __unlock
00824b60   __wrt_ok
00812168   _a
00800000   _a_ext
00803e80   _a_sc
00826d60   _abort
00812124   _all_pass
00000200   _argsize
00825000   _atoi
00801f40   _b_ext
00804010   _b_sc
00826520   _c_int00
008250e0   _close
00825ea0   _copy_in
00821aa0   _cos
00822e20   _cosf
0082fa60   _cossp
0082fb80   _cossp_c
0082f4c0   _cossp_v
008120e8   _cycle_counts
0081f98c   _driver_init
008258e0   _exit
008268a0   _fclose
00812110   _fcn_pass
00826900   _fopen
008120cc   _fp
00824c60   _fprintf
00823280   _fputc
00820de0   _fputs
008224e0   _free
00824840   _fseek
00821484   _gimme_random
00811c78   _input
0080ddf8   _input_data
008211a4   _isequal
00000000   _kernel_asm_size
00000240   _kernel_ci_size
000005a0   _kernel_vec_size
00825fe0   _lseek
008251c0   _ltoa
0081e1e0   _main
00823f60   _malloc
00826960   _memccpy
00826080   _memcpy
008252a0   _memset
008261c0   _modf
008269c0   _modff
008240e0   _open
0080dde0   _output
008041a0   _output_data
0081f8ac   _print_memory_results
0081f78c   _print_profile_results
0081f3e0   _print_test_results
00825380   _printf
00823280   _putc
008265a0   _rand
00826620   _readmsg
00826d80   _remove
008120c8   _seed
008236a0   _setvbuf
00826a20   _srand
008120e0   _t_offset
008120d0   _t_start
008120d8   _t_stop
008266a0   _unlink
00826300   _write
00826ae0   _writemsg
ffffffff   binit
0082f168   cinit
00000385   const_size
0082ede0   const_start
ffffffff   edata
00800000   end
ffffffff   etext
ffffffff   pinit


GLOBAL SYMBOLS: SORTED BY Symbol Address 

address    name
--------   ----
00000000   _kernel_asm_size
00000001   __TI_args_main
00000200   _argsize
00000240   _kernel_ci_size
00000385   const_size
000005a0   _kernel_vec_size
00008000   __SYSMEM_SIZE
0000c000   __STACK_SIZE
00800000   $bss
00800000   .bss
00800000   ___bss__
00800000   ___end__
00800000   _a_ext
00800000   end
00801f40   _b_ext
00803e80   _a_sc
00804010   _b_sc
008041a0   _output_data
0080dde0   _output
0080ddf8   _input_data
00811c78   _input
00811c80   __ftable
00811e60   __tmpnams
00811fa0   __ft_end
008120c8   _seed
008120cc   _fp
008120d0   _t_start
008120d8   _t_stop
008120e0   _t_offset
008120e8   _cycle_counts
00812110   _fcn_pass
00812124   _all_pass
00812168   _a
008121a0   __cleanup_ptr
008121a4   __dtors_ptr
008121a8   ___TI_enable_exit_profile_output
008121ac   __lock
008121b0   __unlock
008121d0   __stack
0081e1d0   __STACK_END
0081e1e0   _main
0081f3e0   _print_test_results
0081f78c   _print_profile_results
0081f8ac   _print_memory_results
0081f98c   _driver_init
0081fa40   __divd
00820560   __printfi
00820de0   _fputs
008211a4   _isequal
00821484   _gimme_random
00821aa0   _cos
00821d60   __divf
008224e0   _free
00822760   __divull
00822e20   _cosf
00823280   _fputc
00823280   _putc
008236a0   _setvbuf
00823c20   _HOSTrename
00823dc0   __divul
00823f60   _malloc
008240e0   _open
008244e0   __closefile
00824840   _fseek
00824960   _HOSTlseek
00824a60   __fixdlli
00824b60   __wrt_ok
00824c60   _fprintf
00824d60   _HOSTopen
00824f20   __fltllif
00825000   _atoi
008250e0   _close
008251c0   _ltoa
008252a0   _memset
00825380   _printf
00825460   _HOSTread
00825520   _HOSTunlink
008255e0   _HOSTwrite
008256a0   __auto_init
00825760   __c6xabi_divu
00825760   __divu
00825820   __doflush
008258e0   _exit
008259a0   _HOSTclose
00825a40   __cleanup
00825ae0   __divli
00825cc0   __fixdli
00825d60   __nround
00825ea0   _copy_in
00825fe0   _lseek
00826080   _memcpy
008261c0   _modf
00826300   _write
008263a0   __fltlid
00826420   __llshl
008264a0   __roundf
00826520   _c_int00
008265a0   _rand
00826620   _readmsg
008266a0   _unlink
00826720   ___TI_cpp_init
00826780   __frcmpyd_div
008267e0   __llshru
00826840   __subcull
008268a0   _fclose
00826900   _fopen
00826960   _memccpy
008269c0   _modff
00826a20   _srand
00826ae0   _writemsg
00826b38   C$$IO$$
00826b40   ___isinf
00826bc0   __args_main
00826c00   __remli
00826c40   ___isinff
00826c60   __negll
00826c80   __nop
00826d20   __trunc
00826d40   __truncf
00826d60   C$$EXIT
00826d60   _abort
00826d80   _remove
00826de0   __sys_memory
0082ede0   const_start
0082efe8   __ctypes_
0082f168   ___cinit__
0082f168   cinit
0082f38c   __CIOBUF_
0082f4c0   _cossp_v
0082fa60   _cossp
0082fb80   _cossp_c
ffffffff   .data
ffffffff   .text
ffffffff   ___TI_pprof_out_hndl
ffffffff   ___TI_prof_data_size
ffffffff   ___TI_prof_data_start
ffffffff   ___binit__
ffffffff   ___c_args__
ffffffff   ___data__
ffffffff   ___edata__
ffffffff   ___etext__
ffffffff   ___pinit__
ffffffff   ___text__
ffffffff   binit
ffffffff   edata
ffffffff   etext
ffffffff   pinit

[147 symbols]
