******************************************************************************
               TMS320C6x Linker PC v7.4.2                      
******************************************************************************
>> Linked Tue May 17 03:35:11 2016

OUTPUT FILE NAME:   <tansp_66_BE_ELF.out>
ENTRY POINT SYMBOL: "_c_int00"  address: 00826440


MEMORY CONFIGURATION

         name            origin    length      used     unused   attr    fill
----------------------  --------  ---------  --------  --------  ----  --------
  L2SRAM                00800000   00080000  000306ed  0004f913  RW X
  MSMCSRAM              0c000000   00200000  00000000  00200000  RW X


SEGMENT ALLOCATION MAP

run origin  load origin   length   init length attrs members
----------  ----------- ---------- ----------- ----- -------
00800000    00800000    0001de08   00000000    rw-
  00800000    00800000    00011e08   00000000    rw- .far
  00811e08    00811e08    0000c000   00000000    rw- .stack
0081de08    0081de08    00000018   00000018    rw-
  0081de08    0081de08    00000018   00000018    rw- .fardata.1
0081de20    0081de20    00008ea0   00008ea0    r-x
  0081de20    0081de20    00008ea0   00008ea0    r-x .text
00826cc0    00826cc0    00008000   00000000    rw-
  00826cc0    00826cc0    00008000   00000000    rw- .sysmem
0082ecc0    0082ecc0    00000608   00000608    rw-
  0082ecc0    0082ecc0    00000608   00000608    rw- .fardata.2
0082f2c8    0082f2c8    00000385   00000385    r--
  0082f2c8    0082f2c8    00000385   00000385    r-- .const
0082f650    0082f650    00000120   00000000    rw-
  0082f650    0082f650    00000120   00000000    rw- .cio
0082f780    0082f780    00000f80   00000f80    r-x
  0082f780    0082f780    00000840   00000840    r-x .kernel_vec
  0082ffc0    0082ffc0    00000380   00000380    r-x .kernel_ci
  00830340    00830340    00000020   00000020    r-x .kernel_asm
  00830360    00830360    000003a0   000003a0    r-- .cinit


SECTION ALLOCATION MAP

 output                                  attributes/
section   page    origin      length       input sections
--------  ----  ----------  ----------   ----------------
.init_array 
*          0    00800000    00000000     UNINITIALIZED

xdc.meta   0    00800000    00000000     COPY SECTION

.far       0    00800000    00011e08     UNINITIALIZED
                  00800000    00011c60     drvsp.obj (.far)
                  00811c60    00000140     rts6600e_elf.lib : defs.obj (.far)
                  00811da0    00000060     driver.obj (.far)
                  00811e00    00000008     rts6600e_elf.lib : trgdrv.obj (.far)

.stack     0    00811e08    0000c000     UNINITIALIZED
                  00811e08    00000008     rts6600e_elf.lib : boot.obj (.stack)
                  00811e10    0000bff8     --HOLE--

.fardata.1 
*          0    0081de08    00000018     
                  0081de08    00000014     drvsp.obj (.fardata:output)
                  0081de1c    00000004     rts6600e_elf.lib : defs.obj (.fardata)

.text      0    0081de20    00008ea0     
                  0081de20    000015a0     tansp_d.obj (.text)
                  0081f3c0    00000660     driver.obj (.text)
                  0081fa20    000005c0     rts6600e_elf.lib : divd.obj (.text:__c6xabi_divd)
                  0081ffe0    000005c0                      : _printfi.obj (.text:_getarg_diouxp)
                  008205a0    00000460                      : _printfi.obj (.text:_printfi)
                  00820a00    00000460                      : _printfi.obj (.text:_setfield)
                  00820e60    000003a0                      : fputs.obj (.text:fputs)
                  00821200    00000340     drvsp.obj (.text)
                  00821540    00000320     rts6600e_elf.lib : _printfi.obj (.text:_pproc_fge)
                  00821860    000002e0                      : _printfi.obj (.text:_pproc_fwp)
                  00821b40    000002a0                      : _printfi.obj (.text:fcvt)
                  00821de0    00000280                      : divf.obj (.text:__c6xabi_divf)
                  00822060    00000280                      : _printfi.obj (.text:ecvt)
                  008222e0    00000280                      : memory.obj (.text:free)
                  00822560    00000240                      : imath64.obj (.text:__c6xabi_divull)
                  008227a0    00000240                      : _printfi.obj (.text:_pconv_e)
                  008229e0    00000240                      : _printfi.obj (.text:_pproc_diouxp)
                  00822c20    00000220                      : _printfi.obj (.text:_pproc_str)
                  00822e40    00000220                      : fputc.obj (.text:fputc)
                  00823060    00000200                      : _printfi.obj (.text:_pconv_g)
                  00823260    00000200                      : setvbuf.obj (.text:setvbuf)
                  00823460    00000200                      : tanf.obj (.text:tanf)
                  00823660    000001c0                      : _printfi.obj (.text:_mcpy)
                  00823820    000001c0                      : fopen.obj (.text:_openfile)
                  008239e0    000001a0                      : trgdrv.obj (.text:HOSTrename)
                  00823b80    000001a0                      : imath40.obj (.text:__c6xabi_divul)
                  00823d20    00000180                      : copy_decompress_rle.obj (.text:__TI_decompress_rle_core)
                  00823ea0    00000180                      : memory.obj (.text:malloc)
                  00824020    00000180                      : lowlev.obj (.text:open)
                  008241a0    00000140                      : _printfi.obj (.text:_pproc_fflags)
                  008242e0    00000140                      : lowlev.obj (.text:getdevice)
                  00824420    00000120                      : fclose.obj (.text:_closefile)
                  00824540    00000120                      : _printfi.obj (.text:_ltostr)
                  00824660    00000120                      : fopen.obj (.text:_search_fp)
                  00824780    00000120                      : fseek.obj (.text:fseek)
                  008248a0    00000100                      : trgdrv.obj (.text:HOSTlseek)
                  008249a0    00000100                      : fixdlli.obj (.text:__c6xabi_fixdlli)
                  00824aa0    00000100                      : autoinit.obj (.text:_auto_init_elf)
                  00824ba0    00000100                      : _io_perm.obj (.text:_wrt_ok)
                  00824ca0    00000100                      : cpy_tbl.obj (.text:copy_in)
                  00824da0    00000100                      : fprintf.obj (.text:fprintf)
                  00824ea0    000000e0                      : trgdrv.obj (.text:HOSTopen)
                  00824f80    000000e0                      : fltllif.obj (.text:__c6xabi_fltllif)
                  00825060    000000e0                      : _printfi.obj (.text:_div)
                  00825140    000000e0                      : atoi.obj (.text:atoi)
                  00825220    000000e0                      : lowlev.obj (.text:close)
                  00825300    000000e0                      : copy_zero_init.obj (.text:decompress:ZI:__TI_zero_init)
                  008253e0    000000e0                      : ltoa.obj (.text:ltoa)
                  008254c0    000000e0                      : memset.obj (.text:memset)
                  008255a0    000000e0                      : printf.obj (.text:printf)
                  00825680    000000c0                      : trgdrv.obj (.text:HOSTread)
                  00825740    000000c0                      : trgdrv.obj (.text:HOSTunlink)
                  00825800    000000c0                      : trgdrv.obj (.text:HOSTwrite)
                  008258c0    000000c0                      : divu.obj (.text:__divu)
                  00825980    000000c0                      : fflush.obj (.text:_doflush)
                  00825a40    000000c0                      : exit.obj (.text:exit)
                  00825b00    000000c0                      : tls.obj (.text:tls:init:__TI_tls_init)
                  00825bc0    000000a0                      : trgdrv.obj (.text:HOSTclose)
                  00825c60    000000a0                      : fopen.obj (.text:_cleanup)
                  00825d00    000000a0                      : _printfi.obj (.text:_ecpy)
                  00825da0    000000a0                      : _printfi.obj (.text:_fcpy)
                  00825e40    000000a0                      : memory.obj (.text:_minit)
                  00825ee0    000000a0                      : _printfi.obj (.text:_pconv_f)
                  00825f80    000000a0                      : lowlev.obj (.text:finddevice)
                  00826020    000000a0                      : lowlev.obj (.text:lseek)
                  008260c0    000000a0                      : memcpy64.obj (.text:memcpy)
                  00826160    000000a0                      : memory.obj (.text:minsert)
                  00826200    000000a0                      : memory.obj (.text:mremove)
                  008262a0    000000a0                      : lowlev.obj (.text:write)
                  00826340    00000080                      : llshift.obj (.text:__c6xabi_llshl)
                  008263c0    00000080                      : roundf.obj (.text:__c6xabi_roundf)
                  00826440    00000080                      : boot.obj (.text:_c_int00)
                  008264c0    00000080                      : rand.obj (.text:rand)
                  00826540    00000080                      : trgmsg.obj (.text:readmsg)
                  008265c0    00000080                      : lowlev.obj (.text:unlink)
                  00826640    00000060                      : cpp_init.obj (.text:__TI_cpp_init)
                  008266a0    00000060                      : frcmpyd_div.obj (.text:__c6xabi_frcmpyd_div)
                  00826700    00000060                      : llshift.obj (.text:__c6xabi_llshru)
                  00826760    00000060                      : imath64.obj (.text:_subcull)
                  008267c0    00000060                      : fclose.obj (.text:fclose)
                  00826820    00000060                      : fopen.obj (.text:fopen)
                  00826880    00000060                      : memccpy.obj (.text:memccpy)
                  008268e0    00000060                      : modff.obj (.text:modff)
                  00826940    00000060                      : rand.obj (.text:srand)
                  008269a0    00000060                      : lowlev.obj (.text:tabinit)
                  00826a00    00000060                      : trgmsg.obj (.text:writemsg)
                  00826a60    00000040                      : isinf.obj (.text:__c6xabi_isinf)
                  00826aa0    00000040                      : _printfi.obj (.text:__c6xabi_isnan)
                  00826ae0    00000040                      : args_main.obj (.text:_args_main)
                  00826b20    00000020                      : isinff.obj (.text:__c6xabi_isinff)
                  00826b40    00000020                      : negll.obj (.text:__c6xabi_negll)
                  00826b60    00000020                      : truncf.obj (.text:__c6xabi_truncf)
                  00826b80    00000020                      : _lock.obj (.text:_nop)
                  00826ba0    00000020                      : fprintf.obj (.text:_outc)
                  00826bc0    00000020                      : printf.obj (.text:_outc)
                  00826be0    00000020                      : fprintf.obj (.text:_outs)
                  00826c00    00000020                      : printf.obj (.text:_outs)
                  00826c20    00000020                      : exit.obj (.text:abort)
                  00826c40    00000020                      : copy_decompress_none.obj (.text:decompress:none:__TI_decompress_none)
                  00826c60    00000020                      : copy_decompress_rle.obj (.text:decompress:rle24:__TI_decompress_rle24)
                  00826c80    00000010     mathlib.ae66e : tansp_v.oe66e ($Tramp$S$$tansp_v)
                  00826c90    00000010                   : tansp_c.oe66e ($Tramp$S$$tansp_c)
                  00826ca0    00000010                   : tansp.oe66e ($Tramp$S$$tansp)
                  00826cb0    00000010     --HOLE-- [fill = 0]

.sysmem    0    00826cc0    00008000     UNINITIALIZED
                  00826cc0    00000008     rts6600e_elf.lib : memory.obj (.sysmem)
                  00826cc8    00007ff8     --HOLE--

.fardata.2 
*          0    0082ecc0    00000608     
                  0082ecc0    000002d0     tansp_d.obj (.fardata:a)
                  0082ef90    000001e0     rts6600e_elf.lib : defs.obj (.fardata:_ftable)
                  0082f170    000000a0                      : lowlev.obj (.fardata:_stream)
                  0082f210    00000078                      : lowlev.obj (.fardata:_device)
                  0082f288    0000000c                      : exit.obj (.fardata)
                  0082f294    0000000c                      : memory.obj (.fardata)
                  0082f2a0    00000008                      : tanf.obj (.fardata:Q$2)
                  0082f2a8    00000008     drvsp.obj (.fardata:input)
                  0082f2b0    00000008     rts6600e_elf.lib : _lock.obj (.fardata)
                  0082f2b8    00000004                      : tanf.obj (.fardata:P$1)
                  0082f2bc    00000004                      : fopen.obj (.fardata)
                  0082f2c0    00000004                      : lowlev.obj (.fardata)
                  0082f2c4    00000004                      : rand.obj (.fardata)

.const     0    0082f2c8    00000385     
                  0082f2c8    00000203     driver.obj (.const:.string)
                  0082f4cb    00000005     --HOLE-- [fill = 0]
                  0082f4d0    00000101     rts6600e_elf.lib : ctype.obj (.const:.string:_ctypes_)
                  0082f5d1    00000059     tansp_d.obj (.const:.string)
                  0082f62a    00000023     rts6600e_elf.lib : _printfi.obj (.const:.string)

.cio       0    0082f650    00000120     UNINITIALIZED
                  0082f650    00000120     rts6600e_elf.lib : trgmsg.obj (.cio)

.kernel_vec 
*          0    0082f780    00000840     
                  0082f780    00000840     mathlib.ae66e : tansp_v.oe66e (.text:optvec)

.kernel_ci 
*          0    0082ffc0    00000380     
                  0082ffc0    000001c0     mathlib.ae66e : tansp.oe66e (.text:optci)
                  00830180    000001c0                   : tansp_c.oe66e (.text:optci)

.kernel_asm 
*          0    00830340    00000020     
                  00830340    00000020     mathlib.ae66e : tansp.oe66e (.text:optasm)

.cinit     0    00830360    000003a0     
                  00830360    00000353     (.cinit..fardata.2.load) [load image, compression = rle]
                  008306b3    00000001     --HOLE-- [fill = 0]
                  008306b4    0000001e     (.cinit..fardata.1.load) [load image, compression = rle]
                  008306d2    00000002     --HOLE-- [fill = 0]
                  008306d4    0000000c     (__TI_handler_table)
                  008306e0    00000008     (.cinit..far.load) [load image, compression = zero_init]
                  008306e8    00000018     (__TI_cinit_table)


LINKER GENERATED COPY TABLES

__TI_cinit_table @ 008306e8 records: 3, size/record: 8, table size: 24
	.fardata.2: load addr=00830360, load size=00000353 bytes, run addr=0082ecc0, run size=00000608 bytes, compression=rle
	.fardata.1: load addr=008306b4, load size=0000001e bytes, run addr=0081de08, run size=00000018 bytes, compression=rle
	.far: load addr=008306e0, load size=00000008 bytes, run addr=00800000, run size=00011e08 bytes, compression=zero_init


LINKER GENERATED HANDLER TABLE

__TI_handler_table @ 008306d4 records: 3, size/record: 4, table size: 12
	index: 0, handler: __TI_zero_init
	index: 1, handler: __TI_decompress_rle24
	index: 2, handler: __TI_decompress_none


FAR CALL TRAMPOLINES

callee name               trampoline name
   callee addr  tramp addr   call addr  call info
--------------  -----------  ---------  ----------------
$.text:optvec:mathlib.ae66e<tansp_v.oe66e>$0x0  $Tramp$S$$tansp_v
   0082f780     00826c80     0081e2fc   tansp_d.obj (.text)
                             0081e600   tansp_d.obj (.text)
                             0081e8f4   tansp_d.obj (.text)
                             0081f1c0   tansp_d.obj (.text)
$.text:optci:mathlib.ae66e<tansp_c.oe66e>$0x0  $Tramp$S$$tansp_c
   00830180     00826c90     0081e03c   tansp_d.obj (.text)
                             0081e07c   tansp_d.obj (.text)
                             0081e3b4   tansp_d.obj (.text)
                             0081e684   tansp_d.obj (.text)
                             0081ef58   tansp_d.obj (.text)
$.text:optasm:mathlib.ae66e<tansp.oe66e>$0x0  $Tramp$S$$tansp
   00830340     00826ca0     0081dffc   tansp_d.obj (.text)
                             0081e020   tansp_d.obj (.text)
                             0081e394   tansp_d.obj (.text)
                             0081e66c   tansp_d.obj (.text)
                             0081f08c   tansp_d.obj (.text)

[3 trampolines]
[14 trampoline calls]


GLOBAL SYMBOLS: SORTED ALPHABETICALLY BY Name 

address    name
--------   ----
00826c20   C$$EXIT
00826a58   C$$IO$$
00825bc0   HOSTclose
008248a0   HOSTlseek
00824ea0   HOSTopen
00825680   HOSTread
008239e0   HOSTrename
00825740   HOSTunlink
00825800   HOSTwrite
0082f650   __CIOBUF_
008306e8   __TI_CINIT_Base
00830700   __TI_CINIT_Limit
008306d4   __TI_Handler_Table_Base
008306e0   __TI_Handler_Table_Limit
UNDEFED    __TI_INITARRAY_Base
UNDEFED    __TI_INITARRAY_Limit
0081de08   __TI_STACK_END
0000c000   __TI_STACK_SIZE
00000000   __TI_STATIC_BASE
00008000   __TI_SYSMEM_SIZE
UNDEFED    __TI_TLS_INIT_Base
UNDEFED    __TI_TLS_INIT_Limit
00000001   __TI_args_main
00826640   __TI_cpp_init
00826c40   __TI_decompress_none
00826c60   __TI_decompress_rle24
0082f290   __TI_enable_exit_profile_output
ffffffff   __TI_pprof_out_hndl
ffffffff   __TI_prof_data_size
ffffffff   __TI_prof_data_start
00825b00   __TI_tls_init
00825300   __TI_zero_init
ffffffff   __binit__
0081fa20   __c6xabi_divd
00821de0   __c6xabi_divf
008258c0   __c6xabi_divu
00823b80   __c6xabi_divul
00822560   __c6xabi_divull
008249a0   __c6xabi_fixdlli
00824f80   __c6xabi_fltllif
008266a0   __c6xabi_frcmpyd_div
00826a60   __c6xabi_isinf
00826b20   __c6xabi_isinff
00826340   __c6xabi_llshl
00826700   __c6xabi_llshru
00826b40   __c6xabi_negll
008263c0   __c6xabi_roundf
00826b60   __c6xabi_truncf
ffffffff   __c_args__
008258c0   __divu
00826ae0   _args_main
00000200   _argsize
00824aa0   _auto_init_elf
00826440   _c_int00
00825c60   _cleanup
0082f288   _cleanup_ptr
00824420   _closefile
0082f4d0   _ctypes_
00825980   _doflush
0082f28c   _dtors_ptr
0081de1c   _ft_end
0082ef90   _ftable
00000020   _kernel_asm_size
00000380   _kernel_ci_size
00000840   _kernel_vec_size
0082f2b0   _lock
00825e40   _minit
00826b80   _nop
008205a0   _printfi
00811e08   _stack
00826760   _subcull
00826cc0   _sys_memory
00811c60   _tmpnams
0082f2b4   _unlock
00824ba0   _wrt_ok
0082ecc0   a
00800000   a_ext
00803e80   a_sc
00826c20   abort
00811dfc   all_pass
00825140   atoi
00801f40   b_ext
00804010   b_sc
ffffffff   binit
00825220   close
00000385   const_size
0082f2c8   const_start
00824ca0   copy_in
00811dc0   cycle_counts
0081f96c   driver_init
00825a40   exit
008267c0   fclose
00811de8   fcn_pass
00826820   fopen
00811da4   fp
00824da0   fprintf
00822e40   fputc
00820e60   fputs
008222e0   free
00824780   fseek
00821504   gimme_random
0082f2a8   input
0080dde0   input_data
00821224   isequal
00826020   lseek
008253e0   ltoa
0081df78   main
00823ea0   malloc
00826880   memccpy
008260c0   memcpy
008254c0   memset
008268e0   modff
00824020   open
0081de08   output
008041a0   output_data
0081f88c   print_memory_results
0081f76c   print_profile_results
0081f3c0   print_test_results
008255a0   printf
008264c0   rand
00826540   readmsg
008265c0   remove
00811da0   seed
00823260   setvbuf
00826940   srand
00811db8   t_offset
00811da8   t_start
00811db0   t_stop
00823460   tanf
00830340   tansp
00830180   tansp_c
0082f780   tansp_v
008265c0   unlink
008262a0   write
00826a00   writemsg


GLOBAL SYMBOLS: SORTED BY Symbol Address 

address    name
--------   ----
00000000   __TI_STATIC_BASE
00000001   __TI_args_main
00000020   _kernel_asm_size
00000200   _argsize
00000380   _kernel_ci_size
00000385   const_size
00000840   _kernel_vec_size
00008000   __TI_SYSMEM_SIZE
0000c000   __TI_STACK_SIZE
00800000   a_ext
00801f40   b_ext
00803e80   a_sc
00804010   b_sc
008041a0   output_data
0080dde0   input_data
00811c60   _tmpnams
00811da0   seed
00811da4   fp
00811da8   t_start
00811db0   t_stop
00811db8   t_offset
00811dc0   cycle_counts
00811de8   fcn_pass
00811dfc   all_pass
00811e08   _stack
0081de08   __TI_STACK_END
0081de08   output
0081de1c   _ft_end
0081df78   main
0081f3c0   print_test_results
0081f76c   print_profile_results
0081f88c   print_memory_results
0081f96c   driver_init
0081fa20   __c6xabi_divd
008205a0   _printfi
00820e60   fputs
00821224   isequal
00821504   gimme_random
00821de0   __c6xabi_divf
008222e0   free
00822560   __c6xabi_divull
00822e40   fputc
00823260   setvbuf
00823460   tanf
008239e0   HOSTrename
00823b80   __c6xabi_divul
00823ea0   malloc
00824020   open
00824420   _closefile
00824780   fseek
008248a0   HOSTlseek
008249a0   __c6xabi_fixdlli
00824aa0   _auto_init_elf
00824ba0   _wrt_ok
00824ca0   copy_in
00824da0   fprintf
00824ea0   HOSTopen
00824f80   __c6xabi_fltllif
00825140   atoi
00825220   close
00825300   __TI_zero_init
008253e0   ltoa
008254c0   memset
008255a0   printf
00825680   HOSTread
00825740   HOSTunlink
00825800   HOSTwrite
008258c0   __c6xabi_divu
008258c0   __divu
00825980   _doflush
00825a40   exit
00825b00   __TI_tls_init
00825bc0   HOSTclose
00825c60   _cleanup
00825e40   _minit
00826020   lseek
008260c0   memcpy
008262a0   write
00826340   __c6xabi_llshl
008263c0   __c6xabi_roundf
00826440   _c_int00
008264c0   rand
00826540   readmsg
008265c0   remove
008265c0   unlink
00826640   __TI_cpp_init
008266a0   __c6xabi_frcmpyd_div
00826700   __c6xabi_llshru
00826760   _subcull
008267c0   fclose
00826820   fopen
00826880   memccpy
008268e0   modff
00826940   srand
00826a00   writemsg
00826a58   C$$IO$$
00826a60   __c6xabi_isinf
00826ae0   _args_main
00826b20   __c6xabi_isinff
00826b40   __c6xabi_negll
00826b60   __c6xabi_truncf
00826b80   _nop
00826c20   C$$EXIT
00826c20   abort
00826c40   __TI_decompress_none
00826c60   __TI_decompress_rle24
00826cc0   _sys_memory
0082ecc0   a
0082ef90   _ftable
0082f288   _cleanup_ptr
0082f28c   _dtors_ptr
0082f290   __TI_enable_exit_profile_output
0082f2a8   input
0082f2b0   _lock
0082f2b4   _unlock
0082f2c8   const_start
0082f4d0   _ctypes_
0082f650   __CIOBUF_
0082f780   tansp_v
00830180   tansp_c
00830340   tansp
008306d4   __TI_Handler_Table_Base
008306e0   __TI_Handler_Table_Limit
008306e8   __TI_CINIT_Base
00830700   __TI_CINIT_Limit
ffffffff   __TI_pprof_out_hndl
ffffffff   __TI_prof_data_size
ffffffff   __TI_prof_data_start
ffffffff   __binit__
ffffffff   __c_args__
ffffffff   binit
UNDEFED    __TI_INITARRAY_Base
UNDEFED    __TI_INITARRAY_Limit
UNDEFED    __TI_TLS_INIT_Base
UNDEFED    __TI_TLS_INIT_Limit

[135 symbols]
